=== RUN   TestAtomicPublicationIdenticalRace
    cache_test.go:235: prepare protected cache root: untrusted cache provenance: C:\Users\admin\AppData\Local\Temp\TestAtomicPublicationIdenticalRace3018667014\001\cache\build DACL is not protected from inheritance
--- FAIL: TestAtomicPublicationIdenticalRace (0.10s)
=== RUN   TestAtomicPublicationConflictingRace
    cache_test.go:282: unexpected publication error: prepare protected cache root: untrusted cache provenance: C:\Users\admin\AppData\Local\Temp\TestAtomicPublicationConflictingRace3864397688\001\cache DACL is not protected from inheritance
--- FAIL: TestAtomicPublicationConflictingRace (0.02s)
=== RUN   TestAtomicPublicationIdenticalRace
--- PASS: TestAtomicPublicationIdenticalRace (0.15s)
=== RUN   TestAtomicPublicationConflictingRace
    cache_test.go:282: unexpected publication error: prepare protected cache root: untrusted cache provenance: C:\Users\admin\AppData\Local\Temp\TestAtomicPublicationConflictingRace486072587\001\cache\build DACL is not protected from inheritance
--- FAIL: TestAtomicPublicationConflictingRace (0.02s)
=== RUN   TestAtomicPublicationIdenticalRace
    cache_test.go:235: prepare protected cache root: untrusted cache provenance: C:\Users\admin\AppData\Local\Temp\TestAtomicPublicationIdenticalRace1727953930\001\cache\build\go-v1 DACL is not protected from inheritance
--- FAIL: TestAtomicPublicationIdenticalRace (0.13s)
=== RUN   TestAtomicPublicationConflictingRace
--- PASS: TestAtomicPublicationConflictingRace (0.04s)
=== RUN   TestAtomicPublicationIdenticalRace
    cache_test.go:235: prepare protected cache root: untrusted cache provenance: C:\Users\admin\AppData\Local\Temp\TestAtomicPublicationIdenticalRace2663565946\001\cache\build\go-v1 DACL is not protected from inheritance
--- FAIL: TestAtomicPublicationIdenticalRace (0.06s)
=== RUN   TestAtomicPublicationConflictingRace
--- PASS: TestAtomicPublicationConflictingRace (0.03s)
=== RUN   TestAtomicPublicationIdenticalRace
    cache_test.go:235: prepare protected cache root: untrusted cache provenance: C:\Users\admin\AppData\Local\Temp\TestAtomicPublicationIdenticalRace1732119691\001\cache DACL is not protected from inheritance
--- FAIL: TestAtomicPublicationIdenticalRace (0.13s)
=== RUN   TestAtomicPublicationConflictingRace
--- PASS: TestAtomicPublicationConflictingRace (0.03s)
FAIL
