=== RUN   TestAtomicPublicationIdenticalRace
    cache_test.go:235: prepare protected cache root: untrusted cache provenance: C:\Users\admin\AppData\Local\Temp\TestAtomicPublicationIdenticalRace3710636179\001\cache DACL is not protected from inheritance
--- FAIL: TestAtomicPublicationIdenticalRace (0.15s)
=== RUN   TestAtomicPublicationConflictingRace
--- PASS: TestAtomicPublicationConflictingRace (0.03s)
=== RUN   TestAtomicPublicationIdenticalRace
    cache_test.go:235: prepare protected cache root: untrusted cache provenance: C:\Users\admin\AppData\Local\Temp\TestAtomicPublicationIdenticalRace1585898522\001\cache DACL is not protected from inheritance
--- FAIL: TestAtomicPublicationIdenticalRace (0.06s)
=== RUN   TestAtomicPublicationConflictingRace
    cache_test.go:282: unexpected publication error: prepare protected cache root: untrusted cache provenance: C:\Users\admin\AppData\Local\Temp\TestAtomicPublicationConflictingRace2638166260\001\cache\build DACL is not protected from inheritance
--- FAIL: TestAtomicPublicationConflictingRace (0.02s)
=== RUN   TestAtomicPublicationIdenticalRace
    cache_test.go:235: prepare protected cache root: untrusted cache provenance: C:\Users\admin\AppData\Local\Temp\TestAtomicPublicationIdenticalRace2684959786\001\cache DACL is not protected from inheritance
--- FAIL: TestAtomicPublicationIdenticalRace (0.07s)
=== RUN   TestAtomicPublicationConflictingRace
--- PASS: TestAtomicPublicationConflictingRace (0.04s)
=== RUN   TestAtomicPublicationIdenticalRace
    cache_test.go:235: prepare protected cache root: untrusted cache provenance: C:\Users\admin\AppData\Local\Temp\TestAtomicPublicationIdenticalRace737932044\001\cache\build\go-v1 DACL is not protected from inheritance
--- FAIL: TestAtomicPublicationIdenticalRace (0.15s)
=== RUN   TestAtomicPublicationConflictingRace
--- PASS: TestAtomicPublicationConflictingRace (0.04s)
=== RUN   TestAtomicPublicationIdenticalRace
    cache_test.go:235: prepare protected cache root: untrusted cache provenance: C:\Users\admin\AppData\Local\Temp\TestAtomicPublicationIdenticalRace2316305436\001\cache\build DACL is not protected from inheritance
--- FAIL: TestAtomicPublicationIdenticalRace (0.15s)
=== RUN   TestAtomicPublicationConflictingRace
--- PASS: TestAtomicPublicationConflictingRace (0.04s)
FAIL
