review_run=RUN-260730-6463af
candidate_worktree=/Users/iv/Developer/Wildberries/cocoaskills/.temp/TASK-260720-3c0ss2/worktree
candidate_head=2734beff1a0c93d725c00b1c66ef6ad22c3a780a
candidate_branch=task/TASK-260720-3c0ss2-build-source-identity
Good "git" signature for oparin@me.com with ECDSA key SHA256:V6JiKG7J29mjsvikcLoSVp0bLa77VTsFy12gnLO81cM
2734beff1a0c93d725c00b1c66ef6ad22c3a780a
feat(builds): add source identity boundary
## task/TASK-260720-3c0ss2-build-source-identity
 M src/csk/builds/source.py
 M tests/test_build_source.py
?? src/csk/builds/_windows.py
?? task-board.config.json
M	src/csk/builds/source.py
M	tests/test_build_source.py
tracked_diff_check_exit=0
new_module_patch_check_exit=0
ee9eedff47686798820ab95e47aab8c53c814a28da8489415d9f78dd44caf977  src/csk/builds/source.py
1065eac7cdc6fa7240f1d1d5f8d55cc7a5a4e1c7fae20923bc1b678b4696c14d  src/csk/builds/_windows.py
126ce5c0b2fe56bfed39dcdfecdf344ccf3d880b12c0b4f51a229bd6b423fa70  tests/test_build_source.py
## main...origin/main
local_main_head=d5d16bfcaa2fe43dc994b819c2659512c4fd8f0a
candidate_head_is_ancestor_of_local_main_exit=0
runtime_file=task-board.config.json modified=2026-07-30T04:07:18+0400 bytes=146
