dd76b570f88339fd1d659c02950e68b17f6ba834
task/TASK-260720-3c0ss2-build-source-identity
## task/TASK-260720-3c0ss2-build-source-identity
 M src/csk/builds/__init__.py
 M src/csk/hashing.py
 M src/csk/installer.py
 M src/csk/locale.py
 M src/csk/skillcheck.py
 M src/csk/whitelist.py
 M tests/test_install.py
 M tests/test_skillcheck.py
 M tests/test_whitelist.py
?? src/csk/builds/source.py
?? task-board.config.json
?? tests/test_build_source.py
M	src/csk/builds/__init__.py
M	src/csk/hashing.py
M	src/csk/installer.py
M	src/csk/locale.py
M	src/csk/skillcheck.py
M	src/csk/whitelist.py
M	tests/test_install.py
M	tests/test_skillcheck.py
M	tests/test_whitelist.py
src/csk/builds/source.py
task-board.config.json
tests/test_build_source.py
## main...origin/main
dd76b570f88339fd1d659c02950e68b17f6ba834
dd76b570f88339fd1d659c02950e68b17f6ba834
dd76b57 main@{2026-07-30 02:24:43 +0400} merge origin/main: Fast-forward 2026-07-30 02:24:20 +0400
6fc2fd9 main@{2026-07-30 01:07:45 +0400} pull --ff-only origin main: Fast-forward 2026-07-14 04:25:35 +0300
edce881 main@{2026-07-13 23:29:41 +0400} commit: Prepare changelog for v0.12.4 2026-07-13 23:29:41 +0400
4d25bb5 main@{2026-07-13 23:16:55 +0400} merge origin/main: Fast-forward 2026-07-13 22:14:16 +0300
788676c main@{2026-07-13 15:56:48 +0400} merge origin/agent/shared-protocol-conformance: Merge made by the 'ort' strategy. 2026-07-13 15:56:48 +0400
