=== RUN   TestStableHybridActivationCommitsWithoutRestarting
=== PAUSE TestStableHybridActivationCommitsWithoutRestarting
=== RUN   TestHybridDeclarationRemovedBeforeHomeLockRestartsAndCommitsNoStaleContext
=== PAUSE TestHybridDeclarationRemovedBeforeHomeLockRestartsAndCommitsNoStaleContext
=== RUN   TestHybridDeclarationRetargetedBeforeHomeLockRestartsAndCommitsNoStaleContext
=== PAUSE TestHybridDeclarationRetargetedBeforeHomeLockRestartsAndCommitsNoStaleContext
=== RUN   TestHybridDeclarationAddedBeforeHomeLockRestartsAndCommitsTheNewClosure
=== PAUSE TestHybridDeclarationAddedBeforeHomeLockRestartsAndCommitsTheNewClosure
=== RUN   TestFailureAtEveryTargetClassRestoresPriorStateInReverseOrder
=== RUN   TestFailureAtEveryTargetClassRestoresPriorStateInReverseOrder/project-hybrid-auto/10-context
=== PAUSE TestFailureAtEveryTargetClassRestoresPriorStateInReverseOrder/project-hybrid-auto/10-context
=== RUN   TestFailureAtEveryTargetClassRestoresPriorStateInReverseOrder/project-hybrid-auto/20-runtime
=== PAUSE TestFailureAtEveryTargetClassRestoresPriorStateInReverseOrder/project-hybrid-auto/20-runtime
=== RUN   TestFailureAtEveryTargetClassRestoresPriorStateInReverseOrder/project-hybrid-auto/30-shim-canonical
=== PAUSE TestFailureAtEveryTargetClassRestoresPriorStateInReverseOrder/project-hybrid-auto/30-shim-canonical
=== RUN   TestFailureAtEveryTargetClassRestoresPriorStateInReverseOrder/project-hybrid-auto/50-env-file
=== PAUSE TestFailureAtEveryTargetClassRestoresPriorStateInReverseOrder/project-hybrid-auto/50-env-file
=== RUN   TestFailureAtEveryTargetClassRestoresPriorStateInReverseOrder/project-hybrid-auto/60-adapter-ledger
=== PAUSE TestFailureAtEveryTargetClassRestoresPriorStateInReverseOrder/project-hybrid-auto/60-adapter-ledger
=== RUN   TestFailureAtEveryTargetClassRestoresPriorStateInReverseOrder/project-hybrid-auto/80-removal
=== PAUSE TestFailureAtEveryTargetClassRestoresPriorStateInReverseOrder/project-hybrid-auto/80-removal
=== RUN   TestFailureAtEveryTargetClassRestoresPriorStateInReverseOrder/project-hybrid-auto/90-consumer
=== PAUSE TestFailureAtEveryTargetClassRestoresPriorStateInReverseOrder/project-hybrid-auto/90-consumer
=== RUN   TestFailureAtEveryTargetClassRestoresPriorStateInReverseOrder/global-auto/10-context
=== PAUSE TestFailureAtEveryTargetClassRestoresPriorStateInReverseOrder/global-auto/10-context
=== RUN   TestFailureAtEveryTargetClassRestoresPriorStateInReverseOrder/global-auto/40-shim-forwarding
=== PAUSE TestFailureAtEveryTargetClassRestoresPriorStateInReverseOrder/global-auto/40-shim-forwarding
=== RUN   TestFailureAtEveryTargetClassRestoresPriorStateInReverseOrder/global-auto/60-adapter-ledger
=== PAUSE TestFailureAtEveryTargetClassRestoresPriorStateInReverseOrder/global-auto/60-adapter-ledger
=== RUN   TestFailureAtEveryTargetClassRestoresPriorStateInReverseOrder/global-auto/70-mirror-ledger
=== PAUSE TestFailureAtEveryTargetClassRestoresPriorStateInReverseOrder/global-auto/70-mirror-ledger
=== RUN   TestFailureAtEveryTargetClassRestoresPriorStateInReverseOrder/global-auto/80-removal
=== PAUSE TestFailureAtEveryTargetClassRestoresPriorStateInReverseOrder/global-auto/80-removal
=== CONT  TestFailureAtEveryTargetClassRestoresPriorStateInReverseOrder/project-hybrid-auto/10-context
=== CONT  TestFailureAtEveryTargetClassRestoresPriorStateInReverseOrder/project-hybrid-auto/90-consumer
=== CONT  TestFailureAtEveryTargetClassRestoresPriorStateInReverseOrder/project-hybrid-auto/50-env-file
=== CONT  TestFailureAtEveryTargetClassRestoresPriorStateInReverseOrder/project-hybrid-auto/80-removal
=== CONT  TestFailureAtEveryTargetClassRestoresPriorStateInReverseOrder/global-auto/60-adapter-ledger
=== CONT  TestFailureAtEveryTargetClassRestoresPriorStateInReverseOrder/global-auto/40-shim-forwarding
=== CONT  TestFailureAtEveryTargetClassRestoresPriorStateInReverseOrder/project-hybrid-auto/30-shim-canonical
=== CONT  TestFailureAtEveryTargetClassRestoresPriorStateInReverseOrder/global-auto/80-removal
=== CONT  TestFailureAtEveryTargetClassRestoresPriorStateInReverseOrder/project-hybrid-auto/60-adapter-ledger
=== CONT  TestFailureAtEveryTargetClassRestoresPriorStateInReverseOrder/global-auto/10-context
=== CONT  TestFailureAtEveryTargetClassRestoresPriorStateInReverseOrder/global-auto/70-mirror-ledger
=== CONT  TestFailureAtEveryTargetClassRestoresPriorStateInReverseOrder/project-hybrid-auto/20-runtime
=== RUN   TestFailureAtEveryTargetClassRestoresPriorStateInReverseOrder/project-hybrid-auto/30-shim-canonical/30-shim-canonical
=== RUN   TestFailureAtEveryTargetClassRestoresPriorStateInReverseOrder/project-hybrid-auto/50-env-file/50-env-file
=== RUN   TestFailureAtEveryTargetClassRestoresPriorStateInReverseOrder/project-hybrid-auto/10-context/10-context
=== RUN   TestFailureAtEveryTargetClassRestoresPriorStateInReverseOrder/project-hybrid-auto/20-runtime/20-runtime
=== RUN   TestFailureAtEveryTargetClassRestoresPriorStateInReverseOrder/project-hybrid-auto/60-adapter-ledger/60-adapter-ledger
=== RUN   TestFailureAtEveryTargetClassRestoresPriorStateInReverseOrder/project-hybrid-auto/80-removal/80-removal
=== RUN   TestFailureAtEveryTargetClassRestoresPriorStateInReverseOrder/project-hybrid-auto/90-consumer/90-consumer
=== RUN   TestFailureAtEveryTargetClassRestoresPriorStateInReverseOrder/global-auto/10-context/10-context
=== RUN   TestFailureAtEveryTargetClassRestoresPriorStateInReverseOrder/global-auto/40-shim-forwarding/40-shim-forwarding
=== RUN   TestFailureAtEveryTargetClassRestoresPriorStateInReverseOrder/global-auto/70-mirror-ledger/70-mirror-ledger
=== RUN   TestFailureAtEveryTargetClassRestoresPriorStateInReverseOrder/global-auto/60-adapter-ledger/60-adapter-ledger
=== RUN   TestFailureAtEveryTargetClassRestoresPriorStateInReverseOrder/global-auto/80-removal/80-removal
--- PASS: TestFailureAtEveryTargetClassRestoresPriorStateInReverseOrder (0.01s)
    --- PASS: TestFailureAtEveryTargetClassRestoresPriorStateInReverseOrder/global-auto/10-context (195.71s)
        --- PASS: TestFailureAtEveryTargetClassRestoresPriorStateInReverseOrder/global-auto/10-context/10-context (67.20s)
    --- PASS: TestFailureAtEveryTargetClassRestoresPriorStateInReverseOrder/global-auto/40-shim-forwarding (203.90s)
        --- PASS: TestFailureAtEveryTargetClassRestoresPriorStateInReverseOrder/global-auto/40-shim-forwarding/40-shim-forwarding (75.82s)
    --- PASS: TestFailureAtEveryTargetClassRestoresPriorStateInReverseOrder/global-auto/60-adapter-ledger (208.48s)
        --- PASS: TestFailureAtEveryTargetClassRestoresPriorStateInReverseOrder/global-auto/60-adapter-ledger/60-adapter-ledger (80.99s)
    --- PASS: TestFailureAtEveryTargetClassRestoresPriorStateInReverseOrder/global-auto/70-mirror-ledger (214.79s)
        --- PASS: TestFailureAtEveryTargetClassRestoresPriorStateInReverseOrder/global-auto/70-mirror-ledger/70-mirror-ledger (89.45s)
    --- PASS: TestFailureAtEveryTargetClassRestoresPriorStateInReverseOrder/global-auto/80-removal (215.57s)
        --- PASS: TestFailureAtEveryTargetClassRestoresPriorStateInReverseOrder/global-auto/80-removal/80-removal (90.50s)
    --- PASS: TestFailureAtEveryTargetClassRestoresPriorStateInReverseOrder/project-hybrid-auto/10-context (226.33s)
        --- PASS: TestFailureAtEveryTargetClassRestoresPriorStateInReverseOrder/project-hybrid-auto/10-context/10-context (97.09s)
    --- PASS: TestFailureAtEveryTargetClassRestoresPriorStateInReverseOrder/project-hybrid-auto/20-runtime (229.36s)
        --- PASS: TestFailureAtEveryTargetClassRestoresPriorStateInReverseOrder/project-hybrid-auto/20-runtime/20-runtime (102.82s)
    --- PASS: TestFailureAtEveryTargetClassRestoresPriorStateInReverseOrder/project-hybrid-auto/30-shim-canonical (231.83s)
        --- PASS: TestFailureAtEveryTargetClassRestoresPriorStateInReverseOrder/project-hybrid-auto/30-shim-canonical/30-shim-canonical (108.12s)
    --- PASS: TestFailureAtEveryTargetClassRestoresPriorStateInReverseOrder/project-hybrid-auto/50-env-file (233.65s)
        --- PASS: TestFailureAtEveryTargetClassRestoresPriorStateInReverseOrder/project-hybrid-auto/50-env-file/50-env-file (112.70s)
    --- PASS: TestFailureAtEveryTargetClassRestoresPriorStateInReverseOrder/project-hybrid-auto/60-adapter-ledger (234.87s)
        --- PASS: TestFailureAtEveryTargetClassRestoresPriorStateInReverseOrder/project-hybrid-auto/60-adapter-ledger/60-adapter-ledger (116.60s)
    --- PASS: TestFailureAtEveryTargetClassRestoresPriorStateInReverseOrder/project-hybrid-auto/80-removal (238.40s)
        --- PASS: TestFailureAtEveryTargetClassRestoresPriorStateInReverseOrder/project-hybrid-auto/80-removal/80-removal (129.56s)
    --- PASS: TestFailureAtEveryTargetClassRestoresPriorStateInReverseOrder/project-hybrid-auto/90-consumer (239.41s)
        --- PASS: TestFailureAtEveryTargetClassRestoresPriorStateInReverseOrder/project-hybrid-auto/90-consumer/90-consumer (133.53s)
=== RUN   TestAdapterMirrorLinksAreJournaledAndRestoredExactly
=== PAUSE TestAdapterMirrorLinksAreJournaledAndRestoredExactly
=== RUN   TestStaleAdapterEntryIsRemovedBeforeTheConsumerLedger
=== PAUSE TestStaleAdapterEntryIsRemovedBeforeTheConsumerLedger
=== RUN   TestStaleAdapterRemovalRollsBackToTheExactPriorEntry
=== PAUSE TestStaleAdapterRemovalRollsBackToTheExactPriorEntry
=== CONT  TestStaleAdapterEntryIsRemovedBeforeTheConsumerLedger
=== CONT  TestStaleAdapterRemovalRollsBackToTheExactPriorEntry
=== CONT  TestStableHybridActivationCommitsWithoutRestarting
=== CONT  TestHybridDeclarationRetargetedBeforeHomeLockRestartsAndCommitsNoStaleContext
=== CONT  TestHybridDeclarationAddedBeforeHomeLockRestartsAndCommitsTheNewClosure
=== CONT  TestAdapterMirrorLinksAreJournaledAndRestoredExactly
=== RUN   TestAdapterMirrorLinksAreJournaledAndRestoredExactly/auto
=== CONT  TestHybridDeclarationRemovedBeforeHomeLockRestartsAndCommitsNoStaleContext
=== PAUSE TestAdapterMirrorLinksAreJournaledAndRestoredExactly/auto
=== RUN   TestAdapterMirrorLinksAreJournaledAndRestoredExactly/symlink
=== PAUSE TestAdapterMirrorLinksAreJournaledAndRestoredExactly/symlink
=== CONT  TestAdapterMirrorLinksAreJournaledAndRestoredExactly/auto
=== RUN   TestStaleAdapterEntryIsRemovedBeforeTheConsumerLedger/auto
=== CONT  TestAdapterMirrorLinksAreJournaledAndRestoredExactly/symlink
=== PAUSE TestStaleAdapterEntryIsRemovedBeforeTheConsumerLedger/auto
=== RUN   TestStaleAdapterEntryIsRemovedBeforeTheConsumerLedger/symlink
=== PAUSE TestStaleAdapterEntryIsRemovedBeforeTheConsumerLedger/symlink
=== RUN   TestStaleAdapterEntryIsRemovedBeforeTheConsumerLedger/copy
=== PAUSE TestStaleAdapterEntryIsRemovedBeforeTheConsumerLedger/copy
=== CONT  TestStaleAdapterEntryIsRemovedBeforeTheConsumerLedger/auto
=== CONT  TestStaleAdapterEntryIsRemovedBeforeTheConsumerLedger/copy
=== CONT  TestStaleAdapterEntryIsRemovedBeforeTheConsumerLedger/symlink
--- PASS: TestHybridDeclarationRemovedBeforeHomeLockRestartsAndCommitsNoStaleContext (9.35s)
--- PASS: TestHybridDeclarationRetargetedBeforeHomeLockRestartsAndCommitsNoStaleContext (9.35s)
--- PASS: TestStableHybridActivationCommitsWithoutRestarting (23.39s)
--- PASS: TestHybridDeclarationAddedBeforeHomeLockRestartsAndCommitsTheNewClosure (23.93s)
--- PASS: TestStaleAdapterRemovalRollsBackToTheExactPriorEntry (27.88s)
--- PASS: TestStaleAdapterEntryIsRemovedBeforeTheConsumerLedger (0.00s)
    --- PASS: TestStaleAdapterEntryIsRemovedBeforeTheConsumerLedger/auto (27.63s)
    --- PASS: TestStaleAdapterEntryIsRemovedBeforeTheConsumerLedger/symlink (27.83s)
    --- PASS: TestStaleAdapterEntryIsRemovedBeforeTheConsumerLedger/copy (31.04s)
--- PASS: TestAdapterMirrorLinksAreJournaledAndRestoredExactly (0.00s)
    --- PASS: TestAdapterMirrorLinksAreJournaledAndRestoredExactly/auto (32.71s)
    --- PASS: TestAdapterMirrorLinksAreJournaledAndRestoredExactly/symlink (32.78s)
PASS
ok  	github.com/relux-works/curator/internal/install/atomicity	272.580s
