task-board version 0.23.0 (commit beec6e9, built 2026-07-27T23:36:53Z)
git version 2.50.1 (Apple Git-155)
ripgrep 15.2.0 (rev e89fff89ac)
Python 3.14.4
Python 3.11.14
pytest 8.3.4
Python 3.14.4
pytest 9.0.3
mypy 2.1.0 (compiled: yes)
build 1.5.0 (/Users/iv/Developer/Wildberries/cocoaskills/.venv/lib/python3.14/site-packages/build)
mypy 2.3.0 (compiled: yes)
ruff 0.16.0
## task/TASK-260720-z2z795-transaction-engine...origin/task/TASK-260720-z2z795-transaction-engine
 M src/csk/transactions.py
 M tests/test_transactions.py
d0d91788bc01c6590dec49a0dd296a78e95fd44b
src/csk/transactions.py
tests/test_transactions.py
 src/csk/transactions.py    |  49 ++++++++++---
 tests/test_transactions.py | 166 +++++++++++++++++++++++++++++++++++++++++----
 2 files changed, 193 insertions(+), 22 deletions(-)
src/csk/adapters.py
src/csk/status.py
src/csk/snapshot.py
src/csk/closure.py
src/csk/env_files.py
src/csk/__main__.py
src/csk/hashing.py
src/csk/attest.py
src/csk/_ed25519.py
src/csk/shims.py
src/csk/locale.py
src/csk/project_resolver.py
src/csk/protocol_json.py
src/csk/locking.py
src/csk/global_install.py
src/csk/audit/serialization.py
src/csk/audit/backend_config.py
src/csk/audit/detectors.py
src/csk/audit/prompts/extractor-v1.md
src/csk/audit/prompts/response-schema-v1.json
src/csk/audit/pipeline.py
src/csk/audit/trust.py
src/csk/audit/capabilities.py
src/csk/audit/source_policy.py
src/csk/audit/model.py
src/csk/audit/__pycache__/redaction.cpython-311.pyc
src/csk/audit/__pycache__/__init__.cpython-311.pyc
src/csk/audit/__pycache__/source_policy.cpython-311.pyc
src/csk/audit/__pycache__/capabilities.cpython-311.pyc
src/csk/audit/__pycache__/serialization.cpython-311.pyc
src/csk/audit/__pycache__/backend_config.cpython-311.pyc
src/csk/audit/__pycache__/detectors.cpython-311.pyc
src/csk/audit/__pycache__/canary.cpython-311.pyc
src/csk/audit/__pycache__/runner.cpython-311.pyc
src/csk/audit/__pycache__/trust.cpython-311.pyc
src/csk/audit/__pycache__/model.cpython-311.pyc
src/csk/audit/__pycache__/pipeline.cpython-311.pyc
src/csk/audit/__pycache__/policy.cpython-311.pyc
src/csk/audit/__init__.py
src/csk/audit/policy.py
src/csk/audit/backends/codex_backend.py
src/csk/audit/backends/base.py
src/csk/audit/backends/null_backend.py
src/csk/audit/backends/__pycache__/__init__.cpython-311.pyc
src/csk/audit/backends/__pycache__/null_backend.cpython-311.pyc
src/csk/audit/backends/__pycache__/codex_backend.cpython-311.pyc
src/csk/audit/backends/__pycache__/command_backend.cpython-311.pyc
src/csk/audit/backends/__pycache__/base.cpython-311.pyc
src/csk/audit/backends/__init__.py
src/csk/audit/backends/command_backend.py
src/csk/audit/canary.py
src/csk/audit/runner.py
src/csk/audit/redaction.py
src/csk/cli.py
src/csk/shell_init.py
src/csk/gitignore_gate.py
src/csk/installer.py
src/csk/skillspec.py
src/csk/builds/source.py
src/csk/builds/_windows.py
src/csk/builds/toolchain.py
src/csk/builds/__init__.py
src/csk/builds/metadata.py
src/csk/__pycache__/__main__.cpython-311.pyc
src/csk/__pycache__/transactions.cpython-311.pyc
src/csk/__pycache__/__init__.cpython-311.pyc
src/csk/__pycache__/project_resolver.cpython-311.pyc
src/csk/__pycache__/whitelist.cpython-311.pyc
src/csk/__pycache__/manifest.cpython-311.pyc
src/csk/__pycache__/source_identity.cpython-311.pyc
src/csk/__pycache__/locale.cpython-311.pyc
src/csk/__pycache__/env_files.cpython-311.pyc
src/csk/__pycache__/installer.cpython-311.pyc
src/csk/__pycache__/gc.cpython-311.pyc
src/csk/__pycache__/hashing.cpython-311.pyc
src/csk/__pycache__/shell_init.cpython-311.pyc
src/csk/__pycache__/global_bins.cpython-311.pyc
src/csk/__pycache__/hybrid.cpython-311.pyc
src/csk/__pycache__/status.cpython-311.pyc
src/csk/__pycache__/cli.cpython-311.pyc
