----------------------------------------------------------------
argv: /opt/homebrew/opt/openjdk/libexec/openjdk.jdk/Contents/Home/bin/java -version 
exit: 0
stdout_bytes: 0
stderr_bytes: 158
--- stdout (first 40 lines) ---
--- stderr (first 40 lines) ---
openjdk version "26.0.1" 2026-04-21
OpenJDK Runtime Environment Homebrew (build 26.0.1)
OpenJDK 64-Bit Server VM Homebrew (build 26.0.1, mixed mode, sharing)
----------------------------------------------------------------
argv: /opt/homebrew/opt/openjdk/libexec/openjdk.jdk/Contents/Home/bin/java --version 
exit: 0
stdout_bytes: 148
stderr_bytes: 0
--- stdout (first 40 lines) ---
openjdk 26.0.1 2026-04-21
OpenJDK Runtime Environment Homebrew (build 26.0.1)
OpenJDK 64-Bit Server VM Homebrew (build 26.0.1, mixed mode, sharing)
--- stderr (first 40 lines) ---
----------------------------------------------------------------
argv: /opt/homebrew/opt/openjdk/libexec/openjdk.jdk/Contents/Home/bin/java -XshowSettings:properties -version 
exit: 0
stdout_bytes: 0
stderr_bytes: 2251
--- stdout (first 40 lines) ---
--- stderr (first 40 lines) ---
Property settings:
    file.encoding = UTF-8
    file.separator = /
    java.class.path = 
    java.class.version = 70.0
    java.home = /opt/homebrew/Cellar/openjdk/26.0.1/libexec/openjdk.jdk/Contents/Home
    java.io.tmpdir = /var/folders/cz/jqbthtks55zbkpcdkfyk4bl80000gp/T/
    java.library.path = /Users/iv/Library/Java/Extensions
        /Library/Java/Extensions
        /Network/Library/Java/Extensions
        /System/Library/Java/Extensions
        /usr/lib/java
        .
    java.runtime.name = OpenJDK Runtime Environment
    java.runtime.version = 26.0.1
    java.specification.name = Java Platform API Specification
    java.specification.vendor = Oracle Corporation
    java.specification.version = 26
    java.vendor = Homebrew
    java.vendor.url = https://github.com/Homebrew/homebrew-core/issues
    java.vendor.url.bug = https://github.com/Homebrew/homebrew-core/issues
    java.vendor.version = Homebrew
    java.version = 26.0.1
    java.version.date = 2026-04-21
    java.vm.compressedOopsMode = Non-zero disjoint base
    java.vm.info = mixed mode, sharing
    java.vm.name = OpenJDK 64-Bit Server VM
    java.vm.specification.name = Java Virtual Machine Specification
    java.vm.specification.vendor = Oracle Corporation
    java.vm.specification.version = 26
    java.vm.vendor = Homebrew
    java.vm.version = 26.0.1
    jdk.debug = release
    line.separator = \n 
    native.encoding = UTF-8
    os.arch = aarch64
    os.name = Mac OS X
    os.version = 26.5
    path.separator = :
    stderr.encoding = UTF-8
