Formattable file systems

These file system personalities can be used for erasing and partitioning.
When specifying a personality as a parameter to a verb, case is not considered.
Certain common aliases (also case-insensitive) are listed below as well.

-------------------------------------------------------------------------------
PERSONALITY                     USER VISIBLE NAME                               
-------------------------------------------------------------------------------
Case-sensitive APFS             APFS (Case-sensitive)                           
  (or) APFSX
APFS                            APFS                                            
  (or) APFSI
ExFAT                           ExFAT                                           
Free Space                      Free Space                                      
  (or) FREE
MS-DOS                          MS-DOS (FAT)                                    
MS-DOS FAT12                    MS-DOS (FAT12)                                  
MS-DOS FAT16                    MS-DOS (FAT16)                                  
MS-DOS FAT32                    MS-DOS (FAT32)                                  
  (or) FAT32
HFS+                            Mac OS Extended                                 
Case-sensitive HFS+             Mac OS Extended (Case-sensitive)                
  (or) HFSX
Case-sensitive Journaled HFS+   Mac OS Extended (Case-sensitive, Journaled)     
  (or) JHFSX
Journaled HFS+                  Mac OS Extended (Journaled)                     
  (or) JHFS+
