===== full-suite-01.log =====
........................................................................ [  5%]
........................s...........................................ssss [ 11%]
.................................................s..sssssssssssss.ssssss [ 17%]
sssssssssssssssssssssssssssssssss............................ssss....... [ 23%]
.s...................................................................... [ 29%]
.....................................................................sss [ 35%]
sssssss................................................................. [ 41%]
........................................................................ [ 46%]
........................................................................ [ 52%]
........................................................................ [ 58%]
.....................................sss................................ [ 64%]
......................................sssssssssssssssss................. [ 70%]
......................................s................................. [ 76%]
................ss...................................................... [ 82%]
........................................................................ [ 87%]
.............s..............................................s........... [ 93%]
........................................................................ [ 99%]
.....                                                                    [100%]
1131 passed, 98 skipped in 1328.73s (0:22:08)
FULL_SUITE_EXIT=0

===== vectors-01.log =====
.......                                                                  [100%]
7 passed in 74.04s (0:01:14)
VECTORS_EXIT=0

===== txn-gc-adapters-01.log =====
......s................................................................. [ 23%]
...............................................sss...................... [ 47%]
................................................s....................... [ 71%]
.....................ssss............................................... [ 95%]
...............                                                          [100%]
294 passed, 9 skipped in 163.57s (0:02:43)
TXN_EXIT=0

===== project-hybrid-closure-01.log =====
........................................................................ [ 96%]
...                                                                      [100%]
75 passed in 716.50s (0:11:56)
FOCUSED_EXIT=0

===== mypy-01.log =====
Success: no issues found in 67 source files

===== ruff-01.log =====
All checks passed!

===== concurrency-stress-01.log (20 runs) =====
.                                                                        [100%]
1 passed in 0.21s
RUN_1_EXIT=0
.                                                                        [100%]
1 passed in 0.19s
RUN_2_EXIT=0
.                                                                        [100%]
1 passed in 0.18s
RUN_3_EXIT=0
.                                                                        [100%]
1 passed in 0.19s
RUN_4_EXIT=0
.                                                                        [100%]
1 passed in 0.20s
RUN_5_EXIT=0
.                                                                        [100%]
1 passed in 0.19s
RUN_6_EXIT=0
.                                                                        [100%]
1 passed in 0.19s
RUN_7_EXIT=0
.                                                                        [100%]
1 passed in 0.19s
RUN_8_EXIT=0
.                                                                        [100%]
1 passed in 0.19s
RUN_9_EXIT=0
.                                                                        [100%]
1 passed in 0.19s
RUN_10_EXIT=0
.                                                                        [100%]
1 passed in 0.19s
RUN_11_EXIT=0
.                                                                        [100%]
1 passed in 0.19s
RUN_12_EXIT=0
.                                                                        [100%]
1 passed in 0.19s
RUN_13_EXIT=0
.                                                                        [100%]
1 passed in 0.19s
RUN_14_EXIT=0
.                                                                        [100%]
1 passed in 0.19s
RUN_15_EXIT=0
.                                                                        [100%]
1 passed in 0.19s
RUN_16_EXIT=0
.                                                                        [100%]
1 passed in 0.19s
RUN_17_EXIT=0
.                                                                        [100%]
1 passed in 0.18s
RUN_18_EXIT=0
.                                                                        [100%]
1 passed in 0.19s
RUN_19_EXIT=0
.                                                                        [100%]
1 passed in 0.19s
RUN_20_EXIT=0
