........................................................................ [  5%]
.........................s...........................................sss [ 11%]
s.................................................s..sssssssssssss.sssss [ 17%]
ssssssssssssssssssssssssssssssssss............................ssss...... [ 23%]
..s..................................................................... [ 29%]
......................................................................ss [ 35%]
ssssssss................................................................ [ 40%]
........................................................................ [ 46%]
........................................................................ [ 52%]
........................................................................ [ 58%]
........................................sss............................. [ 64%]
.........................................sssssssssssssssss.............. [ 70%]
.........................................s.............................. [ 75%]
...................ss................................................... [ 81%]
........................................................................ [ 87%]
................s..............................................s........ [ 93%]
........................................................................ [ 99%]
........                                                                 [100%]
1134 passed, 98 skipped in 1380.83s (0:23:00)
EXIT=0
