mode: set
github.com/relux-works/curator/internal/swiftpmsource/capture.go:27.93,28.159 1 1
github.com/relux-works/curator/internal/swiftpmsource/capture.go:28.159,30.3 1 0
github.com/relux-works/curator/internal/swiftpmsource/capture.go:31.2,32.93 2 1
github.com/relux-works/curator/internal/swiftpmsource/capture.go:32.93,34.3 1 0
github.com/relux-works/curator/internal/swiftpmsource/capture.go:35.2,35.63 1 1
github.com/relux-works/curator/internal/swiftpmsource/capture.go:35.63,37.3 1 1
github.com/relux-works/curator/internal/swiftpmsource/capture.go:38.2,38.59 1 1
github.com/relux-works/curator/internal/swiftpmsource/capture.go:38.59,40.3 1 1
github.com/relux-works/curator/internal/swiftpmsource/capture.go:42.2,43.16 2 1
github.com/relux-works/curator/internal/swiftpmsource/capture.go:43.16,45.3 1 1
github.com/relux-works/curator/internal/swiftpmsource/capture.go:46.2,47.16 2 1
github.com/relux-works/curator/internal/swiftpmsource/capture.go:47.16,49.3 1 0
github.com/relux-works/curator/internal/swiftpmsource/capture.go:50.2,51.16 2 1
github.com/relux-works/curator/internal/swiftpmsource/capture.go:51.16,53.3 1 0
github.com/relux-works/curator/internal/swiftpmsource/capture.go:54.2,55.16 2 1
github.com/relux-works/curator/internal/swiftpmsource/capture.go:55.16,57.3 1 0
github.com/relux-works/curator/internal/swiftpmsource/capture.go:58.2,69.16 5 1
github.com/relux-works/curator/internal/swiftpmsource/capture.go:69.16,71.3 1 0
github.com/relux-works/curator/internal/swiftpmsource/capture.go:72.2,75.16 3 1
github.com/relux-works/curator/internal/swiftpmsource/capture.go:75.16,77.3 1 1
github.com/relux-works/curator/internal/swiftpmsource/capture.go:78.2,82.32 5 1
github.com/relux-works/curator/internal/swiftpmsource/capture.go:82.32,84.3 1 0
github.com/relux-works/curator/internal/swiftpmsource/capture.go:85.2,85.112 1 1
github.com/relux-works/curator/internal/swiftpmsource/capture.go:85.112,87.3 1 1
github.com/relux-works/curator/internal/swiftpmsource/capture.go:89.2,92.25 4 1
github.com/relux-works/curator/internal/swiftpmsource/capture.go:92.25,93.69 1 1
github.com/relux-works/curator/internal/swiftpmsource/capture.go:93.69,95.4 1 0
github.com/relux-works/curator/internal/swiftpmsource/capture.go:97.2,97.25 1 1
github.com/relux-works/curator/internal/swiftpmsource/capture.go:97.25,98.29 1 1
github.com/relux-works/curator/internal/swiftpmsource/capture.go:98.29,100.4 1 0
github.com/relux-works/curator/internal/swiftpmsource/capture.go:101.3,102.85 2 1
github.com/relux-works/curator/internal/swiftpmsource/capture.go:102.85,104.4 1 0
github.com/relux-works/curator/internal/swiftpmsource/capture.go:105.3,106.24 2 1
github.com/relux-works/curator/internal/swiftpmsource/capture.go:106.24,108.4 1 0
github.com/relux-works/curator/internal/swiftpmsource/capture.go:109.3,109.32 1 1
github.com/relux-works/curator/internal/swiftpmsource/capture.go:109.32,111.4 1 0
github.com/relux-works/curator/internal/swiftpmsource/capture.go:112.3,115.91 4 1
github.com/relux-works/curator/internal/swiftpmsource/capture.go:117.2,118.16 2 1
github.com/relux-works/curator/internal/swiftpmsource/capture.go:118.16,120.3 1 0
github.com/relux-works/curator/internal/swiftpmsource/capture.go:121.2,122.16 2 1
github.com/relux-works/curator/internal/swiftpmsource/capture.go:122.16,124.3 1 0
github.com/relux-works/curator/internal/swiftpmsource/capture.go:126.2,128.32 3 1
github.com/relux-works/curator/internal/swiftpmsource/capture.go:128.32,130.3 1 1
github.com/relux-works/curator/internal/swiftpmsource/capture.go:131.2,131.73 1 1
github.com/relux-works/curator/internal/swiftpmsource/capture.go:131.73,133.3 1 1
github.com/relux-works/curator/internal/swiftpmsource/capture.go:134.2,135.165 2 1
github.com/relux-works/curator/internal/swiftpmsource/capture.go:135.165,137.3 1 0
github.com/relux-works/curator/internal/swiftpmsource/capture.go:138.2,141.37 4 1
github.com/relux-works/curator/internal/swiftpmsource/capture.go:141.37,144.71 3 1
github.com/relux-works/curator/internal/swiftpmsource/capture.go:144.71,145.73 1 1
github.com/relux-works/curator/internal/swiftpmsource/capture.go:145.73,146.13 1 1
github.com/relux-works/curator/internal/swiftpmsource/capture.go:148.4,149.15 2 1
github.com/relux-works/curator/internal/swiftpmsource/capture.go:149.15,151.5 1 0
github.com/relux-works/curator/internal/swiftpmsource/capture.go:152.4,153.82 2 1
github.com/relux-works/curator/internal/swiftpmsource/capture.go:153.82,155.5 1 0
github.com/relux-works/curator/internal/swiftpmsource/capture.go:156.4,157.25 2 1
github.com/relux-works/curator/internal/swiftpmsource/capture.go:157.25,159.5 1 1
github.com/relux-works/curator/internal/swiftpmsource/capture.go:160.4,160.57 1 1
github.com/relux-works/curator/internal/swiftpmsource/capture.go:160.57,162.5 1 1
github.com/relux-works/curator/internal/swiftpmsource/capture.go:163.4,164.25 2 1
github.com/relux-works/curator/internal/swiftpmsource/capture.go:164.25,166.5 1 1
github.com/relux-works/curator/internal/swiftpmsource/capture.go:167.4,168.26 2 1
github.com/relux-works/curator/internal/swiftpmsource/capture.go:168.26,170.5 1 0
github.com/relux-works/curator/internal/swiftpmsource/capture.go:171.4,171.87 1 1
github.com/relux-works/curator/internal/swiftpmsource/capture.go:171.87,173.5 1 0
github.com/relux-works/curator/internal/swiftpmsource/capture.go:174.4,175.24 2 1
github.com/relux-works/curator/internal/swiftpmsource/capture.go:175.24,177.5 1 0
github.com/relux-works/curator/internal/swiftpmsource/capture.go:178.4,180.67 3 1
github.com/relux-works/curator/internal/swiftpmsource/capture.go:180.67,182.5 1 0
github.com/relux-works/curator/internal/swiftpmsource/capture.go:183.4,183.66 1 1
github.com/relux-works/curator/internal/swiftpmsource/capture.go:183.66,185.5 1 0
github.com/relux-works/curator/internal/swiftpmsource/capture.go:186.4,188.149 3 1
github.com/relux-works/curator/internal/swiftpmsource/capture.go:188.149,190.5 1 0
github.com/relux-works/curator/internal/swiftpmsource/capture.go:191.4,191.37 1 1
github.com/relux-works/curator/internal/swiftpmsource/capture.go:194.2,194.32 1 1
github.com/relux-works/curator/internal/swiftpmsource/capture.go:194.32,195.33 1 1
github.com/relux-works/curator/internal/swiftpmsource/capture.go:195.33,197.4 1 1
github.com/relux-works/curator/internal/swiftpmsource/capture.go:199.2,199.42 1 1
github.com/relux-works/curator/internal/swiftpmsource/capture.go:199.42,199.94 1 1
github.com/relux-works/curator/internal/swiftpmsource/capture.go:201.2,201.69 1 1
github.com/relux-works/curator/internal/swiftpmsource/capture.go:201.69,203.3 1 0
github.com/relux-works/curator/internal/swiftpmsource/capture.go:204.2,205.16 2 1
github.com/relux-works/curator/internal/swiftpmsource/capture.go:205.16,207.3 1 0
github.com/relux-works/curator/internal/swiftpmsource/capture.go:208.2,209.16 2 1
github.com/relux-works/curator/internal/swiftpmsource/capture.go:209.16,211.3 1 0
github.com/relux-works/curator/internal/swiftpmsource/capture.go:212.2,212.45 1 1
github.com/relux-works/curator/internal/swiftpmsource/capture.go:212.45,214.10 2 1
github.com/relux-works/curator/internal/swiftpmsource/capture.go:214.10,216.4 1 0
github.com/relux-works/curator/internal/swiftpmsource/capture.go:217.3,217.76 1 1
github.com/relux-works/curator/internal/swiftpmsource/capture.go:219.2,222.16 3 1
github.com/relux-works/curator/internal/swiftpmsource/capture.go:222.16,224.3 1 0
github.com/relux-works/curator/internal/swiftpmsource/capture.go:225.2,227.16 3 1
github.com/relux-works/curator/internal/swiftpmsource/capture.go:227.16,229.3 1 0
github.com/relux-works/curator/internal/swiftpmsource/capture.go:231.2,235.32 5 1
github.com/relux-works/curator/internal/swiftpmsource/capture.go:235.32,238.3 2 1
github.com/relux-works/curator/internal/swiftpmsource/capture.go:239.2,240.16 2 1
github.com/relux-works/curator/internal/swiftpmsource/capture.go:240.16,242.3 1 0
github.com/relux-works/curator/internal/swiftpmsource/capture.go:243.2,244.16 2 1
github.com/relux-works/curator/internal/swiftpmsource/capture.go:244.16,246.3 1 0
github.com/relux-works/curator/internal/swiftpmsource/capture.go:247.2,248.16 2 1
github.com/relux-works/curator/internal/swiftpmsource/capture.go:248.16,250.3 1 0
github.com/relux-works/curator/internal/swiftpmsource/capture.go:251.2,252.16 2 1
github.com/relux-works/curator/internal/swiftpmsource/capture.go:252.16,254.3 1 0
github.com/relux-works/curator/internal/swiftpmsource/capture.go:255.2,256.535 2 1
github.com/relux-works/curator/internal/swiftpmsource/capture.go:259.151,261.16 2 1
github.com/relux-works/curator/internal/swiftpmsource/capture.go:261.16,263.3 1 0
github.com/relux-works/curator/internal/swiftpmsource/capture.go:264.2,265.16 2 1
github.com/relux-works/curator/internal/swiftpmsource/capture.go:265.16,267.3 1 0
github.com/relux-works/curator/internal/swiftpmsource/capture.go:268.2,269.16 2 1
github.com/relux-works/curator/internal/swiftpmsource/capture.go:269.16,271.3 1 0
github.com/relux-works/curator/internal/swiftpmsource/capture.go:272.2,272.83 1 1
github.com/relux-works/curator/internal/swiftpmsource/capture.go:272.83,274.3 1 0
github.com/relux-works/curator/internal/swiftpmsource/capture.go:275.2,276.16 2 1
github.com/relux-works/curator/internal/swiftpmsource/capture.go:276.16,278.3 1 0
github.com/relux-works/curator/internal/swiftpmsource/capture.go:279.2,280.16 2 1
github.com/relux-works/curator/internal/swiftpmsource/capture.go:280.16,282.3 1 0
github.com/relux-works/curator/internal/swiftpmsource/capture.go:283.2,284.364 2 1
github.com/relux-works/curator/internal/swiftpmsource/capture.go:287.203,289.16 2 1
github.com/relux-works/curator/internal/swiftpmsource/capture.go:289.16,291.3 1 0
github.com/relux-works/curator/internal/swiftpmsource/capture.go:292.2,293.16 2 1
github.com/relux-works/curator/internal/swiftpmsource/capture.go:293.16,295.3 1 0
github.com/relux-works/curator/internal/swiftpmsource/capture.go:296.2,297.16 2 1
github.com/relux-works/curator/internal/swiftpmsource/capture.go:297.16,299.3 1 0
github.com/relux-works/curator/internal/swiftpmsource/capture.go:300.2,301.22 2 1
github.com/relux-works/curator/internal/swiftpmsource/capture.go:301.22,303.3 1 1
github.com/relux-works/curator/internal/swiftpmsource/capture.go:304.2,305.26 2 1
github.com/relux-works/curator/internal/swiftpmsource/capture.go:305.26,307.3 1 0
github.com/relux-works/curator/internal/swiftpmsource/capture.go:308.2,310.98 3 1
github.com/relux-works/curator/internal/swiftpmsource/capture.go:310.98,312.3 1 0
github.com/relux-works/curator/internal/swiftpmsource/capture.go:313.2,314.25 2 1
github.com/relux-works/curator/internal/swiftpmsource/capture.go:314.25,316.3 1 0
github.com/relux-works/curator/internal/swiftpmsource/capture.go:317.2,318.23 2 1
github.com/relux-works/curator/internal/swiftpmsource/capture.go:318.23,320.3 1 0
github.com/relux-works/curator/internal/swiftpmsource/capture.go:321.2,323.22 3 1
github.com/relux-works/curator/internal/swiftpmsource/capture.go:323.22,325.3 1 1
github.com/relux-works/curator/internal/swiftpmsource/capture.go:326.2,327.52 2 1
github.com/relux-works/curator/internal/swiftpmsource/capture.go:327.52,329.3 1 0
github.com/relux-works/curator/internal/swiftpmsource/capture.go:330.2,331.16 2 1
github.com/relux-works/curator/internal/swiftpmsource/capture.go:331.16,333.3 1 0
github.com/relux-works/curator/internal/swiftpmsource/capture.go:334.2,334.103 1 1
github.com/relux-works/curator/internal/swiftpmsource/capture.go:337.201,339.2 1 1
github.com/relux-works/curator/internal/swiftpmsource/capture.go:341.245,343.16 2 1
github.com/relux-works/curator/internal/swiftpmsource/capture.go:343.16,345.3 1 0
github.com/relux-works/curator/internal/swiftpmsource/capture.go:346.2,347.84 2 1
github.com/relux-works/curator/internal/swiftpmsource/capture.go:347.84,349.3 1 1
github.com/relux-works/curator/internal/swiftpmsource/capture.go:350.2,350.95 1 1
github.com/relux-works/curator/internal/swiftpmsource/capture.go:350.95,352.3 1 0
github.com/relux-works/curator/internal/swiftpmsource/capture.go:353.2,353.40 1 1
github.com/relux-works/curator/internal/swiftpmsource/capture.go:353.40,355.3 1 1
github.com/relux-works/curator/internal/swiftpmsource/capture.go:356.2,357.16 2 1
github.com/relux-works/curator/internal/swiftpmsource/capture.go:357.16,359.3 1 0
github.com/relux-works/curator/internal/swiftpmsource/capture.go:360.2,360.31 1 1
github.com/relux-works/curator/internal/swiftpmsource/capture.go:360.31,362.3 1 0
github.com/relux-works/curator/internal/swiftpmsource/capture.go:363.2,366.16 4 1
github.com/relux-works/curator/internal/swiftpmsource/capture.go:366.16,368.3 1 1
github.com/relux-works/curator/internal/swiftpmsource/capture.go:369.2,369.65 1 1
github.com/relux-works/curator/internal/swiftpmsource/capture.go:369.65,371.3 1 0
github.com/relux-works/curator/internal/swiftpmsource/capture.go:372.2,373.16 2 1
github.com/relux-works/curator/internal/swiftpmsource/capture.go:373.16,375.3 1 0
github.com/relux-works/curator/internal/swiftpmsource/capture.go:376.2,376.341 1 1
github.com/relux-works/curator/internal/swiftpmsource/capture.go:379.255,381.16 2 1
github.com/relux-works/curator/internal/swiftpmsource/capture.go:381.16,383.3 1 0
github.com/relux-works/curator/internal/swiftpmsource/capture.go:384.2,384.58 1 1
github.com/relux-works/curator/internal/swiftpmsource/capture.go:384.58,385.36 1 1
github.com/relux-works/curator/internal/swiftpmsource/capture.go:385.36,386.12 1 1
github.com/relux-works/curator/internal/swiftpmsource/capture.go:388.3,390.123 3 1
github.com/relux-works/curator/internal/swiftpmsource/capture.go:390.123,392.4 1 0
github.com/relux-works/curator/internal/swiftpmsource/capture.go:393.3,394.73 2 1
github.com/relux-works/curator/internal/swiftpmsource/capture.go:394.73,396.4 1 0
github.com/relux-works/curator/internal/swiftpmsource/capture.go:397.3,398.66 2 1
github.com/relux-works/curator/internal/swiftpmsource/capture.go:398.66,399.58 1 0
github.com/relux-works/curator/internal/swiftpmsource/capture.go:399.58,401.5 1 0
github.com/relux-works/curator/internal/swiftpmsource/capture.go:402.4,402.12 1 0
github.com/relux-works/curator/internal/swiftpmsource/capture.go:404.3,405.26 2 1
github.com/relux-works/curator/internal/swiftpmsource/capture.go:405.26,407.4 1 0
github.com/relux-works/curator/internal/swiftpmsource/capture.go:408.3,409.25 2 1
github.com/relux-works/curator/internal/swiftpmsource/capture.go:409.25,411.4 1 0
github.com/relux-works/curator/internal/swiftpmsource/capture.go:412.3,412.71 1 1
github.com/relux-works/curator/internal/swiftpmsource/capture.go:412.71,414.4 1 0
github.com/relux-works/curator/internal/swiftpmsource/capture.go:415.3,418.125 4 1
github.com/relux-works/curator/internal/swiftpmsource/capture.go:418.125,420.4 1 0
github.com/relux-works/curator/internal/swiftpmsource/capture.go:422.2,422.12 1 1
github.com/relux-works/curator/internal/swiftpmsource/capture.go:425.169,435.2 9 1
github.com/relux-works/curator/internal/swiftpmsource/capture.go:437.139,447.2 9 1
github.com/relux-works/curator/internal/swiftpmsource/capture.go:449.30,451.2 1 1
github.com/relux-works/curator/internal/swiftpmsource/capture.go:453.85,455.16 2 1
github.com/relux-works/curator/internal/swiftpmsource/capture.go:455.16,457.3 1 0
github.com/relux-works/curator/internal/swiftpmsource/capture.go:458.2,460.39 3 1
github.com/relux-works/curator/internal/swiftpmsource/capture.go:460.39,462.21 2 1
github.com/relux-works/curator/internal/swiftpmsource/capture.go:462.21,463.30 1 1
github.com/relux-works/curator/internal/swiftpmsource/capture.go:463.30,464.13 1 1
github.com/relux-works/curator/internal/swiftpmsource/capture.go:466.4,466.18 1 0
github.com/relux-works/curator/internal/swiftpmsource/capture.go:468.3,469.42 2 1
github.com/relux-works/curator/internal/swiftpmsource/capture.go:469.42,471.4 1 0
github.com/relux-works/curator/internal/swiftpmsource/capture.go:473.2,473.16 1 1
github.com/relux-works/curator/internal/swiftpmsource/capture.go:473.16,475.3 1 0
github.com/relux-works/curator/internal/swiftpmsource/capture.go:476.2,476.12 1 1
github.com/relux-works/curator/internal/swiftpmsource/capture.go:481.74,483.20 2 1
github.com/relux-works/curator/internal/swiftpmsource/capture.go:483.20,485.3 1 1
github.com/relux-works/curator/internal/swiftpmsource/capture.go:486.2,487.9 2 1
github.com/relux-works/curator/internal/swiftpmsource/capture.go:487.9,489.3 1 0
github.com/relux-works/curator/internal/swiftpmsource/capture.go:490.2,493.29 4 1
github.com/relux-works/curator/internal/swiftpmsource/capture.go:493.29,495.46 2 1
github.com/relux-works/curator/internal/swiftpmsource/capture.go:495.46,497.12 2 1
github.com/relux-works/curator/internal/swiftpmsource/capture.go:499.3,500.35 2 1
github.com/relux-works/curator/internal/swiftpmsource/capture.go:500.35,501.12 1 1
github.com/relux-works/curator/internal/swiftpmsource/capture.go:503.3,504.102 2 1
github.com/relux-works/curator/internal/swiftpmsource/capture.go:504.102,506.4 1 1
github.com/relux-works/curator/internal/swiftpmsource/capture.go:508.2,508.20 1 1
github.com/relux-works/curator/internal/swiftpmsource/capture.go:508.20,510.3 1 1
github.com/relux-works/curator/internal/swiftpmsource/capture.go:511.2,511.10 1 1
github.com/relux-works/curator/internal/swiftpmsource/capture.go:511.10,513.3 1 1
github.com/relux-works/curator/internal/swiftpmsource/capture.go:514.2,514.80 1 1
github.com/relux-works/curator/internal/swiftpmsource/capture.go:517.68,523.93 3 1
github.com/relux-works/curator/internal/swiftpmsource/capture.go:523.93,524.21 1 1
github.com/relux-works/curator/internal/swiftpmsource/capture.go:524.21,526.4 1 0
github.com/relux-works/curator/internal/swiftpmsource/capture.go:527.3,527.39 1 1
github.com/relux-works/curator/internal/swiftpmsource/capture.go:527.39,529.4 1 1
github.com/relux-works/curator/internal/swiftpmsource/capture.go:530.3,530.39 1 1
github.com/relux-works/curator/internal/swiftpmsource/capture.go:530.39,532.4 1 0
github.com/relux-works/curator/internal/swiftpmsource/capture.go:533.3,534.45 2 1
github.com/relux-works/curator/internal/swiftpmsource/capture.go:534.45,536.4 1 0
github.com/relux-works/curator/internal/swiftpmsource/capture.go:537.3,538.17 2 1
github.com/relux-works/curator/internal/swiftpmsource/capture.go:538.17,540.4 1 0
github.com/relux-works/curator/internal/swiftpmsource/capture.go:541.3,545.13 5 1
github.com/relux-works/curator/internal/swiftpmsource/capture.go:547.2,547.16 1 1
github.com/relux-works/curator/internal/swiftpmsource/capture.go:547.16,549.3 1 0
github.com/relux-works/curator/internal/swiftpmsource/capture.go:550.2,550.41 1 1
github.com/relux-works/curator/internal/swiftpmsource/capture.go:550.41,550.83 1 1
github.com/relux-works/curator/internal/swiftpmsource/capture.go:551.2,552.30 2 1
github.com/relux-works/curator/internal/swiftpmsource/capture.go:552.30,555.3 2 1
github.com/relux-works/curator/internal/swiftpmsource/capture.go:556.2,557.23 2 1
github.com/relux-works/curator/internal/swiftpmsource/capture.go:560.57,563.123 3 1
github.com/relux-works/curator/internal/swiftpmsource/capture.go:563.123,565.3 1 0
github.com/relux-works/curator/internal/swiftpmsource/capture.go:566.2,568.137 3 1
github.com/relux-works/curator/internal/swiftpmsource/capture.go:568.137,570.3 1 1
github.com/relux-works/curator/internal/swiftpmsource/capture.go:571.2,571.212 1 1
github.com/relux-works/curator/internal/swiftpmsource/capture.go:571.212,573.3 1 1
github.com/relux-works/curator/internal/swiftpmsource/capture.go:574.2,574.105 1 1
github.com/relux-works/curator/internal/swiftpmsource/capture.go:574.105,576.3 1 0
github.com/relux-works/curator/internal/swiftpmsource/capture.go:577.2,577.62 1 1
github.com/relux-works/curator/internal/swiftpmsource/capture.go:577.62,579.3 1 1
github.com/relux-works/curator/internal/swiftpmsource/capture.go:580.2,580.12 1 1
github.com/relux-works/curator/internal/swiftpmsource/capture.go:583.49,584.93 1 1
github.com/relux-works/curator/internal/swiftpmsource/capture.go:584.93,585.21 1 1
github.com/relux-works/curator/internal/swiftpmsource/capture.go:585.21,587.4 1 0
github.com/relux-works/curator/internal/swiftpmsource/capture.go:588.3,590.63 3 1
github.com/relux-works/curator/internal/swiftpmsource/capture.go:590.63,592.4 1 0
github.com/relux-works/curator/internal/swiftpmsource/capture.go:593.3,593.20 1 1
github.com/relux-works/curator/internal/swiftpmsource/capture.go:593.20,595.4 1 1
github.com/relux-works/curator/internal/swiftpmsource/capture.go:596.3,597.52 2 1
github.com/relux-works/curator/internal/swiftpmsource/capture.go:597.52,599.4 1 1
github.com/relux-works/curator/internal/swiftpmsource/capture.go:600.3,600.32 1 1
github.com/relux-works/curator/internal/swiftpmsource/capture.go:600.32,602.4 1 0
github.com/relux-works/curator/internal/swiftpmsource/capture.go:603.3,604.17 2 1
github.com/relux-works/curator/internal/swiftpmsource/capture.go:604.17,606.4 1 0
github.com/relux-works/curator/internal/swiftpmsource/capture.go:607.3,608.180 2 1
github.com/relux-works/curator/internal/swiftpmsource/capture.go:608.180,610.4 1 0
github.com/relux-works/curator/internal/swiftpmsource/capture.go:611.3,611.13 1 1
github.com/relux-works/curator/internal/swiftpmsource/capture.go:615.54,617.68 2 1
github.com/relux-works/curator/internal/swiftpmsource/capture.go:617.68,619.3 1 0
github.com/relux-works/curator/internal/swiftpmsource/capture.go:620.2,620.22 1 1
github.com/relux-works/curator/internal/swiftpmsource/capture.go:622.64,624.16 2 1
github.com/relux-works/curator/internal/swiftpmsource/capture.go:624.16,625.13 1 0
github.com/relux-works/curator/internal/swiftpmsource/capture.go:627.2,627.14 1 1
github.com/relux-works/curator/internal/swiftpmsource/capture.go:629.48,632.20 3 1
github.com/relux-works/curator/internal/swiftpmsource/capture.go:632.20,634.3 1 0
github.com/relux-works/curator/internal/swiftpmsource/capture.go:635.2,635.26 1 1
github.com/relux-works/curator/internal/swiftpmsource/capture.go:635.26,637.17 2 1
github.com/relux-works/curator/internal/swiftpmsource/capture.go:637.17,639.4 1 0
github.com/relux-works/curator/internal/swiftpmsource/capture.go:640.3,640.13 1 1
github.com/relux-works/curator/internal/swiftpmsource/capture.go:642.2,642.18 1 1
github.com/relux-works/curator/internal/swiftpmsource/capture.go:644.38,645.19 1 1
github.com/relux-works/curator/internal/swiftpmsource/capture.go:645.19,646.18 1 1
github.com/relux-works/curator/internal/swiftpmsource/capture.go:646.18,648.4 1 1
github.com/relux-works/curator/internal/swiftpmsource/capture.go:649.3,649.18 1 1
github.com/relux-works/curator/internal/swiftpmsource/capture.go:649.18,651.4 1 1
github.com/relux-works/curator/internal/swiftpmsource/capture.go:653.2,653.10 1 1
github.com/relux-works/curator/internal/swiftpmsource/capture.go:655.60,657.38 2 1
github.com/relux-works/curator/internal/swiftpmsource/capture.go:657.38,657.64 1 1
github.com/relux-works/curator/internal/swiftpmsource/capture.go:658.2,659.28 2 1
github.com/relux-works/curator/internal/swiftpmsource/capture.go:659.28,660.57 1 1
github.com/relux-works/curator/internal/swiftpmsource/capture.go:660.57,662.4 1 1
github.com/relux-works/curator/internal/swiftpmsource/capture.go:664.2,664.15 1 1
github.com/relux-works/curator/internal/swiftpmsource/capture.go:666.40,668.27 2 1
github.com/relux-works/curator/internal/swiftpmsource/capture.go:668.27,670.3 1 1
github.com/relux-works/curator/internal/swiftpmsource/capture.go:671.2,671.12 1 1
github.com/relux-works/curator/internal/swiftpmsource/capture.go:673.45,675.27 2 1
github.com/relux-works/curator/internal/swiftpmsource/capture.go:675.27,677.3 1 1
github.com/relux-works/curator/internal/swiftpmsource/capture.go:678.2,678.12 1 1
github.com/relux-works/curator/internal/swiftpmsource/capture.go:680.60,682.27 2 1
github.com/relux-works/curator/internal/swiftpmsource/capture.go:682.27,684.3 1 1
github.com/relux-works/curator/internal/swiftpmsource/capture.go:685.2,685.12 1 1
github.com/relux-works/curator/internal/swiftpmsource/capture.go:687.59,689.27 2 1
github.com/relux-works/curator/internal/swiftpmsource/capture.go:689.27,691.3 1 1
github.com/relux-works/curator/internal/swiftpmsource/capture.go:692.2,692.12 1 1
github.com/relux-works/curator/internal/swiftpmsource/errors.go:43.40,44.26 1 1
github.com/relux-works/curator/internal/swiftpmsource/errors.go:44.26,46.3 1 1
github.com/relux-works/curator/internal/swiftpmsource/errors.go:47.2,47.53 1 1
github.com/relux-works/curator/internal/swiftpmsource/errors.go:50.56,52.2 1 1
github.com/relux-works/curator/internal/swiftpmsource/errors.go:54.88,56.2 1 1
github.com/relux-works/curator/internal/swiftpmsource/errors.go:59.32,60.39 1 1
github.com/relux-works/curator/internal/swiftpmsource/errors.go:60.39,62.3 1 1
github.com/relux-works/curator/internal/swiftpmsource/errors.go:63.2,63.11 1 1
github.com/relux-works/curator/internal/swiftpmsource/executor_runtime.go:31.129,32.107 1 1
github.com/relux-works/curator/internal/swiftpmsource/executor_runtime.go:32.107,34.3 1 0
github.com/relux-works/curator/internal/swiftpmsource/executor_runtime.go:35.2,42.16 2 1
github.com/relux-works/curator/internal/swiftpmsource/executor_runtime.go:42.16,44.3 1 0
github.com/relux-works/curator/internal/swiftpmsource/executor_runtime.go:45.2,46.16 2 1
github.com/relux-works/curator/internal/swiftpmsource/executor_runtime.go:46.16,48.3 1 0
github.com/relux-works/curator/internal/swiftpmsource/executor_runtime.go:49.2,51.16 3 1
github.com/relux-works/curator/internal/swiftpmsource/executor_runtime.go:51.16,53.3 1 0
github.com/relux-works/curator/internal/swiftpmsource/executor_runtime.go:54.2,54.70 1 1
github.com/relux-works/curator/internal/swiftpmsource/executor_runtime.go:60.110,61.101 1 1
github.com/relux-works/curator/internal/swiftpmsource/executor_runtime.go:61.101,63.3 1 0
github.com/relux-works/curator/internal/swiftpmsource/executor_runtime.go:64.2,65.16 2 1
github.com/relux-works/curator/internal/swiftpmsource/executor_runtime.go:65.16,67.3 1 0
github.com/relux-works/curator/internal/swiftpmsource/executor_runtime.go:68.2,70.16 3 1
github.com/relux-works/curator/internal/swiftpmsource/executor_runtime.go:70.16,72.3 1 0
github.com/relux-works/curator/internal/swiftpmsource/executor_runtime.go:73.2,74.63 2 1
github.com/relux-works/curator/internal/swiftpmsource/executor_runtime.go:74.63,76.3 1 0
github.com/relux-works/curator/internal/swiftpmsource/executor_runtime.go:77.2,77.110 1 1
github.com/relux-works/curator/internal/swiftpmsource/executor_runtime.go:77.110,79.3 1 0
github.com/relux-works/curator/internal/swiftpmsource/executor_runtime.go:80.2,85.45 3 1
github.com/relux-works/curator/internal/swiftpmsource/executor_runtime.go:85.45,87.22 2 1
github.com/relux-works/curator/internal/swiftpmsource/executor_runtime.go:87.22,89.4 1 0
github.com/relux-works/curator/internal/swiftpmsource/executor_runtime.go:90.3,91.39 2 1
github.com/relux-works/curator/internal/swiftpmsource/executor_runtime.go:91.39,93.4 1 1
github.com/relux-works/curator/internal/swiftpmsource/executor_runtime.go:94.3,94.74 1 1
github.com/relux-works/curator/internal/swiftpmsource/executor_runtime.go:96.2,97.16 2 1
github.com/relux-works/curator/internal/swiftpmsource/executor_runtime.go:97.16,99.3 1 0
github.com/relux-works/curator/internal/swiftpmsource/executor_runtime.go:100.2,101.54 2 1
github.com/relux-works/curator/internal/swiftpmsource/executor_runtime.go:101.54,103.3 1 0
github.com/relux-works/curator/internal/swiftpmsource/executor_runtime.go:104.2,104.101 1 1
github.com/relux-works/curator/internal/swiftpmsource/executor_runtime.go:104.101,106.3 1 0
github.com/relux-works/curator/internal/swiftpmsource/executor_runtime.go:107.2,108.16 2 1
github.com/relux-works/curator/internal/swiftpmsource/executor_runtime.go:108.16,110.3 1 0
github.com/relux-works/curator/internal/swiftpmsource/executor_runtime.go:111.2,112.41 2 1
github.com/relux-works/curator/internal/swiftpmsource/executor_runtime.go:112.41,115.3 2 1
github.com/relux-works/curator/internal/swiftpmsource/executor_runtime.go:116.2,117.16 2 1
github.com/relux-works/curator/internal/swiftpmsource/executor_runtime.go:117.16,119.3 1 0
github.com/relux-works/curator/internal/swiftpmsource/executor_runtime.go:120.2,130.16 7 1
github.com/relux-works/curator/internal/swiftpmsource/executor_runtime.go:130.16,132.3 1 0
github.com/relux-works/curator/internal/swiftpmsource/executor_runtime.go:133.2,134.16 2 1
github.com/relux-works/curator/internal/swiftpmsource/executor_runtime.go:134.16,136.3 1 0
github.com/relux-works/curator/internal/swiftpmsource/executor_runtime.go:137.2,138.16 2 1
github.com/relux-works/curator/internal/swiftpmsource/executor_runtime.go:138.16,140.3 1 0
github.com/relux-works/curator/internal/swiftpmsource/executor_runtime.go:141.2,141.88 1 1
github.com/relux-works/curator/internal/swiftpmsource/executor_runtime.go:144.51,145.145 1 1
github.com/relux-works/curator/internal/swiftpmsource/executor_runtime.go:145.145,147.3 1 1
github.com/relux-works/curator/internal/swiftpmsource/executor_runtime.go:148.2,148.42 1 1
github.com/relux-works/curator/internal/swiftpmsource/executor_runtime.go:151.37,153.2 1 1
github.com/relux-works/curator/internal/swiftpmsource/executor_runtime.go:155.69,158.2 2 1
github.com/relux-works/curator/internal/swiftpmsource/executor_runtime.go:160.51,161.95 1 1
github.com/relux-works/curator/internal/swiftpmsource/executor_runtime.go:161.95,162.21 1 1
github.com/relux-works/curator/internal/swiftpmsource/executor_runtime.go:162.21,164.4 1 0
github.com/relux-works/curator/internal/swiftpmsource/executor_runtime.go:165.3,166.17 2 1
github.com/relux-works/curator/internal/swiftpmsource/executor_runtime.go:166.17,168.4 1 0
github.com/relux-works/curator/internal/swiftpmsource/executor_runtime.go:169.3,170.39 2 1
github.com/relux-works/curator/internal/swiftpmsource/executor_runtime.go:170.39,172.4 1 0
github.com/relux-works/curator/internal/swiftpmsource/executor_runtime.go:173.3,173.20 1 1
github.com/relux-works/curator/internal/swiftpmsource/executor_runtime.go:173.20,175.4 1 1
github.com/relux-works/curator/internal/swiftpmsource/executor_runtime.go:176.3,177.45 2 1
github.com/relux-works/curator/internal/swiftpmsource/executor_runtime.go:177.45,179.4 1 0
github.com/relux-works/curator/internal/swiftpmsource/executor_runtime.go:180.3,181.17 2 1
github.com/relux-works/curator/internal/swiftpmsource/executor_runtime.go:181.17,183.4 1 0
github.com/relux-works/curator/internal/swiftpmsource/executor_runtime.go:184.3,184.51 1 1
github.com/relux-works/curator/internal/swiftpmsource/executor_runtime.go:193.67,195.78 2 1
github.com/relux-works/curator/internal/swiftpmsource/executor_runtime.go:195.78,197.3 1 1
github.com/relux-works/curator/internal/swiftpmsource/executor_runtime.go:198.2,200.48 3 1
github.com/relux-works/curator/internal/swiftpmsource/executor_runtime.go:200.48,201.30 1 1
github.com/relux-works/curator/internal/swiftpmsource/executor_runtime.go:201.30,203.40 2 1
github.com/relux-works/curator/internal/swiftpmsource/executor_runtime.go:203.40,205.5 1 1
github.com/relux-works/curator/internal/swiftpmsource/executor_runtime.go:206.4,207.50 2 1
github.com/relux-works/curator/internal/swiftpmsource/executor_runtime.go:207.50,209.5 1 0
github.com/relux-works/curator/internal/swiftpmsource/executor_runtime.go:211.3,211.13 1 1
github.com/relux-works/curator/internal/swiftpmsource/executor_runtime.go:213.2,213.48 1 1
github.com/relux-works/curator/internal/swiftpmsource/executor_runtime.go:213.48,215.3 1 1
github.com/relux-works/curator/internal/swiftpmsource/executor_runtime.go:216.2,217.29 2 1
github.com/relux-works/curator/internal/swiftpmsource/executor_runtime.go:217.29,219.3 1 1
github.com/relux-works/curator/internal/swiftpmsource/executor_runtime.go:220.2,221.24 2 1
github.com/relux-works/curator/internal/swiftpmsource/executor_runtime.go:241.124,242.88 1 1
github.com/relux-works/curator/internal/swiftpmsource/executor_runtime.go:242.88,244.3 1 0
github.com/relux-works/curator/internal/swiftpmsource/executor_runtime.go:245.2,245.57 1 1
github.com/relux-works/curator/internal/swiftpmsource/executor_runtime.go:245.57,247.3 1 0
github.com/relux-works/curator/internal/swiftpmsource/executor_runtime.go:248.2,249.16 2 1
github.com/relux-works/curator/internal/swiftpmsource/executor_runtime.go:249.16,251.3 1 0
github.com/relux-works/curator/internal/swiftpmsource/executor_runtime.go:252.2,254.16 3 1
github.com/relux-works/curator/internal/swiftpmsource/executor_runtime.go:254.16,256.3 1 0
github.com/relux-works/curator/internal/swiftpmsource/executor_runtime.go:257.2,258.16 2 1
github.com/relux-works/curator/internal/swiftpmsource/executor_runtime.go:258.16,260.3 1 0
github.com/relux-works/curator/internal/swiftpmsource/executor_runtime.go:261.2,263.16 3 1
github.com/relux-works/curator/internal/swiftpmsource/executor_runtime.go:263.16,265.3 1 0
github.com/relux-works/curator/internal/swiftpmsource/executor_runtime.go:266.2,269.25 4 1
github.com/relux-works/curator/internal/swiftpmsource/executor_runtime.go:269.25,275.3 5 1
github.com/relux-works/curator/internal/swiftpmsource/executor_runtime.go:276.2,276.27 1 1
github.com/relux-works/curator/internal/swiftpmsource/executor_runtime.go:276.27,278.3 1 0
github.com/relux-works/curator/internal/swiftpmsource/executor_runtime.go:279.2,279.46 1 1
github.com/relux-works/curator/internal/swiftpmsource/executor_runtime.go:279.46,279.108 1 1
github.com/relux-works/curator/internal/swiftpmsource/executor_runtime.go:280.2,284.40 5 1
github.com/relux-works/curator/internal/swiftpmsource/executor_runtime.go:284.40,289.3 4 1
github.com/relux-works/curator/internal/swiftpmsource/executor_runtime.go:290.2,294.25 5 1
github.com/relux-works/curator/internal/swiftpmsource/executor_runtime.go:294.25,298.3 3 1
github.com/relux-works/curator/internal/swiftpmsource/executor_runtime.go:299.2,301.25 3 1
github.com/relux-works/curator/internal/swiftpmsource/executor_runtime.go:301.25,303.3 1 0
github.com/relux-works/curator/internal/swiftpmsource/executor_runtime.go:304.2,306.25 3 1
github.com/relux-works/curator/internal/swiftpmsource/executor_runtime.go:306.25,308.3 1 1
github.com/relux-works/curator/internal/swiftpmsource/executor_runtime.go:309.2,320.16 3 1
github.com/relux-works/curator/internal/swiftpmsource/executor_runtime.go:320.16,322.3 1 0
github.com/relux-works/curator/internal/swiftpmsource/executor_runtime.go:323.2,323.123 1 1
github.com/relux-works/curator/internal/swiftpmsource/executor_runtime.go:323.123,325.3 1 1
github.com/relux-works/curator/internal/swiftpmsource/executor_runtime.go:326.2,326.16 1 1
github.com/relux-works/curator/internal/swiftpmsource/executor_runtime.go:326.16,328.3 1 0
github.com/relux-works/curator/internal/swiftpmsource/executor_runtime.go:329.2,329.72 1 1
github.com/relux-works/curator/internal/swiftpmsource/executor_runtime.go:329.72,331.3 1 0
github.com/relux-works/curator/internal/swiftpmsource/executor_runtime.go:332.2,334.16 3 1
github.com/relux-works/curator/internal/swiftpmsource/executor_runtime.go:334.16,336.3 1 0
github.com/relux-works/curator/internal/swiftpmsource/executor_runtime.go:337.2,337.30 1 1
github.com/relux-works/curator/internal/swiftpmsource/executor_runtime.go:340.67,342.16 2 1
github.com/relux-works/curator/internal/swiftpmsource/executor_runtime.go:342.16,344.3 1 0
github.com/relux-works/curator/internal/swiftpmsource/executor_runtime.go:345.2,346.39 2 1
github.com/relux-works/curator/internal/swiftpmsource/executor_runtime.go:346.39,348.3 1 1
github.com/relux-works/curator/internal/swiftpmsource/executor_runtime.go:349.2,350.100 2 1
github.com/relux-works/curator/internal/swiftpmsource/executor_runtime.go:350.100,352.3 1 0
github.com/relux-works/curator/internal/swiftpmsource/executor_runtime.go:353.2,353.12 1 1
github.com/relux-works/curator/internal/swiftpmsource/executor_runtime.go:356.103,358.47 2 1
github.com/relux-works/curator/internal/swiftpmsource/executor_runtime.go:358.47,360.3 1 1
github.com/relux-works/curator/internal/swiftpmsource/executor_runtime.go:361.2,361.111 1 1
github.com/relux-works/curator/internal/swiftpmsource/executor_runtime.go:393.71,397.50 4 1
github.com/relux-works/curator/internal/swiftpmsource/executor_runtime.go:397.50,400.59 1 1
github.com/relux-works/curator/internal/swiftpmsource/executor_runtime.go:400.59,402.4 1 0
github.com/relux-works/curator/internal/swiftpmsource/executor_runtime.go:404.2,405.44 2 1
github.com/relux-works/curator/internal/swiftpmsource/executor_runtime.go:405.44,407.17 2 1
github.com/relux-works/curator/internal/swiftpmsource/executor_runtime.go:407.17,409.4 1 0
github.com/relux-works/curator/internal/swiftpmsource/executor_runtime.go:410.3,410.115 1 1
github.com/relux-works/curator/internal/swiftpmsource/executor_runtime.go:412.2,412.42 1 1
github.com/relux-works/curator/internal/swiftpmsource/executor_runtime.go:412.42,414.17 2 1
github.com/relux-works/curator/internal/swiftpmsource/executor_runtime.go:414.17,416.4 1 0
github.com/relux-works/curator/internal/swiftpmsource/executor_runtime.go:417.3,418.43 2 1
github.com/relux-works/curator/internal/swiftpmsource/executor_runtime.go:418.43,420.18 2 1
github.com/relux-works/curator/internal/swiftpmsource/executor_runtime.go:420.18,422.5 1 0
github.com/relux-works/curator/internal/swiftpmsource/executor_runtime.go:423.4,423.61 1 1
github.com/relux-works/curator/internal/swiftpmsource/executor_runtime.go:425.3,425.39 1 1
github.com/relux-works/curator/internal/swiftpmsource/executor_runtime.go:425.39,427.18 2 0
github.com/relux-works/curator/internal/swiftpmsource/executor_runtime.go:427.18,429.5 1 0
github.com/relux-works/curator/internal/swiftpmsource/executor_runtime.go:430.4,430.50 1 0
github.com/relux-works/curator/internal/swiftpmsource/executor_runtime.go:432.3,432.52 1 1
github.com/relux-works/curator/internal/swiftpmsource/executor_runtime.go:434.2,434.44 1 1
github.com/relux-works/curator/internal/swiftpmsource/executor_runtime.go:434.44,436.17 2 1
github.com/relux-works/curator/internal/swiftpmsource/executor_runtime.go:436.17,438.4 1 0
github.com/relux-works/curator/internal/swiftpmsource/executor_runtime.go:439.3,439.68 1 1
github.com/relux-works/curator/internal/swiftpmsource/executor_runtime.go:441.2,441.40 1 1
github.com/relux-works/curator/internal/swiftpmsource/executor_runtime.go:441.40,442.23 1 0
github.com/relux-works/curator/internal/swiftpmsource/executor_runtime.go:442.23,444.4 1 0
github.com/relux-works/curator/internal/swiftpmsource/executor_runtime.go:445.3,445.56 1 0
github.com/relux-works/curator/internal/swiftpmsource/executor_runtime.go:447.2,447.22 1 1
github.com/relux-works/curator/internal/swiftpmsource/executor_runtime.go:450.69,451.21 1 1
github.com/relux-works/curator/internal/swiftpmsource/executor_runtime.go:451.21,453.3 1 1
github.com/relux-works/curator/internal/swiftpmsource/executor_runtime.go:454.2,454.25 1 1
github.com/relux-works/curator/internal/swiftpmsource/executor_runtime.go:454.25,456.3 1 1
github.com/relux-works/curator/internal/swiftpmsource/executor_runtime.go:457.2,457.76 1 0
github.com/relux-works/curator/internal/swiftpmsource/executor_runtime.go:460.79,462.22 2 1
github.com/relux-works/curator/internal/swiftpmsource/executor_runtime.go:462.22,464.28 2 1
github.com/relux-works/curator/internal/swiftpmsource/executor_runtime.go:464.28,466.4 1 0
github.com/relux-works/curator/internal/swiftpmsource/executor_runtime.go:467.3,467.66 1 1
github.com/relux-works/curator/internal/swiftpmsource/executor_runtime.go:469.2,469.158 1 1
github.com/relux-works/curator/internal/swiftpmsource/executor_runtime.go:469.158,471.3 1 0
github.com/relux-works/curator/internal/swiftpmsource/executor_runtime.go:472.2,473.39 2 1
github.com/relux-works/curator/internal/swiftpmsource/executor_runtime.go:473.39,475.3 1 0
github.com/relux-works/curator/internal/swiftpmsource/executor_runtime.go:476.2,477.39 2 1
github.com/relux-works/curator/internal/swiftpmsource/executor_runtime.go:477.39,479.3 1 0
github.com/relux-works/curator/internal/swiftpmsource/executor_runtime.go:480.2,482.97 3 1
github.com/relux-works/curator/internal/swiftpmsource/executor_runtime.go:482.97,483.21 1 1
github.com/relux-works/curator/internal/swiftpmsource/executor_runtime.go:483.21,484.80 1 0
github.com/relux-works/curator/internal/swiftpmsource/executor_runtime.go:484.80,486.5 1 0
github.com/relux-works/curator/internal/swiftpmsource/executor_runtime.go:487.4,487.18 1 0
github.com/relux-works/curator/internal/swiftpmsource/executor_runtime.go:489.3,489.20 1 1
github.com/relux-works/curator/internal/swiftpmsource/executor_runtime.go:489.20,491.4 1 1
github.com/relux-works/curator/internal/swiftpmsource/executor_runtime.go:492.3,493.17 2 1
github.com/relux-works/curator/internal/swiftpmsource/executor_runtime.go:493.17,495.4 1 0
github.com/relux-works/curator/internal/swiftpmsource/executor_runtime.go:496.3,497.119 2 1
github.com/relux-works/curator/internal/swiftpmsource/executor_runtime.go:497.119,499.4 1 0
github.com/relux-works/curator/internal/swiftpmsource/executor_runtime.go:500.3,501.13 2 1
github.com/relux-works/curator/internal/swiftpmsource/executor_runtime.go:503.2,503.16 1 1
github.com/relux-works/curator/internal/swiftpmsource/executor_runtime.go:503.16,505.3 1 0
github.com/relux-works/curator/internal/swiftpmsource/executor_runtime.go:506.2,507.20 2 1
github.com/relux-works/curator/internal/swiftpmsource/executor_runtime.go:510.52,511.36 1 1
github.com/relux-works/curator/internal/swiftpmsource/executor_runtime.go:512.70,513.14 1 1
github.com/relux-works/curator/internal/swiftpmsource/executor_runtime.go:514.10,515.15 1 1
github.com/relux-works/curator/internal/swiftpmsource/executor_runtime.go:519.87,520.19 1 1
github.com/relux-works/curator/internal/swiftpmsource/executor_runtime.go:520.19,522.3 1 0
github.com/relux-works/curator/internal/swiftpmsource/executor_runtime.go:523.2,523.33 1 1
github.com/relux-works/curator/internal/swiftpmsource/executor_runtime.go:523.33,525.78 2 1
github.com/relux-works/curator/internal/swiftpmsource/executor_runtime.go:525.78,527.4 1 0
github.com/relux-works/curator/internal/swiftpmsource/executor_runtime.go:528.3,529.72 2 1
github.com/relux-works/curator/internal/swiftpmsource/executor_runtime.go:529.72,531.4 1 0
github.com/relux-works/curator/internal/swiftpmsource/executor_runtime.go:532.3,533.15 2 1
github.com/relux-works/curator/internal/swiftpmsource/executor_runtime.go:534.27,535.26 1 1
github.com/relux-works/curator/internal/swiftpmsource/executor_runtime.go:536.18,538.54 2 1
github.com/relux-works/curator/internal/swiftpmsource/executor_runtime.go:538.54,540.5 1 1
github.com/relux-works/curator/internal/swiftpmsource/executor_runtime.go:541.11,542.110 1 1
github.com/relux-works/curator/internal/swiftpmsource/executor_runtime.go:544.3,544.25 1 1
github.com/relux-works/curator/internal/swiftpmsource/executor_runtime.go:546.2,546.89 1 0
github.com/relux-works/curator/internal/swiftpmsource/executor_runtime.go:549.79,551.16 2 1
github.com/relux-works/curator/internal/swiftpmsource/executor_runtime.go:551.16,553.3 1 0
github.com/relux-works/curator/internal/swiftpmsource/executor_runtime.go:554.2,555.21 2 1
github.com/relux-works/curator/internal/swiftpmsource/executor_runtime.go:558.59,560.2 1 1
github.com/relux-works/curator/internal/swiftpmsource/executor_runtime.go:562.92,563.69 1 1
github.com/relux-works/curator/internal/swiftpmsource/executor_runtime.go:563.69,565.10 2 1
github.com/relux-works/curator/internal/swiftpmsource/executor_runtime.go:565.10,567.4 1 0
github.com/relux-works/curator/internal/swiftpmsource/executor_runtime.go:568.3,571.137 4 1
github.com/relux-works/curator/internal/swiftpmsource/executor_runtime.go:571.137,573.4 1 1
github.com/relux-works/curator/internal/swiftpmsource/executor_runtime.go:574.3,574.148 1 1
github.com/relux-works/curator/internal/swiftpmsource/executor_runtime.go:576.2,577.29 2 1
github.com/relux-works/curator/internal/swiftpmsource/executor_runtime.go:577.29,579.3 1 0
github.com/relux-works/curator/internal/swiftpmsource/executor_runtime.go:580.2,581.9 2 1
github.com/relux-works/curator/internal/swiftpmsource/executor_runtime.go:581.9,583.3 1 0
github.com/relux-works/curator/internal/swiftpmsource/executor_runtime.go:584.2,586.50 3 1
github.com/relux-works/curator/internal/swiftpmsource/executor_runtime.go:586.50,588.3 1 0
github.com/relux-works/curator/internal/swiftpmsource/executor_runtime.go:589.2,591.52 3 1
github.com/relux-works/curator/internal/swiftpmsource/executor_runtime.go:591.52,593.32 2 1
github.com/relux-works/curator/internal/swiftpmsource/executor_runtime.go:593.32,595.4 1 0
github.com/relux-works/curator/internal/swiftpmsource/executor_runtime.go:596.3,597.64 2 1
github.com/relux-works/curator/internal/swiftpmsource/executor_runtime.go:597.64,599.22 2 1
github.com/relux-works/curator/internal/swiftpmsource/executor_runtime.go:599.22,601.5 1 0
github.com/relux-works/curator/internal/swiftpmsource/executor_runtime.go:603.3,603.21 1 1
github.com/relux-works/curator/internal/swiftpmsource/executor_runtime.go:603.21,605.4 1 0
github.com/relux-works/curator/internal/swiftpmsource/executor_runtime.go:606.3,606.23 1 1
github.com/relux-works/curator/internal/swiftpmsource/executor_runtime.go:607.17,608.23 1 1
github.com/relux-works/curator/internal/swiftpmsource/executor_runtime.go:609.16,610.22 1 1
github.com/relux-works/curator/internal/swiftpmsource/executor_runtime.go:611.11,612.125 1 0
github.com/relux-works/curator/internal/swiftpmsource/executor_runtime.go:615.2,616.16 2 1
github.com/relux-works/curator/internal/swiftpmsource/executor_runtime.go:616.16,618.3 1 0
github.com/relux-works/curator/internal/swiftpmsource/executor_runtime.go:619.2,619.127 1 1
github.com/relux-works/curator/internal/swiftpmsource/executor_runtime.go:622.49,624.28 2 1
github.com/relux-works/curator/internal/swiftpmsource/executor_runtime.go:624.28,626.3 1 1
github.com/relux-works/curator/internal/swiftpmsource/executor_runtime.go:627.2,627.37 1 1
github.com/relux-works/curator/internal/swiftpmsource/executor_runtime.go:627.37,629.30 2 1
github.com/relux-works/curator/internal/swiftpmsource/executor_runtime.go:629.30,631.4 1 1
github.com/relux-works/curator/internal/swiftpmsource/executor_runtime.go:632.3,633.35 2 1
github.com/relux-works/curator/internal/swiftpmsource/executor_runtime.go:633.35,635.33 2 1
github.com/relux-works/curator/internal/swiftpmsource/executor_runtime.go:635.33,637.5 1 1
github.com/relux-works/curator/internal/swiftpmsource/executor_runtime.go:639.3,639.15 1 1
github.com/relux-works/curator/internal/swiftpmsource/executor_runtime.go:640.38,641.23 1 1
github.com/relux-works/curator/internal/swiftpmsource/executor_runtime.go:641.23,643.5 1 0
github.com/relux-works/curator/internal/swiftpmsource/executor_runtime.go:644.4,644.37 1 1
github.com/relux-works/curator/internal/swiftpmsource/executor_runtime.go:645.16,646.23 1 1
github.com/relux-works/curator/internal/swiftpmsource/executor_runtime.go:646.23,648.5 1 1
github.com/relux-works/curator/internal/swiftpmsource/executor_runtime.go:649.4,649.54 1 1
github.com/relux-works/curator/internal/swiftpmsource/executor_runtime.go:650.11,651.104 1 1
github.com/relux-works/curator/internal/swiftpmsource/executor_runtime.go:654.2,654.83 1 0
github.com/relux-works/curator/internal/swiftpmsource/git.go:31.102,32.71 1 1
github.com/relux-works/curator/internal/swiftpmsource/git.go:32.71,34.3 1 0
github.com/relux-works/curator/internal/swiftpmsource/git.go:35.2,36.16 2 1
github.com/relux-works/curator/internal/swiftpmsource/git.go:36.16,38.3 1 0
github.com/relux-works/curator/internal/swiftpmsource/git.go:39.2,40.16 2 1
github.com/relux-works/curator/internal/swiftpmsource/git.go:40.16,42.3 1 0
github.com/relux-works/curator/internal/swiftpmsource/git.go:43.2,43.52 1 1
github.com/relux-works/curator/internal/swiftpmsource/git.go:43.52,45.3 1 0
github.com/relux-works/curator/internal/swiftpmsource/git.go:46.2,47.24 2 1
github.com/relux-works/curator/internal/swiftpmsource/git.go:47.24,49.3 1 0
github.com/relux-works/curator/internal/swiftpmsource/git.go:50.2,51.26 2 1
github.com/relux-works/curator/internal/swiftpmsource/git.go:51.26,52.28 1 1
github.com/relux-works/curator/internal/swiftpmsource/git.go:52.28,54.4 1 0
github.com/relux-works/curator/internal/swiftpmsource/git.go:55.3,56.18 2 1
github.com/relux-works/curator/internal/swiftpmsource/git.go:58.2,59.16 2 1
github.com/relux-works/curator/internal/swiftpmsource/git.go:59.16,61.3 1 0
github.com/relux-works/curator/internal/swiftpmsource/git.go:62.2,63.16 2 1
github.com/relux-works/curator/internal/swiftpmsource/git.go:64.15,66.22 2 1
github.com/relux-works/curator/internal/swiftpmsource/git.go:67.16,69.21 2 1
github.com/relux-works/curator/internal/swiftpmsource/git.go:70.15,72.13 2 1
github.com/relux-works/curator/internal/swiftpmsource/git.go:72.13,74.4 1 0
github.com/relux-works/curator/internal/swiftpmsource/git.go:75.3,75.68 1 1
github.com/relux-works/curator/internal/swiftpmsource/git.go:76.10,77.162 1 0
github.com/relux-works/curator/internal/swiftpmsource/git.go:79.2,79.34 1 1
github.com/relux-works/curator/internal/swiftpmsource/git.go:79.34,81.3 1 0
github.com/relux-works/curator/internal/swiftpmsource/git.go:82.2,82.17 1 1
github.com/relux-works/curator/internal/swiftpmsource/git.go:87.82,88.19 1 1
github.com/relux-works/curator/internal/swiftpmsource/git.go:88.19,90.3 1 0
github.com/relux-works/curator/internal/swiftpmsource/git.go:91.2,92.16 2 1
github.com/relux-works/curator/internal/swiftpmsource/git.go:92.16,94.3 1 0
github.com/relux-works/curator/internal/swiftpmsource/git.go:95.2,96.16 2 1
github.com/relux-works/curator/internal/swiftpmsource/git.go:96.16,98.3 1 0
github.com/relux-works/curator/internal/swiftpmsource/git.go:99.2,99.52 1 1
github.com/relux-works/curator/internal/swiftpmsource/git.go:99.52,101.3 1 0
github.com/relux-works/curator/internal/swiftpmsource/git.go:102.2,103.16 2 1
github.com/relux-works/curator/internal/swiftpmsource/git.go:103.16,105.3 1 0
github.com/relux-works/curator/internal/swiftpmsource/git.go:106.2,109.70 4 1
github.com/relux-works/curator/internal/swiftpmsource/git.go:109.70,111.3 1 0
github.com/relux-works/curator/internal/swiftpmsource/git.go:112.2,115.16 4 1
github.com/relux-works/curator/internal/swiftpmsource/git.go:115.16,117.3 1 0
github.com/relux-works/curator/internal/swiftpmsource/git.go:118.2,119.68 2 1
github.com/relux-works/curator/internal/swiftpmsource/git.go:119.68,121.3 1 0
github.com/relux-works/curator/internal/swiftpmsource/git.go:122.2,123.16 2 1
github.com/relux-works/curator/internal/swiftpmsource/git.go:123.16,125.3 1 0
github.com/relux-works/curator/internal/swiftpmsource/git.go:126.2,126.67 1 1
github.com/relux-works/curator/internal/swiftpmsource/git.go:126.67,128.3 1 0
github.com/relux-works/curator/internal/swiftpmsource/git.go:129.2,129.61 1 1
github.com/relux-works/curator/internal/swiftpmsource/git.go:129.61,131.3 1 0
github.com/relux-works/curator/internal/swiftpmsource/git.go:132.2,133.16 2 1
github.com/relux-works/curator/internal/swiftpmsource/git.go:133.16,135.3 1 0
github.com/relux-works/curator/internal/swiftpmsource/git.go:136.2,137.16 2 1
github.com/relux-works/curator/internal/swiftpmsource/git.go:137.16,139.3 1 0
github.com/relux-works/curator/internal/swiftpmsource/git.go:140.2,141.16 2 1
github.com/relux-works/curator/internal/swiftpmsource/git.go:141.16,143.3 1 0
github.com/relux-works/curator/internal/swiftpmsource/git.go:144.2,144.173 1 1
github.com/relux-works/curator/internal/swiftpmsource/git.go:147.107,148.40 1 1
github.com/relux-works/curator/internal/swiftpmsource/git.go:148.40,150.3 1 1
github.com/relux-works/curator/internal/swiftpmsource/git.go:151.2,157.16 7 1
github.com/relux-works/curator/internal/swiftpmsource/git.go:157.16,159.3 1 0
github.com/relux-works/curator/internal/swiftpmsource/git.go:160.2,160.20 1 1
github.com/relux-works/curator/internal/swiftpmsource/git.go:172.116,174.16 2 1
github.com/relux-works/curator/internal/swiftpmsource/git.go:174.16,176.3 1 0
github.com/relux-works/curator/internal/swiftpmsource/git.go:177.2,178.61 2 1
github.com/relux-works/curator/internal/swiftpmsource/git.go:178.61,180.3 1 0
github.com/relux-works/curator/internal/swiftpmsource/git.go:181.2,181.130 1 1
github.com/relux-works/curator/internal/swiftpmsource/git.go:181.130,183.3 1 0
github.com/relux-works/curator/internal/swiftpmsource/git.go:184.2,185.16 2 1
github.com/relux-works/curator/internal/swiftpmsource/git.go:185.16,187.3 1 0
github.com/relux-works/curator/internal/swiftpmsource/git.go:188.2,188.47 1 1
github.com/relux-works/curator/internal/swiftpmsource/git.go:188.47,190.3 1 1
github.com/relux-works/curator/internal/swiftpmsource/git.go:191.2,191.120 1 1
github.com/relux-works/curator/internal/swiftpmsource/git.go:191.120,193.3 1 0
github.com/relux-works/curator/internal/swiftpmsource/git.go:194.2,194.12 1 1
github.com/relux-works/curator/internal/swiftpmsource/git.go:197.106,199.16 2 1
github.com/relux-works/curator/internal/swiftpmsource/git.go:199.16,201.3 1 0
github.com/relux-works/curator/internal/swiftpmsource/git.go:202.2,203.16 2 1
github.com/relux-works/curator/internal/swiftpmsource/git.go:203.16,205.3 1 0
github.com/relux-works/curator/internal/swiftpmsource/git.go:206.2,207.26 2 1
github.com/relux-works/curator/internal/swiftpmsource/git.go:207.26,209.3 1 0
github.com/relux-works/curator/internal/swiftpmsource/git.go:210.2,210.18 1 1
github.com/relux-works/curator/internal/swiftpmsource/git.go:213.116,214.42 1 1
github.com/relux-works/curator/internal/swiftpmsource/git.go:214.42,216.3 1 1
github.com/relux-works/curator/internal/swiftpmsource/git.go:217.2,220.16 4 1
github.com/relux-works/curator/internal/swiftpmsource/git.go:220.16,222.3 1 0
github.com/relux-works/curator/internal/swiftpmsource/git.go:223.2,227.16 5 1
github.com/relux-works/curator/internal/swiftpmsource/git.go:227.16,229.3 1 0
github.com/relux-works/curator/internal/swiftpmsource/git.go:230.2,230.20 1 1
github.com/relux-works/curator/internal/swiftpmsource/git.go:233.62,234.46 1 1
github.com/relux-works/curator/internal/swiftpmsource/git.go:234.46,236.3 1 0
github.com/relux-works/curator/internal/swiftpmsource/git.go:237.2,238.6 2 1
github.com/relux-works/curator/internal/swiftpmsource/git.go:238.6,240.20 2 1
github.com/relux-works/curator/internal/swiftpmsource/git.go:240.20,242.4 1 1
github.com/relux-works/curator/internal/swiftpmsource/git.go:243.3,243.17 1 1
github.com/relux-works/curator/internal/swiftpmsource/git.go:243.17,245.4 1 0
github.com/relux-works/curator/internal/swiftpmsource/git.go:246.3,247.120 2 1
github.com/relux-works/curator/internal/swiftpmsource/git.go:247.120,249.4 1 0
github.com/relux-works/curator/internal/swiftpmsource/git.go:250.3,252.104 3 1
github.com/relux-works/curator/internal/swiftpmsource/git.go:252.104,254.4 1 0
github.com/relux-works/curator/internal/swiftpmsource/git.go:255.3,255.26 1 1
github.com/relux-works/curator/internal/swiftpmsource/git.go:256.47,257.12 1 1
github.com/relux-works/curator/internal/swiftpmsource/git.go:258.20,259.57 1 1
github.com/relux-works/curator/internal/swiftpmsource/git.go:259.57,261.5 1 0
github.com/relux-works/curator/internal/swiftpmsource/git.go:262.34,263.71 1 1
github.com/relux-works/curator/internal/swiftpmsource/git.go:263.71,265.5 1 0
github.com/relux-works/curator/internal/swiftpmsource/git.go:266.4,267.22 2 1
github.com/relux-works/curator/internal/swiftpmsource/git.go:267.22,269.5 1 0
github.com/relux-works/curator/internal/swiftpmsource/git.go:270.4,272.22 3 1
github.com/relux-works/curator/internal/swiftpmsource/git.go:272.22,274.5 1 0
github.com/relux-works/curator/internal/swiftpmsource/git.go:275.4,275.23 1 1
github.com/relux-works/curator/internal/swiftpmsource/git.go:275.23,277.5 1 0
github.com/relux-works/curator/internal/swiftpmsource/git.go:278.11,279.97 1 0
github.com/relux-works/curator/internal/swiftpmsource/git.go:284.55,288.2 3 1
github.com/relux-works/curator/internal/swiftpmsource/git.go:290.54,292.68 2 1
github.com/relux-works/curator/internal/swiftpmsource/git.go:292.68,294.3 1 0
github.com/relux-works/curator/internal/swiftpmsource/git.go:295.2,296.79 2 1
github.com/relux-works/curator/internal/swiftpmsource/git.go:296.79,298.3 1 0
github.com/relux-works/curator/internal/swiftpmsource/git.go:299.2,299.22 1 1
github.com/relux-works/curator/internal/swiftpmsource/git.go:302.47,303.33 1 1
github.com/relux-works/curator/internal/swiftpmsource/git.go:303.33,304.50 1 1
github.com/relux-works/curator/internal/swiftpmsource/git.go:304.50,306.4 1 1
github.com/relux-works/curator/internal/swiftpmsource/git.go:308.2,308.12 1 1
github.com/relux-works/curator/internal/swiftpmsource/git.go:311.56,313.79 2 1
github.com/relux-works/curator/internal/swiftpmsource/git.go:313.79,315.51 2 1
github.com/relux-works/curator/internal/swiftpmsource/git.go:315.51,317.4 1 1
github.com/relux-works/curator/internal/swiftpmsource/git.go:319.2,319.13 1 1
github.com/relux-works/curator/internal/swiftpmsource/git.go:322.65,323.55 1 1
github.com/relux-works/curator/internal/swiftpmsource/git.go:323.55,324.59 1 1
github.com/relux-works/curator/internal/swiftpmsource/git.go:324.59,326.4 1 0
github.com/relux-works/curator/internal/swiftpmsource/git.go:327.3,327.57 1 1
github.com/relux-works/curator/internal/swiftpmsource/git.go:327.57,329.4 1 1
github.com/relux-works/curator/internal/swiftpmsource/git.go:331.2,331.11 1 0
github.com/relux-works/curator/internal/swiftpmsource/git.go:334.86,337.26 3 1
github.com/relux-works/curator/internal/swiftpmsource/git.go:337.26,339.3 1 0
github.com/relux-works/curator/internal/swiftpmsource/git.go:340.2,342.24 3 1
github.com/relux-works/curator/internal/swiftpmsource/git.go:342.24,343.77 1 1
github.com/relux-works/curator/internal/swiftpmsource/git.go:343.77,344.12 1 1
github.com/relux-works/curator/internal/swiftpmsource/git.go:346.3,349.143 4 1
github.com/relux-works/curator/internal/swiftpmsource/git.go:349.143,350.12 1 1
github.com/relux-works/curator/internal/swiftpmsource/git.go:352.3,352.98 1 1
github.com/relux-works/curator/internal/swiftpmsource/git.go:354.2,354.39 1 1
github.com/relux-works/curator/internal/swiftpmsource/graph.go:22.110,24.16 2 1
github.com/relux-works/curator/internal/swiftpmsource/graph.go:24.16,26.3 1 0
github.com/relux-works/curator/internal/swiftpmsource/graph.go:27.2,29.22 3 1
github.com/relux-works/curator/internal/swiftpmsource/graph.go:32.143,41.42 9 1
github.com/relux-works/curator/internal/swiftpmsource/graph.go:41.42,43.20 2 1
github.com/relux-works/curator/internal/swiftpmsource/graph.go:43.20,45.4 1 1
github.com/relux-works/curator/internal/swiftpmsource/graph.go:46.3,46.37 1 1
github.com/relux-works/curator/internal/swiftpmsource/graph.go:46.37,48.4 1 0
github.com/relux-works/curator/internal/swiftpmsource/graph.go:49.3,51.17 3 1
github.com/relux-works/curator/internal/swiftpmsource/graph.go:51.17,53.4 1 0
github.com/relux-works/curator/internal/swiftpmsource/graph.go:54.3,58.17 5 1
github.com/relux-works/curator/internal/swiftpmsource/graph.go:58.17,60.4 1 0
github.com/relux-works/curator/internal/swiftpmsource/graph.go:61.3,65.47 5 1
github.com/relux-works/curator/internal/swiftpmsource/graph.go:65.47,70.18 5 1
github.com/relux-works/curator/internal/swiftpmsource/graph.go:70.18,72.5 1 0
github.com/relux-works/curator/internal/swiftpmsource/graph.go:73.4,75.330 3 1
github.com/relux-works/curator/internal/swiftpmsource/graph.go:77.3,77.49 1 1
github.com/relux-works/curator/internal/swiftpmsource/graph.go:77.49,79.116 2 1
github.com/relux-works/curator/internal/swiftpmsource/graph.go:79.116,81.5 1 1
github.com/relux-works/curator/internal/swiftpmsource/graph.go:81.10,84.5 2 1
github.com/relux-works/curator/internal/swiftpmsource/graph.go:85.4,86.18 2 1
github.com/relux-works/curator/internal/swiftpmsource/graph.go:86.18,88.5 1 0
github.com/relux-works/curator/internal/swiftpmsource/graph.go:89.4,89.143 1 1
github.com/relux-works/curator/internal/swiftpmsource/graph.go:89.143,91.5 1 0
github.com/relux-works/curator/internal/swiftpmsource/graph.go:92.4,94.25 3 1
github.com/relux-works/curator/internal/swiftpmsource/graph.go:94.25,96.5 1 1
github.com/relux-works/curator/internal/swiftpmsource/graph.go:97.4,97.47 1 1
github.com/relux-works/curator/internal/swiftpmsource/graph.go:97.47,99.12 2 1
github.com/relux-works/curator/internal/swiftpmsource/graph.go:99.12,101.6 1 0
github.com/relux-works/curator/internal/swiftpmsource/graph.go:102.5,102.425 1 1
github.com/relux-works/curator/internal/swiftpmsource/graph.go:106.2,107.31 2 1
github.com/relux-works/curator/internal/swiftpmsource/graph.go:107.31,109.60 2 1
github.com/relux-works/curator/internal/swiftpmsource/graph.go:109.60,111.11 2 1
github.com/relux-works/curator/internal/swiftpmsource/graph.go:111.11,113.5 1 0
github.com/relux-works/curator/internal/swiftpmsource/graph.go:114.4,116.37 3 1
github.com/relux-works/curator/internal/swiftpmsource/graph.go:116.37,119.5 2 1
github.com/relux-works/curator/internal/swiftpmsource/graph.go:120.4,120.395 1 1
github.com/relux-works/curator/internal/swiftpmsource/graph.go:122.3,122.47 1 1
github.com/relux-works/curator/internal/swiftpmsource/graph.go:122.47,124.55 2 1
github.com/relux-works/curator/internal/swiftpmsource/graph.go:124.55,126.33 2 1
github.com/relux-works/curator/internal/swiftpmsource/graph.go:126.33,128.6 1 1
github.com/relux-works/curator/internal/swiftpmsource/graph.go:129.5,129.33 1 1
github.com/relux-works/curator/internal/swiftpmsource/graph.go:129.33,131.17 2 1
github.com/relux-works/curator/internal/swiftpmsource/graph.go:131.17,133.7 1 0
github.com/relux-works/curator/internal/swiftpmsource/graph.go:134.6,135.17 2 1
github.com/relux-works/curator/internal/swiftpmsource/graph.go:135.17,137.7 1 0
github.com/relux-works/curator/internal/swiftpmsource/graph.go:138.6,138.60 1 1
github.com/relux-works/curator/internal/swiftpmsource/graph.go:138.60,140.19 2 1
github.com/relux-works/curator/internal/swiftpmsource/graph.go:140.19,142.8 1 0
github.com/relux-works/curator/internal/swiftpmsource/graph.go:143.7,145.38 3 1
github.com/relux-works/curator/internal/swiftpmsource/graph.go:145.38,148.8 2 0
github.com/relux-works/curator/internal/swiftpmsource/graph.go:150.6,150.14 1 1
github.com/relux-works/curator/internal/swiftpmsource/graph.go:152.5,153.12 2 0
github.com/relux-works/curator/internal/swiftpmsource/graph.go:153.12,155.6 1 0
github.com/relux-works/curator/internal/swiftpmsource/graph.go:156.5,158.36 3 0
github.com/relux-works/curator/internal/swiftpmsource/graph.go:158.36,161.6 2 0
github.com/relux-works/curator/internal/swiftpmsource/graph.go:165.2,166.16 2 1
github.com/relux-works/curator/internal/swiftpmsource/graph.go:166.16,168.3 1 0
github.com/relux-works/curator/internal/swiftpmsource/graph.go:169.2,170.31 2 1
github.com/relux-works/curator/internal/swiftpmsource/graph.go:170.31,171.32 1 1
github.com/relux-works/curator/internal/swiftpmsource/graph.go:171.32,173.4 1 1
github.com/relux-works/curator/internal/swiftpmsource/graph.go:175.2,175.164 1 1
github.com/relux-works/curator/internal/swiftpmsource/graph.go:178.120,181.16 3 1
github.com/relux-works/curator/internal/swiftpmsource/graph.go:181.16,183.3 1 0
github.com/relux-works/curator/internal/swiftpmsource/graph.go:184.2,187.33 4 1
github.com/relux-works/curator/internal/swiftpmsource/graph.go:187.33,189.21 2 1
github.com/relux-works/curator/internal/swiftpmsource/graph.go:189.21,191.4 1 0
github.com/relux-works/curator/internal/swiftpmsource/graph.go:192.3,193.21 2 1
github.com/relux-works/curator/internal/swiftpmsource/graph.go:193.21,195.4 1 0
github.com/relux-works/curator/internal/swiftpmsource/graph.go:196.3,196.38 1 1
github.com/relux-works/curator/internal/swiftpmsource/graph.go:198.2,198.46 1 1
github.com/relux-works/curator/internal/swiftpmsource/graph.go:201.67,205.2 3 1
github.com/relux-works/curator/internal/swiftpmsource/graph.go:207.301,214.33 7 1
github.com/relux-works/curator/internal/swiftpmsource/graph.go:214.33,216.3 1 1
github.com/relux-works/curator/internal/swiftpmsource/graph.go:217.2,217.37 1 1
github.com/relux-works/curator/internal/swiftpmsource/graph.go:217.37,219.3 1 1
github.com/relux-works/curator/internal/swiftpmsource/graph.go:220.2,221.16 2 1
github.com/relux-works/curator/internal/swiftpmsource/graph.go:221.16,223.3 1 0
github.com/relux-works/curator/internal/swiftpmsource/graph.go:224.2,226.29 3 1
github.com/relux-works/curator/internal/swiftpmsource/graph.go:226.29,228.3 1 1
github.com/relux-works/curator/internal/swiftpmsource/graph.go:229.2,229.55 1 1
github.com/relux-works/curator/internal/swiftpmsource/graph.go:229.55,229.129 1 1
github.com/relux-works/curator/internal/swiftpmsource/graph.go:230.2,230.46 1 1
github.com/relux-works/curator/internal/swiftpmsource/graph.go:233.125,234.31 1 1
github.com/relux-works/curator/internal/swiftpmsource/graph.go:234.31,242.3 7 1
github.com/relux-works/curator/internal/swiftpmsource/graph.go:243.2,243.133 1 1
github.com/relux-works/curator/internal/swiftpmsource/graph.go:246.91,248.2 1 1
github.com/relux-works/curator/internal/swiftpmsource/graph.go:249.46,251.40 2 1
github.com/relux-works/curator/internal/swiftpmsource/graph.go:251.40,252.48 1 1
github.com/relux-works/curator/internal/swiftpmsource/graph.go:253.17,254.36 1 1
github.com/relux-works/curator/internal/swiftpmsource/graph.go:255.13,256.32 1 1
github.com/relux-works/curator/internal/swiftpmsource/graph.go:257.30,258.34 1 1
github.com/relux-works/curator/internal/swiftpmsource/graph.go:259.13,260.42 1 1
github.com/relux-works/curator/internal/swiftpmsource/graph.go:261.14,262.44 1 1
github.com/relux-works/curator/internal/swiftpmsource/graph.go:265.2,265.29 1 1
github.com/relux-works/curator/internal/swiftpmsource/graph.go:267.63,268.55 1 1
github.com/relux-works/curator/internal/swiftpmsource/graph.go:268.55,270.3 1 1
github.com/relux-works/curator/internal/swiftpmsource/graph.go:271.2,271.37 1 1
github.com/relux-works/curator/internal/swiftpmsource/graph.go:273.66,274.56 1 1
github.com/relux-works/curator/internal/swiftpmsource/graph.go:274.56,276.3 1 1
github.com/relux-works/curator/internal/swiftpmsource/graph.go:277.2,277.36 1 1
github.com/relux-works/curator/internal/swiftpmsource/graph.go:280.86,281.35 1 1
github.com/relux-works/curator/internal/swiftpmsource/graph.go:281.35,282.31 1 1
github.com/relux-works/curator/internal/swiftpmsource/graph.go:282.31,284.4 1 1
github.com/relux-works/curator/internal/swiftpmsource/graph.go:286.2,286.17 1 0
github.com/relux-works/curator/internal/swiftpmsource/lock.go:67.50,68.23 1 1
github.com/relux-works/curator/internal/swiftpmsource/lock.go:68.23,70.3 1 0
github.com/relux-works/curator/internal/swiftpmsource/lock.go:71.2,72.54 2 1
github.com/relux-works/curator/internal/swiftpmsource/lock.go:72.54,74.3 1 0
github.com/relux-works/curator/internal/swiftpmsource/lock.go:75.2,75.66 1 1
github.com/relux-works/curator/internal/swiftpmsource/lock.go:75.66,77.3 1 1
github.com/relux-works/curator/internal/swiftpmsource/lock.go:78.2,81.102 4 1
github.com/relux-works/curator/internal/swiftpmsource/lock.go:81.102,83.3 1 0
github.com/relux-works/curator/internal/swiftpmsource/lock.go:84.2,85.37 2 1
github.com/relux-works/curator/internal/swiftpmsource/lock.go:85.37,87.21 2 1
github.com/relux-works/curator/internal/swiftpmsource/lock.go:87.21,89.4 1 0
github.com/relux-works/curator/internal/swiftpmsource/lock.go:90.3,91.21 2 1
github.com/relux-works/curator/internal/swiftpmsource/lock.go:91.21,93.4 1 0
github.com/relux-works/curator/internal/swiftpmsource/lock.go:94.3,95.42 2 1
github.com/relux-works/curator/internal/swiftpmsource/lock.go:95.42,97.4 1 0
github.com/relux-works/curator/internal/swiftpmsource/lock.go:98.3,98.104 1 1
github.com/relux-works/curator/internal/swiftpmsource/lock.go:98.104,100.4 1 1
github.com/relux-works/curator/internal/swiftpmsource/lock.go:101.3,102.17 2 1
github.com/relux-works/curator/internal/swiftpmsource/lock.go:102.17,104.4 1 0
github.com/relux-works/curator/internal/swiftpmsource/lock.go:105.3,105.216 1 1
github.com/relux-works/curator/internal/swiftpmsource/lock.go:107.2,107.39 1 1
github.com/relux-works/curator/internal/swiftpmsource/lock.go:107.39,107.85 1 1
github.com/relux-works/curator/internal/swiftpmsource/lock.go:108.2,108.26 1 1
github.com/relux-works/curator/internal/swiftpmsource/lock.go:108.26,109.66 1 1
github.com/relux-works/curator/internal/swiftpmsource/lock.go:109.66,111.4 1 1
github.com/relux-works/curator/internal/swiftpmsource/lock.go:113.2,114.164 2 1
github.com/relux-works/curator/internal/swiftpmsource/lock.go:117.39,118.42 1 1
github.com/relux-works/curator/internal/swiftpmsource/lock.go:118.42,120.3 1 1
github.com/relux-works/curator/internal/swiftpmsource/lock.go:121.2,122.19 2 1
github.com/relux-works/curator/internal/swiftpmsource/lock.go:125.44,125.98 1 1
github.com/relux-works/curator/internal/swiftpmsource/lock.go:127.74,128.47 1 1
github.com/relux-works/curator/internal/swiftpmsource/lock.go:128.47,130.3 1 0
github.com/relux-works/curator/internal/swiftpmsource/lock.go:131.2,131.14 1 1
github.com/relux-works/curator/internal/swiftpmsource/lock.go:132.20,133.83 1 1
github.com/relux-works/curator/internal/swiftpmsource/lock.go:133.83,135.4 1 0
github.com/relux-works/curator/internal/swiftpmsource/lock.go:136.3,136.48 1 1
github.com/relux-works/curator/internal/swiftpmsource/lock.go:137.19,138.40 1 1
github.com/relux-works/curator/internal/swiftpmsource/lock.go:138.40,140.4 1 0
github.com/relux-works/curator/internal/swiftpmsource/lock.go:141.3,141.48 1 1
github.com/relux-works/curator/internal/swiftpmsource/lock.go:142.10,143.95 1 0
github.com/relux-works/curator/internal/swiftpmsource/lock.go:147.55,149.36 2 1
github.com/relux-works/curator/internal/swiftpmsource/lock.go:149.36,151.3 1 1
github.com/relux-works/curator/internal/swiftpmsource/lock.go:152.2,152.149 1 1
github.com/relux-works/curator/internal/swiftpmsource/manager.go:12.50,13.190 1 1
github.com/relux-works/curator/internal/swiftpmsource/manager.go:13.190,15.3 1 1
github.com/relux-works/curator/internal/swiftpmsource/manager.go:16.2,16.60 1 1
github.com/relux-works/curator/internal/swiftpmsource/manager.go:16.60,18.3 1 0
github.com/relux-works/curator/internal/swiftpmsource/manager.go:19.2,19.64 1 1
github.com/relux-works/curator/internal/swiftpmsource/manager.go:19.64,21.3 1 0
github.com/relux-works/curator/internal/swiftpmsource/manager.go:22.2,22.38 1 1
github.com/relux-works/curator/internal/swiftpmsource/manager.go:26.97,27.20 1 1
github.com/relux-works/curator/internal/swiftpmsource/manager.go:27.20,29.3 1 1
github.com/relux-works/curator/internal/swiftpmsource/manager.go:30.2,30.54 1 1
github.com/relux-works/curator/internal/swiftpmsource/manifest.go:13.61,14.105 1 1
github.com/relux-works/curator/internal/swiftpmsource/manifest.go:14.105,15.60 1 1
github.com/relux-works/curator/internal/swiftpmsource/manifest.go:15.60,17.4 1 0
github.com/relux-works/curator/internal/swiftpmsource/manifest.go:19.2,21.56 3 1
github.com/relux-works/curator/internal/swiftpmsource/manifest.go:21.56,23.3 1 1
github.com/relux-works/curator/internal/swiftpmsource/manifest.go:24.2,24.55 1 1
github.com/relux-works/curator/internal/swiftpmsource/manifest.go:24.55,26.136 2 1
github.com/relux-works/curator/internal/swiftpmsource/manifest.go:26.136,28.4 1 0
github.com/relux-works/curator/internal/swiftpmsource/manifest.go:29.3,29.36 1 1
github.com/relux-works/curator/internal/swiftpmsource/manifest.go:29.36,30.212 1 1
github.com/relux-works/curator/internal/swiftpmsource/manifest.go:30.212,32.5 1 1
github.com/relux-works/curator/internal/swiftpmsource/manifest.go:33.9,35.18 2 1
github.com/relux-works/curator/internal/swiftpmsource/manifest.go:35.18,37.5 1 0
github.com/relux-works/curator/internal/swiftpmsource/manifest.go:38.4,38.35 1 1
github.com/relux-works/curator/internal/swiftpmsource/manifest.go:40.3,41.102 2 1
github.com/relux-works/curator/internal/swiftpmsource/manifest.go:41.102,43.4 1 0
github.com/relux-works/curator/internal/swiftpmsource/manifest.go:45.2,46.52 2 1
github.com/relux-works/curator/internal/swiftpmsource/manifest.go:46.52,46.116 1 0
github.com/relux-works/curator/internal/swiftpmsource/manifest.go:47.2,47.39 1 1
github.com/relux-works/curator/internal/swiftpmsource/manifest.go:47.39,49.47 2 1
github.com/relux-works/curator/internal/swiftpmsource/manifest.go:49.47,51.4 1 0
github.com/relux-works/curator/internal/swiftpmsource/manifest.go:52.3,53.32 2 1
github.com/relux-works/curator/internal/swiftpmsource/manifest.go:53.32,55.4 1 0
github.com/relux-works/curator/internal/swiftpmsource/manifest.go:56.3,56.67 1 1
github.com/relux-works/curator/internal/swiftpmsource/manifest.go:56.67,58.4 1 0
github.com/relux-works/curator/internal/swiftpmsource/manifest.go:60.2,61.51 2 1
github.com/relux-works/curator/internal/swiftpmsource/manifest.go:61.51,61.113 1 1
github.com/relux-works/curator/internal/swiftpmsource/manifest.go:62.2,62.38 1 1
github.com/relux-works/curator/internal/swiftpmsource/manifest.go:62.38,64.45 2 1
github.com/relux-works/curator/internal/swiftpmsource/manifest.go:64.45,66.4 1 0
github.com/relux-works/curator/internal/swiftpmsource/manifest.go:67.3,67.30 1 1
github.com/relux-works/curator/internal/swiftpmsource/manifest.go:67.30,69.4 1 1
github.com/relux-works/curator/internal/swiftpmsource/manifest.go:70.3,71.41 2 1
github.com/relux-works/curator/internal/swiftpmsource/manifest.go:71.41,72.112 1 1
github.com/relux-works/curator/internal/swiftpmsource/manifest.go:72.112,74.5 1 0
github.com/relux-works/curator/internal/swiftpmsource/manifest.go:76.3,76.55 1 1
github.com/relux-works/curator/internal/swiftpmsource/manifest.go:76.55,78.4 1 1
github.com/relux-works/curator/internal/swiftpmsource/manifest.go:79.3,79.51 1 1
github.com/relux-works/curator/internal/swiftpmsource/manifest.go:79.51,79.125 1 0
github.com/relux-works/curator/internal/swiftpmsource/manifest.go:80.3,80.65 1 1
github.com/relux-works/curator/internal/swiftpmsource/manifest.go:80.65,82.4 1 0
github.com/relux-works/curator/internal/swiftpmsource/manifest.go:84.2,85.22 2 1
github.com/relux-works/curator/internal/swiftpmsource/manifest.go:88.65,90.42 2 1
github.com/relux-works/curator/internal/swiftpmsource/manifest.go:90.42,92.3 1 1
github.com/relux-works/curator/internal/swiftpmsource/manifest.go:93.2,94.38 2 1
github.com/relux-works/curator/internal/swiftpmsource/manifest.go:94.38,96.3 1 1
github.com/relux-works/curator/internal/swiftpmsource/manifest.go:97.2,98.37 2 1
github.com/relux-works/curator/internal/swiftpmsource/manifest.go:98.37,100.36 2 1
github.com/relux-works/curator/internal/swiftpmsource/manifest.go:100.36,102.26 2 1
github.com/relux-works/curator/internal/swiftpmsource/manifest.go:102.26,104.5 1 0
github.com/relux-works/curator/internal/swiftpmsource/manifest.go:105.4,105.112 1 1
github.com/relux-works/curator/internal/swiftpmsource/manifest.go:107.3,108.32 2 1
github.com/relux-works/curator/internal/swiftpmsource/manifest.go:108.32,110.26 2 1
github.com/relux-works/curator/internal/swiftpmsource/manifest.go:110.26,112.5 1 1
github.com/relux-works/curator/internal/swiftpmsource/manifest.go:113.4,113.110 1 1
github.com/relux-works/curator/internal/swiftpmsource/manifest.go:115.3,115.156 1 1
github.com/relux-works/curator/internal/swiftpmsource/manifest.go:117.2,117.317 1 1
github.com/relux-works/curator/internal/swiftpmsource/manifest.go:120.72,122.29 2 1
github.com/relux-works/curator/internal/swiftpmsource/manifest.go:122.29,124.3 1 1
github.com/relux-works/curator/internal/swiftpmsource/manifest.go:125.2,125.41 1 1
github.com/relux-works/curator/internal/swiftpmsource/manifest.go:125.41,127.3 1 0
github.com/relux-works/curator/internal/swiftpmsource/manifest.go:128.2,128.42 1 1
github.com/relux-works/curator/internal/swiftpmsource/manifest.go:128.42,129.41 1 1
github.com/relux-works/curator/internal/swiftpmsource/manifest.go:129.41,130.24 1 1
github.com/relux-works/curator/internal/swiftpmsource/manifest.go:130.24,132.5 1 0
github.com/relux-works/curator/internal/swiftpmsource/manifest.go:135.2,135.12 1 1
github.com/relux-works/curator/internal/swiftpmsource/manifest.go:138.81,140.32 2 1
github.com/relux-works/curator/internal/swiftpmsource/manifest.go:140.32,142.3 1 1
github.com/relux-works/curator/internal/swiftpmsource/manifest.go:143.2,144.31 2 1
github.com/relux-works/curator/internal/swiftpmsource/manifest.go:144.31,145.57 1 1
github.com/relux-works/curator/internal/swiftpmsource/manifest.go:145.57,147.4 1 0
github.com/relux-works/curator/internal/swiftpmsource/manifest.go:148.3,148.56 1 1
github.com/relux-works/curator/internal/swiftpmsource/manifest.go:148.56,149.37 1 1
github.com/relux-works/curator/internal/swiftpmsource/manifest.go:149.37,151.5 1 1
github.com/relux-works/curator/internal/swiftpmsource/manifest.go:154.2,154.32 1 1
github.com/relux-works/curator/internal/swiftpmsource/manifest.go:154.32,155.32 1 1
github.com/relux-works/curator/internal/swiftpmsource/manifest.go:155.32,157.4 1 0
github.com/relux-works/curator/internal/swiftpmsource/manifest.go:159.2,159.12 1 1
github.com/relux-works/curator/internal/swiftpmsource/manifest.go:162.75,163.55 1 1
github.com/relux-works/curator/internal/swiftpmsource/manifest.go:163.55,164.36 1 1
github.com/relux-works/curator/internal/swiftpmsource/manifest.go:164.36,165.12 1 1
github.com/relux-works/curator/internal/swiftpmsource/manifest.go:167.3,168.10 2 1
github.com/relux-works/curator/internal/swiftpmsource/manifest.go:168.10,170.4 1 0
github.com/relux-works/curator/internal/swiftpmsource/manifest.go:171.3,171.82 1 1
github.com/relux-works/curator/internal/swiftpmsource/manifest.go:171.82,173.4 1 1
github.com/relux-works/curator/internal/swiftpmsource/manifest.go:174.3,174.58 1 1
github.com/relux-works/curator/internal/swiftpmsource/manifest.go:174.58,176.4 1 1
github.com/relux-works/curator/internal/swiftpmsource/manifest.go:178.2,178.12 1 1
github.com/relux-works/curator/internal/swiftpmsource/manifest.go:181.62,183.24 2 1
github.com/relux-works/curator/internal/swiftpmsource/manifest.go:183.24,185.3 1 1
github.com/relux-works/curator/internal/swiftpmsource/manifest.go:186.2,186.16 1 1
github.com/relux-works/curator/internal/swiftpmsource/manifest.go:187.15,188.30 1 1
github.com/relux-works/curator/internal/swiftpmsource/manifest.go:189.18,190.48 1 1
github.com/relux-works/curator/internal/swiftpmsource/manifest.go:191.16,192.29 1 1
github.com/relux-works/curator/internal/swiftpmsource/manifest.go:193.15,195.34 2 1
github.com/relux-works/curator/internal/swiftpmsource/manifest.go:195.34,197.4 1 1
github.com/relux-works/curator/internal/swiftpmsource/manifest.go:198.3,201.143 4 1
github.com/relux-works/curator/internal/swiftpmsource/manifest.go:202.10,203.15 1 1
github.com/relux-works/curator/internal/swiftpmsource/manifest.go:207.128,209.31 2 1
github.com/relux-works/curator/internal/swiftpmsource/manifest.go:209.31,211.3 1 1
github.com/relux-works/curator/internal/swiftpmsource/manifest.go:212.2,214.41 3 1
github.com/relux-works/curator/internal/swiftpmsource/manifest.go:214.41,216.3 1 0
github.com/relux-works/curator/internal/swiftpmsource/manifest.go:217.2,219.41 3 1
github.com/relux-works/curator/internal/swiftpmsource/manifest.go:219.41,221.3 1 1
github.com/relux-works/curator/internal/swiftpmsource/manifest.go:222.2,224.21 3 1
github.com/relux-works/curator/internal/swiftpmsource/manifest.go:224.21,228.16 4 1
github.com/relux-works/curator/internal/swiftpmsource/manifest.go:228.16,229.12 1 0
github.com/relux-works/curator/internal/swiftpmsource/manifest.go:231.3,233.14 3 1
github.com/relux-works/curator/internal/swiftpmsource/manifest.go:233.14,235.4 1 0
github.com/relux-works/curator/internal/swiftpmsource/manifest.go:236.3,237.14 2 1
github.com/relux-works/curator/internal/swiftpmsource/manifest.go:237.14,239.4 1 0
github.com/relux-works/curator/internal/swiftpmsource/manifest.go:240.3,240.22 1 1
github.com/relux-works/curator/internal/swiftpmsource/manifest.go:241.17,242.118 1 0
github.com/relux-works/curator/internal/swiftpmsource/manifest.go:243.16,244.116 1 0
github.com/relux-works/curator/internal/swiftpmsource/manifest.go:246.3,246.43 1 1
github.com/relux-works/curator/internal/swiftpmsource/manifest.go:246.43,247.71 1 0
github.com/relux-works/curator/internal/swiftpmsource/manifest.go:247.71,249.5 1 0
github.com/relux-works/curator/internal/swiftpmsource/manifest.go:251.3,252.50 2 1
github.com/relux-works/curator/internal/swiftpmsource/manifest.go:252.50,253.57 1 1
github.com/relux-works/curator/internal/swiftpmsource/manifest.go:253.57,254.13 1 0
github.com/relux-works/curator/internal/swiftpmsource/manifest.go:256.4,257.32 2 1
github.com/relux-works/curator/internal/swiftpmsource/manifest.go:257.32,259.5 1 1
github.com/relux-works/curator/internal/swiftpmsource/manifest.go:260.4,261.32 2 1
github.com/relux-works/curator/internal/swiftpmsource/manifest.go:261.32,263.15 2 1
github.com/relux-works/curator/internal/swiftpmsource/manifest.go:263.15,265.6 1 0
github.com/relux-works/curator/internal/swiftpmsource/manifest.go:266.5,267.15 2 1
github.com/relux-works/curator/internal/swiftpmsource/manifest.go:267.15,269.6 1 0
github.com/relux-works/curator/internal/swiftpmsource/manifest.go:270.5,270.45 1 1
github.com/relux-works/curator/internal/swiftpmsource/manifest.go:270.45,272.6 1 1
github.com/relux-works/curator/internal/swiftpmsource/manifest.go:273.5,273.13 1 1
github.com/relux-works/curator/internal/swiftpmsource/manifest.go:275.4,275.48 1 0
github.com/relux-works/curator/internal/swiftpmsource/manifest.go:278.2,279.20 2 1
github.com/relux-works/curator/internal/swiftpmsource/manifest.go:282.100,284.41 2 1
github.com/relux-works/curator/internal/swiftpmsource/manifest.go:284.41,286.3 1 1
github.com/relux-works/curator/internal/swiftpmsource/manifest.go:287.2,289.21 3 1
github.com/relux-works/curator/internal/swiftpmsource/manifest.go:289.21,292.17 3 1
github.com/relux-works/curator/internal/swiftpmsource/manifest.go:292.17,293.12 1 0
github.com/relux-works/curator/internal/swiftpmsource/manifest.go:295.3,297.14 3 1
github.com/relux-works/curator/internal/swiftpmsource/manifest.go:297.14,299.4 1 0
github.com/relux-works/curator/internal/swiftpmsource/manifest.go:300.3,300.22 1 1
github.com/relux-works/curator/internal/swiftpmsource/manifest.go:301.17,302.114 1 1
github.com/relux-works/curator/internal/swiftpmsource/manifest.go:303.16,304.112 1 1
github.com/relux-works/curator/internal/swiftpmsource/manifest.go:306.3,306.43 1 1
github.com/relux-works/curator/internal/swiftpmsource/manifest.go:306.43,307.71 1 1
github.com/relux-works/curator/internal/swiftpmsource/manifest.go:307.71,309.5 1 1
github.com/relux-works/curator/internal/swiftpmsource/manifest.go:311.3,311.50 1 1
github.com/relux-works/curator/internal/swiftpmsource/manifest.go:311.50,312.84 1 1
github.com/relux-works/curator/internal/swiftpmsource/manifest.go:312.84,313.33 1 0
github.com/relux-works/curator/internal/swiftpmsource/manifest.go:313.33,314.81 1 0
github.com/relux-works/curator/internal/swiftpmsource/manifest.go:314.81,316.7 1 0
github.com/relux-works/curator/internal/swiftpmsource/manifest.go:317.11,319.6 1 0
github.com/relux-works/curator/internal/swiftpmsource/manifest.go:323.2,323.12 1 1
github.com/relux-works/curator/internal/swiftpmsource/manifest.go:326.51,327.119 1 1
github.com/relux-works/curator/internal/swiftpmsource/manifest.go:327.119,328.150 1 1
github.com/relux-works/curator/internal/swiftpmsource/manifest.go:328.150,330.4 1 1
github.com/relux-works/curator/internal/swiftpmsource/manifest.go:332.2,332.30 1 1
github.com/relux-works/curator/internal/swiftpmsource/manifest.go:332.30,334.3 1 0
github.com/relux-works/curator/internal/swiftpmsource/manifest.go:335.2,335.12 1 1
github.com/relux-works/curator/internal/swiftpmsource/manifest.go:337.57,338.187 1 1
github.com/relux-works/curator/internal/swiftpmsource/manifest.go:338.187,340.3 1 1
github.com/relux-works/curator/internal/swiftpmsource/manifest.go:341.2,341.12 1 1
github.com/relux-works/curator/internal/swiftpmsource/manifest.go:343.89,345.122 2 1
github.com/relux-works/curator/internal/swiftpmsource/manifest.go:345.122,347.3 1 1
github.com/relux-works/curator/internal/swiftpmsource/manifest.go:348.2,348.12 1 1
github.com/relux-works/curator/internal/swiftpmsource/manifest.go:350.66,351.42 1 1
github.com/relux-works/curator/internal/swiftpmsource/manifest.go:351.42,352.25 1 1
github.com/relux-works/curator/internal/swiftpmsource/manifest.go:352.25,354.4 1 1
github.com/relux-works/curator/internal/swiftpmsource/manifest.go:356.2,356.25 1 1
github.com/relux-works/curator/internal/swiftpmsource/manifest.go:358.64,359.41 1 1
github.com/relux-works/curator/internal/swiftpmsource/manifest.go:359.41,360.25 1 1
github.com/relux-works/curator/internal/swiftpmsource/manifest.go:360.25,362.4 1 1
github.com/relux-works/curator/internal/swiftpmsource/manifest.go:364.2,364.24 1 0
github.com/relux-works/curator/internal/swiftpmsource/manifest.go:366.91,367.22 1 1
github.com/relux-works/curator/internal/swiftpmsource/manifest.go:367.22,369.3 1 1
github.com/relux-works/curator/internal/swiftpmsource/manifest.go:370.2,371.31 2 1
github.com/relux-works/curator/internal/swiftpmsource/manifest.go:373.45,377.24 4 1
github.com/relux-works/curator/internal/swiftpmsource/manifest.go:377.24,378.66 1 1
github.com/relux-works/curator/internal/swiftpmsource/manifest.go:378.66,380.4 1 1
github.com/relux-works/curator/internal/swiftpmsource/manifest.go:382.2,382.15 1 1
github.com/relux-works/curator/internal/swiftpmsource/manifest.go:384.57,386.2 1 1
github.com/relux-works/curator/internal/swiftpmsource/manifest.go:387.57,389.28 2 1
github.com/relux-works/curator/internal/swiftpmsource/manifest.go:389.28,391.3 1 0
github.com/relux-works/curator/internal/swiftpmsource/manifest.go:392.2,392.90 1 1
github.com/relux-works/curator/internal/swiftpmsource/manifest.go:394.44,396.28 2 1
github.com/relux-works/curator/internal/swiftpmsource/manifest.go:396.28,398.3 1 0
github.com/relux-works/curator/internal/swiftpmsource/manifest.go:399.2,399.63 1 1
github.com/relux-works/curator/internal/swiftpmsource/manifest.go:401.72,403.31 2 1
github.com/relux-works/curator/internal/swiftpmsource/manifest.go:403.31,405.3 1 1
github.com/relux-works/curator/internal/swiftpmsource/manifest.go:406.2,406.26 1 1
github.com/relux-works/curator/internal/swiftpmsource/manifest.go:411.46,411.77 1 1
github.com/relux-works/curator/internal/swiftpmsource/manifest.go:412.125,413.51 1 0
github.com/relux-works/curator/internal/swiftpmsource/manifest.go:413.51,415.3 1 0
github.com/relux-works/curator/internal/swiftpmsource/manifest.go:416.2,416.59 1 0
github.com/relux-works/curator/internal/swiftpmsource/manifest.go:418.84,420.57 2 1
github.com/relux-works/curator/internal/swiftpmsource/manifest.go:420.57,422.3 1 0
github.com/relux-works/curator/internal/swiftpmsource/manifest.go:423.2,424.13 2 1
github.com/relux-works/curator/internal/swiftpmsource/manifest.go:425.51,426.53 1 1
github.com/relux-works/curator/internal/swiftpmsource/manifest.go:427.15,428.48 1 1
github.com/relux-works/curator/internal/swiftpmsource/manifest.go:429.10,430.93 1 1
github.com/relux-works/curator/internal/swiftpmsource/replay.go:15.66,16.20 1 1
github.com/relux-works/curator/internal/swiftpmsource/replay.go:16.20,18.3 1 0
github.com/relux-works/curator/internal/swiftpmsource/replay.go:19.2,20.16 2 1
github.com/relux-works/curator/internal/swiftpmsource/replay.go:20.16,22.3 1 0
github.com/relux-works/curator/internal/swiftpmsource/replay.go:23.2,23.183 1 1
github.com/relux-works/curator/internal/swiftpmsource/replay.go:23.183,24.77 1 1
github.com/relux-works/curator/internal/swiftpmsource/replay.go:24.77,26.4 1 0
github.com/relux-works/curator/internal/swiftpmsource/replay.go:28.2,29.38 2 1
github.com/relux-works/curator/internal/swiftpmsource/replay.go:29.38,31.53 2 1
github.com/relux-works/curator/internal/swiftpmsource/replay.go:31.53,33.4 1 0
github.com/relux-works/curator/internal/swiftpmsource/replay.go:34.3,35.66 2 1
github.com/relux-works/curator/internal/swiftpmsource/replay.go:35.66,37.4 1 0
github.com/relux-works/curator/internal/swiftpmsource/replay.go:38.3,39.70 2 1
github.com/relux-works/curator/internal/swiftpmsource/replay.go:39.70,41.4 1 0
github.com/relux-works/curator/internal/swiftpmsource/replay.go:42.3,43.23 2 1
github.com/relux-works/curator/internal/swiftpmsource/replay.go:43.23,45.4 1 0
github.com/relux-works/curator/internal/swiftpmsource/replay.go:46.3,46.105 1 1
github.com/relux-works/curator/internal/swiftpmsource/replay.go:46.105,48.4 1 1
github.com/relux-works/curator/internal/swiftpmsource/replay.go:49.3,52.81 4 1
github.com/relux-works/curator/internal/swiftpmsource/replay.go:54.2,55.42 2 1
github.com/relux-works/curator/internal/swiftpmsource/replay.go:55.42,55.94 1 1
github.com/relux-works/curator/internal/swiftpmsource/replay.go:56.2,56.44 1 1
github.com/relux-works/curator/internal/swiftpmsource/replay.go:56.44,58.3 1 0
github.com/relux-works/curator/internal/swiftpmsource/replay.go:59.2,59.37 1 1
github.com/relux-works/curator/internal/swiftpmsource/replay.go:59.37,61.339 2 1
github.com/relux-works/curator/internal/swiftpmsource/replay.go:61.339,63.4 1 1
github.com/relux-works/curator/internal/swiftpmsource/replay.go:64.3,64.56 1 1
github.com/relux-works/curator/internal/swiftpmsource/replay.go:64.56,66.4 1 1
github.com/relux-works/curator/internal/swiftpmsource/replay.go:67.3,70.136 4 1
github.com/relux-works/curator/internal/swiftpmsource/replay.go:70.136,72.4 1 0
github.com/relux-works/curator/internal/swiftpmsource/replay.go:73.3,74.90 2 1
github.com/relux-works/curator/internal/swiftpmsource/replay.go:74.90,76.4 1 0
github.com/relux-works/curator/internal/swiftpmsource/replay.go:77.3,78.92 2 1
github.com/relux-works/curator/internal/swiftpmsource/replay.go:78.92,80.4 1 0
github.com/relux-works/curator/internal/swiftpmsource/replay.go:81.3,81.35 1 1
github.com/relux-works/curator/internal/swiftpmsource/replay.go:83.2,84.19 2 1
github.com/relux-works/curator/internal/swiftpmsource/replay.go:84.19,86.3 1 0
github.com/relux-works/curator/internal/swiftpmsource/replay.go:87.2,88.16 2 1
github.com/relux-works/curator/internal/swiftpmsource/replay.go:88.16,90.3 1 0
github.com/relux-works/curator/internal/swiftpmsource/replay.go:91.2,92.52 2 1
github.com/relux-works/curator/internal/swiftpmsource/replay.go:92.52,94.3 1 1
github.com/relux-works/curator/internal/swiftpmsource/replay.go:95.2,96.16 2 1
github.com/relux-works/curator/internal/swiftpmsource/replay.go:96.16,98.3 1 0
github.com/relux-works/curator/internal/swiftpmsource/replay.go:99.2,100.39 2 1
github.com/relux-works/curator/internal/swiftpmsource/replay.go:100.39,102.14 2 1
github.com/relux-works/curator/internal/swiftpmsource/replay.go:102.14,104.4 1 0
github.com/relux-works/curator/internal/swiftpmsource/replay.go:105.3,105.46 1 1
github.com/relux-works/curator/internal/swiftpmsource/replay.go:107.2,107.81 1 1
github.com/relux-works/curator/internal/swiftpmsource/replay.go:107.81,109.3 1 0
github.com/relux-works/curator/internal/swiftpmsource/replay.go:110.2,111.58 2 1
github.com/relux-works/curator/internal/swiftpmsource/replay.go:111.58,113.3 1 1
github.com/relux-works/curator/internal/swiftpmsource/replay.go:114.2,114.41 1 1
github.com/relux-works/curator/internal/swiftpmsource/replay.go:114.41,116.3 1 0
github.com/relux-works/curator/internal/swiftpmsource/replay.go:117.2,118.16 2 1
github.com/relux-works/curator/internal/swiftpmsource/replay.go:118.16,120.3 1 0
github.com/relux-works/curator/internal/swiftpmsource/replay.go:121.2,121.33 1 1
github.com/relux-works/curator/internal/swiftpmsource/replay.go:121.33,123.3 1 0
github.com/relux-works/curator/internal/swiftpmsource/replay.go:124.2,125.44 2 1
github.com/relux-works/curator/internal/swiftpmsource/replay.go:125.44,127.3 1 1
github.com/relux-works/curator/internal/swiftpmsource/replay.go:128.2,129.67 2 1
github.com/relux-works/curator/internal/swiftpmsource/replay.go:129.67,131.3 1 0
github.com/relux-works/curator/internal/swiftpmsource/replay.go:132.2,132.12 1 1
github.com/relux-works/curator/internal/swiftpmsource/replay.go:135.82,136.52 1 1
github.com/relux-works/curator/internal/swiftpmsource/replay.go:136.52,138.33 2 1
github.com/relux-works/curator/internal/swiftpmsource/replay.go:138.33,140.4 1 1
github.com/relux-works/curator/internal/swiftpmsource/replay.go:142.2,142.35 1 0
github.com/relux-works/curator/internal/swiftpmsource/replay.go:145.55,146.29 1 1
github.com/relux-works/curator/internal/swiftpmsource/replay.go:146.29,148.3 1 1
github.com/relux-works/curator/internal/swiftpmsource/replay.go:149.2,149.26 1 1
github.com/relux-works/curator/internal/swiftpmsource/replay.go:149.26,150.34 1 1
github.com/relux-works/curator/internal/swiftpmsource/replay.go:150.34,152.4 1 1
github.com/relux-works/curator/internal/swiftpmsource/replay.go:154.2,154.13 1 1
github.com/relux-works/curator/internal/swiftpmsource/replay.go:157.46,158.29 1 1
github.com/relux-works/curator/internal/swiftpmsource/replay.go:158.29,160.3 1 1
github.com/relux-works/curator/internal/swiftpmsource/replay.go:161.2,161.26 1 1
github.com/relux-works/curator/internal/swiftpmsource/replay.go:161.26,162.34 1 1
github.com/relux-works/curator/internal/swiftpmsource/replay.go:162.34,164.4 1 1
github.com/relux-works/curator/internal/swiftpmsource/replay.go:166.2,166.13 1 1
github.com/relux-works/curator/internal/swiftpmsource/replay.go:169.109,170.31 1 1
github.com/relux-works/curator/internal/swiftpmsource/replay.go:170.31,171.31 1 1
github.com/relux-works/curator/internal/swiftpmsource/replay.go:171.31,173.4 1 1
github.com/relux-works/curator/internal/swiftpmsource/replay.go:175.2,175.14 1 0
github.com/relux-works/curator/internal/swiftpmsource/replay.go:179.51,180.20 1 1
github.com/relux-works/curator/internal/swiftpmsource/replay.go:180.20,182.3 1 0
github.com/relux-works/curator/internal/swiftpmsource/replay.go:183.2,183.52 1 1
github.com/relux-works/curator/internal/swiftpmsource/replay.go:183.52,185.34 2 1
github.com/relux-works/curator/internal/swiftpmsource/replay.go:185.34,186.76 1 1
github.com/relux-works/curator/internal/swiftpmsource/replay.go:186.76,188.5 1 1
github.com/relux-works/curator/internal/swiftpmsource/replay.go:191.2,191.11 1 0
github.com/relux-works/curator/internal/swiftpmsource/resolver.go:33.151,34.184 1 1
github.com/relux-works/curator/internal/swiftpmsource/resolver.go:34.184,36.3 1 0
github.com/relux-works/curator/internal/swiftpmsource/resolver.go:37.2,37.93 1 1
github.com/relux-works/curator/internal/swiftpmsource/resolver.go:37.93,39.3 1 0
github.com/relux-works/curator/internal/swiftpmsource/resolver.go:40.2,42.16 3 1
github.com/relux-works/curator/internal/swiftpmsource/resolver.go:42.16,44.3 1 0
github.com/relux-works/curator/internal/swiftpmsource/resolver.go:45.2,46.16 2 1
github.com/relux-works/curator/internal/swiftpmsource/resolver.go:46.16,48.3 1 0
github.com/relux-works/curator/internal/swiftpmsource/resolver.go:49.2,50.16 2 1
github.com/relux-works/curator/internal/swiftpmsource/resolver.go:50.16,52.3 1 0
github.com/relux-works/curator/internal/swiftpmsource/resolver.go:53.2,57.160 5 1
github.com/relux-works/curator/internal/swiftpmsource/resolver.go:57.160,59.3 1 0
github.com/relux-works/curator/internal/swiftpmsource/resolver.go:60.2,63.49 4 1
github.com/relux-works/curator/internal/swiftpmsource/resolver.go:63.49,65.3 1 0
github.com/relux-works/curator/internal/swiftpmsource/resolver.go:66.2,66.37 1 1
github.com/relux-works/curator/internal/swiftpmsource/resolver.go:66.37,69.56 3 1
github.com/relux-works/curator/internal/swiftpmsource/resolver.go:69.56,70.37 1 1
github.com/relux-works/curator/internal/swiftpmsource/resolver.go:70.37,71.13 1 0
github.com/relux-works/curator/internal/swiftpmsource/resolver.go:73.4,73.63 1 1
github.com/relux-works/curator/internal/swiftpmsource/resolver.go:73.63,74.154 1 0
github.com/relux-works/curator/internal/swiftpmsource/resolver.go:74.154,76.6 1 0
github.com/relux-works/curator/internal/swiftpmsource/resolver.go:77.5,77.13 1 0
github.com/relux-works/curator/internal/swiftpmsource/resolver.go:79.4,79.86 1 1
github.com/relux-works/curator/internal/swiftpmsource/resolver.go:79.86,81.5 1 0
github.com/relux-works/curator/internal/swiftpmsource/resolver.go:82.4,83.25 2 1
github.com/relux-works/curator/internal/swiftpmsource/resolver.go:83.25,85.5 1 0
github.com/relux-works/curator/internal/swiftpmsource/resolver.go:86.4,87.25 2 1
github.com/relux-works/curator/internal/swiftpmsource/resolver.go:87.25,89.5 1 0
github.com/relux-works/curator/internal/swiftpmsource/resolver.go:90.4,90.57 1 1
github.com/relux-works/curator/internal/swiftpmsource/resolver.go:90.57,92.5 1 0
github.com/relux-works/curator/internal/swiftpmsource/resolver.go:93.4,94.23 2 1
github.com/relux-works/curator/internal/swiftpmsource/resolver.go:94.23,96.5 1 0
github.com/relux-works/curator/internal/swiftpmsource/resolver.go:97.4,98.26 2 1
github.com/relux-works/curator/internal/swiftpmsource/resolver.go:98.26,100.5 1 0
github.com/relux-works/curator/internal/swiftpmsource/resolver.go:101.4,101.70 1 1
github.com/relux-works/curator/internal/swiftpmsource/resolver.go:101.70,103.5 1 0
github.com/relux-works/curator/internal/swiftpmsource/resolver.go:104.4,110.157 7 1
github.com/relux-works/curator/internal/swiftpmsource/resolver.go:110.157,112.5 1 0
github.com/relux-works/curator/internal/swiftpmsource/resolver.go:113.4,114.62 2 1
github.com/relux-works/curator/internal/swiftpmsource/resolver.go:114.62,116.5 1 0
github.com/relux-works/curator/internal/swiftpmsource/resolver.go:119.2,120.33 2 1
github.com/relux-works/curator/internal/swiftpmsource/resolver.go:120.33,122.3 1 1
github.com/relux-works/curator/internal/swiftpmsource/resolver.go:123.2,125.16 3 1
github.com/relux-works/curator/internal/swiftpmsource/resolver.go:125.16,127.3 1 0
github.com/relux-works/curator/internal/swiftpmsource/resolver.go:128.2,129.16 2 1
github.com/relux-works/curator/internal/swiftpmsource/resolver.go:129.16,131.3 1 0
github.com/relux-works/curator/internal/swiftpmsource/resolver.go:132.2,133.16 2 1
github.com/relux-works/curator/internal/swiftpmsource/resolver.go:133.16,135.3 1 0
github.com/relux-works/curator/internal/swiftpmsource/resolver.go:136.2,137.35 2 1
github.com/relux-works/curator/internal/swiftpmsource/resolver.go:137.35,139.3 1 1
github.com/relux-works/curator/internal/swiftpmsource/resolver.go:140.2,140.152 1 1
github.com/relux-works/curator/internal/swiftpmsource/resolver.go:145.84,145.98 1 0
github.com/relux-works/curator/internal/swiftpmsource/resolver.go:165.52,167.31 2 1
github.com/relux-works/curator/internal/swiftpmsource/resolver.go:167.31,169.3 1 1
github.com/relux-works/curator/internal/swiftpmsource/resolver.go:170.2,170.67 1 1
github.com/relux-works/curator/internal/swiftpmsource/resolver.go:173.27,174.45 1 1
github.com/relux-works/curator/internal/swiftpmsource/resolver.go:174.45,175.96 1 1
github.com/relux-works/curator/internal/swiftpmsource/resolver.go:175.96,177.4 1 0
