WARNING: A restricted method in java.lang.System has been called
WARNING: java.lang.System::load has been called by org.jetbrains.kotlin.org.fusesource.jansi.internal.JansiLoader in an unnamed module (file:/Users/iv/Developer/ReluxWorks/curator/.temp/TASK-260728-168smo/kn/dist/kotlin-native-prebuilt-macos-aarch64-2.4.10/konan/lib/kotlin-native-compiler-embeddable.jar)
WARNING: Use --enable-native-access=ALL-UNNAMED to avoid a warning for callers in this module
WARNING: Restricted methods will be blocked in a future release unless native access is enabled

logging: using Kotlin home directory dist/kotlinc
logging: using Kotlin home directory dist/kotlinc
info: EXTENSIONS_STORAGE: org.jetbrains.kotlin.compiler.plugin.CompilerPluginRegistrar$ExtensionStorage@22e5f96e
DIAGNOSTIC_FACTORIES_STORAGE: org.jetbrains.kotlin.diagnostics.KtRegisteredDiagnosticFactoriesStorage@6a638c79
DIAGNOSTICS_COLLECTOR: org.jetbrains.kotlin.diagnostics.impl.DiagnosticsCollectorImpl@6c931d35
MESSAGE_COLLECTOR_KEY: org.jetbrains.kotlin.cli.common.messages.GroupingMessageCollector@44b194fe
PERF_MANAGER: org.jetbrains.kotlin.util.PerformanceManagerImpl@49122b8f
PRINT_VERSION: false
SCRIPT_MODE: false
REPL_MODE: false
TREAT_WARNINGS_AS_ERRORS: false
DISABLE_INLINE: false
USE_FIR_EXTRA_CHECKERS: false
METADATA_KLIB: false
REPORT_OUTPUT_FILES: false
INCREMENTAL_COMPILATION: false
ALLOW_ANY_SCRIPTS_IN_SOURCE_ROOTS: false
IGNORE_CONST_OPTIMIZATION_ERRORS: false
RENDER_DIAGNOSTIC_INTERNAL_NAME: false
VERIFY_IR: NONE
LANGUAGE_VERSION_SETTINGS: Language = 2.4, API = 2.4 allowFullyQualifiedNameInKClass:true headerModeType:any optIn:[kotlin.ExperimentalUnsignedTypes]
USE_FIR: true
USE_LIGHT_TREE: true
DONT_SORT_SOURCE_FILES: false
KOTLIN_PATHS: org.jetbrains.kotlin.utils.KotlinPathsFromHomeDir@b16e202
PLUGIN_COMPONENT_REGISTRARS:
COMPILER_PLUGIN_REGISTRARS:
KLIB_RELATIVE_PATH_BASES:
KLIB_NORMALIZE_ABSOLUTE_PATH: false
PRODUCE_KLIB_SIGNATURES_CLASH_CHECKS: true
SKIP_LIBRARY_SPECIAL_COMPATIBILITY_CHECKS: false
DUPLICATED_UNIQUE_NAME_STRATEGY: deny
KLIB_ABI_COMPATIBILITY_LEVEL: 2.4
ZIP_FILE_SYSTEM_ACCESSOR: org.jetbrains.kotlin.cli.common.DisposableZipFileSystemAccessor@29a1505c
PHASE_CONFIG: org.jetbrains.kotlin.config.phaser.PhaseConfig@339a3670
CONTENT_ROOTS:
  KotlinSourceRoot(path=/Users/iv/Developer/ReluxWorks/curator/.temp/TASK-260728-168smo/kn/src/main.kt, isCommon=false, hmppModuleName=null)
KONAN_PRODUCED_ARTIFACT_KIND: LIBRARY
KONAN_TARGET: macos_arm64
TARGET_PLATFORM: Native (macos_arm64)
KONAN_LIBRARIES:
KONAN_NO_STDLIB: false
KONAN_NO_DEFAULT_LIBS: false
KONAN_PURGE_USER_LIBS: false
KONAN_NO_ENDORSED_LIBS: false
KONAN_DONT_COMPRESS_KLIB: false
KONAN_OUTPUT_PATH: /private/var/folders/cz/jqbthtks55zbkpcdkfyk4bl80000gp/T/ec82d9fd-07f8-48d1-b89e-d0277352e326.klib
KONAN_REFINES_MODULES:
KONAN_INCLUDED_BINARIES:
KONAN_INCLUDED_LIBRARIES:
KONAN_PRINT_IR: false
KONAN_PRINT_FILES: false
FAKE_OVERRIDE_VALIDATOR: false
CHECK_DEPENDENCIES: false
PARTIAL_LINKAGE_CONFIGURATION: PartialLinkageConfig(logLevel=SILENT)
