==============================================================================
RUN 1 of 2 — macOS 26.5 arm64, rework cycle 1
==============================================================================
fixture_version : toolchain-probe-fixture-v1
task            : TASK-260729-rhjxtx
host            : macos/arm64 (goos=darwin goarch=arm64 os_version=26.5)
probe go        : go1.25.5
summary         : 19 cases, 16 matched, 0 divergences, 3 not run; 1 toolchains unavailable, 0 wrong backend

------------------------------------------------------------------------------
TOOLCHAIN rust  ::  available
------------------------------------------------------------------------------
  declaration     : channel=probe_explicit_root root=/Users/iv/.rustup/toolchains/1.91.0-aarch64-apple-darwin
                    primary_relpath=bin/cargo present=True path_was_searched=False
  version probe   : /Users/iv/.rustup/toolchains/1.91.0-aarch64-apple-darwin/bin/rustc -vV
                    exit=0
                    stdout| rustc 1.91.0 (f8297e351 2025-10-28)
                    stdout| binary: rustc
                    stdout| commit-hash: f8297e351a40c1439a467bbbb6879088047f50b3
                    stdout| commit-date: 2025-10-28
                    stdout| host: aarch64-apple-darwin
                    stdout| release: 1.91.0
  target probe   : /Users/iv/.rustup/toolchains/1.91.0-aarch64-apple-darwin/bin/rustc --print host-tuple
                    exit=0
                    stdout| aarch64-apple-darwin
  normalization   : rule=rust.rustc.vV.release stream=stdout
                    pattern=^release: (0|[1-9][0-9]*)\.(0|[1-9][0-9]*)\.(0|[1-9][0-9]*)(-[0-9A-Za-z.-]+)?$
                    canonical=1.91.0 prerelease=False
                    native='release: 1.91.0'
                    verified_against_real_output=True
  native target   : reported='aarch64-apple-darwin' stable_form='aarch64-apple-darwin'
                    source=rustc --print host-tuple
  metadata source : Cargo.toml
                    readable_without_execution=True
                    reader=cargo metadata --no-deps --format-version 1 --offline
                    field package.rust-version -> compared (measured=True)
                      an MSRV assertion about the resolved toolchain; surfaced by cargo metadata as packages[].rust_version without compiling anything
                    field workspace.package.rust-version -> compared (measured=False)
                      same assertion inherited through a workspace; the reader command resolves the inheritance
  metadata source : rust-toolchain.toml
                    readable_without_execution=True
                    reader=read the file; never hand it to a shim
                    field toolchain.path -> forbidden (measured=True)
                      names where a toolchain comes from; measured to change which rustc runs
                    field toolchain.channel -> compared (measured=True)
                      a version literal or `stable` is an assertion and is never honored; `nightly`, `beta` and dated channels assert a prerelease host, which is never resolved
                    field toolchain.components -> ignored (measured=False)
                      selects distribution contents, which the trusted root already fixes
                    field toolchain.targets -> ignored (measured=False)
                      selects installable targets; target admission is manager-owned
                    field toolchain.profile -> ignored (measured=False)
                      selects distribution contents
  metadata source : rust-toolchain
                    readable_without_execution=True
                    reader=read the file
                    field <bare channel string> -> compared (measured=False)
                      the legacy one-line form of toolchain.channel; the same classifier applies
  note            : `rustc -vV` also carries `host:`, identical to `--print host-tuple` on the probed toolchain; `--print host-tuple` is the narrower surface and is preferred.
  note            : The Rust host tuple carries no platform-version component, so unlike the Swift target triple it is directly usable as a native-target identity.
  note            : Measured: cargo resolves `rustc` by name and fails with "could not execute process `rustc -vV` (never executed)" under a minimal PATH that excludes the trusted root's bin directory. The driver MUST pass RUSTC explicitly, or the second node of its process graph is chosen by PATH order rather than by the fingerprinted closure.

------------------------------------------------------------------------------
TOOLCHAIN swift  ::  available
------------------------------------------------------------------------------
  declaration     : channel=probe_explicit_root root=/Applications/Xcode_26_5.app/Contents/Developer/Toolchains/XcodeDefault.xctoolchain
                    primary_relpath=usr/bin/swift present=True path_was_searched=False
  version probe   : /Applications/Xcode_26_5.app/Contents/Developer/Toolchains/XcodeDefault.xctoolchain/usr/bin/swiftc -print-target-info
                    exit=0
                    stdout| {
                    stdout|   "compilerVersion": "Apple Swift version 6.3.2 (swiftlang-6.3.2.1.108 clang-2100.1.1.101)",
                    stdout|   "swiftCompilerTag": "swiftlang-6.3.2.1.108",
                    stdout|   "target": {
                    stdout|     "triple": "arm64-apple-macosx26.0",
                    stdout|     "unversionedTriple": "arm64-apple-macosx",
  target probe   : /Applications/Xcode_26_5.app/Contents/Developer/Toolchains/XcodeDefault.xctoolchain/usr/bin/swiftc -print-target-info
                    exit=0
                    stdout| {
                    stdout|   "compilerVersion": "Apple Swift version 6.3.2 (swiftlang-6.3.2.1.108 clang-2100.1.1.101)",
                    stdout|   "swiftCompilerTag": "swiftlang-6.3.2.1.108",
                    stdout|   "target": {
                    stdout|     "triple": "arm64-apple-macosx26.0",
                    stdout|     "unversionedTriple": "arm64-apple-macosx",
  normalization   : rule=swift.print-target-info.compilerVersion stream=stdout
                    pattern=^(?:Apple )?Swift version (0|[1-9][0-9]*)\.(0|[1-9][0-9]*)(?:\.(0|[1-9][0-9]*))?(-[0-9A-Za-z.]+)? \([^()]*\)$
                    canonical=6.3.2 prerelease=False
                    native='Apple Swift version 6.3.2 (swiftlang-6.3.2.1.108 clang-2100.1.1.101)'
                    verified_against_real_output=True
  native target   : reported='arm64-apple-macosx26.0' stable_form='arm64-apple-macosx'
                    host_varying=['platform version 26.0']
                    source=swiftc -print-target-info, target.triple and target.unversionedTriple
  metadata source : Package.swift (// swift-tools-version header)
                    readable_without_execution=True
                    reader=swift package tools-version
                    evidence: measured: returns exit 0 and the normalized tools version for a manifest carrying a Swift syntax error and for a manifest whose body is a fatalError, so it reads the header line and neither compiles nor runs the manifest
                    field swift-tools-version -> compared (measured=True)
                      an assertion about the resolved toolchain; SwiftPM normalizes it to major.minor.patch on stdout
  metadata source : Package.swift (body)
                    readable_without_execution=False
                    reader=swift package dump-package
                    evidence: measured: dump-package compiles Package.swift with swiftc into a `<name>-manifest` executable and runs it; the fatalError fixture reports `Fatal error: PROBE-MANIFEST-EXECUTED`
                    field <entire manifest program> -> forbidden (measured=True)
                      reading it is package-selected code execution; no driver admitted by decision 0008 may invoke it
  metadata source : .swift-version
                    readable_without_execution=True
                    reader=read the file
                    evidence: measured: the Xcode-provided swift driver ignores it; it is honored by the swiftly version manager, which the trusted-resolution rule already forbids
                    field <bare version string> -> compared (measured=True)
                      an assertion about which toolchain the author expected; never honored, because resolution is operator-owned
  note            : `swift --version` splits one banner across two streams: stderr carries "swift-driver version: 1.148.6 " and stdout carries the version line. A normalization rule that reads the merged stream sees them concatenated into a single line, so the rule must name its stream.
  note            : `target.triple` carries a platform-version component supplied by the selected SDK, so it is not stable across hosts with different SDKs; `target.unversionedTriple` is the form a native-target identity should bind.
  note            : SwiftPM compiles the manifest with a different platform version than the compiler reports for the host, which is a second reason the versioned triple is not an identity.

------------------------------------------------------------------------------
TOOLCHAIN kotlin  ::  unavailable
------------------------------------------------------------------------------
  reason          : no trusted Kotlin/Native root was supplied to the probe, and none was found by the operator on either probed host; the probe does not search PATH, KOTLIN_HOME, ~/.konan, sdkman, or a package manager for one, and it never installs
  guidance        : toolchain.kotlin-native.absent.primary-source
  declaration     : channel=probe_explicit_root root=(none)
                    primary_relpath=bin/kotlinc-native present=False path_was_searched=False
  metadata source : (none defined by the Kotlin/Native compiler-only path)
                    readable_without_execution=False
                    evidence: no candidate is proposed. Decision 0008 section 4 requires exactly one closed driver-defined project-metadata file directly in the build root, as go-v1 binds go.mod. kotlinc-native consumes .kt sources and an output path and defines no manifest, and the ecosystem's manifest is a Gradle script, which the entry below measures as executable code. Naming a candidate without a qualified Kotlin/Native host would be a fabricated platform claim, so this probe supplies the boundary rather than a file: UNVERIFIED against a real Kotlin/Native distribution: the branch is implemented and unit-tested against a synthetic root, and has never seen output from a real konan compiler
                    field <no legal field> -> forbidden (measured=False)
                      the only source-tree surface the ecosystem offers for this slot is a program; whether a curator-owned metadata file is minted instead is TASK-260728-168smo's decision under section 10's retirement clause
  metadata source : build.gradle / build.gradle.kts / settings.gradle*
                    readable_without_execution=False
                    reader=gradle properties (measured only to establish the cost of reading it; never a driver command)
                    evidence: measured by case kotlin.negative.metadata-is-a-program: Measured on this host: answering a pure metadata query (`gradle properties`) compiled the build script as a program source unit (true) and ran it to completion (false). The build-script compilation is the finding; whether it then finishes is incidental, and on this host it did not, because the installed JDK is newer than the Gradle distribution accepts. A Gradle script therefore cannot be the closed project-metadata file decision 0008 section 4 requires, and SECURITY.md already forbids invoking it. The Kotlin/Native compiler-only path defines no manifest of its own, so TASK-260728-168smo must either name a curator-owned metadata file for the build root or accept that section 10's retirement clause applies. The Kotlin DSL form (build.gradle.kts) was NOT measured: resolving it requires network fetches this probe refuses to perform.
                    field <entire build script> -> forbidden (measured=True)
                      a Gradle build script is a program; no driver admitted by decision 0008 may invoke it, and the Gradle wrapper additionally downloads its own distribution
  note            : The Kotlin compiler present on this host reports backend "jvm" on stderr with an `info:` prefix and an empty stdout. A version probe that reads stdout gets nothing, and a probe that accepts any `kotlinc` banner would admit a front end that cannot produce a native executable. The Kotlin entry's probe must name the stderr stream and its normalization must require the backend token.

------------------------------------------------------------------------------
CASES
------------------------------------------------------------------------------

[MATCH] kotlin.negative.backend-is-not-native
  a Kotlin compiler on the host is a JVM front end, not Kotlin/Native
  language=kotlin kind=negative
  expected=backend_identity observed=backend_identity
  decidable_before_compiler_work=True (expected True)
  upstream_rejects_after_compilation=False
  measured: backend='jvm'
  $ /opt/homebrew/bin/kotlinc -version
      dir  : /Users/iv/Developer/ReluxWorks/curator/.temp/TASK-260729-rhjxtx/run2-macos/work
      exit : 0
      err| info: kotlinc-jvm 2.4.10 (JRE 26.0.1)
  MANAGER OBLIGATION: The Kotlin compiler present on this host reports backend "jvm" on stderr with an `info:` prefix and an empty stdout. A version probe that reads stdout gets nothing, and a probe that accepts any `kotlinc` banner would admit a front end that cannot produce a native executable. The Kotlin entry's probe must name the stderr stream and its normalization must require the backend token.
  consumers: TASK-260728-168smo

[MATCH] kotlin.negative.metadata-is-a-program
  reading Kotlin project metadata compiles package-authored code as a program
  language=kotlin kind=negative
  expected=package_selector observed=package_selector
  decidable_before_compiler_work=True (expected True)
  upstream_rejects_after_compilation=False
  measured: selector shim_exit=1 root_exit=0 attempted_install=True
  fixture file: kt/gradle/build.gradle  sha256=431705861fa23e895980e52d512a44bfa619e8918bd030bbb1cb5bef1fd329e5  bytes=39
  fixture file: kt/gradle/settings.gradle  sha256=7ced54d57b3d9568262505f0dfed27d8c474d989d7163eea2358a35fe2d85953  bytes=27
  $ /opt/homebrew/bin/gradle --offline --no-daemon --console=plain properties
      dir  : /Users/iv/Developer/ReluxWorks/curator/.temp/TASK-260729-rhjxtx/run2-macos/work/kt/gradle
      env  : GRADLE_USER_HOME=/Users/iv/Developer/ReluxWorks/curator/.temp/TASK-260729-rhjxtx/run2-macos/work/gradle-home
      exit : 1
      out| Welcome to Gradle 9.2.1!
      out| 
      out| Here are the highlights of this release:
      out|  - Windows ARM support
      out|  - Improved publishing APIs
      out|  - Better guidance for dependency verification failures
      out| 
      out| For more details see https://docs.gradle.org/9.2.1/release-notes.html
      out| 
      out| To honour the JVM settings for this build a single-use Daemon process will be forked. For more on this, please refer to https://docs.gradle.org/9.2.1/userguide/gradle_daemon.html#sec:disabling_the_daemon in the Gradle documentation.
      out| Daemon will be stopped at the end of the build
      err| FAILURE: Build failed with an exception.
      err| 
      err| * What went wrong:
      err| BUG! exception in phase 'semantic analysis' in source unit '_BuildScript_' Unsupported class file major version 70
      err| > Unsupported class file major version 70
      err| 
      err| * Try:
      err| > Run with --stacktrace option to get the stack trace.
      err| > Run with --info or --debug option to get more log output.
      err| > Run with --scan to generate a Build Scan (powered by Develocity).
      err| > Get more help at https://help.gradle.org.
      err| 
  MANAGER OBLIGATION: Measured on this host: answering a pure metadata query (`gradle properties`) compiled the build script as a program source unit (true) and ran it to completion (false). The build-script compilation is the finding; whether it then finishes is incidental, and on this host it did not, because the installed JDK is newer than the Gradle distribution accepts. A Gradle script therefore cannot be the closed project-metadata file decision 0008 section 4 requires, and SECURITY.md already forbids invoking it. The Kotlin/Native compiler-only path defines no manifest of its own, so TASK-260728-168smo must either name a curator-owned metadata file for the build root or accept that section 10's retirement clause applies. The Kotlin DSL form (build.gradle.kts) was NOT measured: resolving it requires network fetches this probe refuses to perform.
  consumers: TASK-260728-168smo

[NOT_RUN] kotlin.negative.target-not-listed
  legal Kotlin/Native target this distribution does not serve
  language=kotlin kind=negative
  expected=target_host observed=-
  decidable_before_compiler_work=False (expected True)
  upstream_rejects_after_compilation=False
  NOT RUN: no trusted Kotlin/Native root was supplied to the probe, and none was found by the operator on either probed host; the probe does not search PATH, KOTLIN_HOME, ~/.konan, sdkman, or a package manager for one, and it never installs
  consumers: TASK-260728-168smo

[NOT_RUN] kotlin.negative.target-unknown
  target the Kotlin/Native compiler does not know
  language=kotlin kind=negative
  expected=target_representability observed=-
  decidable_before_compiler_work=False (expected True)
  upstream_rejects_after_compilation=False
  NOT RUN: no trusted Kotlin/Native root was supplied to the probe, and none was found by the operator on either probed host; the probe does not search PATH, KOTLIN_HOME, ~/.konan, sdkman, or a package manager for one, and it never installs
  consumers: TASK-260728-168smo

[NOT_RUN] kotlin.positive.version-and-target
  Kotlin/Native version normalizes and the host target is one the distribution serves
  language=kotlin kind=positive
  expected=none observed=-
  decidable_before_compiler_work=False (expected True)
  upstream_rejects_after_compilation=False
  NOT RUN: no trusted Kotlin/Native root was supplied to the probe, and none was found by the operator on either probed host; the probe does not search PATH, KOTLIN_HOME, ~/.konan, sdkman, or a package manager for one, and it never installs
  consumers: TASK-260728-168smo

[MATCH] rust.negative.msrv-future
  Cargo.toml rust-version above the resolved toolchain
  language=rust kind=negative
  expected=host_version observed=host_version
  decidable_before_compiler_work=True (expected True)
  upstream_rejects_after_compilation=False
  measured: metadata_exit=0 extracted='1.99'
  measured: build_exit=101 started_compilation=False
  fixture file: rs/probe-future/Cargo.toml  sha256=2f38217fc65154984af134cb059478c9d8b034f5cb68f1c63d0a7bb2e10880d4  bytes=89
  fixture file: rs/probe-future/src/main.rs  sha256=536e506bb90914c243a12b397b9a998f85ae2cbd9ba02dfd03a9e155ca5ca0f4  bytes=13
  $ /Users/iv/.rustup/toolchains/1.91.0-aarch64-apple-darwin/bin/cargo metadata --no-deps --format-version 1 --offline
      dir  : /Users/iv/Developer/ReluxWorks/curator/.temp/TASK-260729-rhjxtx/run2-macos/work/rs/probe-future
      env  : CARGO_TARGET_DIR=/Users/iv/Developer/ReluxWorks/curator/.temp/TASK-260729-rhjxtx/run2-macos/work/cargo-target/probe-future RUSTC=/Users/iv/.rustup/toolchains/1.91.0-aarch64-apple-darwin/bin/rustc
      exit : 0  (truncated output)
      out| {"packages":[{"name":"probe-future","version":"0.1.0","id":"path+file:///Users/iv/Developer/ReluxWorks/curator/.temp/TASK-260729-rhjxtx/run2-macos/work/rs/probe-future#0.1.0","license":null,"license_file":null,"description":null,"source":null,"dependencies":[],"targets":[{"kind":["bin"],"crate_types":["bin"],"name":"probe-future","src_path":"/Users/iv/Developer/ReluxWorks/curator/.temp/TASK-260729-rhjxtx/run2-macos/work/rs/probe-future/src/main.rs","edition":"2021","doc":true,"doctest":false,"test":true}],"features":{},"manifest_path":"/Users/iv/Developer/ReluxWorks/curator/.temp/TASK-260729-rhjxtx/run2-macos/work/rs/probe-future/Cargo.toml","metadata":null,"publish":null,"authors":[],"categories":[],"keywords":[],"readme":null,"repository":null,"homepage":null,"documentation":null,"edition":"2021","links":null,"default_run":null,"rust_version":"1.99"}],"workspace_members":["path+file:///Users/iv/Developer/ReluxWorks/curator/.temp/TASK-260729-rhjxtx/run2-macos/work/rs/probe-future#0.1.0"],"workspace_default_members":["path+file:///Users/iv/Developer/ReluxWorks/curator/.temp/TASK-260729-rhjxtx/run2-macos/work/rs/probe-future#0.1.0"],"resolve":null,"target_directory":"/Users/iv/Devel
  $ /Users/iv/.rustup/toolchains/1.91.0-aarch64-apple-darwin/bin/cargo build --offline
      dir  : /Users/iv/Developer/ReluxWorks/curator/.temp/TASK-260729-rhjxtx/run2-macos/work/rs/probe-future
      env  : CARGO_TARGET_DIR=/Users/iv/Developer/ReluxWorks/curator/.temp/TASK-260729-rhjxtx/run2-macos/work/cargo-target/probe-future RUSTC=/Users/iv/.rustup/toolchains/1.91.0-aarch64-apple-darwin/bin/rustc
      exit : 101
      err| error: rustc 1.91.0 is not supported by the following package:
      err|   probe-future@0.1.0 requires rustc 1.99
  MANAGER OBLIGATION: Read packages[].rust_version from `cargo metadata --no-deps` in the graph phase and compare it against the resolved toolchain identity. Cargo's own rejection is a build-time error, so a driver that waits for it has already entered the compile phase.
  consumers: TASK-260728-12pnm1

[MATCH] rust.negative.msrv-malformed
  Cargo.toml rust-version that is not a version
  language=rust kind=negative
  expected=representability observed=representability
  decidable_before_compiler_work=True (expected True)
  upstream_rejects_after_compilation=False
  measured: metadata_exit=101 extracted=''
  measured: build_exit=101 started_compilation=False
  fixture file: rs/probe-malformed/Cargo.toml  sha256=ed862e4156a4bdff8619378916837cca406a53d51c1d6e9f74b4d61220abf892  bytes=101
  fixture file: rs/probe-malformed/src/main.rs  sha256=536e506bb90914c243a12b397b9a998f85ae2cbd9ba02dfd03a9e155ca5ca0f4  bytes=13
  $ /Users/iv/.rustup/toolchains/1.91.0-aarch64-apple-darwin/bin/cargo metadata --no-deps --format-version 1 --offline
      dir  : /Users/iv/Developer/ReluxWorks/curator/.temp/TASK-260729-rhjxtx/run2-macos/work/rs/probe-malformed
      env  : CARGO_TARGET_DIR=/Users/iv/Developer/ReluxWorks/curator/.temp/TASK-260729-rhjxtx/run2-macos/work/cargo-target/probe-malformed RUSTC=/Users/iv/.rustup/toolchains/1.91.0-aarch64-apple-darwin/bin/rustc
      exit : 101
      err| error: unexpected prerelease field, expected a version like "1.32"
      err|  --> Cargo.toml:5:16
      err|   |
      err| 5 | rust-version = "not-a-version"
      err|   |                ^^^^^^^^^^^^^^^
  $ /Users/iv/.rustup/toolchains/1.91.0-aarch64-apple-darwin/bin/cargo build --offline
      dir  : /Users/iv/Developer/ReluxWorks/curator/.temp/TASK-260729-rhjxtx/run2-macos/work/rs/probe-malformed
      env  : CARGO_TARGET_DIR=/Users/iv/Developer/ReluxWorks/curator/.temp/TASK-260729-rhjxtx/run2-macos/work/cargo-target/probe-malformed RUSTC=/Users/iv/.rustup/toolchains/1.91.0-aarch64-apple-darwin/bin/rustc
      exit : 101
      err| error: unexpected prerelease field, expected a version like "1.32"
      err|  --> Cargo.toml:5:16
      err|   |
      err| 5 | rust-version = "not-a-version"
      err|   |                ^^^^^^^^^^^^^^^
  MANAGER OBLIGATION: No comparison is needed: the graph command already refuses the manifest, so this is a Stage B file-shape rejection with no host input.
  consumers: TASK-260728-12pnm1

[MATCH] rust.negative.selector-toolchain-nightly
  rust-toolchain.toml channel makes the shim attempt an install
  language=rust kind=negative
  expected=package_selector observed=package_selector
  decidable_before_compiler_work=True (expected True)
  upstream_rejects_after_compilation=False
  measured: selector shim_exit=1 root_exit=0 attempted_install=True
  fixture file: rs/probe-tc-nightly/Cargo.toml  sha256=f2392621e6e8c2eda6aecfa883f6c1ea0b2561dafd37cb18ceddf3d6b079501e  bytes=93
  fixture file: rs/probe-tc-nightly/rust-toolchain.toml  sha256=2ce1c1fe5e79a52424c9d88d99f5a2c95dcf5b4f4a82431bb9e5710cfb39e184  bytes=32
  fixture file: rs/probe-tc-nightly/src/main.rs  sha256=536e506bb90914c243a12b397b9a998f85ae2cbd9ba02dfd03a9e155ca5ca0f4  bytes=13
  $ /Users/iv/.cargo/bin/rustc --version
      dir  : /Users/iv/Developer/ReluxWorks/curator/.temp/TASK-260729-rhjxtx/run2-macos/work/rs/probe-tc-nightly
      env  : RUSTUP_DIST_SERVER=http://127.0.0.1:1 RUSTUP_UPDATE_ROOT=http://127.0.0.1:1
      exit : 1
      err| info: syncing channel updates for 'nightly-aarch64-apple-darwin'
      err| error: failed to download file error=Reqwest(reqwest::Error { kind: Request, url: "http://127.0.0.1:1/dist/channel-rust-nightly.toml.sha256", source: hyper_util::client::legacy::Error(Connect, ConnectError("tcp connect error", Os { code: 61, kind: ConnectionRefused, message: "Connection refused" })) })
      err| error: could not download file from 'http://127.0.0.1:1/dist/channel-rust-nightly.toml.sha256' to '/Users/iv/.rustup/tmp/d3dqy25wkbv84qpb_file': error downloading file: error sending request for url (http://127.0.0.1:1/dist/channel-rust-nightly.toml.sha256): client error (Connect): tcp connect error: Connection refused (os error 61): Connection refused (os error 61)
  $ /Users/iv/.rustup/toolchains/1.91.0-aarch64-apple-darwin/bin/rustc --version
      dir  : /Users/iv/Developer/ReluxWorks/curator/.temp/TASK-260729-rhjxtx/run2-macos/work/rs/probe-tc-nightly
      exit : 0
      out| rustc 1.91.0 (f8297e351 2025-10-28)
  MANAGER OBLIGATION: Resolve the concrete toolchain root directly and never through a version-manager shim. rust-toolchain.toml is then inert: the same directory that redirects the shim leaves a directly resolved rustc unchanged.
  consumers: TASK-260728-12pnm1

[MATCH] rust.negative.selector-toolchain-path
  rust-toolchain.toml path selects the compiler through the shim
  language=rust kind=negative
  expected=package_selector observed=package_selector
  decidable_before_compiler_work=True (expected True)
  upstream_rejects_after_compilation=False
  measured: selector shim_exit=1 root_exit=0 attempted_install=False
  fixture file: rs/probe-tc-path/Cargo.toml  sha256=9aae2e72bec511880e07e0c8ae2ce1d7fb09b49e06227f16785aace7879fab05  bytes=90
  fixture file: rs/probe-tc-path/rust-toolchain.toml  sha256=ac02a418a16f26158e6dd36df3b3ca1b663c7912bd1604e10b63e88f046a2514  bytes=47
  fixture file: rs/probe-tc-path/src/main.rs  sha256=536e506bb90914c243a12b397b9a998f85ae2cbd9ba02dfd03a9e155ca5ca0f4  bytes=13
  $ /Users/iv/.cargo/bin/rustc --version
      dir  : /Users/iv/Developer/ReluxWorks/curator/.temp/TASK-260729-rhjxtx/run2-macos/work/rs/probe-tc-path
      exit : 1
      err| error: invalid toolchain: the path '/nonexistent/trusted/root' has no bin/ directory
  $ /Users/iv/.rustup/toolchains/1.91.0-aarch64-apple-darwin/bin/rustc --version
      dir  : /Users/iv/Developer/ReluxWorks/curator/.temp/TASK-260729-rhjxtx/run2-macos/work/rs/probe-tc-path
      exit : 0
      out| rustc 1.91.0 (f8297e351 2025-10-28)
  MANAGER OBLIGATION: Resolve the concrete toolchain root directly and never through a version-manager shim. rust-toolchain.toml is then inert: the same directory that redirects the shim leaves a directly resolved rustc unchanged.
  consumers: TASK-260728-12pnm1

[MATCH] rust.negative.target-std-absent
  known target triple whose standard library is not in the trusted tree
  language=rust kind=negative
  expected=target_host observed=target_host
  decidable_before_compiler_work=True (expected True)
  upstream_rejects_after_compilation=True
  measured: target_print_exit=0 std_checked=True std_present=False
  measured: build_exit=101 started_compilation=True
  compilation evidence line (measured, not inferred):
       Compiling probe-positive v0.1.0 (/Users/iv/Developer/ReluxWorks/curator/.temp/TASK-260729-rhjxtx/run2-macos/work/rs/probe-positive)
  $ /Users/iv/.rustup/toolchains/1.91.0-aarch64-apple-darwin/bin/rustc --print target-libdir --target x86_64-unknown-linux-gnu
      dir  : /Users/iv/Developer/ReluxWorks/curator/.temp/TASK-260729-rhjxtx/run2-macos/work
      exit : 0
      out| /Users/iv/.rustup/toolchains/1.91.0-aarch64-apple-darwin/lib/rustlib/x86_64-unknown-linux-gnu/lib
  $ /Users/iv/.rustup/toolchains/1.91.0-aarch64-apple-darwin/bin/cargo build --offline --target x86_64-unknown-linux-gnu
      dir  : /Users/iv/Developer/ReluxWorks/curator/.temp/TASK-260729-rhjxtx/run2-macos/work/rs/probe-positive
      env  : CARGO_TARGET_DIR=/Users/iv/Developer/ReluxWorks/curator/.temp/TASK-260729-rhjxtx/run2-macos/work/cargo-target/target-x86_64-unknown-linux-gnu RUSTC=/Users/iv/.rustup/toolchains/1.91.0-aarch64-apple-darwin/bin/rustc
      exit : 101
      err| Compiling probe-positive v0.1.0 (/Users/iv/Developer/ReluxWorks/curator/.temp/TASK-260729-rhjxtx/run2-macos/work/rs/probe-positive)
      err| error[E0463]: can't find crate for `std`
      err|   |
      err|   = note: the `x86_64-unknown-linux-gnu` target may not be installed
      err|   = help: consider downloading the target with `rustup target add x86_64-unknown-linux-gnu`
      err| 
      err| For more information about this error, try `rustc --explain E0463`.
      err| error: could not compile `probe-positive` (bin "probe-positive") due to 1 previous error
  MANAGER OBLIGATION: Membership in `rustc --print target-list` is representability only. Admission requires the manager to stat <root>/lib/rustlib/<target>/lib inside the fingerprinted tree; `rustc --print target-libdir` returns exit 0 and a path for a target whose standard library is absent.
  consumers: TASK-260728-12pnm1

[MATCH] rust.negative.target-unknown
  target triple the compiler does not know
  language=rust kind=negative
  expected=target_representability observed=target_representability
  decidable_before_compiler_work=True (expected True)
  upstream_rejects_after_compilation=False
  measured: target_print_exit=1 std_checked=False std_present=False
  measured: build_exit=101 started_compilation=False
  $ /Users/iv/.rustup/toolchains/1.91.0-aarch64-apple-darwin/bin/rustc --print target-libdir --target not-a-real-target
      dir  : /Users/iv/Developer/ReluxWorks/curator/.temp/TASK-260729-rhjxtx/run2-macos/work
      exit : 1
      err| error: error loading target specification: could not find specification for target "not-a-real-target"
      err|   |
      err|   = help: run `rustc --print target-list` for a list of built-in targets
  $ /Users/iv/.rustup/toolchains/1.91.0-aarch64-apple-darwin/bin/cargo build --offline --target not-a-real-target
      dir  : /Users/iv/Developer/ReluxWorks/curator/.temp/TASK-260729-rhjxtx/run2-macos/work/rs/probe-positive
      env  : CARGO_TARGET_DIR=/Users/iv/Developer/ReluxWorks/curator/.temp/TASK-260729-rhjxtx/run2-macos/work/cargo-target/target-not-a-real-target RUSTC=/Users/iv/.rustup/toolchains/1.91.0-aarch64-apple-darwin/bin/rustc
      exit : 101
      err| error: failed to run `rustc` to learn about target-specific information
      err| 
      err| Caused by:
      err|   process didn't exit successfully: `/Users/iv/.rustup/toolchains/1.91.0-aarch64-apple-darwin/bin/rustc - --crate-name ___ --print=file-names --target not-a-real-target --crate-type bin --crate-type rlib --crate-type dylib --crate-type cdylib --crate-type staticlib --crate-type proc-macro --print=sysroot --print=split-debuginfo --print=crate-name --print=cfg -Wwarnings` (exit status: 1)
      err|   --- stderr
      err|   error: error loading target specification: could not find specification for target "not-a-real-target"
      err|     |
      err|     = help: run `rustc --print target-list` for a list of built-in targets
  MANAGER OBLIGATION: An unknown triple is refused by `rustc --print target-libdir --target <t>` with a non-zero exit before any compilation, so representability needs no extra manager check.
  consumers: TASK-260728-12pnm1

[MATCH] rust.positive.msrv-below-host
  valid Cargo.toml whose rust-version is below the resolved toolchain
  language=rust kind=positive
  expected=none observed=none
  decidable_before_compiler_work=True (expected True)
  upstream_rejects_after_compilation=False
  measured: metadata_exit=0 extracted='1.85'
  measured: build_exit=0 started_compilation=True
  compilation evidence line (measured, not inferred):
       Compiling probe-positive v0.1.0 (/Users/iv/Developer/ReluxWorks/curator/.temp/TASK-260729-rhjxtx/run2-macos/work/rs/probe-positive)
  fixture file: rs/probe-positive/Cargo.toml  sha256=25a3d22da1073c708ecea201aa53fd7df59c23af8a7fc1d514f463ed9d07b6c1  bytes=91
  fixture file: rs/probe-positive/src/main.rs  sha256=536e506bb90914c243a12b397b9a998f85ae2cbd9ba02dfd03a9e155ca5ca0f4  bytes=13
  $ /Users/iv/.rustup/toolchains/1.91.0-aarch64-apple-darwin/bin/cargo metadata --no-deps --format-version 1 --offline
      dir  : /Users/iv/Developer/ReluxWorks/curator/.temp/TASK-260729-rhjxtx/run2-macos/work/rs/probe-positive
      env  : CARGO_TARGET_DIR=/Users/iv/Developer/ReluxWorks/curator/.temp/TASK-260729-rhjxtx/run2-macos/work/cargo-target/probe-positive RUSTC=/Users/iv/.rustup/toolchains/1.91.0-aarch64-apple-darwin/bin/rustc
      exit : 0  (truncated output)
      out| {"packages":[{"name":"probe-positive","version":"0.1.0","id":"path+file:///Users/iv/Developer/ReluxWorks/curator/.temp/TASK-260729-rhjxtx/run2-macos/work/rs/probe-positive#0.1.0","license":null,"license_file":null,"description":null,"source":null,"dependencies":[],"targets":[{"kind":["bin"],"crate_types":["bin"],"name":"probe-positive","src_path":"/Users/iv/Developer/ReluxWorks/curator/.temp/TASK-260729-rhjxtx/run2-macos/work/rs/probe-positive/src/main.rs","edition":"2021","doc":true,"doctest":false,"test":true}],"features":{},"manifest_path":"/Users/iv/Developer/ReluxWorks/curator/.temp/TASK-260729-rhjxtx/run2-macos/work/rs/probe-positive/Cargo.toml","metadata":null,"publish":null,"authors":[],"categories":[],"keywords":[],"readme":null,"repository":null,"homepage":null,"documentation":null,"edition":"2021","links":null,"default_run":null,"rust_version":"1.85"}],"workspace_members":["path+file:///Users/iv/Developer/ReluxWorks/curator/.temp/TASK-260729-rhjxtx/run2-macos/work/rs/probe-positive#0.1.0"],"workspace_default_members":["path+file:///Users/iv/Developer/ReluxWorks/curator/.temp/TASK-260729-rhjxtx/run2-macos/work/rs/probe-positive#0.1.0"],"resolve":null,"target_directory":"/
  $ /Users/iv/.rustup/toolchains/1.91.0-aarch64-apple-darwin/bin/cargo build --offline
      dir  : /Users/iv/Developer/ReluxWorks/curator/.temp/TASK-260729-rhjxtx/run2-macos/work/rs/probe-positive
      env  : CARGO_TARGET_DIR=/Users/iv/Developer/ReluxWorks/curator/.temp/TASK-260729-rhjxtx/run2-macos/work/cargo-target/probe-positive RUSTC=/Users/iv/.rustup/toolchains/1.91.0-aarch64-apple-darwin/bin/rustc
      exit : 0
      err| Compiling probe-positive v0.1.0 (/Users/iv/Developer/ReluxWorks/curator/.temp/TASK-260729-rhjxtx/run2-macos/work/rs/probe-positive)
      err|     Finished `dev` profile [unoptimized + debuginfo] target(s) in 0.10s
  consumers: TASK-260728-12pnm1

[MATCH] swift.negative.manifest-is-a-program
  reading the manifest body executes package-authored code
  language=swift kind=negative
  expected=package_selector observed=package_selector
  decidable_before_compiler_work=True (expected True)
  upstream_rejects_after_compilation=False
  measured: selector shim_exit=1 root_exit=0 attempted_install=True
  fixture file: sw/fatal/Package.swift  sha256=37f4458b9288f771b46ea299b9eb8b83e3acf303809fc3d2caef5baf707ab8c2  bytes=173
  fixture file: sw/fatal/Sources/probe/main.swift  sha256=3ea9650e46227359de69ff326ae334336c559061ed6eca0807da33e156ea37f4  bytes=11
  $ /Applications/Xcode_26_5.app/Contents/Developer/Toolchains/XcodeDefault.xctoolchain/usr/bin/swift package tools-version
      dir  : /Users/iv/Developer/ReluxWorks/curator/.temp/TASK-260729-rhjxtx/run2-macos/work/sw/fatal
      exit : 0
      out| 6.0.0
  $ /Applications/Xcode_26_5.app/Contents/Developer/Toolchains/XcodeDefault.xctoolchain/usr/bin/swift package dump-package
      dir  : /Users/iv/Developer/ReluxWorks/curator/.temp/TASK-260729-rhjxtx/run2-macos/work/sw/fatal
      exit : 1  (truncated output)
      err| error: 'fatal': Invalid manifest (compiled with: ["/Applications/Xcode_26_5.app/Contents/Developer/Toolchains/XcodeDefault.xctoolchain/usr/bin/swiftc", "-vfsoverlay", "/var/folders/cz/jqbthtks55zbkpcdkfyk4bl80000gp/T/TemporaryDirectory.p30V2k/vfs.yaml", "-L", "/Applications/Xcode_26_5.app/Contents/Developer/Toolchains/XcodeDefault.xctoolchain/usr/lib/swift/pm/ManifestAPI", "-lPackageDescription", "-Xlinker", "-rpath", "-Xlinker", "/Applications/Xcode_26_5.app/Contents/Developer/Toolchains/XcodeDefault.xctoolchain/usr/lib/swift/pm/ManifestAPI", "-target", "arm64-apple-macosx14.0", "-plugin-path", "/Applications/Xcode_26_5.app/Contents/Developer/Toolchains/XcodeDefault.xctoolchain/usr/lib/swift/host/plugins/testing", "-sdk", "/Applications/Xcode_26_5.app/Contents/Developer/Platforms/MacOSX.platform/Developer/SDKs/MacOSX26.5.sdk", "-F", "/Applications/Xcode_26_5.app/Contents/Developer/Platforms/MacOSX.platform/Developer/Library/Frameworks", "-I", "/Applications/Xcode_26_5.app/Contents/Developer/Platforms/MacOSX.platform/Developer/usr/lib", "-L", "/Applications/Xcode_26_5.app/Contents/Developer/Platforms/MacOSX.platform/Developer/usr/lib", "-swift-version", "6", "-I", "/Applications/Xc
  MANAGER OBLIGATION: Never invoke `swift package dump-package`, `describe`, `resolve`, or `build` to learn what a package declares. Measured on this host: dump-package compiled the manifest (true) and executed it (true), while `swift package tools-version` returned the header from the same directory without doing either. A Swift driver's graph phase is therefore limited to the header, and the target/product set must come from the manager-owned wire surface rather than from the manifest.
  consumers: TASK-260728-1yhuqi

[MATCH] swift.negative.selector-swift-version-file
  .swift-version does not redirect a directly resolved toolchain
  language=swift kind=negative
  expected=none observed=none
  decidable_before_compiler_work=True (expected True)
  upstream_rejects_after_compilation=False
  measured: selector shim_exit=0 root_exit=0 attempted_install=False
  fixture file: sw/swiftver/.swift-version  sha256=a3cd6b827c4a4e7e7601c9aace0a77a7915cfa18b8b039139b1dcbb1c4b22c0d  bytes=6
  fixture file: sw/swiftver/Package.swift  sha256=625be46dfe855fb169e194dd257cc862e2e099224ea9ea743571f7388f552cc1  bytes=135
  fixture file: sw/swiftver/Sources/probe/main.swift  sha256=3ea9650e46227359de69ff326ae334336c559061ed6eca0807da33e156ea37f4  bytes=11
  $ /Applications/Xcode_26_5.app/Contents/Developer/Toolchains/XcodeDefault.xctoolchain/usr/bin/swift --version
      dir  : /Users/iv/Developer/ReluxWorks/curator/.temp/TASK-260729-rhjxtx/run2-macos/work/sw/swiftver
      exit : 0
      out| Apple Swift version 6.3.2 (swiftlang-6.3.2.1.108 clang-2100.1.1.101)
      out| Target: arm64-apple-macosx26.0
      err| swift-driver version: 1.148.6
  $ /Applications/Xcode_26_5.app/Contents/Developer/Toolchains/XcodeDefault.xctoolchain/usr/bin/swift --version
      dir  : /Users/iv/Developer/ReluxWorks/curator/.temp/TASK-260729-rhjxtx/run2-macos/work
      exit : 0
      out| Apple Swift version 6.3.2 (swiftlang-6.3.2.1.108 clang-2100.1.1.101)
      out| Target: arm64-apple-macosx26.0
      err| swift-driver version: 1.148.6
  MANAGER OBLIGATION: `.swift-version` is honored by the swiftly version manager, not by a directly resolved toolchain. Measured on this host the file changed nothing, which is the property that lets the driver classify the field `compared` rather than `forbidden`: it is an assertion the manager reads and never honors.
  consumers: TASK-260728-1yhuqi

[MATCH] swift.negative.target-stdlib-absent
  known target triple whose standard library this toolchain cannot load
  language=swift kind=negative
  expected=target_host observed=target_host
  decidable_before_compiler_work=True (expected True)
  upstream_rejects_after_compilation=True
  measured: target_print_exit=0 std_checked=True std_present=False
  measured: build_exit=1 started_compilation=True
  compilation evidence line (measured, not inferred):
    /Applications/Xcode_26_5.app/Contents/Developer/Toolchains/XcodeDefault.xctoolchain/usr/bin/swift-frontend -frontend -c -primary-file /Users/iv/Developer/ReluxWorks/curator/.temp/TASK-260729-rhjxtx/run2-macos/work/sw/target/main.swift -targ…
  fixture file: sw/target/main.swift  sha256=3ea9650e46227359de69ff326ae334336c559061ed6eca0807da33e156ea37f4  bytes=11
  $ /Applications/Xcode_26_5.app/Contents/Developer/Toolchains/XcodeDefault.xctoolchain/usr/bin/swiftc -print-target-info -target x86_64-unknown-linux-gnu
      dir  : /Users/iv/Developer/ReluxWorks/curator/.temp/TASK-260729-rhjxtx/run2-macos/work
      exit : 0
      out| {
      out|   "compilerVersion": "Apple Swift version 6.3.2 (swiftlang-6.3.2.1.108 clang-2100.1.1.101)",
      out|   "swiftCompilerTag": "swiftlang-6.3.2.1.108",
      out|   "target": {
      out|     "triple": "x86_64-unknown-linux-gnu",
      out|     "unversionedTriple": "x86_64-unknown-linux-gnu",
      out|     "moduleTriple": "x86_64-unknown-linux-gnu",
      out|     "platform": "linux",
      out|     "arch": "x86_64",
      out|     "pointerWidthInBits": 64,
      out|     "pointerWidthInBytes": 8,
      out|     "compatibilityLibraries": [ ],
  $ /Applications/Xcode_26_5.app/Contents/Developer/Toolchains/XcodeDefault.xctoolchain/usr/bin/swiftc -v -target x86_64-unknown-linux-gnu -c /Users/iv/Developer/ReluxWorks/curator/.temp/TASK-260729-rhjxtx/run2-macos/work/sw/target/main.swift -o /Users/iv/Developer/ReluxWorks/curator/.temp/TASK-260729-rhjxtx/run2-macos/work/sw/target/main.o
      dir  : /Users/iv/Developer/ReluxWorks/curator/.temp/TASK-260729-rhjxtx/run2-macos/work
      exit : 1
      out| /Applications/Xcode_26_5.app/Contents/Developer/Toolchains/XcodeDefault.xctoolchain/usr/bin/swift-frontend -frontend -c -primary-file /Users/iv/Developer/ReluxWorks/curator/.temp/TASK-260729-rhjxtx/run2-macos/work/sw/target/main.swift -target x86_64-unknown-linux-gnu -disable-objc-interop -no-color-diagnostics -Xcc -fno-color-diagnostics -new-driver-path /Applications/Xcode_26_5.app/Contents/Developer/Toolchains/XcodeDefault.xctoolchain/usr/bin/swift-driver -empty-abi-descriptor -no-auto-bridging-header-chaining -module-name main -disable-clang-spi -in-process-plugin-server-path /Applications/Xcode_26_5.app/Contents/Developer/Toolchains/XcodeDefault.xctoolchain/usr/lib/swift/host/libSwiftInProcPluginServer.dylib -plugin-path /Applications/Xcode_26_5.app/Contents/Developer/Toolchains/XcodeDefault.xctoolchain/usr/lib/swift/host/plugins -plugin-path /Applications/Xcode_26_5.app/Contents/Developer/Toolchains/XcodeDefault.xctoolchain/usr/local/lib/swift/host/plugins -o /Users/iv/Developer/ReluxWorks/curator/.temp/TASK-260729-rhjxtx/run2-macos/work/sw/target/main.o
      err| Apple Swift version 6.3.2 (swiftlang-6.3.2.1.108 clang-2100.1.1.101)
      err| Target: x86_64-unknown-linux-gnu
      err| <unknown>:0: warning: libc not found for 'x86_64-unknown-linux-gnu'; C stdlib may be unavailable
      err| <unknown>:0: error: unable to load standard library for target 'x86_64-unknown-linux-gnu'
  MANAGER OBLIGATION: A triple accepted by `-print-target-info` is only representable. Measured on this host, `-print-target-info -target x86_64-unknown-linux-gnu` exits 0 while compiling for it fails with `unable to load standard library for target`. The early gate is to stat the paths.runtimeLibraryPaths that the same command reports: for a target this toolchain cannot serve, they do not exist inside the trusted tree.
  consumers: TASK-260728-1yhuqi

[MATCH] swift.negative.target-unknown
  target triple the compiler does not know
  language=swift kind=negative
  expected=target_representability observed=target_representability
  decidable_before_compiler_work=True (expected True)
  upstream_rejects_after_compilation=False
  measured: target_print_exit=1 std_checked=False std_present=False
  measured: build_exit=1 started_compilation=False
  fixture file: sw/target/main.swift  sha256=3ea9650e46227359de69ff326ae334336c559061ed6eca0807da33e156ea37f4  bytes=11
  $ /Applications/Xcode_26_5.app/Contents/Developer/Toolchains/XcodeDefault.xctoolchain/usr/bin/swiftc -print-target-info -target not-a-real-triple
      dir  : /Users/iv/Developer/ReluxWorks/curator/.temp/TASK-260729-rhjxtx/run2-macos/work
      exit : 1
      err| error: unknown target 'not-a-real-triple'
  $ /Applications/Xcode_26_5.app/Contents/Developer/Toolchains/XcodeDefault.xctoolchain/usr/bin/swiftc -v -target not-a-real-triple -c /Users/iv/Developer/ReluxWorks/curator/.temp/TASK-260729-rhjxtx/run2-macos/work/sw/target/main.swift -o /Users/iv/Developer/ReluxWorks/curator/.temp/TASK-260729-rhjxtx/run2-macos/work/sw/target/main.o
      dir  : /Users/iv/Developer/ReluxWorks/curator/.temp/TASK-260729-rhjxtx/run2-macos/work
      exit : 1
      err| error: unknown target 'not-a-real-triple'
  MANAGER OBLIGATION: An unknown triple is refused by `-print-target-info` with a non-zero exit and `unknown target`, before any compilation. The measured -v job trace carries no frontend job, so the driver rejects the triple without starting a compiler.
  consumers: TASK-260728-1yhuqi

[MATCH] swift.negative.tools-version-future
  Package.swift tools version above the resolved toolchain
  language=swift kind=negative
  expected=host_version observed=host_version
  decidable_before_compiler_work=True (expected True)
  upstream_rejects_after_compilation=False
  measured: metadata_exit=0 extracted='99.0.0'
  measured: build_exit=1 started_compilation=False
  fixture file: sw/future/Package.swift  sha256=9b46ee62d61f8c864b61373ab9684e83f889b7a66153891d588f4989582e2fa1  bytes=136
  fixture file: sw/future/Sources/probe/main.swift  sha256=3ea9650e46227359de69ff326ae334336c559061ed6eca0807da33e156ea37f4  bytes=11
  $ /Applications/Xcode_26_5.app/Contents/Developer/Toolchains/XcodeDefault.xctoolchain/usr/bin/swift package tools-version
      dir  : /Users/iv/Developer/ReluxWorks/curator/.temp/TASK-260729-rhjxtx/run2-macos/work/sw/future
      exit : 0
      out| 99.0.0
  $ /Applications/Xcode_26_5.app/Contents/Developer/Toolchains/XcodeDefault.xctoolchain/usr/bin/swift build
      dir  : /Users/iv/Developer/ReluxWorks/curator/.temp/TASK-260729-rhjxtx/run2-macos/work/sw/future
      exit : 1
      err| error: 'future': package 'future' is using Swift tools version 99.0.0 but the installed version is 6.3.2
      err| error: 'future': package 'future' is using Swift tools version 99.0.0 but the installed version is 6.3.2
  MANAGER OBLIGATION: Read the tools version with `swift package tools-version` in the graph phase and compare it against the resolved toolchain identity. Unlike cargo, SwiftPM also rejects it itself before compiling, so this preflight removes a wasted process rather than a security gap.
  consumers: TASK-260728-1yhuqi

[MATCH] swift.negative.tools-version-malformed
  Package.swift tools version that is not a version
  language=swift kind=negative
  expected=representability observed=representability
  decidable_before_compiler_work=True (expected True)
  upstream_rejects_after_compilation=False
  measured: metadata_exit=1 extracted=''
  measured: build_exit=1 started_compilation=False
  fixture file: sw/malformed/Package.swift  sha256=908b0f8e54562c7cf7826c7198d1626f38c68b49376dccd6c37eab163c203202  bytes=145
  fixture file: sw/malformed/Sources/probe/main.swift  sha256=3ea9650e46227359de69ff326ae334336c559061ed6eca0807da33e156ea37f4  bytes=11
  $ /Applications/Xcode_26_5.app/Contents/Developer/Toolchains/XcodeDefault.xctoolchain/usr/bin/swift package tools-version
      dir  : /Users/iv/Developer/ReluxWorks/curator/.temp/TASK-260729-rhjxtx/run2-macos/work/sw/malformed
      exit : 1
      err| error: the Swift tools version 'not-a-version' is misspelt or otherwise invalid; consider replacing it with '// swift-tools-version: 6.3.2' to specify the current Swift toolchain version as the lowest Swift version supported by the project
  $ /Applications/Xcode_26_5.app/Contents/Developer/Toolchains/XcodeDefault.xctoolchain/usr/bin/swift build
      dir  : /Users/iv/Developer/ReluxWorks/curator/.temp/TASK-260729-rhjxtx/run2-macos/work/sw/malformed
      exit : 1
      err| error: 'malformed': the Swift tools version 'not-a-version' is misspelt or otherwise invalid; consider replacing it with '// swift-tools-version: 6.3.2' to specify the current Swift toolchain version as the lowest Swift version supported by the project
      err| error: 'malformed': the Swift tools version 'not-a-version' is misspelt or otherwise invalid; consider replacing it with '// swift-tools-version: 6.3.2' to specify the current Swift toolchain version as the lowest Swift version supported by the project
      err| error: the Swift tools version 'not-a-version' is misspelt or otherwise invalid; consider replacing it with '// swift-tools-version: 6.3.2' to specify the current Swift toolchain version as the lowest Swift version supported by the project
  MANAGER OBLIGATION: The header is refused by the reader command itself, with no host input, so this is a Stage B file-shape rejection.
  consumers: TASK-260728-1yhuqi

[MATCH] swift.positive.tools-version-below-host
  Package.swift tools version below the resolved toolchain
  language=swift kind=positive
  expected=none observed=none
  decidable_before_compiler_work=True (expected True)
  upstream_rejects_after_compilation=False
  measured: metadata_exit=0 extracted='6.0.0'
  measured: build_exit=0 started_compilation=True
  compilation evidence line (measured, not inferred):
    [4/8] Compiling probe main.swift
  fixture file: sw/positive/Package.swift  sha256=625be46dfe855fb169e194dd257cc862e2e099224ea9ea743571f7388f552cc1  bytes=135
  fixture file: sw/positive/Sources/probe/main.swift  sha256=3ea9650e46227359de69ff326ae334336c559061ed6eca0807da33e156ea37f4  bytes=11
  $ /Applications/Xcode_26_5.app/Contents/Developer/Toolchains/XcodeDefault.xctoolchain/usr/bin/swift package tools-version
      dir  : /Users/iv/Developer/ReluxWorks/curator/.temp/TASK-260729-rhjxtx/run2-macos/work/sw/positive
      exit : 0
      out| 6.0.0
  $ /Applications/Xcode_26_5.app/Contents/Developer/Toolchains/XcodeDefault.xctoolchain/usr/bin/swift build
      dir  : /Users/iv/Developer/ReluxWorks/curator/.temp/TASK-260729-rhjxtx/run2-macos/work/sw/positive
      exit : 0
      out| Building for debugging...
      out| [0/6] Write sources
      out| [1/6] Write probe-entitlement.plist
      out| [2/6] Write swift-version-45881B103DA9D485.txt
      out| [4/8] Compiling probe main.swift
      out| [5/8] Emitting module probe
      out| [5/8] Write Objects.LinkFileList
      out| [6/8] Linking probe
      out| [7/8] Applying probe
      out| Build complete! (0.61s)
  consumers: TASK-260728-1yhuqi

------------------------------------------------------------------------------
INSTALLATION GUIDANCE INPUTS (manager-owned; this probe never installs)
------------------------------------------------------------------------------
  toolchain.rust.absent.primary-source
    toolchain     : rust
    reason        : build_toolchain_unavailable
    primary source: https://www.rust-lang.org/tools/install  (Rust Project (rust-lang.org))
    operator action: The operator installs a Rust release toolchain from the Rust Project's own distribution and then configures the concrete toolchain root in manager-owned configuration. The root is the directory carrying bin/rustc and bin/cargo, never a rustup shim directory and never a PATH entry.
    auto_install  : False
  toolchain.swift.absent.primary-source
    toolchain     : swift
    reason        : build_toolchain_unavailable
    primary source: https://www.swift.org/install/  (Swift Project (swift.org))
    operator action: The operator installs a Swift release toolchain from the Swift Project's own distribution, or on macOS uses the toolchain inside an installed Xcode, and then configures the concrete toolchain root in manager-owned configuration. The root is the directory carrying usr/bin/swiftc, never a swiftly shim and never DEVELOPER_DIR or TOOLCHAINS.
    auto_install  : False
  toolchain.kotlin-native.absent.primary-source
    toolchain     : kotlin
    reason        : build_toolchain_unavailable
    primary source: https://github.com/JetBrains/kotlin/releases  (JetBrains (Kotlin release distribution))
    operator action: The operator installs a Kotlin/Native release distribution published by JetBrains and configures its concrete root in manager-owned configuration. The Kotlin compiler shipped by a general package manager is normally the JVM front end and does not satisfy this requirement; a JVM front end is reported as wrong_backend rather than accepted.
    auto_install  : False

==============================================================================
RUN 2 of 2 — Windows 10.0.19045 amd64 via SSH alias win, rework cycle 1
==============================================================================
fixture_version : toolchain-probe-fixture-v1
task            : TASK-260729-rhjxtx
host            : windows/amd64 (goos=windows goarch=amd64 os_version=Microsoft Windows [Version 10.0.19045.6456])
probe go        : go1.25.5
summary         : 19 cases, 0 matched, 0 divergences, 19 not run; 3 toolchains unavailable, 0 wrong backend

------------------------------------------------------------------------------
TOOLCHAIN rust  ::  unavailable
------------------------------------------------------------------------------
  reason          : no trusted Rust root was supplied to the probe; the probe does not search PATH, an inherited environment, or a version-manager shim for one
  guidance        : toolchain.rust.absent.primary-source
  declaration     : channel=probe_explicit_root root=(none)
                    primary_relpath=bin\cargo.exe present=False path_was_searched=False
  metadata source : Cargo.toml
                    readable_without_execution=True
                    reader=cargo metadata --no-deps --format-version 1 --offline
                    field package.rust-version -> compared (measured=True)
                      an MSRV assertion about the resolved toolchain; surfaced by cargo metadata as packages[].rust_version without compiling anything
                    field workspace.package.rust-version -> compared (measured=False)
                      same assertion inherited through a workspace; the reader command resolves the inheritance
  metadata source : rust-toolchain.toml
                    readable_without_execution=True
                    reader=read the file; never hand it to a shim
                    field toolchain.path -> forbidden (measured=True)
                      names where a toolchain comes from; measured to change which rustc runs
                    field toolchain.channel -> compared (measured=True)
                      a version literal or `stable` is an assertion and is never honored; `nightly`, `beta` and dated channels assert a prerelease host, which is never resolved
                    field toolchain.components -> ignored (measured=False)
                      selects distribution contents, which the trusted root already fixes
                    field toolchain.targets -> ignored (measured=False)
                      selects installable targets; target admission is manager-owned
                    field toolchain.profile -> ignored (measured=False)
                      selects distribution contents
  metadata source : rust-toolchain
                    readable_without_execution=True
                    reader=read the file
                    field <bare channel string> -> compared (measured=False)
                      the legacy one-line form of toolchain.channel; the same classifier applies

------------------------------------------------------------------------------
TOOLCHAIN swift  ::  unavailable
------------------------------------------------------------------------------
  reason          : no trusted Swift root was supplied to the probe; the probe does not search PATH, DEVELOPER_DIR, TOOLCHAINS, or a version-manager shim for one
  guidance        : toolchain.swift.absent.primary-source
  declaration     : channel=probe_explicit_root root=(none)
                    primary_relpath=usr\bin\swift.exe present=False path_was_searched=False
  metadata source : Package.swift (// swift-tools-version header)
                    readable_without_execution=True
                    reader=swift package tools-version
                    evidence: measured: returns exit 0 and the normalized tools version for a manifest carrying a Swift syntax error and for a manifest whose body is a fatalError, so it reads the header line and neither compiles nor runs the manifest
                    field swift-tools-version -> compared (measured=True)
                      an assertion about the resolved toolchain; SwiftPM normalizes it to major.minor.patch on stdout
  metadata source : Package.swift (body)
                    readable_without_execution=False
                    reader=swift package dump-package
                    evidence: measured: dump-package compiles Package.swift with swiftc into a `<name>-manifest` executable and runs it; the fatalError fixture reports `Fatal error: PROBE-MANIFEST-EXECUTED`
                    field <entire manifest program> -> forbidden (measured=True)
                      reading it is package-selected code execution; no driver admitted by decision 0008 may invoke it
  metadata source : .swift-version
                    readable_without_execution=True
                    reader=read the file
                    evidence: measured: the Xcode-provided swift driver ignores it; it is honored by the swiftly version manager, which the trusted-resolution rule already forbids
                    field <bare version string> -> compared (measured=True)
                      an assertion about which toolchain the author expected; never honored, because resolution is operator-owned

------------------------------------------------------------------------------
TOOLCHAIN kotlin  ::  unavailable
------------------------------------------------------------------------------
  reason          : no trusted Kotlin/Native root was supplied to the probe, and none was found by the operator on either probed host; the probe does not search PATH, KOTLIN_HOME, ~/.konan, sdkman, or a package manager for one, and it never installs
  guidance        : toolchain.kotlin-native.absent.primary-source
  declaration     : channel=probe_explicit_root root=(none)
                    primary_relpath=bin\kotlinc-native.bat present=False path_was_searched=False
  metadata source : (none defined by the Kotlin/Native compiler-only path)
                    readable_without_execution=False
                    evidence: no candidate is proposed. Decision 0008 section 4 requires exactly one closed driver-defined project-metadata file directly in the build root, as go-v1 binds go.mod. kotlinc-native consumes .kt sources and an output path and defines no manifest, and the ecosystem's manifest is a Gradle script, which the entry below measures as executable code. Naming a candidate without a qualified Kotlin/Native host would be a fabricated platform claim, so this probe supplies the boundary rather than a file: UNVERIFIED against a real Kotlin/Native distribution: the branch is implemented and unit-tested against a synthetic root, and has never seen output from a real konan compiler
                    field <no legal field> -> forbidden (measured=False)
                      the only source-tree surface the ecosystem offers for this slot is a program; whether a curator-owned metadata file is minted instead is TASK-260728-168smo's decision under section 10's retirement clause
  metadata source : build.gradle / build.gradle.kts / settings.gradle*
                    readable_without_execution=False
                    reader=gradle properties (measured only to establish the cost of reading it; never a driver command)
                    evidence: not measured on this host: no Gradle launcher was supplied with -gradle. Recorded because the mainstream Kotlin build path is a general-purpose script engine and reading it is package-selected code execution by construction
                    field <entire build script> -> forbidden (measured=False)
                      a Gradle build script is a program; no driver admitted by decision 0008 may invoke it, and the Gradle wrapper additionally downloads its own distribution

------------------------------------------------------------------------------
CASES
------------------------------------------------------------------------------

[NOT_RUN] kotlin.negative.backend-is-not-native
  a Kotlin compiler on the host is a JVM front end, not Kotlin/Native
  language=kotlin kind=negative
  expected=backend_identity observed=-
  decidable_before_compiler_work=False (expected True)
  upstream_rejects_after_compilation=False
  NOT RUN: no Kotlin compiler path was supplied (-kotlinc-jvm), so backend identity could not be measured on this host
  consumers: TASK-260728-168smo

[NOT_RUN] kotlin.negative.metadata-is-a-program
  reading Kotlin project metadata compiles package-authored code as a program
  language=kotlin kind=negative
  expected=package_selector observed=-
  decidable_before_compiler_work=False (expected True)
  upstream_rejects_after_compilation=False
  NOT RUN: no Gradle launcher path was supplied (-gradle), so the cost of reading Kotlin project metadata could not be measured on this host
  consumers: TASK-260728-168smo

[NOT_RUN] kotlin.negative.target-not-listed
  legal Kotlin/Native target this distribution does not serve
  language=kotlin kind=negative
  expected=target_host observed=-
  decidable_before_compiler_work=False (expected True)
  upstream_rejects_after_compilation=False
  NOT RUN: no trusted Kotlin/Native root was supplied to the probe, and none was found by the operator on either probed host; the probe does not search PATH, KOTLIN_HOME, ~/.konan, sdkman, or a package manager for one, and it never installs
  consumers: TASK-260728-168smo

[NOT_RUN] kotlin.negative.target-unknown
  target the Kotlin/Native compiler does not know
  language=kotlin kind=negative
  expected=target_representability observed=-
  decidable_before_compiler_work=False (expected True)
  upstream_rejects_after_compilation=False
  NOT RUN: no trusted Kotlin/Native root was supplied to the probe, and none was found by the operator on either probed host; the probe does not search PATH, KOTLIN_HOME, ~/.konan, sdkman, or a package manager for one, and it never installs
  consumers: TASK-260728-168smo

[NOT_RUN] kotlin.positive.version-and-target
  Kotlin/Native version normalizes and the host target is one the distribution serves
  language=kotlin kind=positive
  expected=none observed=-
  decidable_before_compiler_work=False (expected True)
  upstream_rejects_after_compilation=False
  NOT RUN: no trusted Kotlin/Native root was supplied to the probe, and none was found by the operator on either probed host; the probe does not search PATH, KOTLIN_HOME, ~/.konan, sdkman, or a package manager for one, and it never installs
  consumers: TASK-260728-168smo

[NOT_RUN] rust.negative.msrv-future
  Cargo.toml rust-version above the resolved toolchain
  language=rust kind=negative
  expected=host_version observed=-
  decidable_before_compiler_work=False (expected True)
  upstream_rejects_after_compilation=False
  NOT RUN: no trusted Rust root was supplied to the probe; the probe does not search PATH, an inherited environment, or a version-manager shim for one
  consumers: TASK-260728-12pnm1

[NOT_RUN] rust.negative.msrv-malformed
  Cargo.toml rust-version that is not a version
  language=rust kind=negative
  expected=representability observed=-
  decidable_before_compiler_work=False (expected True)
  upstream_rejects_after_compilation=False
  NOT RUN: no trusted Rust root was supplied to the probe; the probe does not search PATH, an inherited environment, or a version-manager shim for one
  consumers: TASK-260728-12pnm1

[NOT_RUN] rust.negative.selector-toolchain-nightly
  rust-toolchain.toml channel makes the shim attempt an install
  language=rust kind=negative
  expected=package_selector observed=-
  decidable_before_compiler_work=False (expected True)
  upstream_rejects_after_compilation=False
  NOT RUN: no trusted Rust root was supplied to the probe; the probe does not search PATH, an inherited environment, or a version-manager shim for one
  consumers: TASK-260728-12pnm1

[NOT_RUN] rust.negative.selector-toolchain-path
  rust-toolchain.toml path selects the compiler through the shim
  language=rust kind=negative
  expected=package_selector observed=-
  decidable_before_compiler_work=False (expected True)
  upstream_rejects_after_compilation=False
  NOT RUN: no trusted Rust root was supplied to the probe; the probe does not search PATH, an inherited environment, or a version-manager shim for one
  consumers: TASK-260728-12pnm1

[NOT_RUN] rust.negative.target-std-absent
  known target triple whose standard library is not in the trusted tree
  language=rust kind=negative
  expected=target_host observed=-
  decidable_before_compiler_work=False (expected True)
  upstream_rejects_after_compilation=False
  NOT RUN: no trusted Rust root was supplied to the probe; the probe does not search PATH, an inherited environment, or a version-manager shim for one
  consumers: TASK-260728-12pnm1

[NOT_RUN] rust.negative.target-unknown
  target triple the compiler does not know
  language=rust kind=negative
  expected=target_representability observed=-
  decidable_before_compiler_work=False (expected True)
  upstream_rejects_after_compilation=False
  NOT RUN: no trusted Rust root was supplied to the probe; the probe does not search PATH, an inherited environment, or a version-manager shim for one
  consumers: TASK-260728-12pnm1

[NOT_RUN] rust.positive.msrv-below-host
  valid Cargo.toml whose rust-version is below the resolved toolchain
  language=rust kind=positive
  expected=none observed=-
  decidable_before_compiler_work=False (expected True)
  upstream_rejects_after_compilation=False
  NOT RUN: no trusted Rust root was supplied to the probe; the probe does not search PATH, an inherited environment, or a version-manager shim for one
  consumers: TASK-260728-12pnm1

[NOT_RUN] swift.negative.manifest-is-a-program
  reading the manifest body executes package-authored code
  language=swift kind=negative
  expected=package_selector observed=-
  decidable_before_compiler_work=False (expected True)
  upstream_rejects_after_compilation=False
  NOT RUN: no trusted Swift root was supplied to the probe; the probe does not search PATH, DEVELOPER_DIR, TOOLCHAINS, or a version-manager shim for one
  consumers: TASK-260728-1yhuqi

[NOT_RUN] swift.negative.selector-swift-version-file
  .swift-version does not redirect a directly resolved toolchain
  language=swift kind=negative
  expected=none observed=-
  decidable_before_compiler_work=False (expected True)
  upstream_rejects_after_compilation=False
  NOT RUN: no trusted Swift root was supplied to the probe; the probe does not search PATH, DEVELOPER_DIR, TOOLCHAINS, or a version-manager shim for one
  consumers: TASK-260728-1yhuqi

[NOT_RUN] swift.negative.target-stdlib-absent
  known target triple whose standard library this toolchain cannot load
  language=swift kind=negative
  expected=target_host observed=-
  decidable_before_compiler_work=False (expected True)
  upstream_rejects_after_compilation=False
  NOT RUN: no trusted Swift root was supplied to the probe; the probe does not search PATH, DEVELOPER_DIR, TOOLCHAINS, or a version-manager shim for one
  consumers: TASK-260728-1yhuqi

[NOT_RUN] swift.negative.target-unknown
  target triple the compiler does not know
  language=swift kind=negative
  expected=target_representability observed=-
  decidable_before_compiler_work=False (expected True)
  upstream_rejects_after_compilation=False
  NOT RUN: no trusted Swift root was supplied to the probe; the probe does not search PATH, DEVELOPER_DIR, TOOLCHAINS, or a version-manager shim for one
  consumers: TASK-260728-1yhuqi

[NOT_RUN] swift.negative.tools-version-future
  Package.swift tools version above the resolved toolchain
  language=swift kind=negative
  expected=host_version observed=-
  decidable_before_compiler_work=False (expected True)
  upstream_rejects_after_compilation=False
  NOT RUN: no trusted Swift root was supplied to the probe; the probe does not search PATH, DEVELOPER_DIR, TOOLCHAINS, or a version-manager shim for one
  consumers: TASK-260728-1yhuqi

[NOT_RUN] swift.negative.tools-version-malformed
  Package.swift tools version that is not a version
  language=swift kind=negative
  expected=representability observed=-
  decidable_before_compiler_work=False (expected True)
  upstream_rejects_after_compilation=False
  NOT RUN: no trusted Swift root was supplied to the probe; the probe does not search PATH, DEVELOPER_DIR, TOOLCHAINS, or a version-manager shim for one
  consumers: TASK-260728-1yhuqi

[NOT_RUN] swift.positive.tools-version-below-host
  Package.swift tools version below the resolved toolchain
  language=swift kind=positive
  expected=none observed=-
  decidable_before_compiler_work=False (expected True)
  upstream_rejects_after_compilation=False
  NOT RUN: no trusted Swift root was supplied to the probe; the probe does not search PATH, DEVELOPER_DIR, TOOLCHAINS, or a version-manager shim for one
  consumers: TASK-260728-1yhuqi

------------------------------------------------------------------------------
INSTALLATION GUIDANCE INPUTS (manager-owned; this probe never installs)
------------------------------------------------------------------------------
  toolchain.rust.absent.primary-source
    toolchain     : rust
    reason        : build_toolchain_unavailable
    primary source: https://www.rust-lang.org/tools/install  (Rust Project (rust-lang.org))
    operator action: The operator installs a Rust release toolchain from the Rust Project's own distribution and then configures the concrete toolchain root in manager-owned configuration. The root is the directory carrying bin/rustc and bin/cargo, never a rustup shim directory and never a PATH entry.
    auto_install  : False
  toolchain.swift.absent.primary-source
    toolchain     : swift
    reason        : build_toolchain_unavailable
    primary source: https://www.swift.org/install/  (Swift Project (swift.org))
    operator action: The operator installs a Swift release toolchain from the Swift Project's own distribution, or on macOS uses the toolchain inside an installed Xcode, and then configures the concrete toolchain root in manager-owned configuration. The root is the directory carrying usr/bin/swiftc, never a swiftly shim and never DEVELOPER_DIR or TOOLCHAINS.
    auto_install  : False
  toolchain.kotlin-native.absent.primary-source
    toolchain     : kotlin
    reason        : build_toolchain_unavailable
    primary source: https://github.com/JetBrains/kotlin/releases  (JetBrains (Kotlin release distribution))
    operator action: The operator installs a Kotlin/Native release distribution published by JetBrains and configures its concrete root in manager-owned configuration. The Kotlin compiler shipped by a general package manager is normally the JVM front end and does not satisfy this requirement; a JVM front end is reported as wrong_backend rather than accepted.
    auto_install  : False

