=== RUN   TestStableHybridActivationCommitsWithoutRestarting
=== PAUSE TestStableHybridActivationCommitsWithoutRestarting
=== RUN   TestHybridDeclarationRemovedBeforeHomeLockRestartsAndCommitsNoStaleContext
=== PAUSE TestHybridDeclarationRemovedBeforeHomeLockRestartsAndCommitsNoStaleContext
=== RUN   TestHybridDeclarationRetargetedBeforeHomeLockRestartsAndCommitsNoStaleContext
=== PAUSE TestHybridDeclarationRetargetedBeforeHomeLockRestartsAndCommitsNoStaleContext
=== RUN   TestHybridDeclarationAddedBeforeHomeLockRestartsAndCommitsTheNewClosure
=== PAUSE TestHybridDeclarationAddedBeforeHomeLockRestartsAndCommitsTheNewClosure
=== RUN   TestFailureAtEveryTargetClassRestoresPriorStateInReverseOrder
=== RUN   TestFailureAtEveryTargetClassRestoresPriorStateInReverseOrder/project-hybrid-auto/10-context
=== PAUSE TestFailureAtEveryTargetClassRestoresPriorStateInReverseOrder/project-hybrid-auto/10-context
=== RUN   TestFailureAtEveryTargetClassRestoresPriorStateInReverseOrder/project-hybrid-auto/20-runtime
=== PAUSE TestFailureAtEveryTargetClassRestoresPriorStateInReverseOrder/project-hybrid-auto/20-runtime
=== RUN   TestFailureAtEveryTargetClassRestoresPriorStateInReverseOrder/project-hybrid-auto/30-shim-canonical
=== PAUSE TestFailureAtEveryTargetClassRestoresPriorStateInReverseOrder/project-hybrid-auto/30-shim-canonical
=== RUN   TestFailureAtEveryTargetClassRestoresPriorStateInReverseOrder/project-hybrid-auto/50-env-file
=== PAUSE TestFailureAtEveryTargetClassRestoresPriorStateInReverseOrder/project-hybrid-auto/50-env-file
=== RUN   TestFailureAtEveryTargetClassRestoresPriorStateInReverseOrder/project-hybrid-auto/60-adapter-ledger
=== PAUSE TestFailureAtEveryTargetClassRestoresPriorStateInReverseOrder/project-hybrid-auto/60-adapter-ledger
=== RUN   TestFailureAtEveryTargetClassRestoresPriorStateInReverseOrder/project-hybrid-auto/80-removal
=== PAUSE TestFailureAtEveryTargetClassRestoresPriorStateInReverseOrder/project-hybrid-auto/80-removal
=== RUN   TestFailureAtEveryTargetClassRestoresPriorStateInReverseOrder/project-hybrid-auto/90-consumer
=== PAUSE TestFailureAtEveryTargetClassRestoresPriorStateInReverseOrder/project-hybrid-auto/90-consumer
=== RUN   TestFailureAtEveryTargetClassRestoresPriorStateInReverseOrder/global-auto/10-context
=== PAUSE TestFailureAtEveryTargetClassRestoresPriorStateInReverseOrder/global-auto/10-context
=== RUN   TestFailureAtEveryTargetClassRestoresPriorStateInReverseOrder/global-auto/40-shim-forwarding
=== PAUSE TestFailureAtEveryTargetClassRestoresPriorStateInReverseOrder/global-auto/40-shim-forwarding
=== RUN   TestFailureAtEveryTargetClassRestoresPriorStateInReverseOrder/global-auto/60-adapter-ledger
=== PAUSE TestFailureAtEveryTargetClassRestoresPriorStateInReverseOrder/global-auto/60-adapter-ledger
=== RUN   TestFailureAtEveryTargetClassRestoresPriorStateInReverseOrder/global-auto/70-mirror-ledger
=== PAUSE TestFailureAtEveryTargetClassRestoresPriorStateInReverseOrder/global-auto/70-mirror-ledger
=== RUN   TestFailureAtEveryTargetClassRestoresPriorStateInReverseOrder/global-auto/80-removal
=== PAUSE TestFailureAtEveryTargetClassRestoresPriorStateInReverseOrder/global-auto/80-removal
=== CONT  TestFailureAtEveryTargetClassRestoresPriorStateInReverseOrder/project-hybrid-auto/10-context
=== CONT  TestFailureAtEveryTargetClassRestoresPriorStateInReverseOrder/project-hybrid-auto/90-consumer
=== CONT  TestFailureAtEveryTargetClassRestoresPriorStateInReverseOrder/global-auto/60-adapter-ledger
=== CONT  TestFailureAtEveryTargetClassRestoresPriorStateInReverseOrder/project-hybrid-auto/50-env-file
=== CONT  TestFailureAtEveryTargetClassRestoresPriorStateInReverseOrder/project-hybrid-auto/30-shim-canonical
=== CONT  TestFailureAtEveryTargetClassRestoresPriorStateInReverseOrder/project-hybrid-auto/80-removal
=== CONT  TestFailureAtEveryTargetClassRestoresPriorStateInReverseOrder/project-hybrid-auto/20-runtime
=== CONT  TestFailureAtEveryTargetClassRestoresPriorStateInReverseOrder/project-hybrid-auto/60-adapter-ledger
=== CONT  TestFailureAtEveryTargetClassRestoresPriorStateInReverseOrder/global-auto/80-removal
=== CONT  TestFailureAtEveryTargetClassRestoresPriorStateInReverseOrder/global-auto/40-shim-forwarding
=== CONT  TestFailureAtEveryTargetClassRestoresPriorStateInReverseOrder/global-auto/10-context
=== CONT  TestFailureAtEveryTargetClassRestoresPriorStateInReverseOrder/global-auto/70-mirror-ledger
=== RUN   TestFailureAtEveryTargetClassRestoresPriorStateInReverseOrder/project-hybrid-auto/10-context/10-context
=== RUN   TestFailureAtEveryTargetClassRestoresPriorStateInReverseOrder/project-hybrid-auto/20-runtime/20-runtime
=== RUN   TestFailureAtEveryTargetClassRestoresPriorStateInReverseOrder/project-hybrid-auto/30-shim-canonical/30-shim-canonical
=== RUN   TestFailureAtEveryTargetClassRestoresPriorStateInReverseOrder/project-hybrid-auto/50-env-file/50-env-file
=== RUN   TestFailureAtEveryTargetClassRestoresPriorStateInReverseOrder/project-hybrid-auto/60-adapter-ledger/60-adapter-ledger
=== RUN   TestFailureAtEveryTargetClassRestoresPriorStateInReverseOrder/project-hybrid-auto/80-removal/80-removal
=== RUN   TestFailureAtEveryTargetClassRestoresPriorStateInReverseOrder/project-hybrid-auto/90-consumer/90-consumer
=== RUN   TestFailureAtEveryTargetClassRestoresPriorStateInReverseOrder/global-auto/70-mirror-ledger/70-mirror-ledger
=== RUN   TestFailureAtEveryTargetClassRestoresPriorStateInReverseOrder/global-auto/80-removal/80-removal
=== RUN   TestFailureAtEveryTargetClassRestoresPriorStateInReverseOrder/global-auto/40-shim-forwarding/40-shim-forwarding
=== RUN   TestFailureAtEveryTargetClassRestoresPriorStateInReverseOrder/global-auto/60-adapter-ledger/60-adapter-ledger
=== RUN   TestFailureAtEveryTargetClassRestoresPriorStateInReverseOrder/global-auto/10-context/10-context
