--- Xcode Developer root: /Applications/Xcode_26_5.app/Contents/Developer
    regular files: 109725
    symlinks:      8482
    special:       0
    total bytes:   6426880358 (5.99 GiB)
    absolute symlinks: 0
    escaping relative symlinks: 5
       ESC /Applications/Xcode_26_5.app/Contents/Developer/usr/bin/altool -> ../../../SharedFrameworks/ContentDelivery.framework/Resources/altoolShim
       ESC /Applications/Xcode_26_5.app/Contents/Developer/usr/bin/swinfo -> ../../../SharedFrameworks/ContentDelivery.framework/Resources/swinfo
       ESC /Applications/Xcode_26_5.app/Contents/Developer/usr/bin/iTMSTransporter -> ../../../SharedFrameworks/ContentDelivery.framework/Resources/TransporterShim
       ESC /Applications/Xcode_26_5.app/Contents/Developer/usr/bin/compositeMD5 -> ../../../SharedFrameworks/ContentDelivery.framework/Resources/compositeMD5
       ESC /Applications/Xcode_26_5.app/Contents/Developer/usr/bin/crashlog -> ../../../SharedFrameworks/LLDB.framework/Versions/Current/Resources/Python/lldb/macosx/crashlog.py
    dangling symlinks: 0
--- CommandLineTools root: /Library/Developer/CommandLineTools
    regular files: 131260
    symlinks:      28396
    special:       0
    total bytes:   6611781719 (6.16 GiB)
    absolute symlinks: 0
    escaping relative symlinks: 1
       ESC /Library/Developer/CommandLineTools/usr/bin/crashlog -> ../../../SharedFrameworks/LLDB.framework/Versions/Current/Resources/Python/lldb/macosx/crashlog.py
    dangling symlinks: 3
       DANGLE /Library/Developer/CommandLineTools/usr/bin/crashlog -> ../../../SharedFrameworks/LLDB.framework/Versions/Current/Resources/Python/lldb/macosx/crashlog.py
       DANGLE /Library/Developer/CommandLineTools/usr/lib/SwiftSourceKitClientPlugin.framework/Modules -> Versions/Current/Modules
       DANGLE /Library/Developer/CommandLineTools/usr/lib/SwiftSourceKitPlugin.framework/Modules -> Versions/Current/Modules
