--- xctoolchain: /Applications/Xcode_26_5.app/Contents/Developer/Toolchains/XcodeDefault.xctoolchain
    files=5109 links=91 special=0 bytes=2756189060 (2.57 GiB)
    abs_links=0 escaping=0 dangling=0
--- MacOSX.sdk (Xcode): /Applications/Xcode_26_5.app/Contents/Developer/Platforms/MacOSX.platform/Developer/SDKs/MacOSX.sdk
    files=32345 links=7448 special=0 bytes=765532437 (0.71 GiB)
    abs_links=0 escaping=0 dangling=0
--- CLT usr: /Library/Developer/CommandLineTools/usr
    files=2822 links=347 special=0 bytes=3297046447 (3.07 GiB)
    abs_links=0 escaping=7 dangling=3
       ! /Library/Developer/CommandLineTools/usr/bin/2to3 -> ../../Library/Frameworks/Python3.framework/Versions/3.9/bin/2to3
       ! /Library/Developer/CommandLineTools/usr/bin/python3 -> ../../Library/Frameworks/Python3.framework/Versions/3.9/bin/python3
       ! /Library/Developer/CommandLineTools/usr/bin/python3.9 -> ../../Library/Frameworks/Python3.framework/Versions/3.9/bin/python3.9
       ! /Library/Developer/CommandLineTools/usr/bin/pydoc3.9 -> ../../Library/Frameworks/Python3.framework/Versions/3.9/bin/pydoc3.9
       ! /Library/Developer/CommandLineTools/usr/bin/2to3-3.9 -> ../../Library/Frameworks/Python3.framework/Versions/3.9/bin/2to3-3.9
       ! /Library/Developer/CommandLineTools/usr/bin/pydoc3 -> ../../Library/Frameworks/Python3.framework/Versions/3.9/bin/pydoc3
--- CLT SDKs/MacOSX.sdk: /Library/Developer/CommandLineTools/SDKs/MacOSX.sdk
    files=32350 links=7450 special=0 bytes=765903872 (0.71 GiB)
    abs_links=0 escaping=0 dangling=0
--- xctoolchain usr/lib/swift: /Applications/Xcode_26_5.app/Contents/Developer/Toolchains/XcodeDefault.xctoolchain/usr/lib/swift
    files=3773 links=2 special=0 bytes=1341340974 (1.25 GiB)
    abs_links=0 escaping=1 dangling=0
       ! /Applications/Xcode_26_5.app/Contents/Developer/Toolchains/XcodeDefault.xctoolchain/usr/lib/swift/clang -> ../clang/21
--- host /usr/lib/swift: /usr/lib/swift
    files=1 links=10 special=0 bytes=3088992 (0.00 GiB)
    abs_links=2 escaping=6 dangling=9
       ! /usr/lib/swift/libswiftIdentityLookup.dylib -> /System/Library/Frameworks/IdentityLookup.framework/IdentityLookup
       ! /usr/lib/swift/libswiftCreateML.dylib -> /System/Library/Frameworks/CreateML.framework/Versions/Current/CreateML
       ! /usr/lib/swift/libswiftShazamKit.dylib -> ../../../System/Library/Frameworks/ShazamKit.framework/Versions/A/ShazamKit
       ! /usr/lib/swift/libswiftVirtualization.dylib -> ../../../System/Library/Frameworks/Virtualization.framework/Versions/Current/Virtualization
       ! /usr/lib/swift/libswiftMetricKit.dylib -> ../../../System/Library/Frameworks/MetricKit.framework/Versions/A/MetricKit
       ! /usr/lib/swift/libswiftNetwork.dylib -> ../../../System/Library/Frameworks/Network.framework/Network
