=== E. swiftc -v build, clean env, explicit -sdk, PATH=empty dir ===
Apple Swift version 6.3.2 (swiftlang-6.3.2.1.108 clang-2100.1.1.101)
Target: arm64-apple-macosx26.0
/Applications/Xcode_26_5.app/Contents/Developer/Toolchains/XcodeDefault.xctoolchain/usr/bin/swift-frontend -frontend -c main.swift helper.swift -target arm64-apple-macosx26.0 -Xllvm -aarch64-use-tbi -enable-objc-interop -stack-check -sdk /Applications/Xcode_26_5.app/Contents/Developer/Platforms/MacOSX.platform/Developer/SDKs/MacOSX.sdk -no-color-diagnostics -Xcc -fno-color-diagnostics -swift-version 6 -O -new-driver-path /Applications/Xcode_26_5.app/Contents/Developer/Toolchains/XcodeDefault.xctoolchain/usr/bin/swift-driver -empty-abi-descriptor -no-auto-bridging-header-chaining -module-name probe -disable-clang-spi -target-sdk-version 26.5 -target-sdk-name macosx26.5 -external-plugin-path '/Applications/Xcode_26_5.app/Contents/Developer/Platforms/MacOSX.platform/Developer/usr/lib/swift/host/plugins#/Applications/Xcode_26_5.app/Contents/Developer/Platforms/MacOSX.platform/Developer/usr/bin/swift-plugin-server' -external-plugin-path '/Applications/Xcode_26_5.app/Contents/Developer/Platforms/MacOSX.platform/Developer/usr/local/lib/swift/host/plugins#/Applications/Xcode_26_5.app/Contents/Developer/Platforms/MacOSX.platform/Developer/usr/bin/swift-plugin-server' -in-process-plugin-server-path /Applications/Xcode_26_5.app/Contents/Developer/Toolchains/XcodeDefault.xctoolchain/usr/lib/swift/host/libSwiftInProcPluginServer.dylib -plugin-path /Applications/Xcode_26_5.app/Contents/Developer/Toolchains/XcodeDefault.xctoolchain/usr/lib/swift/host/plugins -plugin-path /Applications/Xcode_26_5.app/Contents/Developer/Toolchains/XcodeDefault.xctoolchain/usr/local/lib/swift/host/plugins -enable-default-cmo -o /Users/iv/Developer/ReluxWorks/curator/.temp/TASK-260728-1yhuqi/probe/stage/tmp/TemporaryDirectory.cK7Yhb/probe-1.o
/Applications/Xcode_26_5.app/Contents/Developer/Toolchains/XcodeDefault.xctoolchain/usr/bin/clang /Users/iv/Developer/ReluxWorks/curator/.temp/TASK-260728-1yhuqi/probe/stage/tmp/TemporaryDirectory.cK7Yhb/probe-1.o -O3 --sysroot /Applications/Xcode_26_5.app/Contents/Developer/Platforms/MacOSX.platform/Developer/SDKs/MacOSX.sdk --target=arm64-apple-macosx26.0 -L /Applications/Xcode_26_5.app/Contents/Developer/Toolchains/XcodeDefault.xctoolchain/usr/lib/swift/macosx -L /Applications/Xcode_26_5.app/Contents/Developer/Platforms/MacOSX.platform/Developer/SDKs/MacOSX.sdk/usr/lib/swift -o /Users/iv/Developer/ReluxWorks/curator/.temp/TASK-260728-1yhuqi/probe/stage/probe-bin
exit=0

=== E2. staged outputs ===
total 104
drwxr-xr-x@  5 iv  staff    160 Jul 29 02:28 .
drwxr-xr-x@ 11 iv  staff    352 Jul 29 02:28 ..
drwxr-xr-x@  2 iv  staff     64 Jul 29 02:28 home
-rwxr-xr-x@  1 iv  staff  52504 Jul 29 02:28 probe-bin
drwxr-xr-x@  2 iv  staff     64 Jul 29 02:28 tmp
=== E3. otool -L on artifact ===
/Users/iv/Developer/ReluxWorks/curator/.temp/TASK-260728-1yhuqi/probe/stage/probe-bin:
	/usr/lib/libSystem.B.dylib (compatibility version 1.0.0, current version 1356.0.0)
	/System/Library/Frameworks/Foundation.framework/Versions/C/Foundation (compatibility version 300.0.0, current version 5026.5.4)
	/usr/lib/libobjc.A.dylib (compatibility version 1.0.0, current version 228.0.0)
	/usr/lib/swift/libswiftCore.dylib (compatibility version 0.0.0, current version 0.0.0)
	/usr/lib/swift/libswiftCoreFoundation.dylib (compatibility version 1.0.0, current version 120.100.0, weak)
	/usr/lib/swift/libswiftDispatch.dylib (compatibility version 1.0.0, current version 1542.100.32, weak)
	/usr/lib/swift/libswiftIOKit.dylib (compatibility version 1.0.0, current version 1.0.0, weak)
	/usr/lib/swift/libswiftObjectiveC.dylib (compatibility version 1.0.0, current version 951.7.0, weak)
	/usr/lib/swift/libswiftXPC.dylib (compatibility version 1.0.0, current version 128.120.2, weak)
	/usr/lib/swift/libswift_Builtin_float.dylib (compatibility version 0.0.0, current version 0.0.0, weak)
=== E4. run it (outside manager; probe only) ===
probe-ok 1
exit=0
