github.com/relux-works/curator/cmd/curator/builds.go:105:	currentnessCodes		0.0%
github.com/relux-works/curator/cmd/curator/builds.go:118:	inputCauses			0.0%
github.com/relux-works/curator/cmd/curator/builds.go:124:	currentCode			100.0%
github.com/relux-works/curator/cmd/curator/builds.go:133:	checkFailed			100.0%
github.com/relux-works/curator/cmd/curator/builds.go:173:	factsOf				100.0%
github.com/relux-works/curator/cmd/curator/builds.go:208:	plannedEvidence			100.0%
github.com/relux-works/curator/cmd/curator/builds.go:219:	observedEvidence		100.0%
github.com/relux-works/curator/cmd/curator/builds.go:241:	recheckBuildCache		66.7%
github.com/relux-works/curator/cmd/curator/builds.go:288:	Describe			100.0%
github.com/relux-works/curator/cmd/curator/builds.go:313:	buildSourceText			66.7%
github.com/relux-works/curator/cmd/curator/builds.go:322:	renderTarget			100.0%
github.com/relux-works/curator/cmd/curator/builds.go:345:	classifySkillBuilds		81.8%
github.com/relux-works/curator/cmd/curator/builds.go:419:	classifyBuildCommand		65.2%
github.com/relux-works/curator/cmd/curator/builds.go:494:	attributeInputDrift		60.0%
github.com/relux-works/curator/cmd/curator/builds.go:513:	containsString			75.0%
github.com/relux-works/curator/cmd/curator/builds.go:530:	markerRefusal			0.0%
github.com/relux-works/curator/cmd/curator/builds.go:568:	contextExposure			90.0%
github.com/relux-works/curator/cmd/curator/builds.go:587:	withReason			66.7%
github.com/relux-works/curator/cmd/curator/builds.go:594:	report				100.0%
github.com/relux-works/curator/cmd/curator/builds.go:612:	plannedRows			100.0%
github.com/relux-works/curator/cmd/curator/builds.go:620:	identityOf			0.0%
github.com/relux-works/curator/cmd/curator/builds.go:627:	unionKeys			100.0%
github.com/relux-works/curator/cmd/curator/builds.go:649:	markerDigests			85.7%
github.com/relux-works/curator/cmd/curator/builds.go:672:	markerMoved			100.0%
github.com/relux-works/curator/cmd/curator/builds.go:687:	printRepairNotices		50.0%
github.com/relux-works/curator/cmd/curator/builds.go:694:	factsList			100.0%
github.com/relux-works/curator/cmd/curator/builds.go:705:	repairedState			50.0%
github.com/relux-works/curator/cmd/curator/builds.go:723:	repairNotices			54.5%
github.com/relux-works/curator/cmd/curator/builds.go:755:	goToolchainGuidance		71.4%
github.com/relux-works/curator/cmd/curator/main.go:74:		main				0.0%
github.com/relux-works/curator/cmd/curator/main.go:86:		run				10.0%
github.com/relux-works/curator/cmd/curator/main.go:143:		loadConfig			50.0%
github.com/relux-works/curator/cmd/curator/main.go:154:		projectRootArg			0.0%
github.com/relux-works/curator/cmd/curator/main.go:174:		parseInterspersed		60.0%
github.com/relux-works/curator/cmd/curator/main.go:222:		String				100.0%
github.com/relux-works/curator/cmd/curator/main.go:224:		Set				0.0%
github.com/relux-works/curator/cmd/curator/main.go:235:		IsBoolFlag			0.0%
github.com/relux-works/curator/cmd/curator/main.go:237:		AcceptsOptionalValue		0.0%
github.com/relux-works/curator/cmd/curator/main.go:241:		aliasFor			0.0%
github.com/relux-works/curator/cmd/curator/main.go:255:		selectProjectTargets		0.0%
github.com/relux-works/curator/cmd/curator/main.go:287:		nearestProjectRoot		0.0%
github.com/relux-works/curator/cmd/curator/main.go:305:		cmdBootstrap			0.0%
github.com/relux-works/curator/cmd/curator/main.go:353:		splitNonEmpty			0.0%
github.com/relux-works/curator/cmd/curator/main.go:363:		cmdInit				0.0%
github.com/relux-works/curator/cmd/curator/main.go:380:		sortedKnownAgents		0.0%
github.com/relux-works/curator/cmd/curator/main.go:390:		cmdAdd				0.0%
github.com/relux-works/curator/cmd/curator/main.go:442:		cmdRemove			0.0%
github.com/relux-works/curator/cmd/curator/main.go:471:		installFlags			91.7%
github.com/relux-works/curator/cmd/curator/main.go:490:		cmdInstall			0.0%
github.com/relux-works/curator/cmd/curator/main.go:494:		cmdInstallMode			0.0%
github.com/relux-works/curator/cmd/curator/main.go:532:		printResult			100.0%
github.com/relux-works/curator/cmd/curator/main.go:543:		printResultErrors		100.0%
github.com/relux-works/curator/cmd/curator/main.go:552:		printStatusRefusal		100.0%
github.com/relux-works/curator/cmd/curator/main.go:556:		printFailures			100.0%
github.com/relux-works/curator/cmd/curator/main.go:565:		cmdUpdate			0.0%
github.com/relux-works/curator/cmd/curator/main.go:597:		cmdStatus			0.0%
github.com/relux-works/curator/cmd/curator/main.go:716:		projectStatusScope		0.0%
github.com/relux-works/curator/cmd/curator/main.go:730:		globalStatusScope		100.0%
github.com/relux-works/curator/cmd/curator/main.go:741:		statusDrift			0.0%
github.com/relux-works/curator/cmd/curator/main.go:752:		statusReport			86.7%
github.com/relux-works/curator/cmd/curator/main.go:817:		changedDuringCheck		66.7%
github.com/relux-works/curator/cmd/curator/main.go:836:		demoteSkill			100.0%
github.com/relux-works/curator/cmd/curator/main.go:848:		installedSkillDir		80.0%
github.com/relux-works/curator/cmd/curator/main.go:858:		scopeStatusDrift		77.8%
github.com/relux-works/curator/cmd/curator/main.go:903:		cmdStatusAttest			0.0%
github.com/relux-works/curator/cmd/curator/main.go:937:		cmdList				0.0%
github.com/relux-works/curator/cmd/curator/main.go:959:		cmdProject			0.0%
github.com/relux-works/curator/cmd/curator/main.go:1025:	cmdSkillCheck			0.0%
github.com/relux-works/curator/cmd/curator/main.go:1052:	cmdGlobal			20.4%
github.com/relux-works/curator/cmd/curator/main.go:1145:	cmdGlobalStatus			100.0%
github.com/relux-works/curator/cmd/curator/main.go:1163:	parseGlobalStatusOptions	90.0%
github.com/relux-works/curator/cmd/curator/main.go:1189:	reportGlobalStatus		100.0%
github.com/relux-works/curator/cmd/curator/main.go:1242:	globalStatusPlan		100.0%
github.com/relux-works/curator/cmd/curator/main.go:1254:	runGlobalInstall		100.0%
github.com/relux-works/curator/cmd/curator/main.go:1258:	runGlobalInstallMode		52.0%
github.com/relux-works/curator/cmd/curator/main.go:1292:	cmdHybrid			0.0%
github.com/relux-works/curator/cmd/curator/main.go:1374:	cmdAudit			0.0%
github.com/relux-works/curator/cmd/curator/main.go:1494:	auditTarget			0.0%
github.com/relux-works/curator/cmd/curator/main.go:1531:	cmdGC				0.0%
github.com/relux-works/curator/cmd/curator/main.go:1570:	collectUnderLock		0.0%
github.com/relux-works/curator/cmd/curator/main.go:1585:	cmdShellInit			0.0%
github.com/relux-works/curator/cmd/curator/main.go:1629:	cmdConfigShow			0.0%
github.com/relux-works/curator/cmd/curator/main.go:1643:	pickRef				0.0%
github.com/relux-works/curator/cmd/curator/main.go:1656:	pluralY				0.0%
github.com/relux-works/curator/cmd/curator/main.go:1663:	cmdUI				0.0%
total:								(statements)			28.9%
