=== RUN   TestToolchainIdentityVectors
    builddriver_positive_conformance_test.go:215: CURATOR_CONFORMANCE_ROOT is not set
--- SKIP: TestToolchainIdentityVectors (0.00s)
=== RUN   TestFingerprintTraversalMatchesLegacyOnRepresentativeTrees
=== RUN   TestFingerprintTraversalMatchesLegacyOnRepresentativeTrees/empty_root
=== RUN   TestFingerprintTraversalMatchesLegacyOnRepresentativeTrees/flat_files
=== RUN   TestFingerprintTraversalMatchesLegacyOnRepresentativeTrees/unicode_and_space_names
=== RUN   TestFingerprintTraversalMatchesLegacyOnRepresentativeTrees/large_file_crossing_the_copy_buffer
=== RUN   TestFingerprintTraversalMatchesLegacyOnRepresentativeTrees/link_to_a_directory_is_recorded,_not_descended
=== RUN   TestFingerprintTraversalMatchesLegacyOnRepresentativeTrees/nested_toolchain_shape
=== RUN   TestFingerprintTraversalMatchesLegacyOnRepresentativeTrees/siblings_sorting_around_the_separator
=== RUN   TestFingerprintTraversalMatchesLegacyOnRepresentativeTrees/deeply_nested_chain
=== RUN   TestFingerprintTraversalMatchesLegacyOnRepresentativeTrees/empty_directories
=== RUN   TestFingerprintTraversalMatchesLegacyOnRepresentativeTrees/relative_links_inside_the_same_directory
=== RUN   TestFingerprintTraversalMatchesLegacyOnRepresentativeTrees/link_escaping_its_directory_but_not_the_root
=== RUN   TestFingerprintTraversalMatchesLegacyOnRepresentativeTrees/link_to_a_link
--- PASS: TestFingerprintTraversalMatchesLegacyOnRepresentativeTrees (0.02s)
    --- PASS: TestFingerprintTraversalMatchesLegacyOnRepresentativeTrees/empty_root (0.00s)
    --- PASS: TestFingerprintTraversalMatchesLegacyOnRepresentativeTrees/flat_files (0.00s)
    --- PASS: TestFingerprintTraversalMatchesLegacyOnRepresentativeTrees/unicode_and_space_names (0.00s)
    --- PASS: TestFingerprintTraversalMatchesLegacyOnRepresentativeTrees/large_file_crossing_the_copy_buffer (0.00s)
    --- PASS: TestFingerprintTraversalMatchesLegacyOnRepresentativeTrees/link_to_a_directory_is_recorded,_not_descended (0.00s)
    --- PASS: TestFingerprintTraversalMatchesLegacyOnRepresentativeTrees/nested_toolchain_shape (0.00s)
    --- PASS: TestFingerprintTraversalMatchesLegacyOnRepresentativeTrees/siblings_sorting_around_the_separator (0.00s)
    --- PASS: TestFingerprintTraversalMatchesLegacyOnRepresentativeTrees/deeply_nested_chain (0.00s)
    --- PASS: TestFingerprintTraversalMatchesLegacyOnRepresentativeTrees/empty_directories (0.00s)
    --- PASS: TestFingerprintTraversalMatchesLegacyOnRepresentativeTrees/relative_links_inside_the_same_directory (0.00s)
    --- PASS: TestFingerprintTraversalMatchesLegacyOnRepresentativeTrees/link_escaping_its_directory_but_not_the_root (0.00s)
    --- PASS: TestFingerprintTraversalMatchesLegacyOnRepresentativeTrees/link_to_a_link (0.00s)
=== RUN   TestFingerprintTraversalMatchesLegacyOnFailClosedTrees
=== RUN   TestFingerprintTraversalMatchesLegacyOnFailClosedTrees/absolute_link
=== RUN   TestFingerprintTraversalMatchesLegacyOnFailClosedTrees/escaping_link
=== RUN   TestFingerprintTraversalMatchesLegacyOnFailClosedTrees/dangling_link
=== RUN   TestFingerprintTraversalMatchesLegacyOnFailClosedTrees/dangling_link_deep_in_the_tree
=== RUN   TestFingerprintTraversalMatchesLegacyOnFailClosedTrees/link_cycle
--- PASS: TestFingerprintTraversalMatchesLegacyOnFailClosedTrees (0.00s)
    --- PASS: TestFingerprintTraversalMatchesLegacyOnFailClosedTrees/absolute_link (0.00s)
    --- PASS: TestFingerprintTraversalMatchesLegacyOnFailClosedTrees/escaping_link (0.00s)
    --- PASS: TestFingerprintTraversalMatchesLegacyOnFailClosedTrees/dangling_link (0.00s)
    --- PASS: TestFingerprintTraversalMatchesLegacyOnFailClosedTrees/dangling_link_deep_in_the_tree (0.00s)
    --- PASS: TestFingerprintTraversalMatchesLegacyOnFailClosedTrees/link_cycle (0.00s)
=== RUN   TestFingerprintTraversalMatchesLegacyOnErrorPrecedence
=== RUN   TestFingerprintTraversalMatchesLegacyOnErrorPrecedence/violation_inside_a_subtree_that_sorts_before_its_siblings
=== RUN   TestFingerprintTraversalMatchesLegacyOnErrorPrecedence/sibling_violations_in_one_directory
=== RUN   TestFingerprintTraversalMatchesLegacyOnErrorPrecedence/shallow_violation_outranks_a_deeper_one
=== RUN   TestFingerprintTraversalMatchesLegacyOnErrorPrecedence/deeper_violation_reached_before_a_later_sibling
--- PASS: TestFingerprintTraversalMatchesLegacyOnErrorPrecedence (0.00s)
    --- PASS: TestFingerprintTraversalMatchesLegacyOnErrorPrecedence/violation_inside_a_subtree_that_sorts_before_its_siblings (0.00s)
    --- PASS: TestFingerprintTraversalMatchesLegacyOnErrorPrecedence/sibling_violations_in_one_directory (0.00s)
    --- PASS: TestFingerprintTraversalMatchesLegacyOnErrorPrecedence/shallow_violation_outranks_a_deeper_one (0.00s)
    --- PASS: TestFingerprintTraversalMatchesLegacyOnErrorPrecedence/deeper_violation_reached_before_a_later_sibling (0.00s)
=== RUN   TestFingerprintTraversalMatchesLegacyOnRealToolchain
    fingerprint_equivalence_test.go:432: GOROOT /Users/iv/.goenv/versions/1.25.5: 16093 records, digest sha256:ea13c6bb11293e951ab9f189144a1f660cb2f398385109c0a3f7ad4875942191
--- PASS: TestFingerprintTraversalMatchesLegacyOnRealToolchain (2.64s)
=== RUN   TestFingerprintIsStableAcrossRepeatedRuns
--- PASS: TestFingerprintIsStableAcrossRepeatedRuns (0.00s)
=== RUN   TestFingerprintDetectsMutationBetweenRuns
--- PASS: TestFingerprintDetectsMutationBetweenRuns (0.00s)
=== RUN   TestFingerprintCancellationStaysFailClosed
=== RUN   TestFingerprintCancellationStaysFailClosed/cancelled_before_the_walk
=== RUN   TestFingerprintCancellationStaysFailClosed/cancelled_on_an_empty_root
=== RUN   TestFingerprintCancellationStaysFailClosed/cancelled_between_the_walk_and_the_digest
=== RUN   TestFingerprintCancellationStaysFailClosed/cancelled_inside_a_record_read
=== RUN   TestFingerprintCancellationStaysFailClosed/cancelled_inside_a_record_read/before_the_first_chunk
=== RUN   TestFingerprintCancellationStaysFailClosed/cancelled_inside_a_record_read/after_a_partial_chunk
=== RUN   TestFingerprintCancellationStaysFailClosed/cancelled_inside_a_record_read/after_the_last_chunk
=== RUN   TestFingerprintCancellationStaysFailClosed/cancelled_exactly_at_the_phase_boundary
=== RUN   TestFingerprintCancellationStaysFailClosed/every_cancellation_point_stays_a_deadline
--- PASS: TestFingerprintCancellationStaysFailClosed (0.01s)
    --- PASS: TestFingerprintCancellationStaysFailClosed/cancelled_before_the_walk (0.00s)
    --- PASS: TestFingerprintCancellationStaysFailClosed/cancelled_on_an_empty_root (0.00s)
    --- PASS: TestFingerprintCancellationStaysFailClosed/cancelled_between_the_walk_and_the_digest (0.00s)
    --- PASS: TestFingerprintCancellationStaysFailClosed/cancelled_inside_a_record_read (0.00s)
        --- PASS: TestFingerprintCancellationStaysFailClosed/cancelled_inside_a_record_read/before_the_first_chunk (0.00s)
        --- PASS: TestFingerprintCancellationStaysFailClosed/cancelled_inside_a_record_read/after_a_partial_chunk (0.00s)
        --- PASS: TestFingerprintCancellationStaysFailClosed/cancelled_inside_a_record_read/after_the_last_chunk (0.00s)
    --- PASS: TestFingerprintCancellationStaysFailClosed/cancelled_exactly_at_the_phase_boundary (0.00s)
    --- PASS: TestFingerprintCancellationStaysFailClosed/every_cancellation_point_stays_a_deadline (0.01s)
=== RUN   TestDigestCopyDiagnosticPrecedence
=== RUN   TestDigestCopyDiagnosticPrecedence/complete_copy
=== RUN   TestDigestCopyDiagnosticPrecedence/abandoned_before_the_first_byte
=== RUN   TestDigestCopyDiagnosticPrecedence/abandoned_mid-file
=== RUN   TestDigestCopyDiagnosticPrecedence/abandoned_after_the_last_byte
=== RUN   TestDigestCopyDiagnosticPrecedence/bare_context_error_is_not_this_loop's_abort
=== RUN   TestDigestCopyDiagnosticPrecedence/read_failure
=== RUN   TestDigestCopyDiagnosticPrecedence/close_failure
=== RUN   TestDigestCopyDiagnosticPrecedence/file_shrank_under_the_read
=== RUN   TestDigestCopyDiagnosticPrecedence/file_grew_under_the_read
--- PASS: TestDigestCopyDiagnosticPrecedence (0.00s)
    --- PASS: TestDigestCopyDiagnosticPrecedence/complete_copy (0.00s)
    --- PASS: TestDigestCopyDiagnosticPrecedence/abandoned_before_the_first_byte (0.00s)
    --- PASS: TestDigestCopyDiagnosticPrecedence/abandoned_mid-file (0.00s)
    --- PASS: TestDigestCopyDiagnosticPrecedence/abandoned_after_the_last_byte (0.00s)
    --- PASS: TestDigestCopyDiagnosticPrecedence/bare_context_error_is_not_this_loop's_abort (0.00s)
    --- PASS: TestDigestCopyDiagnosticPrecedence/read_failure (0.00s)
    --- PASS: TestDigestCopyDiagnosticPrecedence/close_failure (0.00s)
    --- PASS: TestDigestCopyDiagnosticPrecedence/file_shrank_under_the_read (0.00s)
    --- PASS: TestDigestCopyDiagnosticPrecedence/file_grew_under_the_read (0.00s)
=== RUN   TestFingerprintDoesNotDescendLinkedDirectories
--- PASS: TestFingerprintDoesNotDescendLinkedDirectories (0.00s)
=== RUN   TestFingerprintDigestPhaseResolvesEveryFileFromTheRoot
=== RUN   TestFingerprintDigestPhaseResolvesEveryFileFromTheRoot/unchanged_between_the_phases
=== RUN   TestFingerprintDigestPhaseResolvesEveryFileFromTheRoot/directory_renamed_away_and_replaced
=== RUN   TestFingerprintDigestPhaseResolvesEveryFileFromTheRoot/directory_renamed_away_with_nothing_in_its_place
=== RUN   TestFingerprintDigestPhaseResolvesEveryFileFromTheRoot/directory_replaced_by_a_link_to_the_detached_copy
=== RUN   TestFingerprintDigestPhaseResolvesEveryFileFromTheRoot/single_file_swapped_in_place
=== RUN   TestFingerprintDigestPhaseResolvesEveryFileFromTheRoot/directory_renamed_away_and_back
--- PASS: TestFingerprintDigestPhaseResolvesEveryFileFromTheRoot (0.01s)
    --- PASS: TestFingerprintDigestPhaseResolvesEveryFileFromTheRoot/unchanged_between_the_phases (0.00s)
    --- PASS: TestFingerprintDigestPhaseResolvesEveryFileFromTheRoot/directory_renamed_away_and_replaced (0.00s)
    --- PASS: TestFingerprintDigestPhaseResolvesEveryFileFromTheRoot/directory_renamed_away_with_nothing_in_its_place (0.00s)
    --- PASS: TestFingerprintDigestPhaseResolvesEveryFileFromTheRoot/directory_replaced_by_a_link_to_the_detached_copy (0.00s)
    --- PASS: TestFingerprintDigestPhaseResolvesEveryFileFromTheRoot/single_file_swapped_in_place (0.00s)
    --- PASS: TestFingerprintDigestPhaseResolvesEveryFileFromTheRoot/directory_renamed_away_and_back (0.00s)
=== RUN   TestFingerprintDigestPhaseResolvesReplacedAncestors
--- PASS: TestFingerprintDigestPhaseResolvesReplacedAncestors (0.00s)
=== RUN   TestToolchainWalkAnchorsDirectoryAndLinkMetadataAtTheRoot
=== RUN   TestToolchainWalkAnchorsDirectoryAndLinkMetadataAtTheRoot/file_metadata_is_taken_through_the_scoped_handle
=== RUN   TestToolchainWalkAnchorsDirectoryAndLinkMetadataAtTheRoot/directory_metadata_is_taken_through_the_root
=== RUN   TestToolchainWalkAnchorsDirectoryAndLinkMetadataAtTheRoot/link_targets_are_read_through_the_root
--- PASS: TestToolchainWalkAnchorsDirectoryAndLinkMetadataAtTheRoot (0.00s)
    --- PASS: TestToolchainWalkAnchorsDirectoryAndLinkMetadataAtTheRoot/file_metadata_is_taken_through_the_scoped_handle (0.00s)
    --- PASS: TestToolchainWalkAnchorsDirectoryAndLinkMetadataAtTheRoot/directory_metadata_is_taken_through_the_root (0.00s)
    --- PASS: TestToolchainWalkAnchorsDirectoryAndLinkMetadataAtTheRoot/link_targets_are_read_through_the_root (0.00s)
=== RUN   TestToolchainWalkRejectsDirectoryReplacedByFile
--- PASS: TestToolchainWalkRejectsDirectoryReplacedByFile (0.00s)
=== RUN   TestToolchainWalkTakesDescentFromTheListedEntry
=== RUN   TestToolchainWalkTakesDescentFromTheListedEntry/listed_directory_replaced_by_a_file
=== RUN   TestToolchainWalkTakesDescentFromTheListedEntry/listed_directory_replaced_by_an_in-root_link_to_a_directory
=== RUN   TestToolchainWalkTakesDescentFromTheListedEntry/listed_directory_renamed_away_with_nothing_in_its_place
--- PASS: TestToolchainWalkTakesDescentFromTheListedEntry (0.00s)
    --- PASS: TestToolchainWalkTakesDescentFromTheListedEntry/listed_directory_replaced_by_a_file (0.00s)
    --- PASS: TestToolchainWalkTakesDescentFromTheListedEntry/listed_directory_replaced_by_an_in-root_link_to_a_directory (0.00s)
    --- PASS: TestToolchainWalkTakesDescentFromTheListedEntry/listed_directory_renamed_away_with_nothing_in_its_place (0.00s)
=== RUN   TestFingerprintRejectsFileRecordResolvingToADirectory
--- PASS: TestFingerprintRejectsFileRecordResolvingToADirectory (0.00s)
=== RUN   TestFingerprintReportsUnreadableDirectoryIdentically
--- PASS: TestFingerprintReportsUnreadableDirectoryIdentically (0.00s)
=== RUN   TestToolchainFramingMatchesRC4Vector
--- PASS: TestToolchainFramingMatchesRC4Vector (0.00s)
=== RUN   TestGoVersionLFAndCRLFNormalizeToSameIdentity
--- PASS: TestGoVersionLFAndCRLFNormalizeToSameIdentity (0.00s)
=== RUN   TestCandidateRC4ToolchainArtifacts
    fingerprint_test.go:82: CURATOR_CONFORMANCE_ROOT is not set
--- SKIP: TestCandidateRC4ToolchainArtifacts (0.00s)
=== RUN   TestFingerprintRejectsDuplicateEncodedClaim
--- PASS: TestFingerprintRejectsDuplicateEncodedClaim (0.00s)
=== RUN   TestFingerprintRejectsEscapingAndAbsoluteLinks
=== RUN   TestFingerprintRejectsEscapingAndAbsoluteLinks/absolute
=== RUN   TestFingerprintRejectsEscapingAndAbsoluteLinks/escape
--- PASS: TestFingerprintRejectsEscapingAndAbsoluteLinks (0.00s)
    --- PASS: TestFingerprintRejectsEscapingAndAbsoluteLinks/absolute (0.00s)
    --- PASS: TestFingerprintRejectsEscapingAndAbsoluteLinks/escape (0.00s)
=== RUN   TestFingerprintRejectsDanglingLink
--- PASS: TestFingerprintRejectsDanglingLink (0.00s)
=== RUN   TestFingerprintImplementationMatchesRC4ToolchainVector
--- PASS: TestFingerprintImplementationMatchesRC4ToolchainVector (0.00s)
=== RUN   TestFingerprintRejectsSpecialFile
--- PASS: TestFingerprintRejectsSpecialFile (0.00s)
=== RUN   TestFingerprintRejectsInvalidUnicodePath
    fingerprint_unix_test.go:61: filesystem rejects invalid UTF-8 names: open /var/folders/cz/jqbthtks55zbkpcdkfyk4bl80000gp/T/TestFingerprintRejectsInvalidUnicodePath3358193765/001/ÿ: illegal byte sequence
--- SKIP: TestFingerprintRejectsInvalidUnicodePath (0.00s)
=== RUN   TestToolchainMutationFailsRecheck
--- PASS: TestToolchainMutationFailsRecheck (0.00s)
PASS
ok  	github.com/relux-works/curator/internal/godriver	3.058s
