2026-08-23T10:22:29.6400346Z Current runner version: '2.336.0'
2026-08-23T10:22:29.6427822Z ##[group]Runner Image Provisioner
2026-08-23T10:22:29.6428707Z Hosted Compute Agent
2026-08-23T10:22:29.6429463Z Version: 20260729.566
2026-08-23T10:22:29.6430139Z Commit: cf7153fe6e25b664e8693c24944bf2b00355d109
2026-08-23T10:22:29.6430982Z Build Date: 2026-07-29T19:17:02Z
2026-08-23T10:22:29.6431750Z Worker ID: {47bc2b43-c4f0-40da-b7eb-4a4ec687cae9}
2026-08-23T10:22:29.6432487Z Azure Region: eastus2
2026-08-23T10:22:29.6433951Z ##[endgroup]
2026-08-23T10:22:29.6435592Z ##[group]Operating System
2026-08-23T10:22:29.6436242Z Ubuntu
2026-08-23T10:22:29.6436899Z 24.04.4
2026-08-23T10:22:29.6437633Z LTS
2026-08-23T10:22:29.6438214Z ##[endgroup]
2026-08-23T10:22:29.6438820Z ##[group]Runner Image
2026-08-23T10:22:29.6439466Z Image: ubuntu-24.04
2026-08-23T10:22:29.6440208Z Version: 20260816.277.1
2026-08-23T10:22:29.6441639Z Included Software: https://github.com/actions/runner-images/blob/ubuntu24/20260816.277/images/ubuntu/Ubuntu2404-Readme.md
2026-08-23T10:22:29.6443238Z Image Release: https://github.com/actions/runner-images/releases/tag/ubuntu24%2F20260816.277
2026-08-23T10:22:29.6444268Z ##[endgroup]
2026-08-23T10:22:29.6445413Z ##[group]GITHUB_TOKEN Permissions
2026-08-23T10:22:29.6448201Z Contents: read
2026-08-23T10:22:29.6448861Z Metadata: read
2026-08-23T10:22:29.6449460Z ##[endgroup]
2026-08-23T10:22:29.6452231Z Secret source: Actions
2026-08-23T10:22:29.6453561Z Prepare workflow directory
2026-08-23T10:22:29.6849411Z Prepare all required actions
2026-08-23T10:22:29.6900637Z Getting action download info
2026-08-23T10:22:29.8882626Z Download action repository 'actions/checkout@v4' (SHA:11d5960a326750d5838078e36cf38b85af677262)
2026-08-23T10:22:30.1664355Z Download action repository 'actions/setup-go@v5' (SHA:40f1582b2485089dde7abd97c1529aa768e1baff)
2026-08-23T10:22:30.3927249Z Download action repository 'actions/upload-artifact@v4' (SHA:ea165f8d65b6e75b540449e92b4886f43607fa02)
2026-08-23T10:22:30.6301123Z Complete job name: Candidate suite (ubuntu-latest)
2026-08-23T10:22:30.7108429Z Node 20 is being deprecated. This workflow is running with Node 24 by default. If you need to temporarily use Node 20, you can set the ACTIONS_ALLOW_USE_UNSECURE_NODE_VERSION=true environment variable. For more information see: https://github.blog/changelog/2025-09-19-deprecation-of-node-20-on-github-actions-runners/
2026-08-23T10:22:30.7116918Z ##[group]Run actions/checkout@v4
2026-08-23T10:22:30.7117855Z with:
2026-08-23T10:22:30.7118285Z   submodules: true
2026-08-23T10:22:30.7118753Z   repository: relux-works/curator
2026-08-23T10:22:30.7122650Z   token: ***
2026-08-23T10:22:30.7123090Z   ssh-strict: true
2026-08-23T10:22:30.7123549Z   ssh-user: git
2026-08-23T10:22:30.7123994Z   persist-credentials: true
2026-08-23T10:22:30.7124480Z   clean: true
2026-08-23T10:22:30.7124927Z   sparse-checkout-cone-mode: true
2026-08-23T10:22:30.7125434Z   fetch-depth: 1
2026-08-23T10:22:30.7125874Z   fetch-tags: false
2026-08-23T10:22:30.7126323Z   show-progress: true
2026-08-23T10:22:30.7126870Z   lfs: false
2026-08-23T10:22:30.7127300Z   set-safe-directory: true
2026-08-23T10:22:30.7127931Z   allow-unsafe-pr-checkout: false
2026-08-23T10:22:30.7128650Z env:
2026-08-23T10:22:30.7129121Z   SPEC_PIN: 00b1688a9b2457ca397a0bb550acf47cad8ee967
2026-08-23T10:22:30.7129716Z   GOTOOLCHAIN: local
2026-08-23T10:22:30.7130149Z   GOENV: off
2026-08-23T10:22:30.7130553Z ##[endgroup]
2026-08-23T10:22:30.8191374Z Syncing repository: relux-works/curator
2026-08-23T10:22:30.8194275Z ##[group]Getting Git version info
2026-08-23T10:22:30.8195580Z Working directory is '/home/runner/work/curator/curator'
2026-08-23T10:22:30.8197627Z [command]/usr/bin/git version
2026-08-23T10:22:30.8219749Z git version 2.55.0
2026-08-23T10:22:30.8242814Z ##[endgroup]
2026-08-23T10:22:30.8259515Z Temporarily overriding HOME='/home/runner/work/_temp/29862ea0-cb65-4967-8326-c689c367b928' before making global git config changes
2026-08-23T10:22:30.8261201Z Adding repository directory to the temporary git global config as a safe directory
2026-08-23T10:22:30.8265362Z [command]/usr/bin/git config --global --add safe.directory /home/runner/work/curator/curator
2026-08-23T10:22:30.8319520Z Deleting the contents of '/home/runner/work/curator/curator'
2026-08-23T10:22:30.8323927Z ##[group]Initializing the repository
2026-08-23T10:22:30.8329761Z [command]/usr/bin/git init /home/runner/work/curator/curator
2026-08-23T10:22:30.8414101Z hint: Using 'master' as the name for the initial branch. This default branch name
2026-08-23T10:22:30.8416108Z hint: will change to "main" in Git 3.0. To configure the initial branch name
2026-08-23T10:22:30.8417965Z hint: to use in all of your new repositories, which will suppress this warning,
2026-08-23T10:22:30.8419414Z hint: call:
2026-08-23T10:22:30.8420257Z hint:
2026-08-23T10:22:30.8421119Z hint: 	git config --global init.defaultBranch <name>
2026-08-23T10:22:30.8422052Z hint:
2026-08-23T10:22:30.8423038Z hint: Names commonly chosen instead of 'master' are 'main', 'trunk' and
2026-08-23T10:22:30.8424559Z hint: 'development'. The just-created branch can be renamed via this command:
2026-08-23T10:22:30.8425462Z hint:
2026-08-23T10:22:30.8425885Z hint: 	git branch -m <name>
2026-08-23T10:22:30.8426356Z hint:
2026-08-23T10:22:30.8427192Z hint: Disable this message with "git config set advice.defaultBranchName false"
2026-08-23T10:22:30.8428952Z Initialized empty Git repository in /home/runner/work/curator/curator/.git/
2026-08-23T10:22:30.8431485Z [command]/usr/bin/git remote add origin https://github.com/relux-works/curator
2026-08-23T10:22:30.8477596Z ##[endgroup]
2026-08-23T10:22:30.8478802Z ##[group]Disabling automatic garbage collection
2026-08-23T10:22:30.8482712Z [command]/usr/bin/git config --local gc.auto 0
2026-08-23T10:22:30.8519730Z ##[endgroup]
2026-08-23T10:22:30.8520815Z ##[group]Setting up auth
2026-08-23T10:22:30.8527836Z [command]/usr/bin/git config --local --name-only --get-regexp core\.sshCommand
2026-08-23T10:22:30.8572459Z [command]/usr/bin/git submodule foreach --recursive sh -c "git config --local --name-only --get-regexp 'core\.sshCommand' && git config --local --unset-all 'core.sshCommand' || :"
2026-08-23T10:22:30.8933595Z [command]/usr/bin/git config --local --name-only --get-regexp http\.https\:\/\/github\.com\/\.extraheader
2026-08-23T10:22:30.8980662Z [command]/usr/bin/git submodule foreach --recursive sh -c "git config --local --name-only --get-regexp 'http\.https\:\/\/github\.com\/\.extraheader' && git config --local --unset-all 'http.https://github.com/.extraheader' || :"
2026-08-23T10:22:30.9244679Z [command]/usr/bin/git config --local --name-only --get-regexp ^includeIf\.gitdir:
2026-08-23T10:22:30.9288220Z [command]/usr/bin/git submodule foreach --recursive git config --local --show-origin --name-only --get-regexp remote.origin.url
2026-08-23T10:22:30.9548087Z [command]/usr/bin/git config --local http.https://github.com/.extraheader AUTHORIZATION: basic ***
2026-08-23T10:22:30.9582709Z ##[endgroup]
2026-08-23T10:22:30.9583579Z ##[group]Fetching the repository
2026-08-23T10:22:30.9593487Z [command]/usr/bin/git -c protocol.version=2 fetch --no-tags --prune --no-recurse-submodules --depth=1 origin +1f55f1b4e67915e477a37011f8c5ef4e4cd4c011:refs/remotes/origin/main
2026-08-23T10:22:31.3280211Z From https://github.com/relux-works/curator
2026-08-23T10:22:31.3281544Z  * [new ref]         1f55f1b4e67915e477a37011f8c5ef4e4cd4c011 -> origin/main
2026-08-23T10:22:31.3285648Z ##[endgroup]
2026-08-23T10:22:31.3287586Z ##[group]Determining the checkout info
2026-08-23T10:22:31.3366383Z ##[endgroup]
2026-08-23T10:22:31.3367333Z [command]/usr/bin/git sparse-checkout disable
2026-08-23T10:22:31.3371056Z [command]/usr/bin/git config --local --unset-all extensions.worktreeConfig
2026-08-23T10:22:31.3390589Z ##[group]Checking out the ref
2026-08-23T10:22:31.3395686Z [command]/usr/bin/git checkout --progress --force -B main refs/remotes/origin/main
2026-08-23T10:22:31.3771513Z Switched to a new branch 'main'
2026-08-23T10:22:31.3775220Z branch 'main' set up to track 'origin/main'.
2026-08-23T10:22:31.3784089Z ##[endgroup]
2026-08-23T10:22:31.3785661Z ##[group]Setting up auth for fetching submodules
2026-08-23T10:22:31.3790351Z [command]/usr/bin/git config --global http.https://github.com/.extraheader AUTHORIZATION: basic ***
2026-08-23T10:22:31.3836138Z [command]/usr/bin/git config --global --unset-all url.https://github.com/.insteadOf
2026-08-23T10:22:31.3872358Z [command]/usr/bin/git config --global --add url.https://github.com/.insteadOf git@github.com:
2026-08-23T10:22:31.3912973Z [command]/usr/bin/git config --global --add url.https://github.com/.insteadOf org-261817730@github.com:
2026-08-23T10:22:31.3947833Z ##[endgroup]
2026-08-23T10:22:31.3949934Z ##[group]Fetching submodules
2026-08-23T10:22:31.3951539Z [command]/usr/bin/git submodule sync
2026-08-23T10:22:31.4204897Z [command]/usr/bin/git -c protocol.version=2 submodule update --init --force --depth=1
2026-08-23T10:22:31.4451912Z Submodule 'agents/skills/skill-go-testing-tools' (https://github.com/relux-works/skill-go-testing-tools.git) registered for path 'agents/skills/skill-go-testing-tools'
2026-08-23T10:22:31.4479296Z Cloning into '/home/runner/work/curator/curator/agents/skills/skill-go-testing-tools'...
2026-08-23T10:22:32.4501263Z From https://github.com/relux-works/skill-go-testing-tools
2026-08-23T10:22:32.4505973Z  * branch            21585d0e937cae47e54a788d8ae36b1780eae47f -> FETCH_HEAD
2026-08-23T10:22:32.4655907Z Submodule path 'agents/skills/skill-go-testing-tools': checked out '21585d0e937cae47e54a788d8ae36b1780eae47f'
2026-08-23T10:22:32.4669084Z [command]/usr/bin/git submodule foreach git config --local gc.auto 0
2026-08-23T10:22:32.4905813Z Entering 'agents/skills/skill-go-testing-tools'
2026-08-23T10:22:32.5031637Z ##[endgroup]
2026-08-23T10:22:32.5034185Z ##[group]Persisting credentials for submodules
2026-08-23T10:22:32.5040902Z [command]/usr/bin/git submodule foreach --recursive sh -c "git config --local --name-only --get-regexp 'url\.https\:\/\/github\.com\/\.insteadOf' && git config --local --unset-all 'url.https://github.com/.insteadOf' || :"
2026-08-23T10:22:32.5271559Z Entering 'agents/skills/skill-go-testing-tools'
2026-08-23T10:22:32.5334470Z [command]/usr/bin/git submodule foreach sh -c "git config --local 'http.https://github.com/.extraheader' 'AUTHORIZATION: basic ***' && git config --local --show-origin --name-only --get-regexp remote.origin.url"
2026-08-23T10:22:32.5571032Z Entering 'agents/skills/skill-go-testing-tools'
2026-08-23T10:22:32.5614710Z file:/home/runner/work/curator/curator/.git/modules/agents/skills/skill-go-testing-tools/config	remote.origin.url
2026-08-23T10:22:32.5638424Z [command]/usr/bin/git submodule foreach git config --local --add 'url.https://github.com/.insteadOf' 'git@github.com:'
2026-08-23T10:22:32.5872288Z Entering 'agents/skills/skill-go-testing-tools'
2026-08-23T10:22:32.5912949Z [command]/usr/bin/git submodule foreach git config --local --add 'url.https://github.com/.insteadOf' 'org-261817730@github.com:'
2026-08-23T10:22:32.6151530Z Entering 'agents/skills/skill-go-testing-tools'
2026-08-23T10:22:32.6186652Z ##[endgroup]
2026-08-23T10:22:32.6235620Z [command]/usr/bin/git log -1 --format=%H
2026-08-23T10:22:32.6266440Z 1f55f1b4e67915e477a37011f8c5ef4e4cd4c011
2026-08-23T10:22:32.6533226Z ##[group]Run bash .github/ci/candidate-suite.sh verify-inputs "$CANDIDATE_REF" "$CANDIDATE_ROOT_INPUT"
2026-08-23T10:22:32.6536355Z [36;1mbash .github/ci/candidate-suite.sh verify-inputs "$CANDIDATE_REF" "$CANDIDATE_ROOT_INPUT"[0m
2026-08-23T10:22:32.6586098Z shell: /usr/bin/bash --noprofile --norc -e -o pipefail {0}
2026-08-23T10:22:32.6587897Z env:
2026-08-23T10:22:32.6588902Z   SPEC_PIN: 00b1688a9b2457ca397a0bb550acf47cad8ee967
2026-08-23T10:22:32.6590268Z   GOTOOLCHAIN: local
2026-08-23T10:22:32.6591211Z   GOENV: off
2026-08-23T10:22:32.6592292Z   CANDIDATE_REF: 859727b103ed175ff214cbb64641f4686d8c6a68
2026-08-23T10:22:32.6593708Z   CANDIDATE_ROOT_INPUT: 
2026-08-23T10:22:32.6594703Z ##[endgroup]
2026-08-23T10:22:32.6716288Z candidate-suite: candidate input accepted (exactly one revision or root)
2026-08-23T10:22:32.6815208Z ##[group]Run bash .github/ci/candidate-suite.sh verify-ref "$CANDIDATE_REF"
2026-08-23T10:22:32.6817659Z [36;1mbash .github/ci/candidate-suite.sh verify-ref "$CANDIDATE_REF"[0m
2026-08-23T10:22:32.6861760Z shell: /usr/bin/bash --noprofile --norc -e -o pipefail {0}
2026-08-23T10:22:32.6863203Z env:
2026-08-23T10:22:32.6864205Z   SPEC_PIN: 00b1688a9b2457ca397a0bb550acf47cad8ee967
2026-08-23T10:22:32.6865534Z   GOTOOLCHAIN: local
2026-08-23T10:22:32.6866481Z   GOENV: off
2026-08-23T10:22:32.6867768Z   CANDIDATE_REF: 859727b103ed175ff214cbb64641f4686d8c6a68
2026-08-23T10:22:32.6869125Z ##[endgroup]
2026-08-23T10:22:32.6966263Z candidate-suite: revision accepted (immutable, full 40-hex): 859727b103ed175ff214cbb64641f4686d8c6a68
2026-08-23T10:22:32.7199246Z Node 20 is being deprecated. This workflow is running with Node 24 by default. If you need to temporarily use Node 20, you can set the ACTIONS_ALLOW_USE_UNSECURE_NODE_VERSION=true environment variable. For more information see: https://github.blog/changelog/2025-09-19-deprecation-of-node-20-on-github-actions-runners/
2026-08-23T10:22:32.7204315Z ##[group]Run actions/checkout@v4
2026-08-23T10:22:32.7205368Z with:
2026-08-23T10:22:32.7206259Z   repository: relux-works/curator-spec
2026-08-23T10:22:32.7207600Z   ref: 859727b103ed175ff214cbb64641f4686d8c6a68
2026-08-23T10:22:32.7208802Z   path: candidate-spec
2026-08-23T10:22:32.7216982Z   token: ***
2026-08-23T10:22:32.7217935Z   ssh-strict: true
2026-08-23T10:22:32.7218815Z   ssh-user: git
2026-08-23T10:22:32.7219719Z   persist-credentials: true
2026-08-23T10:22:32.7220712Z   clean: true
2026-08-23T10:22:32.7221619Z   sparse-checkout-cone-mode: true
2026-08-23T10:22:32.7222684Z   fetch-depth: 1
2026-08-23T10:22:32.7223621Z   fetch-tags: false
2026-08-23T10:22:32.7224532Z   show-progress: true
2026-08-23T10:22:32.7225456Z   lfs: false
2026-08-23T10:22:32.7226299Z   submodules: false
2026-08-23T10:22:32.7227214Z   set-safe-directory: true
2026-08-23T10:22:32.7228370Z   allow-unsafe-pr-checkout: false
2026-08-23T10:22:32.7229436Z env:
2026-08-23T10:22:32.7230369Z   SPEC_PIN: 00b1688a9b2457ca397a0bb550acf47cad8ee967
2026-08-23T10:22:32.7231609Z   GOTOOLCHAIN: local
2026-08-23T10:22:32.7232517Z   GOENV: off
2026-08-23T10:22:32.7233349Z ##[endgroup]
2026-08-23T10:22:32.8183367Z Syncing repository: relux-works/curator-spec
2026-08-23T10:22:32.8186683Z ##[group]Getting Git version info
2026-08-23T10:22:32.8189587Z Working directory is '/home/runner/work/curator/curator/candidate-spec'
2026-08-23T10:22:32.8213778Z [command]/usr/bin/git version
2026-08-23T10:22:32.8260061Z git version 2.55.0
2026-08-23T10:22:32.8324465Z ##[endgroup]
2026-08-23T10:22:32.8331589Z Temporarily overriding HOME='/home/runner/work/_temp/942b8a3d-1014-4910-998c-2b048516dcb3' before making global git config changes
2026-08-23T10:22:32.8336098Z Adding repository directory to the temporary git global config as a safe directory
2026-08-23T10:22:32.8340164Z [command]/usr/bin/git config --global --add safe.directory /home/runner/work/curator/curator/candidate-spec
2026-08-23T10:22:32.8385014Z ##[group]Initializing the repository
2026-08-23T10:22:32.8389208Z [command]/usr/bin/git init /home/runner/work/curator/curator/candidate-spec
2026-08-23T10:22:32.8440081Z hint: Using 'master' as the name for the initial branch. This default branch name
2026-08-23T10:22:32.8443339Z hint: will change to "main" in Git 3.0. To configure the initial branch name
2026-08-23T10:22:32.8449499Z hint: to use in all of your new repositories, which will suppress this warning,
2026-08-23T10:22:32.8451944Z hint: call:
2026-08-23T10:22:32.8453131Z hint:
2026-08-23T10:22:32.8454885Z hint: 	git config --global init.defaultBranch <name>
2026-08-23T10:22:32.8456764Z hint:
2026-08-23T10:22:32.8459279Z hint: Names commonly chosen instead of 'master' are 'main', 'trunk' and
2026-08-23T10:22:32.8462217Z hint: 'development'. The just-created branch can be renamed via this command:
2026-08-23T10:22:32.8464518Z hint:
2026-08-23T10:22:32.8465735Z hint: 	git branch -m <name>
2026-08-23T10:22:32.8467744Z hint:
2026-08-23T10:22:32.8469685Z hint: Disable this message with "git config set advice.defaultBranchName false"
2026-08-23T10:22:32.8473106Z Initialized empty Git repository in /home/runner/work/curator/curator/candidate-spec/.git/
2026-08-23T10:22:32.8478701Z [command]/usr/bin/git remote add origin https://github.com/relux-works/curator-spec
2026-08-23T10:22:32.8493687Z ##[endgroup]
2026-08-23T10:22:32.8495893Z ##[group]Disabling automatic garbage collection
2026-08-23T10:22:32.8498144Z [command]/usr/bin/git config --local gc.auto 0
2026-08-23T10:22:32.8542200Z ##[endgroup]
2026-08-23T10:22:32.8544600Z ##[group]Setting up auth
2026-08-23T10:22:32.8547947Z [command]/usr/bin/git config --local --name-only --get-regexp core\.sshCommand
2026-08-23T10:22:32.8589075Z [command]/usr/bin/git submodule foreach --recursive sh -c "git config --local --name-only --get-regexp 'core\.sshCommand' && git config --local --unset-all 'core.sshCommand' || :"
2026-08-23T10:22:32.8868505Z [command]/usr/bin/git config --local --name-only --get-regexp http\.https\:\/\/github\.com\/\.extraheader
2026-08-23T10:22:32.8913959Z [command]/usr/bin/git submodule foreach --recursive sh -c "git config --local --name-only --get-regexp 'http\.https\:\/\/github\.com\/\.extraheader' && git config --local --unset-all 'http.https://github.com/.extraheader' || :"
2026-08-23T10:22:32.9204271Z [command]/usr/bin/git config --local --name-only --get-regexp ^includeIf\.gitdir:
2026-08-23T10:22:32.9243159Z [command]/usr/bin/git submodule foreach --recursive git config --local --show-origin --name-only --get-regexp remote.origin.url
2026-08-23T10:22:32.9504695Z [command]/usr/bin/git config --local http.https://github.com/.extraheader AUTHORIZATION: basic ***
2026-08-23T10:22:32.9549783Z ##[endgroup]
2026-08-23T10:22:32.9551805Z ##[group]Fetching the repository
2026-08-23T10:22:32.9561223Z [command]/usr/bin/git -c protocol.version=2 fetch --no-tags --prune --no-recurse-submodules --depth=1 origin 859727b103ed175ff214cbb64641f4686d8c6a68
2026-08-23T10:22:33.2472298Z From https://github.com/relux-works/curator-spec
2026-08-23T10:22:33.2475616Z  * branch            859727b103ed175ff214cbb64641f4686d8c6a68 -> FETCH_HEAD
2026-08-23T10:22:33.2482083Z ##[endgroup]
2026-08-23T10:22:33.2484587Z ##[group]Determining the checkout info
2026-08-23T10:22:33.2487739Z ##[endgroup]
2026-08-23T10:22:33.2489578Z [command]/usr/bin/git sparse-checkout disable
2026-08-23T10:22:33.2542752Z [command]/usr/bin/git config --local --unset-all extensions.worktreeConfig
2026-08-23T10:22:33.2585430Z ##[group]Checking out the ref
2026-08-23T10:22:33.2591249Z [command]/usr/bin/git checkout --progress --force 859727b103ed175ff214cbb64641f4686d8c6a68
2026-08-23T10:22:33.2997300Z Note: switching to '859727b103ed175ff214cbb64641f4686d8c6a68'.
2026-08-23T10:22:33.2999247Z 
2026-08-23T10:22:33.3000578Z You are in 'detached HEAD' state. You can look around, make experimental
2026-08-23T10:22:33.3003415Z changes and commit them, and you can discard any commits you make in this
2026-08-23T10:22:33.3006262Z state without impacting any branches by switching back to a branch.
2026-08-23T10:22:33.3008091Z 
2026-08-23T10:22:33.3009360Z If you want to create a new branch to retain commits you create, you may
2026-08-23T10:22:33.3011992Z do so (now or later) by using -c with the switch command. Example:
2026-08-23T10:22:33.3013552Z 
2026-08-23T10:22:33.3014338Z   git switch -c <new-branch-name>
2026-08-23T10:22:33.3015475Z 
2026-08-23T10:22:33.3016221Z Or undo this operation with:
2026-08-23T10:22:33.3017316Z 
2026-08-23T10:22:33.3018421Z   git switch -
2026-08-23T10:22:33.3019359Z 
2026-08-23T10:22:33.3020634Z Turn off this advice by setting config variable advice.detachedHead to false
2026-08-23T10:22:33.3022548Z 
2026-08-23T10:22:33.3023627Z HEAD is now at 859727b Add schema 8 rc.9 candidate metadata
2026-08-23T10:22:33.3028965Z ##[endgroup]
2026-08-23T10:22:33.3056713Z [command]/usr/bin/git log -1 --format=%H
2026-08-23T10:22:33.3090447Z 859727b103ed175ff214cbb64641f4686d8c6a68
2026-08-23T10:22:33.3326702Z Node 20 is being deprecated. This workflow is running with Node 24 by default. If you need to temporarily use Node 20, you can set the ACTIONS_ALLOW_USE_UNSECURE_NODE_VERSION=true environment variable. For more information see: https://github.blog/changelog/2025-09-19-deprecation-of-node-20-on-github-actions-runners/
2026-08-23T10:22:33.3328386Z ##[group]Run actions/checkout@v4
2026-08-23T10:22:33.3328712Z with:
2026-08-23T10:22:33.3329015Z   repository: relux-works/curator-spec
2026-08-23T10:22:33.3329396Z   ref: 00b1688a9b2457ca397a0bb550acf47cad8ee967
2026-08-23T10:22:33.3329768Z   path: protocol-spec
2026-08-23T10:22:33.3332234Z   token: ***
2026-08-23T10:22:33.3332512Z   ssh-strict: true
2026-08-23T10:22:33.3332820Z   ssh-user: git
2026-08-23T10:22:33.3333134Z   persist-credentials: true
2026-08-23T10:22:33.3333444Z   clean: true
2026-08-23T10:22:33.3333741Z   sparse-checkout-cone-mode: true
2026-08-23T10:22:33.3334079Z   fetch-depth: 1
2026-08-23T10:22:33.3334406Z   fetch-tags: false
2026-08-23T10:22:33.3334705Z   show-progress: true
2026-08-23T10:22:33.3334992Z   lfs: false
2026-08-23T10:22:33.3335613Z   submodules: false
2026-08-23T10:22:33.3357897Z   set-safe-directory: true
2026-08-23T10:22:33.3358287Z   allow-unsafe-pr-checkout: false
2026-08-23T10:22:33.3358626Z env:
2026-08-23T10:22:33.3358943Z   SPEC_PIN: 00b1688a9b2457ca397a0bb550acf47cad8ee967
2026-08-23T10:22:33.3359324Z   GOTOOLCHAIN: local
2026-08-23T10:22:33.3359615Z   GOENV: off
2026-08-23T10:22:33.3359878Z ##[endgroup]
2026-08-23T10:22:33.4227827Z Syncing repository: relux-works/curator-spec
2026-08-23T10:22:33.4235790Z ##[group]Getting Git version info
2026-08-23T10:22:33.4236649Z Working directory is '/home/runner/work/curator/curator/protocol-spec'
2026-08-23T10:22:33.4276828Z [command]/usr/bin/git version
2026-08-23T10:22:33.4321140Z git version 2.55.0
2026-08-23T10:22:33.4373260Z ##[endgroup]
2026-08-23T10:22:33.4389653Z Temporarily overriding HOME='/home/runner/work/_temp/b6ded2f9-41aa-4b51-81f9-0daf75b2a37d' before making global git config changes
2026-08-23T10:22:33.4391145Z Adding repository directory to the temporary git global config as a safe directory
2026-08-23T10:22:33.4394581Z [command]/usr/bin/git config --global --add safe.directory /home/runner/work/curator/curator/protocol-spec
2026-08-23T10:22:33.4437630Z ##[group]Initializing the repository
2026-08-23T10:22:33.4444814Z [command]/usr/bin/git init /home/runner/work/curator/curator/protocol-spec
2026-08-23T10:22:33.4501301Z hint: Using 'master' as the name for the initial branch. This default branch name
2026-08-23T10:22:33.4502606Z hint: will change to "main" in Git 3.0. To configure the initial branch name
2026-08-23T10:22:33.4503809Z hint: to use in all of your new repositories, which will suppress this warning,
2026-08-23T10:22:33.4504766Z hint: call:
2026-08-23T10:22:33.4505335Z hint:
2026-08-23T10:22:33.4506054Z hint: 	git config --global init.defaultBranch <name>
2026-08-23T10:22:33.4506830Z hint:
2026-08-23T10:22:33.4507837Z hint: Names commonly chosen instead of 'master' are 'main', 'trunk' and
2026-08-23T10:22:33.4509025Z hint: 'development'. The just-created branch can be renamed via this command:
2026-08-23T10:22:33.4509936Z hint:
2026-08-23T10:22:33.4510556Z hint: 	git branch -m <name>
2026-08-23T10:22:33.4511184Z hint:
2026-08-23T10:22:33.4512028Z hint: Disable this message with "git config set advice.defaultBranchName false"
2026-08-23T10:22:33.4513402Z Initialized empty Git repository in /home/runner/work/curator/curator/protocol-spec/.git/
2026-08-23T10:22:33.4515940Z [command]/usr/bin/git remote add origin https://github.com/relux-works/curator-spec
2026-08-23T10:22:33.4556421Z ##[endgroup]
2026-08-23T10:22:33.4557259Z ##[group]Disabling automatic garbage collection
2026-08-23T10:22:33.4562350Z [command]/usr/bin/git config --local gc.auto 0
2026-08-23T10:22:33.4601305Z ##[endgroup]
2026-08-23T10:22:33.4602035Z ##[group]Setting up auth
2026-08-23T10:22:33.4611581Z [command]/usr/bin/git config --local --name-only --get-regexp core\.sshCommand
2026-08-23T10:22:33.4651641Z [command]/usr/bin/git submodule foreach --recursive sh -c "git config --local --name-only --get-regexp 'core\.sshCommand' && git config --local --unset-all 'core.sshCommand' || :"
2026-08-23T10:22:33.4933650Z [command]/usr/bin/git config --local --name-only --get-regexp http\.https\:\/\/github\.com\/\.extraheader
2026-08-23T10:22:33.4975932Z [command]/usr/bin/git submodule foreach --recursive sh -c "git config --local --name-only --get-regexp 'http\.https\:\/\/github\.com\/\.extraheader' && git config --local --unset-all 'http.https://github.com/.extraheader' || :"
2026-08-23T10:22:33.5255618Z [command]/usr/bin/git config --local --name-only --get-regexp ^includeIf\.gitdir:
2026-08-23T10:22:33.5312634Z [command]/usr/bin/git submodule foreach --recursive git config --local --show-origin --name-only --get-regexp remote.origin.url
2026-08-23T10:22:33.5589510Z [command]/usr/bin/git config --local http.https://github.com/.extraheader AUTHORIZATION: basic ***
2026-08-23T10:22:33.5636792Z ##[endgroup]
2026-08-23T10:22:33.5638268Z ##[group]Fetching the repository
2026-08-23T10:22:33.5648336Z [command]/usr/bin/git -c protocol.version=2 fetch --no-tags --prune --no-recurse-submodules --depth=1 origin 00b1688a9b2457ca397a0bb550acf47cad8ee967
2026-08-23T10:22:33.8154566Z From https://github.com/relux-works/curator-spec
2026-08-23T10:22:33.8155573Z  * branch            00b1688a9b2457ca397a0bb550acf47cad8ee967 -> FETCH_HEAD
2026-08-23T10:22:33.8168013Z ##[endgroup]
2026-08-23T10:22:33.8168474Z ##[group]Determining the checkout info
2026-08-23T10:22:33.8168941Z ##[endgroup]
2026-08-23T10:22:33.8170890Z [command]/usr/bin/git sparse-checkout disable
2026-08-23T10:22:33.8218272Z [command]/usr/bin/git config --local --unset-all extensions.worktreeConfig
2026-08-23T10:22:33.8253141Z ##[group]Checking out the ref
2026-08-23T10:22:33.8258372Z [command]/usr/bin/git checkout --progress --force 00b1688a9b2457ca397a0bb550acf47cad8ee967
2026-08-23T10:22:33.8387071Z Note: switching to '00b1688a9b2457ca397a0bb550acf47cad8ee967'.
2026-08-23T10:22:33.8387856Z 
2026-08-23T10:22:33.8388194Z You are in 'detached HEAD' state. You can look around, make experimental
2026-08-23T10:22:33.8388995Z changes and commit them, and you can discard any commits you make in this
2026-08-23T10:22:33.8389781Z state without impacting any branches by switching back to a branch.
2026-08-23T10:22:33.8390224Z 
2026-08-23T10:22:33.8390555Z If you want to create a new branch to retain commits you create, you may
2026-08-23T10:22:33.8391064Z do so (now or later) by using -c with the switch command. Example:
2026-08-23T10:22:33.8391492Z 
2026-08-23T10:22:33.8391647Z   git switch -c <new-branch-name>
2026-08-23T10:22:33.8391913Z 
2026-08-23T10:22:33.8392077Z Or undo this operation with:
2026-08-23T10:22:33.8392331Z 
2026-08-23T10:22:33.8392478Z   git switch -
2026-08-23T10:22:33.8392703Z 
2026-08-23T10:22:33.8393032Z Turn off this advice by setting config variable advice.detachedHead to false
2026-08-23T10:22:33.8393350Z 
2026-08-23T10:22:33.8393727Z HEAD is now at 00b1688 Adopt agent-skill.json as the canonical manifest (#11)
2026-08-23T10:22:33.8395048Z ##[endgroup]
2026-08-23T10:22:33.8441246Z [command]/usr/bin/git log -1 --format=%H
2026-08-23T10:22:33.8471567Z 00b1688a9b2457ca397a0bb550acf47cad8ee967
2026-08-23T10:22:33.8648174Z Node 20 is being deprecated. This workflow is running with Node 24 by default. If you need to temporarily use Node 20, you can set the ACTIONS_ALLOW_USE_UNSECURE_NODE_VERSION=true environment variable. For more information see: https://github.blog/changelog/2025-09-19-deprecation-of-node-20-on-github-actions-runners/
2026-08-23T10:22:33.8649493Z ##[group]Run actions/setup-go@v5
2026-08-23T10:22:33.8649758Z with:
2026-08-23T10:22:33.8649978Z   go-version-file: go.mod
2026-08-23T10:22:33.8650235Z   check-latest: false
2026-08-23T10:22:33.8652579Z   token: ***
2026-08-23T10:22:33.8652794Z   cache: true
2026-08-23T10:22:33.8653002Z env:
2026-08-23T10:22:33.8653250Z   SPEC_PIN: 00b1688a9b2457ca397a0bb550acf47cad8ee967
2026-08-23T10:22:33.8653785Z   GOTOOLCHAIN: local
2026-08-23T10:22:33.8654005Z   GOENV: off
2026-08-23T10:22:33.8654209Z ##[endgroup]
2026-08-23T10:22:34.0099631Z Setup go version spec 1.25.5
2026-08-23T10:22:34.0111114Z Attempting to download 1.25.5...
2026-08-23T10:22:34.0224825Z (node:2658) [DEP0040] DeprecationWarning: The `punycode` module is deprecated. Please use a userland alternative instead.
2026-08-23T10:22:34.0226266Z (Use `node --trace-deprecation ...` to show where the warning was created)
2026-08-23T10:22:34.4441439Z matching 1.25.5...
2026-08-23T10:22:34.4482052Z Acquiring 1.25.5 from https://github.com/actions/go-versions/releases/download/1.25.5-19880500865/go-1.25.5-linux-x64.tar.gz
2026-08-23T10:22:34.9178670Z Extracting Go...
2026-08-23T10:22:34.9313743Z [command]/usr/bin/tar xz --warning=no-unknown-keyword --overwrite -C /home/runner/work/_temp/279f5a7c-df04-41f2-a17c-30070f6d81dd -f /home/runner/work/_temp/33401fa9-7b6f-49b1-9bd4-08de17aa3b40
2026-08-23T10:22:36.5424576Z Successfully extracted go to /home/runner/work/_temp/279f5a7c-df04-41f2-a17c-30070f6d81dd
2026-08-23T10:22:36.5425377Z Adding to the cache ...
2026-08-23T10:22:41.9916340Z Successfully cached go to /opt/hostedtoolcache/go/1.25.5/x64
2026-08-23T10:22:41.9919328Z Added go to the path
2026-08-23T10:22:41.9922354Z Successfully set up Go version 1.25.5
2026-08-23T10:22:42.0146616Z [command]/opt/hostedtoolcache/go/1.25.5/x64/bin/go env GOMODCACHE
2026-08-23T10:22:42.0191191Z [command]/opt/hostedtoolcache/go/1.25.5/x64/bin/go env GOCACHE
2026-08-23T10:22:42.0240944Z /home/runner/go/pkg/mod
2026-08-23T10:22:42.0258260Z /home/runner/.cache/go-build
2026-08-23T10:22:42.1058315Z Cache hit for: setup-go-Linux-x64-ubuntu24-go-1.25.5-4ce59a23addd1e381562aa006c7fdb29d2b75285eeb8d306f3eb0f731d5ae710
2026-08-23T10:22:42.1169224Z (node:2658) [DEP0169] DeprecationWarning: `url.parse()` behavior is not standardized and prone to errors that have security implications. Use the WHATWG URL API instead. CVEs are not issued for `url.parse()` vulnerabilities.
2026-08-23T10:22:42.4173150Z Received 44802049 of 44802049 (100.0%), 164.3 MBs/sec
2026-08-23T10:22:42.4173718Z Cache Size: ~43 MB (44802049 B)
2026-08-23T10:22:42.4200184Z [command]/usr/bin/tar -xf /home/runner/work/_temp/4f6fa09a-f29a-477c-8c05-538b7a3421d5/cache.tzst -P -C /home/runner/work/curator/curator --use-compress-program unzstd
2026-08-23T10:22:42.7710005Z Cache restored successfully
2026-08-23T10:22:42.7738063Z Cache restored from key: setup-go-Linux-x64-ubuntu24-go-1.25.5-4ce59a23addd1e381562aa006c7fdb29d2b75285eeb8d306f3eb0f731d5ae710
2026-08-23T10:22:42.7767053Z go version go1.25.5 linux/amd64
2026-08-23T10:22:42.7767274Z 
2026-08-23T10:22:42.7767830Z ##[group]go env
2026-08-23T10:22:42.7896472Z AR='ar'
2026-08-23T10:22:42.7896815Z CC='gcc'
2026-08-23T10:22:42.7897213Z CGO_CFLAGS='-O2 -g'
2026-08-23T10:22:42.7897711Z CGO_CPPFLAGS=''
2026-08-23T10:22:42.7898015Z CGO_CXXFLAGS='-O2 -g'
2026-08-23T10:22:42.7898261Z CGO_ENABLED='1'
2026-08-23T10:22:42.7898483Z CGO_FFLAGS='-O2 -g'
2026-08-23T10:22:42.7898728Z CGO_LDFLAGS='-O2 -g'
2026-08-23T10:22:42.7898947Z CXX='g++'
2026-08-23T10:22:42.7899157Z GCCGO='gccgo'
2026-08-23T10:22:42.7899378Z GO111MODULE=''
2026-08-23T10:22:42.7899589Z GOAMD64='v1'
2026-08-23T10:22:42.7899802Z GOARCH='amd64'
2026-08-23T10:22:42.7900318Z GOAUTH='netrc'
2026-08-23T10:22:42.7900527Z GOBIN=''
2026-08-23T10:22:42.7900778Z GOCACHE='/home/runner/.cache/go-build'
2026-08-23T10:22:42.7901087Z GOCACHEPROG=''
2026-08-23T10:22:42.7901301Z GODEBUG=''
2026-08-23T10:22:42.7901497Z GOENV=''
2026-08-23T10:22:42.7901696Z GOEXE=''
2026-08-23T10:22:42.7901892Z GOEXPERIMENT=''
2026-08-23T10:22:42.7902108Z GOFIPS140='off'
2026-08-23T10:22:42.7902305Z GOFLAGS=''
2026-08-23T10:22:42.7903008Z GOGCCFLAGS='-fPIC -m64 -pthread -Wl,--no-gc-sections -fmessage-length=0 -ffile-prefix-map=/tmp/go-build696696680=/tmp/go-build -gno-record-gcc-switches'
2026-08-23T10:22:42.7903698Z GOHOSTARCH='amd64'
2026-08-23T10:22:42.7903930Z GOHOSTOS='linux'
2026-08-23T10:22:42.7904143Z GOINSECURE=''
2026-08-23T10:22:42.7904596Z GOMOD='/home/runner/work/curator/curator/go.mod'
2026-08-23T10:22:42.7904938Z GOMODCACHE='/home/runner/go/pkg/mod'
2026-08-23T10:22:42.7905217Z GONOPROXY=''
2026-08-23T10:22:42.7905427Z GONOSUMDB=''
2026-08-23T10:22:42.7905623Z GOOS='linux'
2026-08-23T10:22:42.7905851Z GOPATH='/home/runner/go'
2026-08-23T10:22:42.7906090Z GOPRIVATE=''
2026-08-23T10:22:42.7906365Z GOPROXY='https://proxy.golang.org,direct'
2026-08-23T10:22:42.7906711Z GOROOT='/opt/hostedtoolcache/go/1.25.5/x64'
2026-08-23T10:22:42.7907028Z GOSUMDB='sum.golang.org'
2026-08-23T10:22:42.7907273Z GOTELEMETRY='local'
2026-08-23T10:22:42.7907765Z GOTELEMETRYDIR='/home/runner/.config/go/telemetry'
2026-08-23T10:22:42.7908094Z GOTMPDIR=''
2026-08-23T10:22:42.7908317Z GOTOOLCHAIN='local'
2026-08-23T10:22:42.7908651Z GOTOOLDIR='/opt/hostedtoolcache/go/1.25.5/x64/pkg/tool/linux_amd64'
2026-08-23T10:22:42.7909007Z GOVCS=''
2026-08-23T10:22:42.7909210Z GOVERSION='go1.25.5'
2026-08-23T10:22:42.7909434Z GOWORK=''
2026-08-23T10:22:42.7909658Z PKG_CONFIG='pkg-config'
2026-08-23T10:22:42.7909812Z 
2026-08-23T10:22:42.7910151Z ##[endgroup]
2026-08-23T10:22:42.8109274Z ##[group]Run bash .github/ci/toolchain-identity.sh
2026-08-23T10:22:42.8109706Z [36;1mbash .github/ci/toolchain-identity.sh[0m
2026-08-23T10:22:42.8152754Z shell: /usr/bin/bash --noprofile --norc -e -o pipefail {0}
2026-08-23T10:22:42.8153118Z env:
2026-08-23T10:22:42.8153378Z   SPEC_PIN: 00b1688a9b2457ca397a0bb550acf47cad8ee967
2026-08-23T10:22:42.8153702Z   GOTOOLCHAIN: local
2026-08-23T10:22:42.8153918Z   GOENV: off
2026-08-23T10:22:42.8154122Z ##[endgroup]
2026-08-23T10:22:42.8295345Z toolchain: go version go1.25.5 linux/amd64
2026-08-23T10:22:42.8326051Z toolchain: GOROOT=/opt/hostedtoolcache/go/1.25.5/x64
2026-08-23T10:22:42.8374652Z toolchain: GOTOOLCHAIN=local
2026-08-23T10:22:42.8403421Z toolchain: GOENV=<none>
2026-08-23T10:22:42.8403866Z ci-toolchain-identity: ok
2026-08-23T10:22:42.8438466Z ##[group]Run set -u
2026-08-23T10:22:42.8438768Z [36;1mset -u[0m
2026-08-23T10:22:42.8439049Z [36;1mif [ -n "$CANDIDATE_ROOT_INPUT" ]; then[0m
2026-08-23T10:22:42.8439382Z [36;1m  root="$CANDIDATE_ROOT_INPUT"[0m
2026-08-23T10:22:42.8439666Z [36;1melse[0m
2026-08-23T10:22:42.8439965Z [36;1m  root="$GITHUB_WORKSPACE/candidate-spec/conformance/v1"[0m
2026-08-23T10:22:42.8440314Z [36;1mfi[0m
2026-08-23T10:22:42.8440550Z [36;1mecho "root=$root" >>"$GITHUB_OUTPUT"[0m
2026-08-23T10:22:42.8440837Z [36;1m[0m
2026-08-23T10:22:42.8441190Z [36;1mpin_manifest="$GITHUB_WORKSPACE/protocol-spec/conformance/v1/manifest.json"[0m
2026-08-23T10:22:42.8441662Z [36;1mif command -v shasum >/dev/null 2>&1; then[0m
2026-08-23T10:22:42.8442096Z [36;1m  PIN_MANIFEST_SHA256="$(shasum -a 256 "$pin_manifest" | awk '{print $1}')"[0m
2026-08-23T10:22:42.8442504Z [36;1melse[0m
2026-08-23T10:22:42.8442836Z [36;1m  PIN_MANIFEST_SHA256="$(sha256sum "$pin_manifest" | awk '{print $1}')"[0m
2026-08-23T10:22:42.8443237Z [36;1mfi[0m
2026-08-23T10:22:42.8443478Z [36;1mexport PIN_MANIFEST_SHA256[0m
2026-08-23T10:22:42.8443912Z [36;1mbash .github/ci/candidate-suite.sh record "$root" .temp/ci-evidence/candidate[0m
2026-08-23T10:22:42.8484386Z shell: /usr/bin/bash --noprofile --norc -e -o pipefail {0}
2026-08-23T10:22:42.8484749Z env:
2026-08-23T10:22:42.8485017Z   SPEC_PIN: 00b1688a9b2457ca397a0bb550acf47cad8ee967
2026-08-23T10:22:42.8485340Z   GOTOOLCHAIN: local
2026-08-23T10:22:42.8485563Z   GOENV: off
2026-08-23T10:22:42.8485835Z   CANDIDATE_REF: 859727b103ed175ff214cbb64641f4686d8c6a68
2026-08-23T10:22:42.8486157Z   CANDIDATE_ROOT_INPUT: 
2026-08-23T10:22:42.8486627Z   CANDIDATE_EXPECTED_MANIFEST_SHA256: sha256:782d6868f6d9725f7bf38d3fb1944f307f2d5d9c060b8816b0f55a5c2e97f11f
2026-08-23T10:22:42.8487161Z ##[endgroup]
2026-08-23T10:22:55.5948699Z candidate-suite: manifest digest matches the supplied expectation
2026-08-23T10:22:55.6030967Z # CANDIDATE PROTOCOL SUITE EVIDENCE -- NOT A RELEASE
2026-08-23T10:22:55.6031472Z #
2026-08-23T10:22:55.6032164Z # This file records the identity of an explicitly supplied, non-default
2026-08-23T10:22:55.6033057Z # candidate protocol suite. It is NOT a published release, NOT a release
2026-08-23T10:22:55.6033603Z # claim and NOT a conformance claim, and it must not be cited as any of
2026-08-23T10:22:55.6034113Z # them. The committed default pin is unchanged by this run; promoting it
2026-08-23T10:22:55.6034814Z # is owned by TASK-260720-38l1sy after TASK-260720-25d05o qualifies the
2026-08-23T10:22:55.6035356Z # release.
2026-08-23T10:22:55.6035646Z #
2026-08-23T10:22:55.6036108Z candidate_revision      859727b103ed175ff214cbb64641f4686d8c6a68
2026-08-23T10:22:55.6036953Z candidate_root          /home/runner/work/curator/curator/candidate-spec/conformance/v1
2026-08-23T10:22:55.6037847Z protocol_version        1.0.0-rc.9
2026-08-23T10:22:55.6038543Z manifest_sha256         sha256:782d6868f6d9725f7bf38d3fb1944f307f2d5d9c060b8816b0f55a5c2e97f11f
2026-08-23T10:22:55.6039195Z tree_sha256             sha256:f88a76263040c90470be8f18c110927267ac5862f7e25b3b161bcd5ef97319f3
2026-08-23T10:22:55.6039640Z file_count              692
2026-08-23T10:22:55.6039999Z committed_released_pin  00b1688a9b2457ca397a0bb550acf47cad8ee967
2026-08-23T10:22:55.6040472Z runner_goos             linux
2026-08-23T10:22:55.6040881Z runner_goarch           amd64
2026-08-23T10:22:55.6041188Z evidence_class          candidate-only
2026-08-23T10:22:55.6041475Z release_claim           none
2026-08-23T10:22:55.6041745Z conformance_claim       none
2026-08-23T10:22:55.6042237Z candidate-suite: identity recorded at .temp/ci-evidence/candidate/candidate-suite-identity.txt
2026-08-23T10:22:55.6110364Z ##[group]Run bash .github/ci/test-gate.sh .temp/ci-evidence/test
2026-08-23T10:22:55.6110864Z [36;1mbash .github/ci/test-gate.sh .temp/ci-evidence/test[0m
2026-08-23T10:22:55.6151386Z shell: /usr/bin/bash --noprofile --norc -e -o pipefail {0}
2026-08-23T10:22:55.6151835Z env:
2026-08-23T10:22:55.6152136Z   SPEC_PIN: 00b1688a9b2457ca397a0bb550acf47cad8ee967
2026-08-23T10:22:55.6152459Z   GOTOOLCHAIN: local
2026-08-23T10:22:55.6152696Z   GOENV: off
2026-08-23T10:22:55.6153093Z   CURATOR_CONFORMANCE_ROOT: /home/runner/work/curator/curator/candidate-spec/conformance/v1
2026-08-23T10:22:55.6153542Z   CI_REQUIRE_FULL_ROOT: 1
2026-08-23T10:22:55.6153782Z ##[endgroup]
2026-08-23T10:22:55.6288828Z test-gate: flags=<none> timeout=30m
2026-08-23T10:22:55.6289377Z test-gate: conformance root=/home/runner/work/curator/curator/candidate-spec/conformance/v1
2026-08-23T10:22:55.6290013Z 
2026-08-23T10:22:56.7815626Z suite-plan: GOOS=linux
2026-08-23T10:22:56.7816233Z suite-plan: root=/home/runner/work/curator/curator/candidate-spec/conformance/v1
2026-08-23T10:22:56.7816939Z suite-plan: platform qualification read from the root's own vectors/conformance-claim-v3-qualification.json
2026-08-23T10:22:56.7817369Z 
2026-08-23T10:22:56.7817682Z excl  internal/godriver
2026-08-23T10:22:56.7818228Z       excluded on linux by the root's own vectors/conformance-claim-v3-qualification.json
2026-08-23T10:22:56.7819105Z       the exclusion is asserted by TestProbeRejectsAnUncoveredPlatformBeforeTheWorker, which still runs and must pass
2026-08-23T10:22:56.7819597Z 
2026-08-23T10:22:56.7819732Z suite-plan: served=40 deferred=0 excluded=1
2026-08-23T10:22:56.7820181Z suite-plan: CI_REQUIRE_FULL_ROOT=1 -- every package must be served by this root
2026-08-23T10:22:56.7820600Z suite-plan: ok
2026-08-23T10:23:55.4512677Z test-gate: stage served exit=1 (stream: .temp/ci-evidence/test/go-test-served.json)
2026-08-23T10:23:56.3660593Z test-gate: stage assert-godriver exit=0 (stream: .temp/ci-evidence/test/go-test-assert-godriver.json)
2026-08-23T10:23:56.3665018Z 
2026-08-23T10:23:56.3665501Z test-gate: go test overall exit=1 (merged stream: .temp/ci-evidence/test/go-test.json)
2026-08-23T10:23:56.3666039Z 
2026-08-23T10:23:56.7998891Z platform-case gate: GOOS=linux
2026-08-23T10:23:56.7999544Z platform-case gate: ledger=.github/ci/platform-cases.tsv
2026-08-23T10:23:56.8000196Z platform-case gate: excluded packages (not run here): internal/godriver 
2026-08-23T10:23:56.8001023Z 
2026-08-23T10:23:56.8001344Z ok    internal/runtimestore :: TestInstallSingleCommandAndShims
2026-08-23T10:23:56.8001860Z ok    internal/runtimestore :: TestRuntimeCommandPath
2026-08-23T10:23:56.8002647Z ok    internal/runtimestore :: TestCompiledShimsStageWithoutLaunchThenPostInstallForwardExactly
2026-08-23T10:23:56.8003223Z ok    internal/buildcache :: TestUnixProtectedStateMatrix
2026-08-23T10:23:56.8003670Z ok    internal/buildcache :: TestUnixProtectionHelperFailuresFailClosed
2026-08-23T10:23:56.8004133Z ok    internal/config :: TestBootstrapAndAddProject
2026-08-23T10:23:56.8004629Z ok    internal/buildcache :: TestSweepDoesNotFollowSymlinkedEntries
2026-08-23T10:23:56.8005377Z ok    internal/buildcache :: TestSweepDoesNotFollowASymlinkedCacheRoot
2026-08-23T10:23:56.8006241Z ok    internal/buildcache :: TestRetireEntryRemovesLinksWithoutFollowingThem
2026-08-23T10:23:56.8007159Z ok    internal/buildcache :: TestUnixRejectsEntrySymlinkAndUnprotectedCacheRoot
2026-08-23T10:23:56.8008185Z ok    internal/scopes :: TestCollectStaysFailSafeOnRedirectedUnixScopes
2026-08-23T10:23:56.8008723Z ok    internal/buildsource :: TestRejectsSpecialFile
2026-08-23T10:23:56.8009216Z ok    internal/gitops :: TestArchiveRejectsLinks
2026-08-23T10:23:56.8009685Z ok    internal/buildsource :: TestFrozenTokenRejectsMutation
2026-08-23T10:23:56.8010130Z ok    internal/buildsource :: TestFrozenTokenRejectsRootReplacement
2026-08-23T10:23:56.8010637Z ok    internal/buildsource :: TestWithValidatedOrdersCallbackAndRejectsMutation
2026-08-23T10:23:56.8011363Z ok    internal/install :: TestDryRunTouchesNothing
2026-08-23T10:23:56.8011786Z ok    internal/whitelist :: TestRuntimeRootsExcludedFromContext
2026-08-23T10:23:56.8012243Z ok    internal/runtimestore :: TestUnixPostInstallShimPropagatesSignal
2026-08-23T10:23:56.8012747Z ok    internal/shell :: TestPosixHookEntersNestedSwitchesAndLeavesProjects
2026-08-23T10:23:56.8013222Z ok    internal/envfiles :: TestWriteProjectShapesAndSourcing
2026-08-23T10:23:56.8013584Z ok    internal/install :: TestEndToEndInstall
2026-08-23T10:23:56.8013987Z ok    internal/adapters :: TestSymlinkModeStagesRelativeLinkTargets
2026-08-23T10:23:56.8014559Z ok    internal/transaction :: TestValidateIndependentTargetNamespacesRejectsOverlappingPaths
2026-08-23T10:23:56.8015230Z ok    internal/transaction :: TestSaveJournalRejectsNamespaceAliasIntroducedBetweenSaves
2026-08-23T10:23:56.8015873Z ok    internal/transaction :: TestRecoverRejectsDecodedTargetNamespacesAliasedWhileStopped
2026-08-23T10:23:56.8016564Z ok    internal/install/atomicity :: TestFailureAtEveryTargetClassRestoresPriorStateInReverseOrder
2026-08-23T10:23:56.8017254Z ok    internal/install/atomicity :: TestStaleAdapterRemovalRollsBackToTheExactPriorEntry
2026-08-23T10:23:56.8018104Z ok    internal/install/atomicity :: TestAdapterMirrorLinksAreJournaledAndRestoredExactly
2026-08-23T10:23:56.8018894Z ok    internal/transaction :: TestCommitAndRollbackRestoreALinkExactly
2026-08-23T10:23:56.8019630Z ok    internal/transaction :: TestRecoveryFinishesAPreparedLinkTransaction
2026-08-23T10:23:56.8020400Z ok    internal/transaction :: TestEntryRemovalRestoresTheExactLink
2026-08-23T10:23:56.8021184Z ok    internal/transaction :: TestEntryTargetsDoNotAliasTheirDestination
2026-08-23T10:23:56.8022087Z ok    internal/transaction :: TestNamespaceIdentityIsReadOnceWithinOneValidationPass
2026-08-23T10:23:56.8022823Z ok    internal/interop :: TestGoldenContextCopy
2026-08-23T10:23:56.8023583Z ok    cmd/curator :: TestCompiledInstallFollowsTheNativeControlInventoryExactly
2026-08-23T10:23:56.8024349Z excl  internal/godriver :: TestProbeRejectsAnUncoveredPlatformBeforeTheWorker (package not executed on linux)
2026-08-23T10:23:56.8024810Z 
2026-08-23T10:23:56.8025076Z platform-case gate: 15 skips recorded in .temp/ci-evidence/test/skips-observed.tsv
2026-08-23T10:23:56.8025516Z platform-case gate: ok
2026-08-23T10:23:56.8025674Z 
2026-08-23T10:23:56.8025835Z test-gate: go test exit=1, platform-case gate exit=0
2026-08-23T10:23:56.8036092Z ##[error]Process completed with exit code 1.
2026-08-23T10:23:56.8133434Z Node 20 is being deprecated. This workflow is running with Node 24 by default. If you need to temporarily use Node 20, you can set the ACTIONS_ALLOW_USE_UNSECURE_NODE_VERSION=true environment variable. For more information see: https://github.blog/changelog/2025-09-19-deprecation-of-node-20-on-github-actions-runners/
2026-08-23T10:23:56.8134664Z ##[group]Run actions/upload-artifact@v4
2026-08-23T10:23:56.8134948Z with:
2026-08-23T10:23:56.8135181Z   name: candidate-evidence-ubuntu-latest
2026-08-23T10:23:56.8135481Z   path: .temp/ci-evidence/
2026-08-23T10:23:56.8135732Z   if-no-files-found: warn
2026-08-23T10:23:56.8135978Z   compression-level: 6
2026-08-23T10:23:56.8136205Z   overwrite: false
2026-08-23T10:23:56.8136434Z   include-hidden-files: false
2026-08-23T10:23:56.8136679Z env:
2026-08-23T10:23:56.8136933Z   SPEC_PIN: 00b1688a9b2457ca397a0bb550acf47cad8ee967
2026-08-23T10:23:56.8137244Z   GOTOOLCHAIN: local
2026-08-23T10:23:56.8137707Z   GOENV: off
2026-08-23T10:23:56.8137971Z ##[endgroup]
2026-08-23T10:23:56.9763373Z (node:12296) [DEP0040] DeprecationWarning: The `punycode` module is deprecated. Please use a userland alternative instead.
2026-08-23T10:23:56.9764538Z (Use `node --trace-deprecation ...` to show where the warning was created)
2026-08-23T10:23:56.9851321Z With the provided path, there will be 18 files uploaded
2026-08-23T10:23:56.9870458Z Artifact name is valid!
2026-08-23T10:23:56.9870894Z Root directory input is valid!
2026-08-23T10:23:57.1752687Z Beginning upload of artifact content to blob storage
2026-08-23T10:23:57.2638707Z (node:12296) [DEP0169] DeprecationWarning: `url.parse()` behavior is not standardized and prone to errors that have security implications. Use the WHATWG URL API instead. CVEs are not issued for `url.parse()` vulnerabilities.
2026-08-23T10:23:57.3502380Z Uploaded bytes 354654
2026-08-23T10:23:57.3683200Z Finished uploading artifact content to blob storage!
2026-08-23T10:23:57.3684209Z SHA256 digest of uploaded artifact zip is a00675f1bf57ba1ccff2dedc8ab6b9c5e6a385024008cfaf61e3d0efe03fa626
2026-08-23T10:23:57.3685821Z Finalizing artifact upload
2026-08-23T10:23:57.5444898Z Artifact candidate-evidence-ubuntu-latest.zip successfully finalized. Artifact ID 9491714239
2026-08-23T10:23:57.5446471Z Artifact candidate-evidence-ubuntu-latest has been successfully uploaded! Final size is 354654 bytes. Artifact ID is 9491714239
2026-08-23T10:23:57.5453508Z Artifact download URL: https://github.com/relux-works/curator/actions/runs/32633572039/artifacts/9491714239
2026-08-23T10:23:57.5650310Z Node 20 is being deprecated. This workflow is running with Node 24 by default. If you need to temporarily use Node 20, you can set the ACTIONS_ALLOW_USE_UNSECURE_NODE_VERSION=true environment variable. For more information see: https://github.blog/changelog/2025-09-19-deprecation-of-node-20-on-github-actions-runners/
2026-08-23T10:23:57.5651496Z Post job cleanup.
2026-08-23T10:23:57.6500782Z [command]/usr/bin/git version
2026-08-23T10:23:57.6543643Z git version 2.55.0
2026-08-23T10:23:57.6590275Z Temporarily overriding HOME='/home/runner/work/_temp/75c69108-b751-4dd6-a2ff-11f49c02f6cd' before making global git config changes
2026-08-23T10:23:57.6591753Z Adding repository directory to the temporary git global config as a safe directory
2026-08-23T10:23:57.6593061Z [command]/usr/bin/git config --global --add safe.directory /home/runner/work/curator/curator/protocol-spec
2026-08-23T10:23:57.6629619Z [command]/usr/bin/git config --local --name-only --get-regexp core\.sshCommand
2026-08-23T10:23:57.6665862Z [command]/usr/bin/git submodule foreach --recursive sh -c "git config --local --name-only --get-regexp 'core\.sshCommand' && git config --local --unset-all 'core.sshCommand' || :"
2026-08-23T10:23:57.6933305Z [command]/usr/bin/git config --local --name-only --get-regexp http\.https\:\/\/github\.com\/\.extraheader
2026-08-23T10:23:57.6959773Z http.https://github.com/.extraheader
2026-08-23T10:23:57.6970743Z [command]/usr/bin/git config --local --unset-all http.https://github.com/.extraheader
2026-08-23T10:23:57.7007153Z [command]/usr/bin/git submodule foreach --recursive sh -c "git config --local --name-only --get-regexp 'http\.https\:\/\/github\.com\/\.extraheader' && git config --local --unset-all 'http.https://github.com/.extraheader' || :"
2026-08-23T10:23:57.7281245Z [command]/usr/bin/git config --local --name-only --get-regexp ^includeIf\.gitdir:
2026-08-23T10:23:57.7321596Z [command]/usr/bin/git submodule foreach --recursive git config --local --show-origin --name-only --get-regexp remote.origin.url
2026-08-23T10:23:57.7746838Z Node 20 is being deprecated. This workflow is running with Node 24 by default. If you need to temporarily use Node 20, you can set the ACTIONS_ALLOW_USE_UNSECURE_NODE_VERSION=true environment variable. For more information see: https://github.blog/changelog/2025-09-19-deprecation-of-node-20-on-github-actions-runners/
2026-08-23T10:23:57.7748271Z Post job cleanup.
2026-08-23T10:23:57.8626438Z [command]/usr/bin/git version
2026-08-23T10:23:57.8702668Z git version 2.55.0
2026-08-23T10:23:57.8741295Z Temporarily overriding HOME='/home/runner/work/_temp/5179da1e-b8e9-4892-96ce-b87c21314a80' before making global git config changes
2026-08-23T10:23:57.8742810Z Adding repository directory to the temporary git global config as a safe directory
2026-08-23T10:23:57.8746932Z [command]/usr/bin/git config --global --add safe.directory /home/runner/work/curator/curator/candidate-spec
2026-08-23T10:23:57.8787851Z [command]/usr/bin/git config --local --name-only --get-regexp core\.sshCommand
2026-08-23T10:23:57.8824762Z [command]/usr/bin/git submodule foreach --recursive sh -c "git config --local --name-only --get-regexp 'core\.sshCommand' && git config --local --unset-all 'core.sshCommand' || :"
2026-08-23T10:23:57.9087564Z [command]/usr/bin/git config --local --name-only --get-regexp http\.https\:\/\/github\.com\/\.extraheader
2026-08-23T10:23:57.9114007Z http.https://github.com/.extraheader
2026-08-23T10:23:57.9135381Z [command]/usr/bin/git config --local --unset-all http.https://github.com/.extraheader
2026-08-23T10:23:57.9163065Z [command]/usr/bin/git submodule foreach --recursive sh -c "git config --local --name-only --get-regexp 'http\.https\:\/\/github\.com\/\.extraheader' && git config --local --unset-all 'http.https://github.com/.extraheader' || :"
2026-08-23T10:23:57.9430432Z [command]/usr/bin/git config --local --name-only --get-regexp ^includeIf\.gitdir:
2026-08-23T10:23:57.9470816Z [command]/usr/bin/git submodule foreach --recursive git config --local --show-origin --name-only --get-regexp remote.origin.url
2026-08-23T10:23:57.9901535Z Node 20 is being deprecated. This workflow is running with Node 24 by default. If you need to temporarily use Node 20, you can set the ACTIONS_ALLOW_USE_UNSECURE_NODE_VERSION=true environment variable. For more information see: https://github.blog/changelog/2025-09-19-deprecation-of-node-20-on-github-actions-runners/
2026-08-23T10:23:57.9902773Z Post job cleanup.
2026-08-23T10:23:58.0819841Z [command]/usr/bin/git version
2026-08-23T10:23:58.0869327Z git version 2.55.0
2026-08-23T10:23:58.0939634Z Temporarily overriding HOME='/home/runner/work/_temp/b8c1539f-9d0c-4cab-a2f7-616ac16b6262' before making global git config changes
2026-08-23T10:23:58.0941270Z Adding repository directory to the temporary git global config as a safe directory
2026-08-23T10:23:58.0942501Z [command]/usr/bin/git config --global --add safe.directory /home/runner/work/curator/curator
2026-08-23T10:23:58.0980685Z [command]/usr/bin/git config --local --name-only --get-regexp core\.sshCommand
2026-08-23T10:23:58.1041261Z [command]/usr/bin/git submodule foreach --recursive sh -c "git config --local --name-only --get-regexp 'core\.sshCommand' && git config --local --unset-all 'core.sshCommand' || :"
2026-08-23T10:23:58.1298661Z Entering 'agents/skills/skill-go-testing-tools'
2026-08-23T10:23:58.1367103Z [command]/usr/bin/git config --local --name-only --get-regexp http\.https\:\/\/github\.com\/\.extraheader
2026-08-23T10:23:58.1394001Z http.https://github.com/.extraheader
2026-08-23T10:23:58.1405644Z [command]/usr/bin/git config --local --unset-all http.https://github.com/.extraheader
2026-08-23T10:23:58.1443707Z [command]/usr/bin/git submodule foreach --recursive sh -c "git config --local --name-only --get-regexp 'http\.https\:\/\/github\.com\/\.extraheader' && git config --local --unset-all 'http.https://github.com/.extraheader' || :"
2026-08-23T10:23:58.1708021Z Entering 'agents/skills/skill-go-testing-tools'
2026-08-23T10:23:58.1735160Z http.https://github.com/.extraheader
2026-08-23T10:23:58.1801770Z [command]/usr/bin/git config --local --name-only --get-regexp ^includeIf\.gitdir:
2026-08-23T10:23:58.1846150Z [command]/usr/bin/git submodule foreach --recursive git config --local --show-origin --name-only --get-regexp remote.origin.url
2026-08-23T10:23:58.2095930Z Entering 'agents/skills/skill-go-testing-tools'
2026-08-23T10:23:58.2116051Z file:/home/runner/work/curator/curator/.git/modules/agents/skills/skill-go-testing-tools/config	remote.origin.url
2026-08-23T10:23:58.2153566Z [command]/usr/bin/git config --file /home/runner/work/curator/curator/.git/modules/agents/skills/skill-go-testing-tools/config --name-only --get-regexp ^includeIf\.gitdir:
2026-08-23T10:23:58.2334340Z Cleaning up orphan processes
2026-08-23T10:23:58.2618872Z ##[warning]Node.js 20 is deprecated. The following actions target Node.js 20 but are being forced to run on Node.js 24: actions/checkout@v4, actions/setup-go@v5, actions/upload-artifact@v4. For more information see: https://github.blog/changelog/2025-09-19-deprecation-of-node-20-on-github-actions-runners/
