--- FAIL: TestPortableExecutionPolicyMatchesTheAcceptedVector (0.00s)
    build_conformance_test.go:168: open /Users/iv/Developer/ReluxWorks/curator/.temp/TASK-260720-3ag6pi/worktree/conformance/v1/vectors/go-host-execution-policy.json: no such file or directory
--- FAIL: TestMandatoryControlsMatchTheAcceptedVector (0.00s)
    build_conformance_test.go:203: open /Users/iv/Developer/ReluxWorks/curator/.temp/TASK-260720-3ag6pi/worktree/conformance/v1/vectors/go-host-execution-policy.json: no such file or directory
--- FAIL: TestNativeControlInventoryMatchesTheAcceptedVector (0.00s)
    build_conformance_test.go:217: open /Users/iv/Developer/ReluxWorks/curator/.temp/TASK-260720-3ag6pi/worktree/conformance/v1/vectors/go-host-execution-policy.json: no such file or directory
--- FAIL: TestCapabilityEvidenceRecordMatchesTheAcceptedVector (0.00s)
    build_conformance_test.go:256: open /Users/iv/Developer/ReluxWorks/curator/.temp/TASK-260720-3ag6pi/worktree/conformance/v1/vectors/go-host-execution-policy.json: no such file or directory
--- FAIL: TestCapabilityEvidenceCasesMatchTheAcceptedVector (0.00s)
    build_conformance_test.go:303: open /Users/iv/Developer/ReluxWorks/curator/.temp/TASK-260720-3ag6pi/worktree/conformance/v1/vectors/go-host-execution-policy.json: no such file or directory
--- FAIL: TestDeferredGuaranteesAndFailureBoundaryMatchTheAcceptedVector (0.00s)
    build_conformance_test.go:359: open /Users/iv/Developer/ReluxWorks/curator/.temp/TASK-260720-3ag6pi/worktree/conformance/v1/vectors/go-host-execution-policy.json: no such file or directory
--- FAIL: TestIdentityProtocolAndPackageInfluenceCodesMatchTheAcceptedVector (0.00s)
    build_conformance_test.go:401: open /Users/iv/Developer/ReluxWorks/curator/.temp/TASK-260720-3ag6pi/worktree/conformance/v1/vectors/go-host-execution-policy.json: no such file or directory
--- FAIL: TestCacheIdentityMatchesTheAcceptedVector (0.00s)
    build_conformance_test.go:426: open /Users/iv/Developer/ReluxWorks/curator/.temp/TASK-260720-3ag6pi/worktree/conformance/v1/vectors/go-host-execution-policy.json: no such file or directory
FAIL
FAIL	github.com/relux-works/curator/internal/godriver	22.665s
--- FAIL: TestCandidateBuildMetadataArtifacts (0.00s)
    buildmeta_test.go:114: candidate input mismatch: <nil>
         got {"build_root":"build","build_source":{"algorithm":"curator-build-source-v1","content_sha256":"sha256:bbbbbbbbbbbbbbbbbbbbbbbbbbbbbbbbbbbbbbbbbbbbbbbbbbbbbbbbbbbbbbbb"},"command":"golden-tool","driver":"go-v1","policy":{"cgo":false,"compiler_directives":"reject-nonstandard-cgo-import-dynamic-v1","execution_policy":"manager-worker-v1","host_objects":false,"libgcc":"none","link_mode":"internal","module_mode":"vendor","network":"none","package_assembly":false,"target_mode":"native","telemetry":"off-private","workspace":false},"schema_version":1,"source_dir":"build/cmd/golden-tool","target":{"goarch":"arm64","goos":"darwin","tuning":{"GOARM64":"v8.0"}},"toolchain":{"algorithm":"curator-go-toolchain-v1","content_sha256":"sha256:cccccccccccccccccccccccccccccccccccccccccccccccccccccccccccccccc","go_relpath":"bin/go","go_version":"go version go1.26.1 darwin/arm64"}}
        want {"build_root":"build","build_source":{"algorithm":"curator-build-source-v1","content_sha256":"sha256:bbbbbbbbbbbbbbbbbbbbbbbbbbbbbbbbbbbbbbbbbbbbbbbbbbbbbbbbbbbbbbbb"},"command":"golden-tool","driver":"go-v1","policy":{"cgo":false,"compiler_directives":"reject-nonstandard-cgo-import-dynamic-v1","host_objects":false,"libgcc":"none","link_mode":"internal","module_mode":"vendor","network":"none","package_assembly":false,"target_mode":"native","telemetry":"off-private","workspace":false},"schema_version":1,"source_dir":"build/cmd/golden-tool","target":{"goarch":"arm64","goos":"darwin","tuning":{"GOARM64":"v8.0"}},"toolchain":{"algorithm":"curator-go-toolchain-v1","content_sha256":"sha256:cccccccccccccccccccccccccccccccccccccccccccccccccccccccccccccccc","go_relpath":"bin/go","go_version":"go version go1.26.1 darwin/arm64"}}
--- FAIL: TestCandidateBuildReceiptSchemaCase (0.00s)
    buildmeta_test.go:155: candidate policy execution_policy = <nil>, want "manager-worker-v1"
FAIL
FAIL	github.com/relux-works/curator/internal/buildmeta	0.314s
FAIL
