## Git/release evidence environment
git_binary=/usr/bin/git
GIT_INDEX_FILE=unset
GIT_WORK_TREE=unset
GIT_DIR=unset
head=f5d7673039226ab81de2f4f87e2155ae995c4df3
head_tree=78210085727ec33b79a050a807f51da253ffb0c8
clean_status_bytes=0
## Vector no-execution invariants
all_77_rejections_artifact_executed_false_and_reuse_false=true
fixed_driver_shell_used_false=true
fixed_driver_artifact_executed_false=true
protected_cache_hit_executes_no_source_aware_go_command=true
dry_run_executes_no_source_aware_go_command=true
## Static harness audit
go_generator_process_execution_api_hits=0
python_validator_process_execution_api_hits=0
release_gate_subprocess_call_sites=1
release_gate_only_subprocess_binary=git
package_fixture_or_artifact_execution_observed=false
alternate_index_or_git_wrapper_used=false
fabricated_release_evidence_observed=false
exit_code=0
