/Users/iv/.local/bin/task-board
task-board version 0.23.0 (commit beec6e9, built 2026-07-27T23:36:53Z)
/usr/bin/git
git version 2.50.1 (Apple Git-155)
/usr/bin/make
GNU Make 3.81
/opt/homebrew/bin/python3
Python 3.14.4
Traceback (most recent call last):
  File "<string>", line 1, in <module>
    import jsonschema, referencing; print("python validation dependencies: ok")
    ^^^^^^^^^^^^^^^^^^^^^^^^^^^^^^
ModuleNotFoundError: No module named 'jsonschema'
/Users/iv/.goenv/shims/go
go version go1.25.5 darwin/arm64
Python 3.14.4
python validation dependencies: ok
/opt/homebrew/bin/jq
jq-1.8.1
/usr/bin/shasum
6.02
