github.com/relux-works/curator/internal/install/builddeps.go:98:		resolve					0.0%
github.com/relux-works/curator/internal/install/builddeps.go:123:		Now					0.0%
github.com/relux-works/curator/internal/install/builddeps.go:126:		installedAt				0.0%
github.com/relux-works/curator/internal/install/builddeps.go:132:		InstalledMarker				0.0%
github.com/relux-works/curator/internal/install/builddeps.go:145:		config					0.0%
github.com/relux-works/curator/internal/install/builddeps.go:149:		Probe					0.0%
github.com/relux-works/curator/internal/install/builddeps.go:165:		Establish				0.0%
github.com/relux-works/curator/internal/install/builddeps.go:187:		Release					0.0%
github.com/relux-works/curator/internal/install/builddeps.go:196:		Stage					0.0%
github.com/relux-works/curator/internal/install/buildhttps.go:31:		NewBuildHTTPSCredentials		100.0%
github.com/relux-works/curator/internal/install/buildhttps.go:36:		Secret					100.0%
github.com/relux-works/curator/internal/install/buildhttps.go:40:		Selected				0.0%
github.com/relux-works/curator/internal/install/buildhttps.go:42:		String					0.0%
github.com/relux-works/curator/internal/install/buildhttps.go:47:		GoString				0.0%
github.com/relux-works/curator/internal/install/buildhttps.go:58:		Secret					0.0%
github.com/relux-works/curator/internal/install/buildhttps.go:60:		String					0.0%
github.com/relux-works/curator/internal/install/buildhttps.go:65:		GoString				0.0%
github.com/relux-works/curator/internal/install/buildhttps.go:85:		String					0.0%
github.com/relux-works/curator/internal/install/buildhttps.go:90:		GoString				0.0%
github.com/relux-works/curator/internal/install/buildhttps.go:95:		CaptureBuildHTTPSSelection		0.0%
github.com/relux-works/curator/internal/install/buildhttps.go:128:		resolveBuildHTTPS			100.0%
github.com/relux-works/curator/internal/install/buildhttps.go:161:		resolveConfiguredBuildHTTPS		100.0%
github.com/relux-works/curator/internal/install/buildhttps.go:194:		needsBuildHTTPS				100.0%
github.com/relux-works/curator/internal/install/buildhttps.go:198:		buildHTTPSKeyFor			100.0%
github.com/relux-works/curator/internal/install/buildhttps.go:202:		buildHTTPSHost				100.0%
github.com/relux-works/curator/internal/install/buildhttps.go:207:		buildHTTPSProvenance			100.0%
github.com/relux-works/curator/internal/install/buildssh.go:78:			CaptureBuildSSHSelection		0.0%
github.com/relux-works/curator/internal/install/buildssh.go:106:		operatorHome				0.0%
github.com/relux-works/curator/internal/install/buildssh.go:118:		operatorKnownHosts			0.0%
github.com/relux-works/curator/internal/install/buildssh.go:147:		resolveBuildSSH				23.4%
github.com/relux-works/curator/internal/install/buildssh.go:222:		matchScope				0.0%
github.com/relux-works/curator/internal/install/buildssh.go:235:		buildSSHKeyFor				0.0%
github.com/relux-works/curator/internal/install/buildssh.go:241:		buildSSHProvenance			0.0%
github.com/relux-works/curator/internal/install/buildssh.go:248:		buildSSHRequests			0.0%
github.com/relux-works/curator/internal/install/buildssh.go:265:		needsBuildSSH				100.0%
github.com/relux-works/curator/internal/install/buildssh.go:270:		runWideCredentials			57.1%
github.com/relux-works/curator/internal/install/buildssh.go:292:		knownHosts				75.0%
github.com/relux-works/curator/internal/install/buildssh.go:304:		scopeCredentials			0.0%
github.com/relux-works/curator/internal/install/buildssh.go:330:		missingBuildSSHError			0.0%
github.com/relux-works/curator/internal/install/buildssh.go:365:		missingBuildSSHScopes			0.0%
github.com/relux-works/curator/internal/install/buildssh.go:382:		defaultBuildSSHScope			0.0%
github.com/relux-works/curator/internal/install/buildssh.go:396:		credentialReport			0.0%
github.com/relux-works/curator/internal/install/buildsshcandidates.go:51:	Empty					0.0%
github.com/relux-works/curator/internal/install/buildsshcandidates.go:56:	AgentSummary				0.0%
github.com/relux-works/curator/internal/install/buildsshcandidates.go:77:	discoverBuildSSHCandidates		0.0%
github.com/relux-works/curator/internal/install/buildsshcandidates.go:93:	publicIdentities			0.0%
github.com/relux-works/curator/internal/install/buildsshcandidates.go:125:	sshAgentKeyCount			0.0%
github.com/relux-works/curator/internal/install/buildsshcandidates.go:169:	countKeyLines				0.0%
github.com/relux-works/curator/internal/install/buildsshcandidates.go:184:	buildSSHAddCommands			0.0%
github.com/relux-works/curator/internal/install/buildsshprompt.go:53:		InteractiveBuildSSHResolver		0.0%
github.com/relux-works/curator/internal/install/buildsshprompt.go:81:		say					0.0%
github.com/relux-works/curator/internal/install/buildsshprompt.go:87:		promptBuildSSHCredential		0.0%
github.com/relux-works/curator/internal/install/buildsshprompt.go:118:		buildSSHOptions				0.0%
github.com/relux-works/curator/internal/install/buildsshprompt.go:143:		writeBuildSSHMenu			0.0%
github.com/relux-works/curator/internal/install/buildsshprompt.go:168:		readBuildSSHChoice			0.0%
github.com/relux-works/curator/internal/install/buildsshprompt.go:196:		readBuildSSHManualIdentity		0.0%
github.com/relux-works/curator/internal/install/buildsshprompt.go:216:		readBuildSSHScope			0.0%
github.com/relux-works/curator/internal/install/buildsshprompt.go:238:		ask					0.0%
github.com/relux-works/curator/internal/install/commit.go:117:			resolve					0.0%
github.com/relux-works/curator/internal/install/commit.go:168:			AcquireProjects				0.0%
github.com/relux-works/curator/internal/install/commit.go:177:			AcquireHome				0.0%
github.com/relux-works/curator/internal/install/commit.go:181:			randomTransactionID			0.0%
github.com/relux-works/curator/internal/install/commit.go:206:			String					0.0%
github.com/relux-works/curator/internal/install/commit.go:226:			Error					0.0%
github.com/relux-works/curator/internal/install/commit.go:241:			Error					0.0%
github.com/relux-works/curator/internal/install/commit.go:243:			Unwrap					0.0%
github.com/relux-works/curator/internal/install/commit.go:248:			failedBuildBoundary			0.0%
github.com/relux-works/curator/internal/install/commit.go:381:			current					0.0%
github.com/relux-works/curator/internal/install/commit.go:394:			newObservations				0.0%
github.com/relux-works/curator/internal/install/commit.go:405:			observe					0.0%
github.com/relux-works/curator/internal/install/commit.go:419:			observeDocument				0.0%
github.com/relux-works/curator/internal/install/commit.go:427:			recheck					0.0%
github.com/relux-works/curator/internal/install/commit.go:466:			maxRestart				0.0%
github.com/relux-works/curator/internal/install/commit.go:524:			recoverJournals				0.0%
github.com/relux-works/curator/internal/install/commit.go:543:			runCommit				0.0%
github.com/relux-works/curator/internal/install/commit.go:676:			collectAfterCommit			0.0%
github.com/relux-works/curator/internal/install/commit.go:731:			publishWinners				0.0%
github.com/relux-works/curator/internal/install/commit.go:799:			reversiblePublication			0.0%
github.com/relux-works/curator/internal/install/commit.go:832:			revertPublications			0.0%
github.com/relux-works/curator/internal/install/commit.go:849:			journalPlan				0.0%
github.com/relux-works/curator/internal/install/commit.go:895:			journalKind				0.0%
github.com/relux-works/curator/internal/install/commit.go:908:			makeMissingDirectories			0.0%
github.com/relux-works/curator/internal/install/commit.go:935:			removeCreatedDirectories		0.0%
github.com/relux-works/curator/internal/install/commit.go:942:			Sorted					0.0%
github.com/relux-works/curator/internal/install/commit.go:944:			uniqueSorted				0.0%
github.com/relux-works/curator/internal/install/diagnostics.go:49:		RedactDiagnostic			0.0%
github.com/relux-works/curator/internal/install/diagnostics.go:71:		redactPaths				0.0%
github.com/relux-works/curator/internal/install/diagnostics.go:91:		absolutePathRun				0.0%
github.com/relux-works/curator/internal/install/diagnostics.go:110:		pathMayStartAt				0.0%
github.com/relux-works/curator/internal/install/diagnostics.go:120:		pathStarts				0.0%
github.com/relux-works/curator/internal/install/diagnostics.go:133:		driveLetter				0.0%
github.com/relux-works/curator/internal/install/diagnostics.go:137:		boundRunes				0.0%
github.com/relux-works/curator/internal/install/external.go:78:			credentialsFor				100.0%
github.com/relux-works/curator/internal/install/external.go:82:			httpsCredentialsFor			100.0%
github.com/relux-works/curator/internal/install/external.go:100:		resolved				80.0%
github.com/relux-works/curator/internal/install/external.go:110:		planExternalBuilds			78.4%
github.com/relux-works/curator/internal/install/external.go:163:		stageExternalBuilds			0.0%
github.com/relux-works/curator/internal/install/external.go:232:		transactionPlan				0.0%
github.com/relux-works/curator/internal/install/external.go:254:		externalPipelineRequest			31.8%
github.com/relux-works/curator/internal/install/external.go:288:		Identity				0.0%
github.com/relux-works/curator/internal/install/external.go:289:		Compile					0.0%
github.com/relux-works/curator/internal/install/external.go:298:		Identity				0.0%
github.com/relux-works/curator/internal/install/external.go:301:		Compile					0.0%
github.com/relux-works/curator/internal/install/external.go:314:		externalToolchain			100.0%
github.com/relux-works/curator/internal/install/external.go:318:		declaredRepository			100.0%
github.com/relux-works/curator/internal/install/external.go:322:		effectiveRepository			14.3%
github.com/relux-works/curator/internal/install/external.go:345:		externalMarkerBuild			0.0%
github.com/relux-works/curator/internal/install/external.go:360:		externalCommands			100.0%
github.com/relux-works/curator/internal/install/external.go:374:		repositorySubstitution			75.0%
github.com/relux-works/curator/internal/install/external.go:382:		sortedBuildSubstitutionSkills		0.0%
github.com/relux-works/curator/internal/install/external.go:390:		sortedBuildSubstitutionRepositories	0.0%
github.com/relux-works/curator/internal/install/generation.go:72:		readDocument				0.0%
github.com/relux-works/curator/internal/install/generation.go:103:		documentGeneration			0.0%
github.com/relux-works/curator/internal/install/generation.go:116:		digestDeclaration			0.0%
github.com/relux-works/curator/internal/install/generation.go:128:		readManifestDocument			0.0%
github.com/relux-works/curator/internal/install/generation.go:147:		readSubstitutionsDocument		0.0%
github.com/relux-works/curator/internal/install/generation.go:166:		readHybridDocument			0.0%
github.com/relux-works/curator/internal/install/global.go:25:			GlobalRoot				0.0%
github.com/relux-works/curator/internal/install/global.go:36:			Global					0.0%
github.com/relux-works/curator/internal/install/global.go:60:			globalAttempt				0.0%
github.com/relux-works/curator/internal/install/global.go:374:			stageGlobalTargets			0.0%
github.com/relux-works/curator/internal/install/global.go:445:			GlobalInit				0.0%
github.com/relux-works/curator/internal/install/install.go:77:			context					0.0%
github.com/relux-works/curator/internal/install/install.go:120:			failf					0.0%
github.com/relux-works/curator/internal/install/install.go:134:			failBuild				0.0%
github.com/relux-works/curator/internal/install/install.go:146:			Project					0.0%
github.com/relux-works/curator/internal/install/install.go:172:			runWithRestarts				0.0%
github.com/relux-works/curator/internal/install/install.go:189:			failedResult				0.0%
github.com/relux-works/curator/internal/install/install.go:195:			projectAttempt				0.0%
github.com/relux-works/curator/internal/install/install.go:625:			failCommit				0.0%
github.com/relux-works/curator/internal/install/install.go:668:			stageProjectTargets			0.0%
github.com/relux-works/curator/internal/install/install.go:776:			hybridStoreNames			0.0%
github.com/relux-works/curator/internal/install/install.go:810:			runtimePathEntries			0.0%
github.com/relux-works/curator/internal/install/install.go:857:			copySet					0.0%
github.com/relux-works/curator/internal/install/install.go:867:			newSetEntries				0.0%
github.com/relux-works/curator/internal/install/install.go:878:			directoryOnPath				0.0%
github.com/relux-works/curator/internal/install/install.go:908:			validateNodes				0.0%
github.com/relux-works/curator/internal/install/install.go:924:			buildMarker				0.0%
github.com/relux-works/curator/internal/install/install.go:1002:		checkSystemCommands			0.0%
github.com/relux-works/curator/internal/install/install.go:1029:		checkLegacySkillDependencies		0.0%
github.com/relux-works/curator/internal/install/install.go:1071:		detectMovedTags				0.0%
github.com/relux-works/curator/internal/install/install.go:1077:		detectMovedTagsIn			0.0%
github.com/relux-works/curator/internal/install/install.go:1095:		nodeSummary				0.0%
github.com/relux-works/curator/internal/install/install.go:1110:		yesNo					0.0%
github.com/relux-works/curator/internal/install/install.go:1117:		shortCommit				0.0%
github.com/relux-works/curator/internal/install/install.go:1129:		mcpVerifier				0.0%
github.com/relux-works/curator/internal/install/install.go:1154:		resolveRegistries			0.0%
github.com/relux-works/curator/internal/install/plan.go:50:			buildable				0.0%
github.com/relux-works/curator/internal/install/plan.go:58:			blocking				0.0%
github.com/relux-works/curator/internal/install/plan.go:83:			Skill					0.0%
github.com/relux-works/curator/internal/install/plan.go:86:			Command					0.0%
github.com/relux-works/curator/internal/install/plan.go:89:			Source					0.0%
github.com/relux-works/curator/internal/install/plan.go:92:			BuildRoot				0.0%
github.com/relux-works/curator/internal/install/plan.go:95:			SourceDir				0.0%
github.com/relux-works/curator/internal/install/plan.go:99:			Target					0.0%
github.com/relux-works/curator/internal/install/plan.go:109:			Driver					0.0%
github.com/relux-works/curator/internal/install/plan.go:112:			CacheKey				0.0%
github.com/relux-works/curator/internal/install/plan.go:123:			Expectation				0.0%
github.com/relux-works/curator/internal/install/plan.go:136:			ReceiptSHA256				0.0%
github.com/relux-works/curator/internal/install/plan.go:141:			Artifact				0.0%
github.com/relux-works/curator/internal/install/plan.go:144:			Outcome					0.0%
github.com/relux-works/curator/internal/install/plan.go:147:			Reason					0.0%
github.com/relux-works/curator/internal/install/plan.go:151:			DiagnosticCode				0.0%
github.com/relux-works/curator/internal/install/plan.go:154:			ArtifactPath				0.0%
github.com/relux-works/curator/internal/install/plan.go:162:			Describe				0.0%
github.com/relux-works/curator/internal/install/plan.go:182:			describeSource				0.0%
github.com/relux-works/curator/internal/install/plan.go:189:			describeTarget				0.0%
github.com/relux-works/curator/internal/install/plan.go:217:			Builds					0.0%
github.com/relux-works/curator/internal/install/plan.go:223:			Empty					0.0%
github.com/relux-works/curator/internal/install/plan.go:234:			Complete				0.0%
github.com/relux-works/curator/internal/install/plan.go:237:			Misses					0.0%
github.com/relux-works/curator/internal/install/plan.go:248:			Lines					0.0%
github.com/relux-works/curator/internal/install/plan.go:264:			Verify					0.0%
github.com/relux-works/curator/internal/install/plan.go:280:			recheckSources				0.0%
github.com/relux-works/curator/internal/install/plan.go:294:			sourceIdentity				0.0%
github.com/relux-works/curator/internal/install/plan.go:304:			sourceNames				0.0%
github.com/relux-works/curator/internal/install/plan.go:320:			Release					0.0%
github.com/relux-works/curator/internal/install/plan.go:339:			releasePlan				0.0%
github.com/relux-works/curator/internal/install/plan.go:363:			planBuilds				0.0%
github.com/relux-works/curator/internal/install/plan.go:433:			toolchainInventory			0.0%
github.com/relux-works/curator/internal/install/plan.go:469:			planOne					0.0%
github.com/relux-works/curator/internal/install/plan.go:535:			commandObject				0.0%
github.com/relux-works/curator/internal/install/plan.go:546:			buildRootFor				0.0%
github.com/relux-works/curator/internal/install/plan.go:559:			pathContains				0.0%
github.com/relux-works/curator/internal/install/plan.go:571:			plannedCommands				0.0%
github.com/relux-works/curator/internal/install/plan.go:588:			buildNodes				0.0%
github.com/relux-works/curator/internal/install/private.go:32:			dir					0.0%
github.com/relux-works/curator/internal/install/private.go:49:			remove					0.0%
github.com/relux-works/curator/internal/install/private.go:61:			releasePrivateRoot			0.0%
github.com/relux-works/curator/internal/install/stage.go:23:			Skill					0.0%
github.com/relux-works/curator/internal/install/stage.go:26:			Command					0.0%
github.com/relux-works/curator/internal/install/stage.go:29:			CacheKey				0.0%
github.com/relux-works/curator/internal/install/stage.go:32:			Path					0.0%
github.com/relux-works/curator/internal/install/stage.go:35:			Receipt					0.0%
github.com/relux-works/curator/internal/install/stage.go:38:			Artifact				0.0%
github.com/relux-works/curator/internal/install/stage.go:41:			Describe				0.0%
github.com/relux-works/curator/internal/install/stage.go:54:			Builds					0.0%
github.com/relux-works/curator/internal/install/stage.go:60:			Empty					0.0%
github.com/relux-works/curator/internal/install/stage.go:63:			Lines					0.0%
github.com/relux-works/curator/internal/install/stage.go:83:			stageBuilds				0.0%
github.com/relux-works/curator/internal/install/targets.go:39:			stageNode				0.0%
github.com/relux-works/curator/internal/install/targets.go:96:			contextSources				0.0%
github.com/relux-works/curator/internal/install/targets.go:131:			stageRuntimeAndShims			0.0%
github.com/relux-works/curator/internal/install/targets.go:262:			activeScriptCommands			0.0%
github.com/relux-works/curator/internal/install/targets.go:278:			stageStaleSkillRemovals			0.0%
github.com/relux-works/curator/internal/install/targets.go:311:			plannedInputs				0.0%
github.com/relux-works/curator/internal/install/targets.go:324:			referencedKeys				0.0%
total:										(statements)				5.6%
