FAIL  compiled into the windows build but undeclared there: internal/buildcache :: TestWindowsProtectedStateMatrix
      add the platform to must_run_on, or to skip_allowed_on with a class and a reason.
ok    internal/buildcache :: TestWindowsProtectedStateMatrix [must=- skip=-]
ok    internal/buildcache :: TestWindowsProtectedStateMatrix/* [must=windows skip=host-capability]
FAIL  compiled into the windows build but undeclared there: internal/buildcache :: TestValidateWindowsSecurityPolicy
      add the platform to must_run_on, or to skip_allowed_on with a class and a reason.
ok    internal/buildcache :: TestValidateWindowsSecurityPolicy [must=- skip=-]
ok    internal/buildcache :: TestSweepDoesNotFollowAReparsedEntry [must=windows skip=host-capability]
ok    internal/buildcache :: TestSweepDoesNotFollowAReparsedCacheRoot [must=windows skip=host-capability]
ok    internal/scopes :: TestCollectStaysFailSafeOnRedirectedWindowsScopes [must=windows skip=host-capability]
FAIL  compiled into the windows build but undeclared there: internal/runtimestore :: TestWindowsPostInstallWrappersForwardArgumentsPathAndExitCode
      add the platform to must_run_on, or to skip_allowed_on with a class and a reason.
ok    internal/runtimestore :: TestWindowsPostInstallWrappersForwardArgumentsPathAndExitCode [must=- skip=-]
FAIL  compiled into the linux build but undeclared there: internal/runtimestore :: TestInstallSingleCommandAndShims
      add the platform to must_run_on, or to skip_allowed_on with a class and a reason.
FAIL  compiled into the darwin build but undeclared there: internal/runtimestore :: TestInstallSingleCommandAndShims
      add the platform to must_run_on, or to skip_allowed_on with a class and a reason.
FAIL  compiled into the windows build but undeclared there: internal/runtimestore :: TestInstallSingleCommandAndShims
      add the platform to must_run_on, or to skip_allowed_on with a class and a reason.
ok    internal/runtimestore :: TestInstallSingleCommandAndShims [must=- skip=-]
FAIL  compiled into the linux build but undeclared there: internal/runtimestore :: TestRuntimeCommandPath
      add the platform to must_run_on, or to skip_allowed_on with a class and a reason.
FAIL  compiled into the darwin build but undeclared there: internal/runtimestore :: TestRuntimeCommandPath
      add the platform to must_run_on, or to skip_allowed_on with a class and a reason.
FAIL  compiled into the windows build but undeclared there: internal/runtimestore :: TestRuntimeCommandPath
      add the platform to must_run_on, or to skip_allowed_on with a class and a reason.
ok    internal/runtimestore :: TestRuntimeCommandPath [must=- skip=-]
FAIL  compiled into the linux build but undeclared there: internal/runtimestore :: TestCompiledShimsStageWithoutLaunchThenPostInstallForwardExactly
      add the platform to must_run_on, or to skip_allowed_on with a class and a reason.
FAIL  compiled into the darwin build but undeclared there: internal/runtimestore :: TestCompiledShimsStageWithoutLaunchThenPostInstallForwardExactly
      add the platform to must_run_on, or to skip_allowed_on with a class and a reason.
ok    internal/runtimestore :: TestCompiledShimsStageWithoutLaunchThenPostInstallForwardExactly [must=windows skip=platform-control]
FAIL  compiled into the linux build but undeclared there: internal/buildcache :: TestUnixProtectedStateMatrix
      add the platform to must_run_on, or to skip_allowed_on with a class and a reason.
FAIL  compiled into the darwin build but undeclared there: internal/buildcache :: TestUnixProtectedStateMatrix
      add the platform to must_run_on, or to skip_allowed_on with a class and a reason.
ok    internal/buildcache :: TestUnixProtectedStateMatrix [must=- skip=-]
FAIL  compiled into the linux build but undeclared there: internal/buildcache :: TestUnixProtectionHelperFailuresFailClosed
      add the platform to must_run_on, or to skip_allowed_on with a class and a reason.
FAIL  compiled into the darwin build but undeclared there: internal/buildcache :: TestUnixProtectionHelperFailuresFailClosed
      add the platform to must_run_on, or to skip_allowed_on with a class and a reason.
ok    internal/buildcache :: TestUnixProtectionHelperFailuresFailClosed [must=- skip=-]
FAIL  compiled into the linux build but undeclared there: internal/config :: TestBootstrapAndAddProject
      add the platform to must_run_on, or to skip_allowed_on with a class and a reason.
FAIL  compiled into the darwin build but undeclared there: internal/config :: TestBootstrapAndAddProject
      add the platform to must_run_on, or to skip_allowed_on with a class and a reason.
FAIL  compiled into the windows build but undeclared there: internal/config :: TestBootstrapAndAddProject
      add the platform to must_run_on, or to skip_allowed_on with a class and a reason.
ok    internal/config :: TestBootstrapAndAddProject [must=- skip=-]
FAIL  compiled into the linux build but undeclared there: internal/buildcache :: TestSweepDoesNotFollowSymlinkedEntries
      add the platform to must_run_on, or to skip_allowed_on with a class and a reason.
FAIL  compiled into the darwin build but undeclared there: internal/buildcache :: TestSweepDoesNotFollowSymlinkedEntries
      add the platform to must_run_on, or to skip_allowed_on with a class and a reason.
ok    internal/buildcache :: TestSweepDoesNotFollowSymlinkedEntries [must=- skip=-]
FAIL  compiled into the linux build but undeclared there: internal/buildcache :: TestSweepDoesNotFollowASymlinkedCacheRoot
      add the platform to must_run_on, or to skip_allowed_on with a class and a reason.
FAIL  compiled into the darwin build but undeclared there: internal/buildcache :: TestSweepDoesNotFollowASymlinkedCacheRoot
      add the platform to must_run_on, or to skip_allowed_on with a class and a reason.
ok    internal/buildcache :: TestSweepDoesNotFollowASymlinkedCacheRoot [must=- skip=-]
FAIL  compiled into the linux build but undeclared there: internal/buildcache :: TestRetireEntryRemovesLinksWithoutFollowingThem
      add the platform to must_run_on, or to skip_allowed_on with a class and a reason.
FAIL  compiled into the darwin build but undeclared there: internal/buildcache :: TestRetireEntryRemovesLinksWithoutFollowingThem
      add the platform to must_run_on, or to skip_allowed_on with a class and a reason.
ok    internal/buildcache :: TestRetireEntryRemovesLinksWithoutFollowingThem [must=- skip=-]
FAIL  compiled into the linux build but undeclared there: internal/buildcache :: TestUnixRejectsEntrySymlinkAndUnprotectedCacheRoot
      add the platform to must_run_on, or to skip_allowed_on with a class and a reason.
FAIL  compiled into the darwin build but undeclared there: internal/buildcache :: TestUnixRejectsEntrySymlinkAndUnprotectedCacheRoot
      add the platform to must_run_on, or to skip_allowed_on with a class and a reason.
ok    internal/buildcache :: TestUnixRejectsEntrySymlinkAndUnprotectedCacheRoot [must=- skip=-]
FAIL  compiled into the linux build but undeclared there: internal/scopes :: TestCollectStaysFailSafeOnRedirectedUnixScopes
      add the platform to must_run_on, or to skip_allowed_on with a class and a reason.
FAIL  compiled into the darwin build but undeclared there: internal/scopes :: TestCollectStaysFailSafeOnRedirectedUnixScopes
      add the platform to must_run_on, or to skip_allowed_on with a class and a reason.
ok    internal/scopes :: TestCollectStaysFailSafeOnRedirectedUnixScopes [must=- skip=-]
FAIL  compiled into the linux build but undeclared there: internal/buildsource :: TestRejectsSpecialFile
      add the platform to must_run_on, or to skip_allowed_on with a class and a reason.
FAIL  compiled into the darwin build but undeclared there: internal/buildsource :: TestRejectsSpecialFile
      add the platform to must_run_on, or to skip_allowed_on with a class and a reason.
ok    internal/buildsource :: TestRejectsSpecialFile [must=- skip=-]
FAIL  compiled into the linux build but undeclared there: internal/gitops :: TestArchiveRejectsLinks
      add the platform to must_run_on, or to skip_allowed_on with a class and a reason.
FAIL  compiled into the darwin build but undeclared there: internal/gitops :: TestArchiveRejectsLinks
      add the platform to must_run_on, or to skip_allowed_on with a class and a reason.
ok    internal/gitops :: TestArchiveRejectsLinks [must=windows skip=host-capability]
FAIL  compiled into the linux build but undeclared there: internal/buildsource :: TestFrozenTokenRejectsMutation
      add the platform to must_run_on, or to skip_allowed_on with a class and a reason.
FAIL  compiled into the darwin build but undeclared there: internal/buildsource :: TestFrozenTokenRejectsMutation
      add the platform to must_run_on, or to skip_allowed_on with a class and a reason.
FAIL  compiled into the windows build but undeclared there: internal/buildsource :: TestFrozenTokenRejectsMutation
      add the platform to must_run_on, or to skip_allowed_on with a class and a reason.
ok    internal/buildsource :: TestFrozenTokenRejectsMutation [must=- skip=-]
ok    internal/buildsource :: TestFrozenTokenRejectsMutation/* [must=linux,darwin,windows skip=host-capability]
FAIL  compiled into the linux build but undeclared there: internal/buildsource :: TestFrozenTokenRejectsRootReplacement
      add the platform to must_run_on, or to skip_allowed_on with a class and a reason.
FAIL  compiled into the darwin build but undeclared there: internal/buildsource :: TestFrozenTokenRejectsRootReplacement
      add the platform to must_run_on, or to skip_allowed_on with a class and a reason.
FAIL  compiled into the windows build but undeclared there: internal/buildsource :: TestFrozenTokenRejectsRootReplacement
      add the platform to must_run_on, or to skip_allowed_on with a class and a reason.
ok    internal/buildsource :: TestFrozenTokenRejectsRootReplacement [must=- skip=-]
FAIL  compiled into the linux build but undeclared there: internal/buildsource :: TestWithValidatedOrdersCallbackAndRejectsMutation
      add the platform to must_run_on, or to skip_allowed_on with a class and a reason.
FAIL  compiled into the darwin build but undeclared there: internal/buildsource :: TestWithValidatedOrdersCallbackAndRejectsMutation
      add the platform to must_run_on, or to skip_allowed_on with a class and a reason.
FAIL  compiled into the windows build but undeclared there: internal/buildsource :: TestWithValidatedOrdersCallbackAndRejectsMutation
      add the platform to must_run_on, or to skip_allowed_on with a class and a reason.
ok    internal/buildsource :: TestWithValidatedOrdersCallbackAndRejectsMutation [must=- skip=-]
ok    internal/buildsource :: TestWithValidatedOrdersCallbackAndRejectsMutation/* [must=linux,darwin,windows skip=host-capability]
FAIL  compiled into the linux build but undeclared there: internal/install :: TestDryRunTouchesNothing
      add the platform to must_run_on, or to skip_allowed_on with a class and a reason.
FAIL  compiled into the darwin build but undeclared there: internal/install :: TestDryRunTouchesNothing
      add the platform to must_run_on, or to skip_allowed_on with a class and a reason.
FAIL  compiled into the windows build but undeclared there: internal/install :: TestDryRunTouchesNothing
      add the platform to must_run_on, or to skip_allowed_on with a class and a reason.
ok    internal/install :: TestDryRunTouchesNothing [must=- skip=-]
FAIL  compiled into the linux build but undeclared there: internal/whitelist :: TestRuntimeRootsExcludedFromContext
      add the platform to must_run_on, or to skip_allowed_on with a class and a reason.
FAIL  compiled into the darwin build but undeclared there: internal/whitelist :: TestRuntimeRootsExcludedFromContext
      add the platform to must_run_on, or to skip_allowed_on with a class and a reason.
FAIL  compiled into the windows build but undeclared there: internal/whitelist :: TestRuntimeRootsExcludedFromContext
      add the platform to must_run_on, or to skip_allowed_on with a class and a reason.
ok    internal/whitelist :: TestRuntimeRootsExcludedFromContext [must=- skip=-]
excl  internal/godriver :: TestResourceLimitsStayInsideManagerBounds (package excluded on linux by the supplied root)
FAIL  compiled into the darwin build but undeclared there: internal/godriver :: TestResourceLimitsStayInsideManagerBounds
      add the platform to must_run_on, or to skip_allowed_on with a class and a reason.
FAIL  compiled into the windows build but undeclared there: internal/godriver :: TestResourceLimitsStayInsideManagerBounds
      add the platform to must_run_on, or to skip_allowed_on with a class and a reason.
ok    internal/godriver :: TestResourceLimitsStayInsideManagerBounds [must=- skip=-]
excl  internal/godriver :: TestProbeSetGuardMatchesTheInventoryExactly (package excluded on linux by the supplied root)
FAIL  compiled into the darwin build but undeclared there: internal/godriver :: TestProbeSetGuardMatchesTheInventoryExactly
      add the platform to must_run_on, or to skip_allowed_on with a class and a reason.
FAIL  compiled into the windows build but undeclared there: internal/godriver :: TestProbeSetGuardMatchesTheInventoryExactly
      add the platform to must_run_on, or to skip_allowed_on with a class and a reason.
ok    internal/godriver :: TestProbeSetGuardMatchesTheInventoryExactly [must=- skip=-]
excl  internal/godriver :: TestEveryControlSeamFailureRejectsBeforeTheWorkerExecutes (package excluded on linux by the supplied root)
FAIL  compiled into the darwin build but undeclared there: internal/godriver :: TestEveryControlSeamFailureRejectsBeforeTheWorkerExecutes
      add the platform to must_run_on, or to skip_allowed_on with a class and a reason.
FAIL  compiled into the windows build but undeclared there: internal/godriver :: TestEveryControlSeamFailureRejectsBeforeTheWorkerExecutes
      add the platform to must_run_on, or to skip_allowed_on with a class and a reason.
ok    internal/godriver :: TestEveryControlSeamFailureRejectsBeforeTheWorkerExecutes [must=- skip=-]
excl  internal/godriver :: TestPerFileSizeLimitIsReallyApplied (package excluded on linux by the supplied root)
FAIL  compiled into the darwin build but undeclared there: internal/godriver :: TestPerFileSizeLimitIsReallyApplied
      add the platform to must_run_on, or to skip_allowed_on with a class and a reason.
ok    internal/godriver :: TestPerFileSizeLimitIsReallyApplied [must=windows skip=platform-control]
excl  internal/godriver :: TestBuildFailsClosedWhenTheGoChildCannotStart (package excluded on linux by the supplied root)
FAIL  compiled into the windows build but undeclared there: internal/godriver :: TestBuildFailsClosedWhenTheGoChildCannotStart
      add the platform to must_run_on, or to skip_allowed_on with a class and a reason.
ok    internal/godriver :: TestBuildFailsClosedWhenTheGoChildCannotStart [must=darwin skip=platform-control]
excl  internal/godriver :: TestExecutableIdentityRejectsSubstitutionAndMutation (package excluded on linux by the supplied root)
FAIL  compiled into the darwin build but undeclared there: internal/godriver :: TestExecutableIdentityRejectsSubstitutionAndMutation
      add the platform to must_run_on, or to skip_allowed_on with a class and a reason.
FAIL  compiled into the windows build but undeclared there: internal/godriver :: TestExecutableIdentityRejectsSubstitutionAndMutation
      add the platform to must_run_on, or to skip_allowed_on with a class and a reason.
ok    internal/godriver :: TestExecutableIdentityRejectsSubstitutionAndMutation [must=- skip=-]
FAIL  compiled into the linux build but undeclared there: internal/runtimestore :: TestUnixPostInstallShimPropagatesSignal
      add the platform to must_run_on, or to skip_allowed_on with a class and a reason.
FAIL  compiled into the darwin build but undeclared there: internal/runtimestore :: TestUnixPostInstallShimPropagatesSignal
      add the platform to must_run_on, or to skip_allowed_on with a class and a reason.
ok    internal/runtimestore :: TestUnixPostInstallShimPropagatesSignal [must=- skip=-]
FAIL  compiled into the linux build but undeclared there: internal/shell :: TestPosixHookEntersNestedSwitchesAndLeavesProjects
      add the platform to must_run_on, or to skip_allowed_on with a class and a reason.
FAIL  compiled into the darwin build but undeclared there: internal/shell :: TestPosixHookEntersNestedSwitchesAndLeavesProjects
      add the platform to must_run_on, or to skip_allowed_on with a class and a reason.
ok    internal/shell :: TestPosixHookEntersNestedSwitchesAndLeavesProjects [must=windows skip=platform-control]
FAIL  compiled into the windows build but undeclared there: internal/shell :: TestPowerShellHookRunsOnEveryPrompt
      add the platform to must_run_on, or to skip_allowed_on with a class and a reason.
ok    internal/shell :: TestPowerShellHookRunsOnEveryPrompt [must=linux,darwin skip=platform-control]
FAIL  compiled into the linux build but undeclared there: internal/envfiles :: TestWriteProjectShapesAndSourcing
      add the platform to must_run_on, or to skip_allowed_on with a class and a reason.
FAIL  compiled into the darwin build but undeclared there: internal/envfiles :: TestWriteProjectShapesAndSourcing
      add the platform to must_run_on, or to skip_allowed_on with a class and a reason.
FAIL  compiled into the windows build but undeclared there: internal/envfiles :: TestWriteProjectShapesAndSourcing
      add the platform to must_run_on, or to skip_allowed_on with a class and a reason.
ok    internal/envfiles :: TestWriteProjectShapesAndSourcing [must=- skip=-]
FAIL  compiled into the linux build but undeclared there: internal/install :: TestEndToEndInstall
      add the platform to must_run_on, or to skip_allowed_on with a class and a reason.
FAIL  compiled into the darwin build but undeclared there: internal/install :: TestEndToEndInstall
      add the platform to must_run_on, or to skip_allowed_on with a class and a reason.
FAIL  compiled into the windows build but undeclared there: internal/install :: TestEndToEndInstall
      add the platform to must_run_on, or to skip_allowed_on with a class and a reason.
ok    internal/install :: TestEndToEndInstall [must=- skip=-]
ok    internal/adapters :: TestSymlinkModeUsesRelativeLinks [must=- skip=-]
ok    internal/transaction :: TestValidateIndependentTargetNamespacesRejectsOverlappingPaths [must=linux,darwin,windows skip=host-capability]
ok    internal/transaction :: TestSaveJournalRejectsNamespaceAliasIntroducedBetweenSaves [must=linux,darwin,windows skip=host-capability]
ok    internal/transaction :: TestRecoverRejectsDecodedTargetNamespacesAliasedWhileStopped [must=linux,darwin,windows skip=host-capability]
ok    internal/install/atomicity :: TestCommitIsAtomicUnderConcurrentReaders [must=- skip=-]
ok    internal/install/atomicity :: TestAdapterMirrorLinksAreJournaledAndRestoredExactly [must=linux,darwin,windows skip=host-capability]
FAIL  compiled into the linux build but undeclared there: internal/interop :: TestGoldenContextCopy
      add the platform to must_run_on, or to skip_allowed_on with a class and a reason.
FAIL  compiled into the darwin build but undeclared there: internal/interop :: TestGoldenContextCopy
      add the platform to must_run_on, or to skip_allowed_on with a class and a reason.
FAIL  compiled into the windows build but undeclared there: internal/interop :: TestGoldenContextCopy
      add the platform to must_run_on, or to skip_allowed_on with a class and a reason.
ok    internal/interop :: TestGoldenContextCopy [must=- skip=-]
excl  internal/godriver :: TestCandidateGoV1SourceAwareContract (package excluded on linux by the supplied root)
ok    internal/godriver :: TestCandidateGoV1SourceAwareContract [must=darwin,windows skip=root-content]
excl  internal/godriver :: TestProbeRejectsAnUncoveredPlatformBeforeTheWorker (package excluded on linux by the supplied root)
FAIL  compiled into the darwin build but undeclared there: internal/godriver :: TestProbeRejectsAnUncoveredPlatformBeforeTheWorker
      add the platform to must_run_on, or to skip_allowed_on with a class and a reason.
FAIL  compiled into the windows build but undeclared there: internal/godriver :: TestProbeRejectsAnUncoveredPlatformBeforeTheWorker
      add the platform to must_run_on, or to skip_allowed_on with a class and a reason.
ok    internal/godriver :: TestProbeRejectsAnUncoveredPlatformBeforeTheWorker [must=- skip=-]
ok    internal/hashing :: TestCrossCheckTree [must=linux,darwin,windows skip=opt-in]

ledger-consistency: 48 rows checked across linux darwin windows
ledger-consistency: FAILED
