bash .github/ci/ledger-consistency.sh '/Users/iv/Developer/ReluxWorks/curator/.temp/TASK-260720-1pvfj5/rework/logs/make-ev/ledger'
ok    internal/buildcache :: TestWindowsProtectedStateMatrix [must=windows skip=-]
ok    internal/buildcache :: TestWindowsProtectedStateMatrix/* [must=- skip=windows]
ok    internal/buildcache :: TestValidateWindowsSecurityPolicy [must=windows skip=-]
ok    internal/buildcache :: TestSweepDoesNotFollowAReparsedEntry [must=windows skip=windows]
ok    internal/buildcache :: TestSweepDoesNotFollowAReparsedCacheRoot [must=windows skip=windows]
ok    internal/scopes :: TestCollectStaysFailSafeOnRedirectedWindowsScopes [must=windows skip=windows]
ok    internal/runtimestore :: TestWindowsPostInstallWrappersForwardArgumentsPathAndExitCode [must=windows skip=-]
ok    internal/runtimestore :: TestInstallSingleCommandAndShims [must=linux,darwin,windows skip=-]
ok    internal/runtimestore :: TestRuntimeCommandPath [must=linux,darwin,windows skip=-]
ok    internal/runtimestore :: TestCompiledShimsStageWithoutLaunchThenPostInstallForwardExactly [must=linux,darwin skip=windows]
ok    internal/buildcache :: TestUnixProtectedStateMatrix [must=linux,darwin skip=-]
ok    internal/buildcache :: TestUnixProtectionHelperFailuresFailClosed [must=linux,darwin skip=-]
ok    internal/config :: TestBootstrapAndAddProject [must=linux,darwin,windows skip=-]
ok    internal/buildcache :: TestSweepDoesNotFollowSymlinkedEntries [must=linux,darwin skip=-]
ok    internal/buildcache :: TestSweepDoesNotFollowASymlinkedCacheRoot [must=linux,darwin skip=-]
ok    internal/buildcache :: TestRetireEntryRemovesLinksWithoutFollowingThem [must=linux,darwin skip=-]
ok    internal/buildcache :: TestUnixRejectsEntrySymlinkAndUnprotectedCacheRoot [must=linux,darwin skip=-]
ok    internal/scopes :: TestCollectStaysFailSafeOnRedirectedUnixScopes [must=linux,darwin skip=-]
ok    internal/buildsource :: TestRejectsSpecialFile [must=linux,darwin skip=-]
ok    internal/gitops :: TestArchiveRejectsLinks [must=linux,darwin skip=windows]
ok    internal/buildsource :: TestFrozenTokenRejectsMutation [must=linux,darwin,windows skip=-]
ok    internal/buildsource :: TestFrozenTokenRejectsMutation/* [must=- skip=linux,darwin,windows]
ok    internal/buildsource :: TestFrozenTokenRejectsRootReplacement [must=linux,darwin,windows skip=-]
ok    internal/buildsource :: TestWithValidatedOrdersCallbackAndRejectsMutation [must=linux,darwin,windows skip=-]
ok    internal/buildsource :: TestWithValidatedOrdersCallbackAndRejectsMutation/* [must=- skip=linux,darwin,windows]
ok    internal/install :: TestDryRunTouchesNothing [must=linux,darwin,windows skip=-]
ok    internal/whitelist :: TestRuntimeRootsExcludedFromContext [must=linux,darwin,windows skip=-]
FAIL  compiled into the linux build but undeclared there: internal/godriver :: TestResourceLimitsStayInsideManagerBounds
      add the platform to must_run_on, or to skip_allowed_on with a class and a reason.
ok    internal/godriver :: TestResourceLimitsStayInsideManagerBounds [must=darwin,windows skip=-]
FAIL  compiled into the linux build but undeclared there: internal/godriver :: TestProbeSetGuardMatchesTheInventoryExactly
      add the platform to must_run_on, or to skip_allowed_on with a class and a reason.
ok    internal/godriver :: TestProbeSetGuardMatchesTheInventoryExactly [must=darwin,windows skip=-]
FAIL  compiled into the linux build but undeclared there: internal/godriver :: TestEveryControlSeamFailureRejectsBeforeTheWorkerExecutes
      add the platform to must_run_on, or to skip_allowed_on with a class and a reason.
ok    internal/godriver :: TestEveryControlSeamFailureRejectsBeforeTheWorkerExecutes [must=darwin,windows skip=-]
FAIL  compiled into the linux build but undeclared there: internal/godriver :: TestPerFileSizeLimitIsReallyApplied
      add the platform to must_run_on, or to skip_allowed_on with a class and a reason.
ok    internal/godriver :: TestPerFileSizeLimitIsReallyApplied [must=darwin skip=windows]
FAIL  compiled into the linux build but undeclared there: internal/godriver :: TestBuildFailsClosedWhenTheGoChildCannotStart
      add the platform to must_run_on, or to skip_allowed_on with a class and a reason.
ok    internal/godriver :: TestBuildFailsClosedWhenTheGoChildCannotStart [must=windows skip=darwin]
FAIL  compiled into the linux build but undeclared there: internal/godriver :: TestExecutableIdentityRejectsSubstitutionAndMutation
      add the platform to must_run_on, or to skip_allowed_on with a class and a reason.
ok    internal/godriver :: TestExecutableIdentityRejectsSubstitutionAndMutation [must=darwin,windows skip=-]
ok    internal/runtimestore :: TestUnixPostInstallShimPropagatesSignal [must=linux,darwin skip=-]
ok    internal/shell :: TestPosixHookEntersNestedSwitchesAndLeavesProjects [must=linux,darwin skip=windows]
ok    internal/shell :: TestPowerShellHookRunsOnEveryPrompt [must=windows skip=linux,darwin]
ok    internal/envfiles :: TestWriteProjectShapesAndSourcing [must=linux,darwin,windows skip=-]
ok    internal/install :: TestEndToEndInstall [must=linux,darwin,windows skip=-]
ok    internal/adapters :: TestSymlinkModeStagesRelativeLinkTargets [must=linux,darwin,windows skip=-]
ok    internal/transaction :: TestValidateIndependentTargetNamespacesRejectsOverlappingPaths [must=linux,darwin,windows skip=linux,darwin,windows]
ok    internal/transaction :: TestSaveJournalRejectsNamespaceAliasIntroducedBetweenSaves [must=linux,darwin,windows skip=linux,darwin,windows]
ok    internal/transaction :: TestRecoverRejectsDecodedTargetNamespacesAliasedWhileStopped [must=linux,darwin,windows skip=linux,darwin,windows]
ok    internal/install/atomicity :: TestFailureAtEveryTargetClassRestoresPriorStateInReverseOrder [must=linux,darwin,windows skip=-]
ok    internal/install/atomicity :: TestStaleAdapterRemovalRollsBackToTheExactPriorEntry [must=linux,darwin,windows skip=-]
ok    internal/install/atomicity :: TestAdapterMirrorLinksAreJournaledAndRestoredExactly [must=linux,darwin,windows skip=linux,darwin,windows]
ok    internal/interop :: TestGoldenContextCopy [must=linux,darwin,windows skip=-]
FAIL  compiled into the linux build but undeclared there: internal/godriver :: TestCandidateGoV1SourceAwareContract
      add the platform to must_run_on, or to skip_allowed_on with a class and a reason.
ok    internal/godriver :: TestCandidateGoV1SourceAwareContract [must=darwin,windows skip=darwin,windows]
ok    internal/godriver :: TestProbeRejectsAnUncoveredPlatformBeforeTheWorker [must=linux,darwin,windows skip=-]
ok    internal/hashing :: TestCrossCheckTree [must=- skip=linux,darwin,windows]

ledger-consistency: 49 rows checked across linux darwin windows
ledger-consistency: FAILED
make: *** [ledger-check] Error 1
