=== RUN   TestProjectManifestABAAroundTheReadRestartsClosure
    aba_test.go:108: a manifest/project change did not restart closure resolution; messages = [test: skill-a: warning: skill.command_resolution_contract_missing (SKILL.md): prompt-visible instructions export managed runtime commands but do not document a shell-neutral resolver (project .agents/bin lookup, manager global/bin fallback, validated POSIX and PowerShell bare-command fallbacks, Windows .cmd shim suffix). Agents must resolve project shims first, then global shims, then a validated bare command; shell profile activation is optional test: skill-b: warning: skill.command_resolution_contract_missing (SKILL.md): prompt-visible instructions export managed runtime commands but do not document a shell-neutral resolver (project .agents/bin lookup, manager global/bin fallback, validated POSIX and PowerShell bare-command fallbacks, Windows .cmd shim suffix). Agents must resolve project shims first, then global shims, then a validated bare command; shell profile activation is optional test: skill-a tag v1 28fdb53 context=yes commands=[skill-a-tool] via=<project> installed test: skill-b tag v1 30bd6a5 context=yes commands=[skill-b-tool] via=<project> installed test: commands are installed in /var/folders/cz/jqbthtks55zbkpcdkfyk4bl80000gp/T/TestProjectManifestABAAroundTheReadRestartsClosure3860504815/003/.agents/bin; agent skills can invoke that directory explicitly (.cmd on Windows). Optional bare commands for interactive use: curator shell-init --install]
--- FAIL: TestProjectManifestABAAroundTheReadRestartsClosure (7.16s)
=== RUN   TestGlobalManifestABAAroundTheReadRestartsClosure
    aba_test.go:135: a manifest/global change did not restart closure resolution; messages = [global: skill-a: warning: skill.command_resolution_contract_missing (SKILL.md): prompt-visible instructions export managed runtime commands but do not document a shell-neutral resolver (project .agents/bin lookup, manager global/bin fallback, validated POSIX and PowerShell bare-command fallbacks, Windows .cmd shim suffix). Agents must resolve project shims first, then global shims, then a validated bare command; shell profile activation is optional global: skill-b: warning: skill.command_resolution_contract_missing (SKILL.md): prompt-visible instructions export managed runtime commands but do not document a shell-neutral resolver (project .agents/bin lookup, manager global/bin fallback, validated POSIX and PowerShell bare-command fallbacks, Windows .cmd shim suffix). Agents must resolve project shims first, then global shims, then a validated bare command; shell profile activation is optional global: skill-a tag v1 fcc95c2 context=yes commands=[skill-a-tool] via=<project> installed global: skill-b tag v1 d8eb99f context=yes commands=[skill-b-tool] via=<project> installed global: command shims were installed in /var/folders/cz/jqbthtks55zbkpcdkfyk4bl80000gp/T/TestGlobalManifestABAAroundTheReadRestartsClosure1796188269/002/global/bin, but no safe PATH-visible user bin was found; set CURATOR_GLOBAL_USER_BIN to a writable PATH directory or use curator shell-init --install]
--- FAIL: TestGlobalManifestABAAroundTheReadRestartsClosure (5.82s)
=== RUN   TestSubstitutionsABAAroundTheReadRestartsClosure
    aba_test.go:166: a substitutions/project change did not restart closure resolution; messages = [test: SUBSTITUTION skill-a -> path /var/folders/cz/jqbthtks55zbkpcdkfyk4bl80000gp/T/TestSubstitutionsABAAroundTheReadRestartsClosure1513500347/001/skill-a test: skill-a: warning: skill.command_resolution_contract_missing (SKILL.md): prompt-visible instructions export managed runtime commands but do not document a shell-neutral resolver (project .agents/bin lookup, manager global/bin fallback, validated POSIX and PowerShell bare-command fallbacks, Windows .cmd shim suffix). Agents must resolve project shims first, then global shims, then a validated bare command; shell profile activation is optional test: skill-a revision HEAD f8aa7a8 context=yes commands=[skill-a-tool] via=<project> SUBSTITUTED (path /var/folders/cz/jqbthtks55zbkpcdkfyk4bl80000gp/T/TestSubstitutionsABAAroundTheReadRestartsClosure1513500347/001/skill-a) installed test: commands are installed in /var/folders/cz/jqbthtks55zbkpcdkfyk4bl80000gp/T/TestSubstitutionsABAAroundTheReadRestartsClosure1513500347/003/.agents/bin; agent skills can invoke that directory explicitly (.cmd on Windows). Optional bare commands for interactive use: curator shell-init --install]
--- FAIL: TestSubstitutionsABAAroundTheReadRestartsClosure (2.38s)
=== RUN   TestHybridActivationABAAroundTheReadRestartsClosure
    aba_test.go:201: a activation/hybrid-manifest change did not restart closure resolution; messages = [test: skill-a: warning: skill.command_resolution_contract_missing (SKILL.md): prompt-visible instructions export managed runtime commands but do not document a shell-neutral resolver (project .agents/bin lookup, manager global/bin fallback, validated POSIX and PowerShell bare-command fallbacks, Windows .cmd shim suffix). Agents must resolve project shims first, then global shims, then a validated bare command; shell profile activation is optional test: skill-h: warning: skill.command_resolution_contract_missing (SKILL.md): prompt-visible instructions export managed runtime commands but do not document a shell-neutral resolver (project .agents/bin lookup, manager global/bin fallback, validated POSIX and PowerShell bare-command fallbacks, Windows .cmd shim suffix). Agents must resolve project shims first, then global shims, then a validated bare command; shell profile activation is optional test: skill-a tag v1 9d716e3 context=yes commands=[skill-a-tool] via=<project> installed test: skill-h tag v1 b39184e context=yes commands=[skill-h-tool] via=<project> (hybrid) installed test: commands are installed in /var/folders/cz/jqbthtks55zbkpcdkfyk4bl80000gp/T/TestHybridActivationABAAroundTheReadRestartsClosure2605537723/003/.agents/bin; agent skills can invoke that directory explicitly (.cmd on Windows). Optional bare commands for interactive use: curator shell-init --install]
--- FAIL: TestHybridActivationABAAroundTheReadRestartsClosure (7.11s)
=== RUN   TestByteIdenticalRewriteDuringTheReadDoesNotRestart
--- PASS: TestByteIdenticalRewriteDuringTheReadDoesNotRestart (2.46s)
=== RUN   TestReadDocumentBindsGenerationToBytesRewrittenInPlace
    generation_test.go:78: the generation does not belong to the bytes the parser gets: got sha256:d5520b61f35dd81dc7b4d06d345358a694a682f1f8a3b8e9b0d1f81209988ffc, bytes are sha256:986b1fa1db4bc1452f4c85314ea2f467ff6968d2382667eed24800aa8a20d639
--- FAIL: TestReadDocumentBindsGenerationToBytesRewrittenInPlace (0.00s)
=== RUN   TestReadDocumentBindsGenerationToBytesReplacedByRename
--- PASS: TestReadDocumentBindsGenerationToBytesReplacedByRename (0.00s)
=== RUN   TestDeclarationGenerationIsContentAddressed
--- PASS: TestDeclarationGenerationIsContentAddressed (0.00s)
=== RUN   TestObservationsRecheckDocumentsAgainstTheParsedBytes
--- PASS: TestObservationsRecheckDocumentsAgainstTheParsedBytes (0.00s)
FAIL
FAIL	github.com/relux-works/curator/internal/install	25.452s
FAIL
