/Users/iv/Developer/ReluxWorks/cocoaskills-production/.temp/TASK-260720-z9j4c9/worktree
## HEAD (no branch)
 M src/csk/skillcheck.py
 M src/csk/skillspec.py
 M tests/test_skillcheck.py
 M tests/test_skillspec.py
?? src/csk/builds/
6fc2fd97dbdf40f5b0e46f846eaa0d78a1b33d12
6fc2fd97dbdf40f5b0e46f846eaa0d78a1b33d12
M	src/csk/skillcheck.py
M	src/csk/skillspec.py
M	tests/test_skillcheck.py
M	tests/test_skillspec.py
/Users/iv/Developer/ReluxWorks/cocoaskills-production/.temp/TASK-260720-z9j4c9/worktree/src/csk/builds/__init__.py
/Users/iv/Developer/Wildberries/cocoaskills
## main...origin/main
6fc2fd97dbdf40f5b0e46f846eaa0d78a1b33d12
6fc2fd97dbdf40f5b0e46f846eaa0d78a1b33d12
b6f56aacc0e37dcc6692f73f641bff761e89b645adfe20a47a06d81c6fda204c  /Users/iv/Developer/ReluxWorks/curator/.temp/TASK-260729-3nx97g/worktree/conformance/v1/manifest.json
git_diff_check_exit=0
