==> Auto-updating Homebrew...
Adjust how often this is run with `$HOMEBREW_AUTO_UPDATE_SECS` or disable with
`$HOMEBREW_NO_AUTO_UPDATE=1`. Hide these hints with `$HOMEBREW_NO_ENV_HINTS=1` (see `man brew`).
Warning: No remote 'origin' in /opt/homebrew/Library/Taps/local/homebrew-graphviz, skipping update!
Warning: Failed to migrate /opt/homebrew/Caskroom/ipatool/.metadata/2.2.0/20251215114618.885/Casks/ipatool.json to JSON metadata: Refusing to load cask majd/repo/ipatool from untrusted tap majd/repo.
Run `brew trust --cask majd/repo/ipatool` or `brew trust majd/repo` to trust it.
Warning: Failed to migrate /opt/homebrew/Caskroom/swift-host-toolchain@6.1/.metadata/6.1/20250829215923.949/Casks/swift-host-toolchain@6.1.json to JSON metadata: Refusing to load cask skiptools/skip/swift-host-toolchain@6.1 from untrusted tap skiptools/skip.
Run `brew trust --cask skiptools/skip/swift-host-toolchain@6.1` or `brew trust skiptools/skip` to trust it.
==> Auto-updated Homebrew!
Updated 1 tap (homebrew/cask).
==> New Casks
keyty: Keyboard and mouse input visualizer

You have 169 outdated formulae and 10 outdated casks installed.

Warning: The following taps are not trusted:
  blacktop/tap
  getsentry/tools
  majd/repo
  mistertea/et
  peripheryapp/periphery
  riscv-software-src/riscv
  segment-integrations/formulae
  skiptools/skip
  steipete/tap
  swiftwasm/tap
  szwathub/tap
  tuist/tuist
  yt-dlp/taps

Homebrew is currently ignoring formulae, casks and commands from these taps because tap trust is required.

Prefer trusting only the specific formulae, casks or commands you need.
Trust installed formulae from these taps with:
  brew trust --formula getsentry/tools/sentry-cli
  brew trust --formula riscv-software-src/riscv/riscv-gnu-toolchain riscv-software-src/riscv/riscv-isa-sim riscv-software-src/riscv/riscv-pk riscv-software-src/riscv/riscv-tools
  brew trust --formula segment-integrations/formulae/swift-create-xcframework
  brew trust --formula steipete/tap/oracle
  brew trust --formula swiftwasm/tap/carton
  brew trust --formula tuist/tuist/tuist@4.110.3 tuist/tuist/tuist@4.115.1 tuist/tuist/tuist@4.118.1 tuist/tuist/tuist@4.31.0 tuist/tuist/tuist@4.89.0 tuist/tuist/tuist@4.9.0
Trust installed casks from these taps with:
  brew trust --cask peripheryapp/periphery/periphery
  brew trust --cask skiptools/skip/skip skiptools/skip/swift-android-toolchain@6.1
  brew trust --cask steipete/tap/codexbar
Trust other specific commands with:
  brew trust --command <user>/<tap>/<command>
Whole-tap trust is broader and includes all current and future formulae,
casks and commands from the listed taps. Trust whole taps with:
  brew trust blacktop/tap getsentry/tools majd/repo mistertea/et peripheryapp/periphery riscv-software-src/riscv segment-integrations/formulae skiptools/skip steipete/tap swiftwasm/tap szwathub/tap tuist/tuist yt-dlp/taps
Untap them with:
  brew untap blacktop/tap getsentry/tools majd/repo mistertea/et peripheryapp/periphery riscv-software-src/riscv segment-integrations/formulae skiptools/skip steipete/tap swiftwasm/tap szwathub/tap tuist/tuist yt-dlp/taps
To disable trust checks:
  export HOMEBREW_NO_REQUIRE_TAP_TRUST=1
This is not recommended and will be removed in a later release.
For more information, see:
  https://docs.brew.sh/Tap-Trust
==> Downloading bottle manifests
✔︎ Bottle Manifest lychee (0.24.2)
==> Fetching downloads for: lychee
==> Would install 1 formula:
lychee
✔︎ Bottle lychee (0.24.2)
==> Pouring lychee--0.24.2.arm64_tahoe.bottle.1.tar.gz
🍺  /opt/homebrew/Cellar/lychee/0.24.2: 9 files, 23.2MB
