mode: set
github.com/relux-works/curator/internal/transaction/digest.go:20.46,22.24 2 1
github.com/relux-works/curator/internal/transaction/digest.go:22.24,24.3 1 1
github.com/relux-works/curator/internal/transaction/digest.go:25.2,25.16 1 1
github.com/relux-works/curator/internal/transaction/digest.go:25.16,27.3 1 0
github.com/relux-works/curator/internal/transaction/digest.go:28.2,30.29 3 1
github.com/relux-works/curator/internal/transaction/digest.go:30.29,31.58 1 1
github.com/relux-works/curator/internal/transaction/digest.go:31.58,33.4 1 0
github.com/relux-works/curator/internal/transaction/digest.go:34.8,34.60 1 1
github.com/relux-works/curator/internal/transaction/digest.go:34.60,35.59 1 1
github.com/relux-works/curator/internal/transaction/digest.go:35.59,37.4 1 0
github.com/relux-works/curator/internal/transaction/digest.go:38.8,40.3 1 1
github.com/relux-works/curator/internal/transaction/digest.go:41.2,41.59 1 1
github.com/relux-works/curator/internal/transaction/digest.go:44.77,47.91 3 1
github.com/relux-works/curator/internal/transaction/digest.go:47.91,49.3 1 0
github.com/relux-works/curator/internal/transaction/digest.go:50.2,51.59 2 1
github.com/relux-works/curator/internal/transaction/digest.go:54.79,55.83 1 1
github.com/relux-works/curator/internal/transaction/digest.go:55.83,57.3 1 0
github.com/relux-works/curator/internal/transaction/digest.go:58.2,59.86 2 1
github.com/relux-works/curator/internal/transaction/digest.go:59.86,60.21 1 1
github.com/relux-works/curator/internal/transaction/digest.go:60.21,62.4 1 0
github.com/relux-works/curator/internal/transaction/digest.go:63.3,63.19 1 1
github.com/relux-works/curator/internal/transaction/digest.go:63.19,65.4 1 1
github.com/relux-works/curator/internal/transaction/digest.go:66.3,66.85 1 1
github.com/relux-works/curator/internal/transaction/digest.go:66.85,68.4 1 0
github.com/relux-works/curator/internal/transaction/digest.go:69.3,70.17 2 1
github.com/relux-works/curator/internal/transaction/digest.go:70.17,72.4 1 0
github.com/relux-works/curator/internal/transaction/digest.go:73.3,74.13 2 1
github.com/relux-works/curator/internal/transaction/digest.go:76.2,76.16 1 1
github.com/relux-works/curator/internal/transaction/digest.go:76.16,78.3 1 0
github.com/relux-works/curator/internal/transaction/digest.go:79.2,79.40 1 1
github.com/relux-works/curator/internal/transaction/digest.go:79.40,79.104 1 1
github.com/relux-works/curator/internal/transaction/digest.go:80.2,80.28 1 1
github.com/relux-works/curator/internal/transaction/digest.go:80.28,83.17 3 1
github.com/relux-works/curator/internal/transaction/digest.go:83.17,85.4 1 0
github.com/relux-works/curator/internal/transaction/digest.go:86.3,86.19 1 1
github.com/relux-works/curator/internal/transaction/digest.go:86.19,87.82 1 1
github.com/relux-works/curator/internal/transaction/digest.go:87.82,89.5 1 0
github.com/relux-works/curator/internal/transaction/digest.go:90.4,90.12 1 1
github.com/relux-works/curator/internal/transaction/digest.go:92.3,92.59 1 1
github.com/relux-works/curator/internal/transaction/digest.go:92.59,94.4 1 0
github.com/relux-works/curator/internal/transaction/digest.go:96.2,97.16 2 1
github.com/relux-works/curator/internal/transaction/digest.go:97.16,99.3 1 0
github.com/relux-works/curator/internal/transaction/digest.go:100.2,100.138 1 1
github.com/relux-works/curator/internal/transaction/digest.go:100.138,102.3 1 0
github.com/relux-works/curator/internal/transaction/digest.go:103.2,103.12 1 1
github.com/relux-works/curator/internal/transaction/digest.go:106.84,108.16 2 1
github.com/relux-works/curator/internal/transaction/digest.go:108.16,110.3 1 0
github.com/relux-works/curator/internal/transaction/digest.go:111.2,111.15 1 1
github.com/relux-works/curator/internal/transaction/digest.go:111.15,111.61 1 1
github.com/relux-works/curator/internal/transaction/digest.go:112.2,112.21 1 1
github.com/relux-works/curator/internal/transaction/digest.go:112.21,114.3 1 0
github.com/relux-works/curator/internal/transaction/digest.go:116.2,116.98 1 1
github.com/relux-works/curator/internal/transaction/digest.go:116.98,118.3 1 0
github.com/relux-works/curator/internal/transaction/digest.go:119.2,119.47 1 1
github.com/relux-works/curator/internal/transaction/digest.go:119.47,121.3 1 0
github.com/relux-works/curator/internal/transaction/digest.go:122.2,123.16 2 1
github.com/relux-works/curator/internal/transaction/digest.go:123.16,125.3 1 0
github.com/relux-works/curator/internal/transaction/digest.go:126.2,126.107 1 1
github.com/relux-works/curator/internal/transaction/digest.go:126.107,128.3 1 0
github.com/relux-works/curator/internal/transaction/digest.go:129.2,129.12 1 1
github.com/relux-works/curator/internal/transaction/digest.go:132.101,133.54 1 1
github.com/relux-works/curator/internal/transaction/digest.go:133.54,135.3 1 0
github.com/relux-works/curator/internal/transaction/digest.go:136.2,136.89 1 1
github.com/relux-works/curator/internal/transaction/digest.go:136.89,138.3 1 0
github.com/relux-works/curator/internal/transaction/digest.go:139.2,139.53 1 1
github.com/relux-works/curator/internal/transaction/digest.go:139.53,141.3 1 0
github.com/relux-works/curator/internal/transaction/digest.go:142.2,142.84 1 1
github.com/relux-works/curator/internal/transaction/digest.go:142.84,144.3 1 0
github.com/relux-works/curator/internal/transaction/digest.go:145.2,145.53 1 1
github.com/relux-works/curator/internal/transaction/digest.go:148.41,151.2 2 1
github.com/relux-works/curator/internal/transaction/durability_unix.go:13.39,15.16 2 1
github.com/relux-works/curator/internal/transaction/durability_unix.go:15.16,17.3 1 0
github.com/relux-works/curator/internal/transaction/durability_unix.go:18.2,18.52 1 1
github.com/relux-works/curator/internal/transaction/durability_unix.go:21.43,22.44 1 1
github.com/relux-works/curator/internal/transaction/durability_unix.go:22.44,24.3 1 0
github.com/relux-works/curator/internal/transaction/durability_unix.go:25.2,25.56 1 1
github.com/relux-works/curator/internal/transaction/durability_unix.go:25.56,27.3 1 0
github.com/relux-works/curator/internal/transaction/durability_unix.go:28.2,28.44 1 1
github.com/relux-works/curator/internal/transaction/durability_unix.go:28.44,30.3 1 0
github.com/relux-works/curator/internal/transaction/durability_unix.go:31.2,31.12 1 1
github.com/relux-works/curator/internal/transaction/engine.go:25.59,26.16 1 1
github.com/relux-works/curator/internal/transaction/engine.go:26.16,28.3 1 0
github.com/relux-works/curator/internal/transaction/engine.go:29.2,30.16 2 1
github.com/relux-works/curator/internal/transaction/engine.go:30.16,32.3 1 0
github.com/relux-works/curator/internal/transaction/engine.go:33.2,37.33 2 1
github.com/relux-works/curator/internal/transaction/engine.go:37.33,38.20 1 1
github.com/relux-works/curator/internal/transaction/engine.go:38.20,40.4 1 1
github.com/relux-works/curator/internal/transaction/engine.go:42.2,42.20 1 1
github.com/relux-works/curator/internal/transaction/engine.go:48.75,49.46 1 1
github.com/relux-works/curator/internal/transaction/engine.go:49.46,51.3 1 1
github.com/relux-works/curator/internal/transaction/engine.go:52.2,56.16 4 1
github.com/relux-works/curator/internal/transaction/engine.go:56.16,58.3 1 0
github.com/relux-works/curator/internal/transaction/engine.go:59.2,59.79 1 1
github.com/relux-works/curator/internal/transaction/engine.go:59.79,61.3 1 0
github.com/relux-works/curator/internal/transaction/engine.go:61.8,61.32 1 1
github.com/relux-works/curator/internal/transaction/engine.go:61.32,63.3 1 0
github.com/relux-works/curator/internal/transaction/engine.go:64.2,64.52 1 1
github.com/relux-works/curator/internal/transaction/engine.go:64.52,66.3 1 0
github.com/relux-works/curator/internal/transaction/engine.go:67.2,68.15 2 1
github.com/relux-works/curator/internal/transaction/engine.go:68.15,69.16 1 1
github.com/relux-works/curator/internal/transaction/engine.go:69.16,71.4 1 1
github.com/relux-works/curator/internal/transaction/engine.go:73.2,73.37 1 1
github.com/relux-works/curator/internal/transaction/engine.go:73.37,75.30 2 1
github.com/relux-works/curator/internal/transaction/engine.go:75.30,76.12 1 1
github.com/relux-works/curator/internal/transaction/engine.go:78.3,78.60 1 1
github.com/relux-works/curator/internal/transaction/engine.go:78.60,80.4 1 0
github.com/relux-works/curator/internal/transaction/engine.go:81.3,82.48 2 1
github.com/relux-works/curator/internal/transaction/engine.go:82.48,83.18 1 0
github.com/relux-works/curator/internal/transaction/engine.go:83.18,85.5 1 0
github.com/relux-works/curator/internal/transaction/engine.go:86.4,86.53 1 0
github.com/relux-works/curator/internal/transaction/engine.go:88.3,88.82 1 1
github.com/relux-works/curator/internal/transaction/engine.go:88.82,90.4 1 1
github.com/relux-works/curator/internal/transaction/engine.go:92.2,92.37 1 1
github.com/relux-works/curator/internal/transaction/engine.go:92.37,101.3 8 1
github.com/relux-works/curator/internal/transaction/engine.go:102.2,103.52 2 1
github.com/relux-works/curator/internal/transaction/engine.go:103.52,105.3 1 0
github.com/relux-works/curator/internal/transaction/engine.go:106.2,106.64 1 1
github.com/relux-works/curator/internal/transaction/engine.go:106.64,108.3 1 1
github.com/relux-works/curator/internal/transaction/engine.go:109.2,110.35 2 1
github.com/relux-works/curator/internal/transaction/engine.go:113.75,114.59 1 1
github.com/relux-works/curator/internal/transaction/engine.go:114.59,116.3 1 1
github.com/relux-works/curator/internal/transaction/engine.go:117.2,117.68 1 1
github.com/relux-works/curator/internal/transaction/engine.go:117.68,119.3 1 1
github.com/relux-works/curator/internal/transaction/engine.go:120.2,120.28 1 1
github.com/relux-works/curator/internal/transaction/engine.go:120.28,122.3 1 1
github.com/relux-works/curator/internal/transaction/engine.go:123.2,124.39 2 1
github.com/relux-works/curator/internal/transaction/engine.go:124.39,124.101 1 1
github.com/relux-works/curator/internal/transaction/engine.go:125.2,125.49 1 1
github.com/relux-works/curator/internal/transaction/engine.go:125.49,127.3 1 1
github.com/relux-works/curator/internal/transaction/engine.go:128.2,129.42 2 1
github.com/relux-works/curator/internal/transaction/engine.go:129.42,130.99 1 1
github.com/relux-works/curator/internal/transaction/engine.go:130.99,132.4 1 1
github.com/relux-works/curator/internal/transaction/engine.go:133.3,133.89 1 1
github.com/relux-works/curator/internal/transaction/engine.go:135.2,145.37 4 1
github.com/relux-works/curator/internal/transaction/engine.go:145.37,146.113 1 1
github.com/relux-works/curator/internal/transaction/engine.go:146.113,148.4 1 1
github.com/relux-works/curator/internal/transaction/engine.go:149.3,149.110 1 1
github.com/relux-works/curator/internal/transaction/engine.go:149.110,151.4 1 1
github.com/relux-works/curator/internal/transaction/engine.go:152.3,152.73 1 1
github.com/relux-works/curator/internal/transaction/engine.go:152.73,154.4 1 1
github.com/relux-works/curator/internal/transaction/engine.go:155.3,155.73 1 1
github.com/relux-works/curator/internal/transaction/engine.go:155.73,157.4 1 1
github.com/relux-works/curator/internal/transaction/engine.go:158.3,159.42 2 1
github.com/relux-works/curator/internal/transaction/engine.go:159.42,161.4 1 1
github.com/relux-works/curator/internal/transaction/engine.go:162.3,163.49 2 1
github.com/relux-works/curator/internal/transaction/engine.go:163.49,165.4 1 1
github.com/relux-works/curator/internal/transaction/engine.go:166.3,167.71 2 1
github.com/relux-works/curator/internal/transaction/engine.go:167.71,169.4 1 1
github.com/relux-works/curator/internal/transaction/engine.go:170.3,174.32 5 1
github.com/relux-works/curator/internal/transaction/engine.go:174.32,176.18 2 1
github.com/relux-works/curator/internal/transaction/engine.go:176.18,178.5 1 0
github.com/relux-works/curator/internal/transaction/engine.go:179.4,180.22 2 1
github.com/relux-works/curator/internal/transaction/engine.go:180.22,182.5 1 1
github.com/relux-works/curator/internal/transaction/engine.go:183.4,184.51 2 1
github.com/relux-works/curator/internal/transaction/engine.go:184.51,185.19 1 1
github.com/relux-works/curator/internal/transaction/engine.go:185.19,187.6 1 1
github.com/relux-works/curator/internal/transaction/engine.go:188.5,188.90 1 1
github.com/relux-works/curator/internal/transaction/engine.go:190.4,194.18 5 1
github.com/relux-works/curator/internal/transaction/engine.go:194.18,196.5 1 0
github.com/relux-works/curator/internal/transaction/engine.go:198.3,213.95 2 1
github.com/relux-works/curator/internal/transaction/engine.go:213.95,214.21 1 1
github.com/relux-works/curator/internal/transaction/engine.go:214.21,215.13 1 1
github.com/relux-works/curator/internal/transaction/engine.go:217.4,217.47 1 1
github.com/relux-works/curator/internal/transaction/engine.go:217.47,219.5 1 1
github.com/relux-works/curator/internal/transaction/engine.go:219.10,219.34 1 1
github.com/relux-works/curator/internal/transaction/engine.go:219.34,221.5 1 0
github.com/relux-works/curator/internal/transaction/engine.go:223.3,223.34 1 1
github.com/relux-works/curator/internal/transaction/engine.go:225.2,225.56 1 1
github.com/relux-works/curator/internal/transaction/engine.go:225.56,227.3 1 1
github.com/relux-works/curator/internal/transaction/engine.go:228.2,228.30 1 1
github.com/relux-works/curator/internal/transaction/engine.go:231.48,232.16 1 1
github.com/relux-works/curator/internal/transaction/engine.go:232.16,234.3 1 1
github.com/relux-works/curator/internal/transaction/engine.go:235.2,236.105 2 1
github.com/relux-works/curator/internal/transaction/engine.go:236.105,238.3 1 1
github.com/relux-works/curator/internal/transaction/engine.go:239.2,239.12 1 1
github.com/relux-works/curator/internal/transaction/engine.go:242.77,243.37 1 1
github.com/relux-works/curator/internal/transaction/engine.go:243.37,244.58 1 1
github.com/relux-works/curator/internal/transaction/engine.go:244.58,246.4 1 0
github.com/relux-works/curator/internal/transaction/engine.go:247.3,247.15 1 1
github.com/relux-works/curator/internal/transaction/engine.go:249.2,250.52 2 1
github.com/relux-works/curator/internal/transaction/engine.go:250.52,252.3 1 0
github.com/relux-works/curator/internal/transaction/engine.go:253.2,253.49 1 1
github.com/relux-works/curator/internal/transaction/engine.go:253.49,255.3 1 0
github.com/relux-works/curator/internal/transaction/engine.go:256.2,256.14 1 1
github.com/relux-works/curator/internal/transaction/engine.go:261.73,262.46 1 1
github.com/relux-works/curator/internal/transaction/engine.go:262.46,264.3 1 1
github.com/relux-works/curator/internal/transaction/engine.go:265.2,268.16 4 1
github.com/relux-works/curator/internal/transaction/engine.go:268.16,270.3 1 0
github.com/relux-works/curator/internal/transaction/engine.go:271.2,271.31 1 1
github.com/relux-works/curator/internal/transaction/engine.go:276.52,277.46 1 1
github.com/relux-works/curator/internal/transaction/engine.go:277.46,279.3 1 1
github.com/relux-works/curator/internal/transaction/engine.go:280.2,283.16 4 1
github.com/relux-works/curator/internal/transaction/engine.go:283.16,285.3 1 0
github.com/relux-works/curator/internal/transaction/engine.go:286.2,286.25 1 1
github.com/relux-works/curator/internal/transaction/engine.go:286.25,288.17 2 1
github.com/relux-works/curator/internal/transaction/engine.go:288.17,290.4 1 0
github.com/relux-works/curator/internal/transaction/engine.go:291.3,291.48 1 1
github.com/relux-works/curator/internal/transaction/engine.go:291.48,293.4 1 1
github.com/relux-works/curator/internal/transaction/engine.go:295.2,295.12 1 1
github.com/relux-works/curator/internal/transaction/engine.go:298.54,299.23 1 1
github.com/relux-works/curator/internal/transaction/engine.go:300.22,301.42 1 1
github.com/relux-works/curator/internal/transaction/engine.go:302.38,303.32 1 1
github.com/relux-works/curator/internal/transaction/engine.go:304.20,305.42 1 1
github.com/relux-works/curator/internal/transaction/engine.go:306.46,307.34 1 1
github.com/relux-works/curator/internal/transaction/engine.go:308.10,309.66 1 0
github.com/relux-works/curator/internal/transaction/engine.go:313.54,314.36 1 1
github.com/relux-works/curator/internal/transaction/engine.go:314.36,316.53 2 1
github.com/relux-works/curator/internal/transaction/engine.go:316.53,318.4 1 0
github.com/relux-works/curator/internal/transaction/engine.go:320.2,320.37 1 1
github.com/relux-works/curator/internal/transaction/engine.go:320.37,321.61 1 1
github.com/relux-works/curator/internal/transaction/engine.go:321.61,323.62 2 1
github.com/relux-works/curator/internal/transaction/engine.go:323.62,325.5 1 0
github.com/relux-works/curator/internal/transaction/engine.go:326.4,326.53 1 1
github.com/relux-works/curator/internal/transaction/engine.go:329.2,330.52 2 1
github.com/relux-works/curator/internal/transaction/engine.go:330.52,332.3 1 0
github.com/relux-works/curator/internal/transaction/engine.go:333.2,333.69 1 1
github.com/relux-works/curator/internal/transaction/engine.go:333.69,335.3 1 1
github.com/relux-works/curator/internal/transaction/engine.go:336.2,336.41 1 1
github.com/relux-works/curator/internal/transaction/engine.go:339.71,341.22 2 1
github.com/relux-works/curator/internal/transaction/engine.go:342.20,343.61 1 1
github.com/relux-works/curator/internal/transaction/engine.go:343.61,345.4 1 1
github.com/relux-works/curator/internal/transaction/engine.go:346.3,346.36 1 1
github.com/relux-works/curator/internal/transaction/engine.go:346.36,350.54 1 1
github.com/relux-works/curator/internal/transaction/engine.go:350.54,352.5 1 0
github.com/relux-works/curator/internal/transaction/engine.go:354.3,354.35 1 1
github.com/relux-works/curator/internal/transaction/engine.go:354.35,355.73 1 1
github.com/relux-works/curator/internal/transaction/engine.go:355.73,357.5 1 1
github.com/relux-works/curator/internal/transaction/engine.go:358.4,358.49 1 1
github.com/relux-works/curator/internal/transaction/engine.go:358.49,360.5 1 0
github.com/relux-works/curator/internal/transaction/engine.go:361.4,362.18 2 1
github.com/relux-works/curator/internal/transaction/engine.go:362.18,364.5 1 0
github.com/relux-works/curator/internal/transaction/engine.go:365.4,365.70 1 1
github.com/relux-works/curator/internal/transaction/engine.go:365.70,367.5 1 0
github.com/relux-works/curator/internal/transaction/engine.go:368.4,368.30 1 1
github.com/relux-works/curator/internal/transaction/engine.go:368.30,369.86 1 1
github.com/relux-works/curator/internal/transaction/engine.go:369.86,371.6 1 0
github.com/relux-works/curator/internal/transaction/engine.go:372.5,372.55 1 1
github.com/relux-works/curator/internal/transaction/engine.go:372.55,374.6 1 0
github.com/relux-works/curator/internal/transaction/engine.go:375.5,376.19 2 1
github.com/relux-works/curator/internal/transaction/engine.go:376.19,378.6 1 0
github.com/relux-works/curator/internal/transaction/engine.go:379.5,379.27 1 1
github.com/relux-works/curator/internal/transaction/engine.go:379.27,380.101 1 0
github.com/relux-works/curator/internal/transaction/engine.go:380.101,382.7 1 0
github.com/relux-works/curator/internal/transaction/engine.go:383.6,383.98 1 0
github.com/relux-works/curator/internal/transaction/engine.go:385.5,385.22 1 1
github.com/relux-works/curator/internal/transaction/engine.go:387.4,388.72 2 1
github.com/relux-works/curator/internal/transaction/engine.go:388.72,390.5 1 1
github.com/relux-works/curator/internal/transaction/engine.go:391.4,392.54 2 1
github.com/relux-works/curator/internal/transaction/engine.go:392.54,394.5 1 0
github.com/relux-works/curator/internal/transaction/engine.go:396.3,396.14 1 1
github.com/relux-works/curator/internal/transaction/engine.go:397.21,399.17 2 1
github.com/relux-works/curator/internal/transaction/engine.go:399.17,401.4 1 0
github.com/relux-works/curator/internal/transaction/engine.go:402.3,402.38 1 1
github.com/relux-works/curator/internal/transaction/engine.go:402.38,404.54 2 1
github.com/relux-works/curator/internal/transaction/engine.go:404.54,406.5 1 0
github.com/relux-works/curator/internal/transaction/engine.go:407.4,407.60 1 1
github.com/relux-works/curator/internal/transaction/engine.go:409.3,409.30 1 1
github.com/relux-works/curator/internal/transaction/engine.go:409.30,411.4 1 0
github.com/relux-works/curator/internal/transaction/engine.go:412.3,412.73 1 1
github.com/relux-works/curator/internal/transaction/engine.go:412.73,414.4 1 1
github.com/relux-works/curator/internal/transaction/engine.go:415.3,415.43 1 1
github.com/relux-works/curator/internal/transaction/engine.go:415.43,417.58 2 1
github.com/relux-works/curator/internal/transaction/engine.go:417.58,418.19 1 0
github.com/relux-works/curator/internal/transaction/engine.go:418.19,420.6 1 0
github.com/relux-works/curator/internal/transaction/engine.go:421.5,421.15 1 0
github.com/relux-works/curator/internal/transaction/engine.go:423.4,423.85 1 1
github.com/relux-works/curator/internal/transaction/engine.go:423.85,425.5 1 0
github.com/relux-works/curator/internal/transaction/engine.go:426.4,426.52 1 1
github.com/relux-works/curator/internal/transaction/engine.go:426.52,428.5 1 0
github.com/relux-works/curator/internal/transaction/engine.go:430.3,430.72 1 1
github.com/relux-works/curator/internal/transaction/engine.go:430.72,432.4 1 1
github.com/relux-works/curator/internal/transaction/engine.go:433.3,434.53 2 1
github.com/relux-works/curator/internal/transaction/engine.go:434.53,436.4 1 0
github.com/relux-works/curator/internal/transaction/engine.go:437.3,437.59 1 1
github.com/relux-works/curator/internal/transaction/engine.go:438.22,440.17 2 0
github.com/relux-works/curator/internal/transaction/engine.go:440.17,442.4 1 0
github.com/relux-works/curator/internal/transaction/engine.go:443.3,443.38 1 0
github.com/relux-works/curator/internal/transaction/engine.go:443.38,445.4 1 0
github.com/relux-works/curator/internal/transaction/engine.go:446.3,446.13 1 0
github.com/relux-works/curator/internal/transaction/engine.go:447.10,448.108 1 0
github.com/relux-works/curator/internal/transaction/engine.go:452.72,454.16 2 1
github.com/relux-works/curator/internal/transaction/engine.go:454.16,456.3 1 0
github.com/relux-works/curator/internal/transaction/engine.go:457.2,457.34 1 1
github.com/relux-works/curator/internal/transaction/engine.go:457.34,459.3 1 1
github.com/relux-works/curator/internal/transaction/engine.go:460.2,461.16 2 1
github.com/relux-works/curator/internal/transaction/engine.go:461.16,463.3 1 0
github.com/relux-works/curator/internal/transaction/engine.go:464.2,464.32 1 1
github.com/relux-works/curator/internal/transaction/engine.go:464.32,466.3 1 1
github.com/relux-works/curator/internal/transaction/engine.go:467.2,467.74 1 1
github.com/relux-works/curator/internal/transaction/engine.go:467.74,469.3 1 1
github.com/relux-works/curator/internal/transaction/engine.go:470.2,470.37 1 1
github.com/relux-works/curator/internal/transaction/engine.go:470.37,471.71 1 0
github.com/relux-works/curator/internal/transaction/engine.go:471.71,473.4 1 0
github.com/relux-works/curator/internal/transaction/engine.go:475.2,477.12 3 1
github.com/relux-works/curator/internal/transaction/engine.go:480.49,481.33 1 1
github.com/relux-works/curator/internal/transaction/engine.go:481.33,483.17 2 1
github.com/relux-works/curator/internal/transaction/engine.go:483.17,485.4 1 0
github.com/relux-works/curator/internal/transaction/engine.go:486.3,486.39 1 1
github.com/relux-works/curator/internal/transaction/engine.go:486.39,488.4 1 0
github.com/relux-works/curator/internal/transaction/engine.go:489.3,489.13 1 1
github.com/relux-works/curator/internal/transaction/engine.go:491.2,491.52 1 1
github.com/relux-works/curator/internal/transaction/engine.go:494.66,496.33 2 1
github.com/relux-works/curator/internal/transaction/engine.go:496.33,498.3 1 1
github.com/relux-works/curator/internal/transaction/engine.go:499.2,500.106 2 1
github.com/relux-works/curator/internal/transaction/engine.go:500.106,502.3 1 0
github.com/relux-works/curator/internal/transaction/engine.go:503.2,504.16 2 1
github.com/relux-works/curator/internal/transaction/engine.go:504.16,506.3 1 0
github.com/relux-works/curator/internal/transaction/engine.go:507.2,508.74 2 1
github.com/relux-works/curator/internal/transaction/engine.go:508.74,511.3 2 0
github.com/relux-works/curator/internal/transaction/engine.go:512.2,514.39 3 1
github.com/relux-works/curator/internal/transaction/engine.go:514.39,516.3 1 0
github.com/relux-works/curator/internal/transaction/engine.go:517.2,517.30 1 1
github.com/relux-works/curator/internal/transaction/engine.go:517.30,519.3 1 0
github.com/relux-works/curator/internal/transaction/engine.go:520.2,520.50 1 1
github.com/relux-works/curator/internal/transaction/engine.go:520.50,522.3 1 0
github.com/relux-works/curator/internal/transaction/engine.go:523.2,523.12 1 1
github.com/relux-works/curator/internal/transaction/engine.go:526.56,527.43 1 1
github.com/relux-works/curator/internal/transaction/engine.go:527.43,529.53 2 1
github.com/relux-works/curator/internal/transaction/engine.go:529.53,531.4 1 0
github.com/relux-works/curator/internal/transaction/engine.go:532.3,532.62 1 1
github.com/relux-works/curator/internal/transaction/engine.go:532.62,533.64 1 1
github.com/relux-works/curator/internal/transaction/engine.go:533.64,535.5 1 1
github.com/relux-works/curator/internal/transaction/engine.go:537.3,538.53 2 1
github.com/relux-works/curator/internal/transaction/engine.go:538.53,540.4 1 0
github.com/relux-works/curator/internal/transaction/engine.go:542.2,542.63 1 1
github.com/relux-works/curator/internal/transaction/engine.go:542.63,544.3 1 1
github.com/relux-works/curator/internal/transaction/engine.go:545.2,545.45 1 1
github.com/relux-works/curator/internal/transaction/engine.go:548.73,550.34 2 1
github.com/relux-works/curator/internal/transaction/engine.go:550.34,551.63 1 1
github.com/relux-works/curator/internal/transaction/engine.go:551.63,553.4 1 0
github.com/relux-works/curator/internal/transaction/engine.go:553.9,553.36 1 1
github.com/relux-works/curator/internal/transaction/engine.go:553.36,555.4 1 1
github.com/relux-works/curator/internal/transaction/engine.go:556.3,556.31 1 1
github.com/relux-works/curator/internal/transaction/engine.go:558.2,558.37 1 1
github.com/relux-works/curator/internal/transaction/engine.go:558.37,560.3 1 0
github.com/relux-works/curator/internal/transaction/engine.go:561.2,562.16 2 1
github.com/relux-works/curator/internal/transaction/engine.go:562.16,564.3 1 0
github.com/relux-works/curator/internal/transaction/engine.go:565.2,566.16 2 1
github.com/relux-works/curator/internal/transaction/engine.go:566.16,568.3 1 0
github.com/relux-works/curator/internal/transaction/engine.go:569.2,570.16 2 1
github.com/relux-works/curator/internal/transaction/engine.go:570.16,572.3 1 0
github.com/relux-works/curator/internal/transaction/engine.go:576.2,576.124 1 1
github.com/relux-works/curator/internal/transaction/engine.go:576.124,577.121 1 1
github.com/relux-works/curator/internal/transaction/engine.go:577.121,579.54 2 1
github.com/relux-works/curator/internal/transaction/engine.go:579.54,581.5 1 0
github.com/relux-works/curator/internal/transaction/engine.go:582.4,582.61 1 1
github.com/relux-works/curator/internal/transaction/engine.go:585.2,585.36 1 1
github.com/relux-works/curator/internal/transaction/engine.go:585.36,586.30 1 1
github.com/relux-works/curator/internal/transaction/engine.go:586.30,588.4 1 1
github.com/relux-works/curator/internal/transaction/engine.go:589.3,589.45 1 1
github.com/relux-works/curator/internal/transaction/engine.go:589.45,590.64 1 1
github.com/relux-works/curator/internal/transaction/engine.go:590.64,592.5 1 0
github.com/relux-works/curator/internal/transaction/engine.go:592.10,592.39 1 1
github.com/relux-works/curator/internal/transaction/engine.go:592.39,594.5 1 0
github.com/relux-works/curator/internal/transaction/engine.go:595.4,595.87 1 1
github.com/relux-works/curator/internal/transaction/engine.go:595.87,597.5 1 0
github.com/relux-works/curator/internal/transaction/engine.go:598.4,598.104 1 1
github.com/relux-works/curator/internal/transaction/engine.go:600.8,600.36 1 1
github.com/relux-works/curator/internal/transaction/engine.go:600.36,601.38 1 1
github.com/relux-works/curator/internal/transaction/engine.go:601.38,603.4 1 1
github.com/relux-works/curator/internal/transaction/engine.go:604.3,604.86 1 1
github.com/relux-works/curator/internal/transaction/engine.go:604.86,606.4 1 0
github.com/relux-works/curator/internal/transaction/engine.go:607.3,608.17 2 1
github.com/relux-works/curator/internal/transaction/engine.go:608.17,610.4 1 0
github.com/relux-works/curator/internal/transaction/engine.go:611.3,611.45 1 1
github.com/relux-works/curator/internal/transaction/engine.go:611.45,612.80 1 0
github.com/relux-works/curator/internal/transaction/engine.go:612.80,614.5 1 0
github.com/relux-works/curator/internal/transaction/engine.go:614.10,614.39 1 0
github.com/relux-works/curator/internal/transaction/engine.go:614.39,616.5 1 0
github.com/relux-works/curator/internal/transaction/engine.go:617.4,617.101 1 0
github.com/relux-works/curator/internal/transaction/engine.go:617.101,619.5 1 0
github.com/relux-works/curator/internal/transaction/engine.go:620.4,620.100 1 0
github.com/relux-works/curator/internal/transaction/engine.go:622.8,622.83 1 1
github.com/relux-works/curator/internal/transaction/engine.go:622.83,624.3 1 1
github.com/relux-works/curator/internal/transaction/engine.go:626.2,626.31 1 1
github.com/relux-works/curator/internal/transaction/engine.go:626.31,628.3 1 1
github.com/relux-works/curator/internal/transaction/engine.go:629.2,629.41 1 1
github.com/relux-works/curator/internal/transaction/engine.go:629.41,631.3 1 1
github.com/relux-works/curator/internal/transaction/engine.go:632.2,632.34 1 1
github.com/relux-works/curator/internal/transaction/engine.go:632.34,633.63 1 1
github.com/relux-works/curator/internal/transaction/engine.go:633.63,635.4 1 0
github.com/relux-works/curator/internal/transaction/engine.go:635.9,635.38 1 1
github.com/relux-works/curator/internal/transaction/engine.go:635.38,637.4 1 0
github.com/relux-works/curator/internal/transaction/engine.go:638.3,638.84 1 1
github.com/relux-works/curator/internal/transaction/engine.go:638.84,640.4 1 0
github.com/relux-works/curator/internal/transaction/engine.go:641.3,641.51 1 1
github.com/relux-works/curator/internal/transaction/engine.go:641.51,643.4 1 0
github.com/relux-works/curator/internal/transaction/engine.go:645.2,645.71 1 1
github.com/relux-works/curator/internal/transaction/engine.go:645.71,647.3 1 1
github.com/relux-works/curator/internal/transaction/engine.go:648.2,649.52 2 1
github.com/relux-works/curator/internal/transaction/engine.go:649.52,651.3 1 0
github.com/relux-works/curator/internal/transaction/engine.go:652.2,652.59 1 1
github.com/relux-works/curator/internal/transaction/engine.go:655.64,656.37 1 1
github.com/relux-works/curator/internal/transaction/engine.go:656.37,659.17 3 1
github.com/relux-works/curator/internal/transaction/engine.go:659.17,661.4 1 0
github.com/relux-works/curator/internal/transaction/engine.go:662.3,662.38 1 1
github.com/relux-works/curator/internal/transaction/engine.go:662.38,664.4 1 1
github.com/relux-works/curator/internal/transaction/engine.go:666.2,666.62 1 1
github.com/relux-works/curator/internal/transaction/engine.go:666.62,668.3 1 1
github.com/relux-works/curator/internal/transaction/engine.go:669.2,669.62 1 1
github.com/relux-works/curator/internal/transaction/engine.go:669.62,670.72 1 1
github.com/relux-works/curator/internal/transaction/engine.go:670.72,672.4 1 1
github.com/relux-works/curator/internal/transaction/engine.go:674.2,674.45 1 1
github.com/relux-works/curator/internal/transaction/engine.go:677.70,678.62 1 1
github.com/relux-works/curator/internal/transaction/engine.go:678.62,680.3 1 1
github.com/relux-works/curator/internal/transaction/engine.go:681.2,681.61 1 1
github.com/relux-works/curator/internal/transaction/engine.go:681.61,682.72 1 1
github.com/relux-works/curator/internal/transaction/engine.go:682.72,684.4 1 1
github.com/relux-works/curator/internal/transaction/engine.go:686.2,686.12 1 1
github.com/relux-works/curator/internal/transaction/engine.go:695.70,697.61 2 1
github.com/relux-works/curator/internal/transaction/engine.go:697.61,702.3 4 1
github.com/relux-works/curator/internal/transaction/engine.go:703.2,703.17 1 1
github.com/relux-works/curator/internal/transaction/engine.go:706.69,708.61 2 1
github.com/relux-works/curator/internal/transaction/engine.go:708.61,713.3 4 1
github.com/relux-works/curator/internal/transaction/engine.go:714.2,714.17 1 1
github.com/relux-works/curator/internal/transaction/engine.go:717.115,718.16 1 1
github.com/relux-works/curator/internal/transaction/engine.go:718.16,720.3 1 1
github.com/relux-works/curator/internal/transaction/engine.go:721.2,721.97 1 1
github.com/relux-works/curator/internal/transaction/engine.go:724.83,725.62 1 1
github.com/relux-works/curator/internal/transaction/engine.go:725.62,726.27 1 1
github.com/relux-works/curator/internal/transaction/engine.go:726.27,728.4 1 1
github.com/relux-works/curator/internal/transaction/engine.go:730.2,730.34 1 1
github.com/relux-works/curator/internal/transaction/engine.go:733.69,734.31 1 1
github.com/relux-works/curator/internal/transaction/engine.go:734.31,736.3 1 1
github.com/relux-works/curator/internal/transaction/engine.go:737.2,738.12 2 1
github.com/relux-works/curator/internal/transaction/engine.go:738.12,740.3 1 0
github.com/relux-works/curator/internal/transaction/engine.go:741.2,741.55 1 1
github.com/relux-works/curator/internal/transaction/engine.go:744.95,745.31 1 1
github.com/relux-works/curator/internal/transaction/engine.go:745.31,747.3 1 0
github.com/relux-works/curator/internal/transaction/engine.go:748.2,749.16 2 1
github.com/relux-works/curator/internal/transaction/engine.go:749.16,751.3 1 1
github.com/relux-works/curator/internal/transaction/engine.go:752.2,752.14 1 1
github.com/relux-works/curator/internal/transaction/engine.go:752.14,754.3 1 1
github.com/relux-works/curator/internal/transaction/engine.go:755.2,756.16 2 1
github.com/relux-works/curator/internal/transaction/engine.go:756.16,758.3 1 0
github.com/relux-works/curator/internal/transaction/engine.go:759.2,762.52 4 1
github.com/relux-works/curator/internal/transaction/engine.go:762.52,767.3 4 0
github.com/relux-works/curator/internal/transaction/engine.go:768.2,768.55 1 1
github.com/relux-works/curator/internal/transaction/engine.go:771.95,772.41 1 1
github.com/relux-works/curator/internal/transaction/engine.go:772.41,774.3 1 0
github.com/relux-works/curator/internal/transaction/engine.go:775.2,779.16 1 1
github.com/relux-works/curator/internal/transaction/engine.go:779.16,779.93 1 1
github.com/relux-works/curator/internal/transaction/engine.go:780.16,780.95 1 1
github.com/relux-works/curator/internal/transaction/engine.go:781.16,783.3 1 1
github.com/relux-works/curator/internal/transaction/engine.go:784.2,791.37 8 1
github.com/relux-works/curator/internal/transaction/engine.go:791.37,802.3 10 1
github.com/relux-works/curator/internal/transaction/engine.go:803.2,806.52 4 1
github.com/relux-works/curator/internal/transaction/engine.go:806.52,807.38 1 0
github.com/relux-works/curator/internal/transaction/engine.go:807.38,813.4 5 0
github.com/relux-works/curator/internal/transaction/engine.go:814.3,817.13 4 0
github.com/relux-works/curator/internal/transaction/engine.go:819.2,819.12 1 1
github.com/relux-works/curator/internal/transaction/engine.go:822.82,824.22 2 1
github.com/relux-works/curator/internal/transaction/engine.go:824.22,827.3 2 1
github.com/relux-works/curator/internal/transaction/engine.go:828.2,828.33 1 1
github.com/relux-works/curator/internal/transaction/engine.go:828.33,830.3 1 1
github.com/relux-works/curator/internal/transaction/engine.go:831.2,831.31 1 1
github.com/relux-works/curator/internal/transaction/engine.go:831.31,833.3 1 1
github.com/relux-works/curator/internal/transaction/engine.go:834.2,834.12 1 1
github.com/relux-works/curator/internal/transaction/engine.go:839.76,840.46 1 1
github.com/relux-works/curator/internal/transaction/engine.go:840.46,842.3 1 1
github.com/relux-works/curator/internal/transaction/engine.go:843.2,846.16 4 1
github.com/relux-works/curator/internal/transaction/engine.go:846.16,848.3 1 0
github.com/relux-works/curator/internal/transaction/engine.go:849.2,850.25 2 1
github.com/relux-works/curator/internal/transaction/engine.go:850.25,852.17 2 1
github.com/relux-works/curator/internal/transaction/engine.go:852.17,854.4 1 0
github.com/relux-works/curator/internal/transaction/engine.go:855.3,855.51 1 1
github.com/relux-works/curator/internal/transaction/engine.go:855.51,857.4 1 1
github.com/relux-works/curator/internal/transaction/engine.go:859.2,860.23 2 1
github.com/relux-works/curator/internal/transaction/engine.go:860.23,862.3 1 1
github.com/relux-works/curator/internal/transaction/engine.go:863.2,863.39 1 1
github.com/relux-works/curator/internal/transaction/engine.go:863.39,863.101 1 1
github.com/relux-works/curator/internal/transaction/engine.go:864.2,864.18 1 1
github.com/relux-works/curator/internal/transaction/engine.go:867.46,872.35 5 1
github.com/relux-works/curator/internal/transaction/engine.go:872.35,874.3 1 1
github.com/relux-works/curator/internal/transaction/engine.go:875.2,875.15 1 1
github.com/relux-works/curator/internal/transaction/files.go:11.51,13.16 2 1
github.com/relux-works/curator/internal/transaction/files.go:13.16,15.3 1 0
github.com/relux-works/curator/internal/transaction/files.go:16.2,16.49 1 1
github.com/relux-works/curator/internal/transaction/files.go:16.49,18.3 1 1
github.com/relux-works/curator/internal/transaction/files.go:18.8,18.32 1 1
github.com/relux-works/curator/internal/transaction/files.go:18.32,20.3 1 0
github.com/relux-works/curator/internal/transaction/files.go:21.2,21.29 1 1
github.com/relux-works/curator/internal/transaction/files.go:21.29,23.3 1 1
github.com/relux-works/curator/internal/transaction/files.go:24.2,24.54 1 1
github.com/relux-works/curator/internal/transaction/files.go:24.54,26.3 1 1
github.com/relux-works/curator/internal/transaction/files.go:27.2,27.66 1 0
github.com/relux-works/curator/internal/transaction/files.go:27.66,29.3 1 0
github.com/relux-works/curator/internal/transaction/files.go:30.2,30.59 1 0
github.com/relux-works/curator/internal/transaction/files.go:30.59,33.3 2 0
github.com/relux-works/curator/internal/transaction/files.go:34.2,34.66 1 0
github.com/relux-works/curator/internal/transaction/files.go:34.66,37.3 2 0
github.com/relux-works/curator/internal/transaction/files.go:38.2,38.30 1 0
github.com/relux-works/curator/internal/transaction/files.go:41.54,43.16 2 0
github.com/relux-works/curator/internal/transaction/files.go:43.16,45.3 1 0
github.com/relux-works/curator/internal/transaction/files.go:46.2,46.32 1 0
github.com/relux-works/curator/internal/transaction/files.go:46.32,50.17 4 0
github.com/relux-works/curator/internal/transaction/files.go:50.17,52.4 1 0
github.com/relux-works/curator/internal/transaction/files.go:53.3,53.10 1 0
github.com/relux-works/curator/internal/transaction/files.go:54.32,55.87 1 0
github.com/relux-works/curator/internal/transaction/files.go:55.87,57.5 1 0
github.com/relux-works/curator/internal/transaction/files.go:58.56,59.72 1 0
github.com/relux-works/curator/internal/transaction/files.go:59.72,61.5 1 0
github.com/relux-works/curator/internal/transaction/files.go:62.4,62.69 1 0
github.com/relux-works/curator/internal/transaction/files.go:62.69,64.5 1 0
github.com/relux-works/curator/internal/transaction/files.go:65.4,65.72 1 0
github.com/relux-works/curator/internal/transaction/files.go:65.72,67.5 1 0
github.com/relux-works/curator/internal/transaction/files.go:68.11,69.72 1 0
github.com/relux-works/curator/internal/transaction/files.go:72.2,72.30 1 0
github.com/relux-works/curator/internal/transaction/files.go:75.79,77.16 2 1
github.com/relux-works/curator/internal/transaction/files.go:77.16,79.3 1 0
github.com/relux-works/curator/internal/transaction/files.go:80.2,80.15 1 1
github.com/relux-works/curator/internal/transaction/files.go:80.15,80.62 1 1
github.com/relux-works/curator/internal/transaction/files.go:81.2,82.16 2 1
github.com/relux-works/curator/internal/transaction/files.go:82.16,84.3 1 0
github.com/relux-works/curator/internal/transaction/files.go:85.2,86.15 2 1
github.com/relux-works/curator/internal/transaction/files.go:86.15,88.10 2 1
github.com/relux-works/curator/internal/transaction/files.go:88.10,90.4 1 0
github.com/relux-works/curator/internal/transaction/files.go:92.2,92.50 1 1
github.com/relux-works/curator/internal/transaction/files.go:92.50,94.3 1 0
github.com/relux-works/curator/internal/transaction/files.go:95.2,95.43 1 1
github.com/relux-works/curator/internal/transaction/files.go:95.43,97.3 1 0
github.com/relux-works/curator/internal/transaction/files.go:98.2,98.38 1 1
github.com/relux-works/curator/internal/transaction/files.go:98.38,100.3 1 0
github.com/relux-works/curator/internal/transaction/files.go:101.2,101.39 1 1
github.com/relux-works/curator/internal/transaction/files.go:101.39,103.3 1 0
github.com/relux-works/curator/internal/transaction/files.go:104.2,105.12 2 1
github.com/relux-works/curator/internal/transaction/files.go:108.34,110.16 2 1
github.com/relux-works/curator/internal/transaction/files.go:110.16,112.3 1 0
github.com/relux-works/curator/internal/transaction/files.go:113.2,113.29 1 1
github.com/relux-works/curator/internal/transaction/files.go:113.29,115.17 2 1
github.com/relux-works/curator/internal/transaction/files.go:115.17,117.4 1 0
github.com/relux-works/curator/internal/transaction/files.go:118.3,118.48 1 1
github.com/relux-works/curator/internal/transaction/files.go:120.2,120.54 1 1
github.com/relux-works/curator/internal/transaction/files.go:120.54,122.3 1 0
github.com/relux-works/curator/internal/transaction/files.go:123.2,124.16 2 1
github.com/relux-works/curator/internal/transaction/files.go:124.16,126.3 1 0
github.com/relux-works/curator/internal/transaction/files.go:127.2,127.32 1 1
github.com/relux-works/curator/internal/transaction/files.go:127.32,128.69 1 1
github.com/relux-works/curator/internal/transaction/files.go:128.69,130.4 1 0
github.com/relux-works/curator/internal/transaction/files.go:132.2,132.28 1 1
github.com/relux-works/curator/internal/transaction/journal.go:19.64,21.2 1 1
github.com/relux-works/curator/internal/transaction/journal.go:23.43,24.17 1 1
github.com/relux-works/curator/internal/transaction/journal.go:24.17,26.3 1 1
github.com/relux-works/curator/internal/transaction/journal.go:27.2,28.22 2 1
github.com/relux-works/curator/internal/transaction/journal.go:29.98,30.20 1 1
github.com/relux-works/curator/internal/transaction/journal.go:30.20,32.4 1 1
github.com/relux-works/curator/internal/transaction/journal.go:34.2,34.42 1 1
github.com/relux-works/curator/internal/transaction/journal.go:34.42,36.3 1 1
github.com/relux-works/curator/internal/transaction/journal.go:37.2,37.12 1 1
github.com/relux-works/curator/internal/transaction/journal.go:40.49,42.2 1 1
github.com/relux-works/curator/internal/transaction/journal.go:44.48,46.16 2 1
github.com/relux-works/curator/internal/transaction/journal.go:46.16,47.55 1 1
github.com/relux-works/curator/internal/transaction/journal.go:47.55,49.4 1 0
github.com/relux-works/curator/internal/transaction/journal.go:50.3,50.13 1 1
github.com/relux-works/curator/internal/transaction/journal.go:52.2,52.25 1 1
github.com/relux-works/curator/internal/transaction/journal.go:52.25,54.3 1 0
github.com/relux-works/curator/internal/transaction/journal.go:55.2,56.20 2 1
github.com/relux-works/curator/internal/transaction/journal.go:56.20,58.3 1 0
github.com/relux-works/curator/internal/transaction/journal.go:59.2,59.55 1 1
github.com/relux-works/curator/internal/transaction/journal.go:59.55,61.3 1 0
github.com/relux-works/curator/internal/transaction/journal.go:62.2,62.66 1 1
github.com/relux-works/curator/internal/transaction/journal.go:62.66,64.3 1 0
github.com/relux-works/curator/internal/transaction/journal.go:65.2,65.44 1 1
github.com/relux-works/curator/internal/transaction/journal.go:65.44,67.3 1 0
github.com/relux-works/curator/internal/transaction/journal.go:68.2,68.30 1 1
github.com/relux-works/curator/internal/transaction/journal.go:71.59,72.56 1 1
github.com/relux-works/curator/internal/transaction/journal.go:72.56,74.3 1 0
github.com/relux-works/curator/internal/transaction/journal.go:75.2,75.51 1 1
github.com/relux-works/curator/internal/transaction/journal.go:75.51,77.3 1 0
github.com/relux-works/curator/internal/transaction/journal.go:78.2,79.16 2 1
github.com/relux-works/curator/internal/transaction/journal.go:79.16,81.3 1 0
github.com/relux-works/curator/internal/transaction/journal.go:82.2,83.54 2 1
github.com/relux-works/curator/internal/transaction/journal.go:83.54,85.3 1 0
github.com/relux-works/curator/internal/transaction/journal.go:85.8,85.32 1 1
github.com/relux-works/curator/internal/transaction/journal.go:85.32,87.3 1 0
github.com/relux-works/curator/internal/transaction/journal.go:88.2,89.16 2 1
github.com/relux-works/curator/internal/transaction/journal.go:89.16,91.3 1 0
github.com/relux-works/curator/internal/transaction/journal.go:92.2,94.15 3 1
github.com/relux-works/curator/internal/transaction/journal.go:94.15,96.10 2 1
github.com/relux-works/curator/internal/transaction/journal.go:96.10,98.4 1 0
github.com/relux-works/curator/internal/transaction/journal.go:100.2,100.47 1 1
github.com/relux-works/curator/internal/transaction/journal.go:100.47,102.3 1 0
github.com/relux-works/curator/internal/transaction/journal.go:103.2,103.52 1 1
github.com/relux-works/curator/internal/transaction/journal.go:103.52,105.3 1 0
github.com/relux-works/curator/internal/transaction/journal.go:106.2,106.41 1 1
github.com/relux-works/curator/internal/transaction/journal.go:106.41,108.3 1 0
github.com/relux-works/curator/internal/transaction/journal.go:109.2,109.42 1 1
github.com/relux-works/curator/internal/transaction/journal.go:109.42,111.3 1 0
github.com/relux-works/curator/internal/transaction/journal.go:112.2,112.42 1 1
github.com/relux-works/curator/internal/transaction/journal.go:112.42,113.65 1 1
github.com/relux-works/curator/internal/transaction/journal.go:113.65,115.4 1 0
github.com/relux-works/curator/internal/transaction/journal.go:116.8,116.31 1 1
github.com/relux-works/curator/internal/transaction/journal.go:116.31,117.69 1 1
github.com/relux-works/curator/internal/transaction/journal.go:117.69,119.4 1 0
github.com/relux-works/curator/internal/transaction/journal.go:120.8,122.3 1 0
github.com/relux-works/curator/internal/transaction/journal.go:123.2,124.12 2 1
github.com/relux-works/curator/internal/transaction/journal.go:127.55,129.16 2 1
github.com/relux-works/curator/internal/transaction/journal.go:129.16,131.3 1 0
github.com/relux-works/curator/internal/transaction/journal.go:132.2,132.35 1 1
github.com/relux-works/curator/internal/transaction/journal.go:135.75,136.54 1 1
github.com/relux-works/curator/internal/transaction/journal.go:136.54,138.3 1 0
github.com/relux-works/curator/internal/transaction/journal.go:139.2,140.16 2 1
github.com/relux-works/curator/internal/transaction/journal.go:140.16,142.3 1 0
github.com/relux-works/curator/internal/transaction/journal.go:143.2,144.16 2 1
github.com/relux-works/curator/internal/transaction/journal.go:144.16,146.3 1 0
github.com/relux-works/curator/internal/transaction/journal.go:147.2,147.101 1 1
github.com/relux-works/curator/internal/transaction/journal.go:147.101,149.3 1 1
github.com/relux-works/curator/internal/transaction/journal.go:150.2,151.16 2 1
github.com/relux-works/curator/internal/transaction/journal.go:151.16,153.3 1 0
github.com/relux-works/curator/internal/transaction/journal.go:154.2,155.76 2 1
github.com/relux-works/curator/internal/transaction/journal.go:155.76,158.3 2 0
github.com/relux-works/curator/internal/transaction/journal.go:159.2,161.39 3 1
github.com/relux-works/curator/internal/transaction/journal.go:161.39,163.3 1 0
github.com/relux-works/curator/internal/transaction/journal.go:164.2,164.33 1 1
github.com/relux-works/curator/internal/transaction/journal.go:164.33,166.3 1 0
github.com/relux-works/curator/internal/transaction/journal.go:167.2,170.49 4 1
github.com/relux-works/curator/internal/transaction/journal.go:170.49,172.3 1 1
github.com/relux-works/curator/internal/transaction/journal.go:173.2,173.47 1 1
github.com/relux-works/curator/internal/transaction/journal.go:173.47,175.3 1 1
github.com/relux-works/curator/internal/transaction/journal.go:176.2,176.57 1 1
github.com/relux-works/curator/internal/transaction/journal.go:176.57,178.3 1 0
github.com/relux-works/curator/internal/transaction/journal.go:179.2,179.84 1 1
github.com/relux-works/curator/internal/transaction/journal.go:179.84,181.3 1 0
github.com/relux-works/curator/internal/transaction/journal.go:182.2,183.16 2 1
github.com/relux-works/curator/internal/transaction/journal.go:183.16,185.3 1 0
github.com/relux-works/curator/internal/transaction/journal.go:186.2,186.38 1 1
github.com/relux-works/curator/internal/transaction/journal.go:186.38,188.3 1 1
github.com/relux-works/curator/internal/transaction/journal.go:189.2,189.22 1 1
github.com/relux-works/curator/internal/transaction/journal.go:192.85,199.47 7 1
github.com/relux-works/curator/internal/transaction/journal.go:199.47,201.3 1 0
github.com/relux-works/curator/internal/transaction/journal.go:202.2,202.47 1 1
github.com/relux-works/curator/internal/transaction/journal.go:202.47,204.3 1 0
github.com/relux-works/curator/internal/transaction/journal.go:205.2,205.30 1 1
github.com/relux-works/curator/internal/transaction/journal.go:205.30,207.3 1 0
github.com/relux-works/curator/internal/transaction/journal.go:208.2,208.16 1 1
github.com/relux-works/curator/internal/transaction/journal.go:208.16,210.3 1 1
github.com/relux-works/curator/internal/transaction/journal.go:211.2,211.16 1 1
github.com/relux-works/curator/internal/transaction/journal.go:211.16,213.3 1 1
github.com/relux-works/curator/internal/transaction/journal.go:214.2,214.34 1 0
github.com/relux-works/curator/internal/transaction/journal.go:217.49,220.28 3 1
github.com/relux-works/curator/internal/transaction/journal.go:220.28,222.3 1 1
github.com/relux-works/curator/internal/transaction/journal.go:223.2,223.16 1 1
github.com/relux-works/curator/internal/transaction/journal.go:223.16,225.3 1 1
github.com/relux-works/curator/internal/transaction/journal.go:226.2,226.12 1 0
github.com/relux-works/curator/internal/transaction/journal.go:229.46,230.115 1 1
github.com/relux-works/curator/internal/transaction/journal.go:230.115,232.3 1 1
github.com/relux-works/curator/internal/transaction/journal.go:233.2,233.74 1 1
github.com/relux-works/curator/internal/transaction/journal.go:233.74,235.3 1 1
github.com/relux-works/curator/internal/transaction/journal.go:236.2,236.23 1 1
github.com/relux-works/curator/internal/transaction/journal.go:237.108,237.108 0 1
github.com/relux-works/curator/internal/transaction/journal.go:238.10,239.56 1 1
github.com/relux-works/curator/internal/transaction/journal.go:241.2,241.31 1 1
github.com/relux-works/curator/internal/transaction/journal.go:241.31,242.112 1 1
github.com/relux-works/curator/internal/transaction/journal.go:242.112,244.4 1 1
github.com/relux-works/curator/internal/transaction/journal.go:245.3,246.13 2 1
github.com/relux-works/curator/internal/transaction/journal.go:246.13,248.4 1 1
github.com/relux-works/curator/internal/transaction/journal.go:249.3,249.124 1 1
github.com/relux-works/curator/internal/transaction/journal.go:249.124,251.4 1 1
github.com/relux-works/curator/internal/transaction/journal.go:252.3,252.72 1 1
github.com/relux-works/curator/internal/transaction/journal.go:252.72,254.4 1 0
github.com/relux-works/curator/internal/transaction/journal.go:255.8,255.76 1 1
github.com/relux-works/curator/internal/transaction/journal.go:255.76,257.3 1 1
github.com/relux-works/curator/internal/transaction/journal.go:258.2,258.55 1 1
github.com/relux-works/curator/internal/transaction/journal.go:258.55,260.3 1 1
github.com/relux-works/curator/internal/transaction/journal.go:261.2,261.31 1 1
github.com/relux-works/curator/internal/transaction/journal.go:261.31,263.3 1 1
github.com/relux-works/curator/internal/transaction/journal.go:264.2,264.37 1 1
github.com/relux-works/curator/internal/transaction/journal.go:264.37,266.113 2 1
github.com/relux-works/curator/internal/transaction/journal.go:266.113,268.4 1 1
github.com/relux-works/curator/internal/transaction/journal.go:269.3,269.80 1 1
github.com/relux-works/curator/internal/transaction/journal.go:269.80,271.4 1 1
github.com/relux-works/curator/internal/transaction/journal.go:272.3,272.184 1 1
github.com/relux-works/curator/internal/transaction/journal.go:272.184,274.4 1 1
github.com/relux-works/curator/internal/transaction/journal.go:275.3,275.238 1 1
github.com/relux-works/curator/internal/transaction/journal.go:275.238,277.4 1 1
github.com/relux-works/curator/internal/transaction/journal.go:278.3,279.43 2 1
github.com/relux-works/curator/internal/transaction/journal.go:279.43,281.4 1 1
github.com/relux-works/curator/internal/transaction/journal.go:282.3,282.232 1 1
github.com/relux-works/curator/internal/transaction/journal.go:282.232,284.4 1 1
github.com/relux-works/curator/internal/transaction/journal.go:285.3,285.73 1 1
github.com/relux-works/curator/internal/transaction/journal.go:285.73,287.4 1 1
github.com/relux-works/curator/internal/transaction/journal.go:288.3,288.73 1 1
github.com/relux-works/curator/internal/transaction/journal.go:288.73,290.4 1 1
github.com/relux-works/curator/internal/transaction/journal.go:291.3,291.79 1 1
github.com/relux-works/curator/internal/transaction/journal.go:291.79,293.4 1 1
github.com/relux-works/curator/internal/transaction/journal.go:294.3,294.219 1 1
github.com/relux-works/curator/internal/transaction/journal.go:294.219,296.4 1 1
github.com/relux-works/curator/internal/transaction/journal.go:297.3,297.112 1 1
github.com/relux-works/curator/internal/transaction/journal.go:297.112,299.4 1 1
github.com/relux-works/curator/internal/transaction/journal.go:300.3,300.65 1 1
github.com/relux-works/curator/internal/transaction/journal.go:300.65,301.106 1 1
github.com/relux-works/curator/internal/transaction/journal.go:301.106,303.5 1 0
github.com/relux-works/curator/internal/transaction/journal.go:304.4,304.72 1 1
github.com/relux-works/curator/internal/transaction/journal.go:304.72,306.5 1 0
github.com/relux-works/curator/internal/transaction/journal.go:307.4,307.267 1 1
github.com/relux-works/curator/internal/transaction/journal.go:307.267,309.5 1 1
github.com/relux-works/curator/internal/transaction/journal.go:310.4,310.99 1 1
github.com/relux-works/curator/internal/transaction/journal.go:310.99,312.5 1 1
github.com/relux-works/curator/internal/transaction/journal.go:313.4,313.31 1 1
github.com/relux-works/curator/internal/transaction/journal.go:313.31,314.207 1 1
github.com/relux-works/curator/internal/transaction/journal.go:314.207,316.6 1 1
github.com/relux-works/curator/internal/transaction/journal.go:318.9,318.242 1 1
github.com/relux-works/curator/internal/transaction/journal.go:318.242,320.4 1 0
github.com/relux-works/curator/internal/transaction/journal.go:321.3,321.69 1 1
github.com/relux-works/curator/internal/transaction/journal.go:321.69,323.4 1 1
github.com/relux-works/curator/internal/transaction/journal.go:324.3,324.23 1 1
github.com/relux-works/curator/internal/transaction/journal.go:325.69,325.69 0 1
github.com/relux-works/curator/internal/transaction/journal.go:326.11,327.73 1 1
github.com/relux-works/curator/internal/transaction/journal.go:330.2,330.77 1 1
github.com/relux-works/curator/internal/transaction/journal.go:330.77,332.3 1 1
github.com/relux-works/curator/internal/transaction/journal.go:333.2,333.12 1 1
github.com/relux-works/curator/internal/transaction/journal.go:336.63,337.49 1 1
github.com/relux-works/curator/internal/transaction/journal.go:337.49,339.3 1 1
github.com/relux-works/curator/internal/transaction/journal.go:340.2,344.17 1 1
github.com/relux-works/curator/internal/transaction/journal.go:344.17,346.3 1 1
github.com/relux-works/curator/internal/transaction/journal.go:347.2,347.12 1 1
github.com/relux-works/curator/internal/transaction/journal.go:350.35,352.2 1 1
github.com/relux-works/curator/internal/transaction/journal.go:354.37,355.27 1 1
github.com/relux-works/curator/internal/transaction/journal.go:355.27,357.3 1 1
github.com/relux-works/curator/internal/transaction/journal.go:358.2,358.77 1 1
github.com/relux-works/curator/internal/transaction/journal.go:358.77,360.3 1 1
github.com/relux-works/curator/internal/transaction/journal.go:361.2,361.47 1 1
github.com/relux-works/curator/internal/transaction/journal.go:361.47,362.67 1 1
github.com/relux-works/curator/internal/transaction/journal.go:362.67,364.4 1 0
github.com/relux-works/curator/internal/transaction/journal.go:366.2,366.13 1 1
github.com/relux-works/curator/internal/transaction/journal.go:369.48,370.35 1 1
github.com/relux-works/curator/internal/transaction/journal.go:370.35,371.102 1 1
github.com/relux-works/curator/internal/transaction/journal.go:371.102,373.4 1 1
github.com/relux-works/curator/internal/transaction/journal.go:375.2,375.13 1 1
github.com/relux-works/curator/internal/transaction/journal.go:378.59,379.56 1 1
github.com/relux-works/curator/internal/transaction/journal.go:379.56,381.3 1 0
github.com/relux-works/curator/internal/transaction/journal.go:382.2,383.36 2 1
github.com/relux-works/curator/internal/transaction/journal.go:383.36,384.141 1 1
github.com/relux-works/curator/internal/transaction/journal.go:384.141,386.4 1 0
github.com/relux-works/curator/internal/transaction/journal.go:387.3,387.31 1 1
github.com/relux-works/curator/internal/transaction/journal.go:387.31,388.178 1 1
github.com/relux-works/curator/internal/transaction/journal.go:388.178,390.5 1 0
github.com/relux-works/curator/internal/transaction/journal.go:392.3,392.25 1 1
github.com/relux-works/curator/internal/transaction/journal.go:392.25,394.4 1 0
github.com/relux-works/curator/internal/transaction/journal.go:395.3,395.21 1 1
github.com/relux-works/curator/internal/transaction/journal.go:396.20,397.26 1 1
github.com/relux-works/curator/internal/transaction/journal.go:397.26,399.5 1 0
github.com/relux-works/curator/internal/transaction/journal.go:400.15,401.66 1 1
github.com/relux-works/curator/internal/transaction/journal.go:401.66,403.5 1 0
github.com/relux-works/curator/internal/transaction/journal.go:404.11,405.84 1 0
github.com/relux-works/curator/internal/transaction/journal.go:407.3,407.37 1 1
github.com/relux-works/curator/internal/transaction/journal.go:409.2,409.36 1 1
github.com/relux-works/curator/internal/transaction/journal.go:409.36,411.20 2 1
github.com/relux-works/curator/internal/transaction/journal.go:411.20,413.4 1 1
github.com/relux-works/curator/internal/transaction/journal.go:414.3,415.48 2 1
github.com/relux-works/curator/internal/transaction/journal.go:415.48,417.4 1 0
github.com/relux-works/curator/internal/transaction/journal.go:419.2,419.12 1 1
github.com/relux-works/curator/internal/transaction/journal.go:422.54,424.24 2 1
github.com/relux-works/curator/internal/transaction/journal.go:424.24,426.3 1 0
github.com/relux-works/curator/internal/transaction/journal.go:427.2,427.16 1 1
github.com/relux-works/curator/internal/transaction/journal.go:427.16,429.3 1 0
github.com/relux-works/curator/internal/transaction/journal.go:430.2,431.32 2 1
github.com/relux-works/curator/internal/transaction/journal.go:431.32,434.10 3 1
github.com/relux-works/curator/internal/transaction/journal.go:435.48,436.27 1 1
github.com/relux-works/curator/internal/transaction/journal.go:437.41,438.20 1 1
github.com/relux-works/curator/internal/transaction/journal.go:439.11,440.12 1 0
github.com/relux-works/curator/internal/transaction/journal.go:442.3,443.44 2 1
github.com/relux-works/curator/internal/transaction/journal.go:443.44,445.4 1 0
github.com/relux-works/curator/internal/transaction/journal.go:446.3,446.40 1 1
github.com/relux-works/curator/internal/transaction/journal.go:446.40,448.4 1 0
github.com/relux-works/curator/internal/transaction/journal.go:449.3,449.18 1 1
github.com/relux-works/curator/internal/transaction/journal.go:451.2,452.23 2 1
github.com/relux-works/curator/internal/transaction/journal.go:452.23,454.3 1 1
github.com/relux-works/curator/internal/transaction/journal.go:455.2,455.38 1 1
github.com/relux-works/curator/internal/transaction/journal.go:455.38,455.98 1 1
github.com/relux-works/curator/internal/transaction/journal.go:456.2,456.17 1 1
github.com/relux-works/curator/internal/transaction/journal.go:459.55,461.2 1 1
github.com/relux-works/curator/internal/transaction/journal.go:463.81,464.66 1 1
github.com/relux-works/curator/internal/transaction/journal.go:464.66,466.3 1 0
github.com/relux-works/curator/internal/transaction/journal.go:467.2,468.89 2 1
github.com/relux-works/curator/internal/transaction/journal.go:468.89,469.21 1 1
github.com/relux-works/curator/internal/transaction/journal.go:469.21,471.4 1 0
github.com/relux-works/curator/internal/transaction/journal.go:472.3,472.85 1 1
github.com/relux-works/curator/internal/transaction/journal.go:472.85,474.4 1 0
github.com/relux-works/curator/internal/transaction/journal.go:475.3,476.17 2 1
github.com/relux-works/curator/internal/transaction/journal.go:476.17,478.4 1 0
github.com/relux-works/curator/internal/transaction/journal.go:479.3,479.22 1 1
github.com/relux-works/curator/internal/transaction/journal.go:479.22,481.4 1 1
github.com/relux-works/curator/internal/transaction/journal.go:481.9,483.4 1 1
github.com/relux-works/curator/internal/transaction/journal.go:484.3,485.19 2 1
github.com/relux-works/curator/internal/transaction/journal.go:485.19,487.4 1 1
github.com/relux-works/curator/internal/transaction/journal.go:487.9,490.18 3 1
github.com/relux-works/curator/internal/transaction/journal.go:490.18,492.5 1 0
github.com/relux-works/curator/internal/transaction/journal.go:494.3,495.13 2 1
github.com/relux-works/curator/internal/transaction/journal.go:497.2,497.16 1 1
github.com/relux-works/curator/internal/transaction/journal.go:497.16,499.3 1 0
github.com/relux-works/curator/internal/transaction/journal.go:500.2,500.42 1 1
github.com/relux-works/curator/internal/transaction/journal.go:500.42,502.3 1 1
github.com/relux-works/curator/internal/transaction/journal.go:503.2,503.56 1 1
github.com/relux-works/curator/internal/transaction/journal.go:503.56,505.3 1 0
github.com/relux-works/curator/internal/transaction/journal.go:506.2,506.66 1 1
github.com/relux-works/curator/internal/transaction/journal.go:506.66,508.3 1 0
github.com/relux-works/curator/internal/transaction/journal.go:509.2,509.21 1 1
github.com/relux-works/curator/internal/transaction/journal.go:512.70,513.26 1 1
github.com/relux-works/curator/internal/transaction/journal.go:513.26,515.3 1 1
github.com/relux-works/curator/internal/transaction/journal.go:516.2,516.34 1 1
github.com/relux-works/curator/internal/transaction/journal.go:516.34,518.3 1 0
github.com/relux-works/curator/internal/transaction/journal.go:519.2,524.47 6 1
github.com/relux-works/curator/internal/transaction/journal.go:524.47,526.3 1 0
github.com/relux-works/curator/internal/transaction/journal.go:527.2,527.47 1 1
github.com/relux-works/curator/internal/transaction/journal.go:527.47,529.3 1 0
github.com/relux-works/curator/internal/transaction/journal.go:530.2,530.30 1 1
github.com/relux-works/curator/internal/transaction/journal.go:530.30,532.3 1 1
github.com/relux-works/curator/internal/transaction/journal.go:533.2,533.16 1 1
github.com/relux-works/curator/internal/transaction/journal.go:533.16,535.3 1 0
github.com/relux-works/curator/internal/transaction/journal.go:536.2,536.17 1 1
github.com/relux-works/curator/internal/transaction/journal.go:536.17,538.3 1 1
github.com/relux-works/curator/internal/transaction/journal.go:539.2,539.66 1 1
github.com/relux-works/curator/internal/transaction/journal.go:539.66,541.3 1 0
github.com/relux-works/curator/internal/transaction/journal.go:542.2,542.18 1 1
github.com/relux-works/curator/internal/transaction/journal.go:545.105,546.26 1 1
github.com/relux-works/curator/internal/transaction/journal.go:546.26,548.3 1 0
github.com/relux-works/curator/internal/transaction/journal.go:549.2,549.34 1 1
github.com/relux-works/curator/internal/transaction/journal.go:549.34,551.3 1 0
github.com/relux-works/curator/internal/transaction/journal.go:552.2,557.47 6 1
github.com/relux-works/curator/internal/transaction/journal.go:557.47,559.3 1 0
github.com/relux-works/curator/internal/transaction/journal.go:560.2,560.47 1 1
github.com/relux-works/curator/internal/transaction/journal.go:560.47,562.3 1 0
github.com/relux-works/curator/internal/transaction/journal.go:563.2,563.30 1 1
github.com/relux-works/curator/internal/transaction/journal.go:563.30,565.3 1 0
github.com/relux-works/curator/internal/transaction/journal.go:566.2,566.16 1 1
github.com/relux-works/curator/internal/transaction/journal.go:566.16,567.67 1 1
github.com/relux-works/curator/internal/transaction/journal.go:567.67,569.4 1 1
github.com/relux-works/curator/internal/transaction/journal.go:571.2,571.16 1 1
github.com/relux-works/curator/internal/transaction/journal.go:571.16,572.67 1 1
github.com/relux-works/curator/internal/transaction/journal.go:572.67,574.4 1 0
github.com/relux-works/curator/internal/transaction/journal.go:575.3,575.60 1 1
github.com/relux-works/curator/internal/transaction/journal.go:575.60,577.4 1 0
github.com/relux-works/curator/internal/transaction/journal.go:578.3,578.67 1 1
github.com/relux-works/curator/internal/transaction/journal.go:578.67,580.4 1 0
github.com/relux-works/curator/internal/transaction/journal.go:581.3,581.25 1 1
github.com/relux-works/curator/internal/transaction/journal.go:581.25,582.40 1 0
github.com/relux-works/curator/internal/transaction/journal.go:582.40,584.5 1 0
github.com/relux-works/curator/internal/transaction/journal.go:586.3,586.20 1 1
github.com/relux-works/curator/internal/transaction/journal.go:588.2,588.17 1 1
github.com/relux-works/curator/internal/transaction/journal.go:588.17,590.3 1 0
github.com/relux-works/curator/internal/transaction/journal.go:591.2,591.42 1 1
github.com/relux-works/curator/internal/transaction/journal.go:591.42,593.3 1 0
github.com/relux-works/curator/internal/transaction/journal.go:593.8,593.32 1 1
github.com/relux-works/curator/internal/transaction/journal.go:593.32,595.3 1 0
github.com/relux-works/curator/internal/transaction/journal.go:596.2,596.46 1 1
github.com/relux-works/curator/internal/transaction/journal.go:599.70,601.24 2 1
github.com/relux-works/curator/internal/transaction/journal.go:601.24,603.3 1 0
github.com/relux-works/curator/internal/transaction/journal.go:604.2,604.16 1 1
github.com/relux-works/curator/internal/transaction/journal.go:604.16,606.3 1 0
github.com/relux-works/curator/internal/transaction/journal.go:607.2,607.84 1 1
github.com/relux-works/curator/internal/transaction/journal.go:607.84,609.3 1 0
github.com/relux-works/curator/internal/transaction/journal.go:610.2,610.18 1 1
github.com/relux-works/curator/internal/transaction/journal.go:610.18,612.17 2 0
github.com/relux-works/curator/internal/transaction/journal.go:612.17,614.4 1 0
github.com/relux-works/curator/internal/transaction/journal.go:615.3,615.33 1 0
github.com/relux-works/curator/internal/transaction/journal.go:615.33,616.93 1 0
github.com/relux-works/curator/internal/transaction/journal.go:616.93,618.5 1 0
github.com/relux-works/curator/internal/transaction/journal.go:621.2,621.40 1 1
github.com/relux-works/curator/internal/transaction/journal.go:621.40,623.3 1 0
github.com/relux-works/curator/internal/transaction/journal.go:624.2,624.58 1 1
github.com/relux-works/curator/internal/transaction/journal.go:624.58,626.3 1 0
github.com/relux-works/curator/internal/transaction/journal.go:627.2,627.25 1 1
github.com/relux-works/curator/internal/transaction/journal.go:627.25,629.3 1 0
github.com/relux-works/curator/internal/transaction/journal.go:630.2,630.12 1 1
github.com/relux-works/curator/internal/transaction/journal.go:633.130,634.56 1 1
github.com/relux-works/curator/internal/transaction/journal.go:634.56,636.3 1 0
github.com/relux-works/curator/internal/transaction/journal.go:637.2,642.47 6 1
github.com/relux-works/curator/internal/transaction/journal.go:642.47,644.3 1 0
github.com/relux-works/curator/internal/transaction/journal.go:645.2,645.47 1 1
github.com/relux-works/curator/internal/transaction/journal.go:645.47,647.3 1 0
github.com/relux-works/curator/internal/transaction/journal.go:648.2,648.30 1 1
github.com/relux-works/curator/internal/transaction/journal.go:648.30,650.3 1 0
github.com/relux-works/curator/internal/transaction/journal.go:651.2,651.16 1 1
github.com/relux-works/curator/internal/transaction/journal.go:651.16,652.67 1 1
github.com/relux-works/curator/internal/transaction/journal.go:652.67,654.4 1 0
github.com/relux-works/curator/internal/transaction/journal.go:655.3,655.66 1 1
github.com/relux-works/curator/internal/transaction/journal.go:655.66,657.4 1 0
github.com/relux-works/curator/internal/transaction/journal.go:658.3,658.60 1 1
github.com/relux-works/curator/internal/transaction/journal.go:658.60,660.4 1 0
github.com/relux-works/curator/internal/transaction/journal.go:661.3,661.66 1 1
github.com/relux-works/curator/internal/transaction/journal.go:661.66,663.4 1 0
github.com/relux-works/curator/internal/transaction/journal.go:664.3,664.25 1 1
github.com/relux-works/curator/internal/transaction/journal.go:664.25,665.40 1 1
github.com/relux-works/curator/internal/transaction/journal.go:665.40,667.5 1 1
github.com/relux-works/curator/internal/transaction/journal.go:669.3,669.20 1 1
github.com/relux-works/curator/internal/transaction/journal.go:671.2,671.17 1 1
github.com/relux-works/curator/internal/transaction/journal.go:671.17,673.3 1 0
github.com/relux-works/curator/internal/transaction/journal.go:674.2,674.42 1 1
github.com/relux-works/curator/internal/transaction/journal.go:674.42,676.3 1 0
github.com/relux-works/curator/internal/transaction/journal.go:676.8,676.32 1 1
github.com/relux-works/curator/internal/transaction/journal.go:676.32,678.3 1 0
github.com/relux-works/curator/internal/transaction/journal.go:679.2,679.66 1 1
github.com/relux-works/curator/internal/transaction/journal.go:679.66,681.3 1 1
github.com/relux-works/curator/internal/transaction/journal.go:682.2,682.53 1 1
github.com/relux-works/curator/internal/transaction/journal.go:682.53,685.31 3 1
github.com/relux-works/curator/internal/transaction/journal.go:685.31,687.4 1 1
github.com/relux-works/curator/internal/transaction/journal.go:688.3,689.25 2 1
github.com/relux-works/curator/internal/transaction/journal.go:689.25,690.12 1 1
github.com/relux-works/curator/internal/transaction/journal.go:692.3,692.17 1 1
github.com/relux-works/curator/internal/transaction/journal.go:692.17,694.4 1 0
github.com/relux-works/curator/internal/transaction/journal.go:695.3,695.66 1 1
github.com/relux-works/curator/internal/transaction/journal.go:695.66,697.4 1 0
github.com/relux-works/curator/internal/transaction/journal.go:698.3,698.44 1 1
github.com/relux-works/curator/internal/transaction/journal.go:698.44,699.33 1 0
github.com/relux-works/curator/internal/transaction/journal.go:699.33,701.5 1 0
github.com/relux-works/curator/internal/transaction/journal.go:702.4,702.14 1 0
github.com/relux-works/curator/internal/transaction/journal.go:704.3,704.62 1 1
github.com/relux-works/curator/internal/transaction/journal.go:704.62,706.4 1 0
github.com/relux-works/curator/internal/transaction/journal.go:707.3,707.26 1 1
github.com/relux-works/curator/internal/transaction/journal.go:707.26,708.41 1 1
github.com/relux-works/curator/internal/transaction/journal.go:708.41,710.5 1 1
github.com/relux-works/curator/internal/transaction/journal.go:713.2,713.12 1 1
github.com/relux-works/curator/internal/transaction/journal.go:716.91,718.32 2 1
github.com/relux-works/curator/internal/transaction/journal.go:718.32,720.3 1 1
github.com/relux-works/curator/internal/transaction/journal.go:721.2,722.89 2 1
github.com/relux-works/curator/internal/transaction/journal.go:722.89,723.21 1 1
github.com/relux-works/curator/internal/transaction/journal.go:723.21,725.4 1 0
github.com/relux-works/curator/internal/transaction/journal.go:726.3,727.17 2 1
github.com/relux-works/curator/internal/transaction/journal.go:727.17,729.4 1 0
github.com/relux-works/curator/internal/transaction/journal.go:730.3,730.22 1 1
github.com/relux-works/curator/internal/transaction/journal.go:730.22,732.4 1 1
github.com/relux-works/curator/internal/transaction/journal.go:732.9,734.4 1 1
github.com/relux-works/curator/internal/transaction/journal.go:735.3,736.13 2 1
github.com/relux-works/curator/internal/transaction/journal.go:736.13,738.4 1 1
github.com/relux-works/curator/internal/transaction/journal.go:739.3,739.66 1 1
github.com/relux-works/curator/internal/transaction/journal.go:739.66,741.4 1 1
github.com/relux-works/curator/internal/transaction/journal.go:742.3,743.13 2 1
github.com/relux-works/curator/internal/transaction/journal.go:745.2,745.16 1 1
github.com/relux-works/curator/internal/transaction/journal.go:745.16,747.3 1 1
github.com/relux-works/curator/internal/transaction/journal.go:748.2,748.50 1 1
github.com/relux-works/curator/internal/transaction/journal.go:748.50,750.3 1 0
github.com/relux-works/curator/internal/transaction/journal.go:751.2,751.12 1 1
github.com/relux-works/curator/internal/transaction/journal.go:754.82,755.81 1 1
github.com/relux-works/curator/internal/transaction/journal.go:755.81,757.3 1 0
github.com/relux-works/curator/internal/transaction/journal.go:758.2,758.20 1 1
github.com/relux-works/curator/internal/transaction/journal.go:759.19,760.20 1 1
github.com/relux-works/curator/internal/transaction/journal.go:760.20,762.4 1 0
github.com/relux-works/curator/internal/transaction/journal.go:763.14,764.31 1 1
github.com/relux-works/curator/internal/transaction/journal.go:764.31,766.4 1 0
github.com/relux-works/curator/internal/transaction/journal.go:767.3,768.43 2 1
github.com/relux-works/curator/internal/transaction/journal.go:768.43,770.4 1 1
github.com/relux-works/curator/internal/transaction/journal.go:771.10,772.87 1 0
github.com/relux-works/curator/internal/transaction/journal.go:774.2,774.12 1 1
github.com/relux-works/curator/internal/transaction/journal.go:777.61,779.16 2 1
github.com/relux-works/curator/internal/transaction/journal.go:779.16,781.3 1 0
github.com/relux-works/curator/internal/transaction/journal.go:782.2,782.30 1 1
github.com/relux-works/curator/internal/transaction/journal.go:782.30,784.3 1 1
github.com/relux-works/curator/internal/transaction/journal.go:785.2,785.12 1 1
github.com/relux-works/curator/internal/transaction/journal.go:788.54,790.16 2 1
github.com/relux-works/curator/internal/transaction/journal.go:790.16,792.3 1 0
github.com/relux-works/curator/internal/transaction/journal.go:793.2,793.45 1 1
github.com/relux-works/curator/internal/transaction/journal.go:796.68,798.16 2 1
github.com/relux-works/curator/internal/transaction/journal.go:798.16,800.3 1 0
github.com/relux-works/curator/internal/transaction/journal.go:801.2,801.73 1 1
github.com/relux-works/curator/internal/transaction/journal.go:804.57,805.87 1 1
github.com/relux-works/curator/internal/transaction/journal.go:805.87,807.3 1 1
github.com/relux-works/curator/internal/transaction/journal.go:808.2,808.73 1 1
github.com/relux-works/curator/internal/transaction/namespace.go:22.105,24.29 2 1
github.com/relux-works/curator/internal/transaction/namespace.go:24.29,34.5 2 1
github.com/relux-works/curator/internal/transaction/namespace.go:34.5,35.28 1 1
github.com/relux-works/curator/internal/transaction/namespace.go:35.28,36.13 1 1
github.com/relux-works/curator/internal/transaction/namespace.go:38.4,39.18 2 1
github.com/relux-works/curator/internal/transaction/namespace.go:39.18,41.5 1 1
github.com/relux-works/curator/internal/transaction/namespace.go:42.4,43.18 2 1
github.com/relux-works/curator/internal/transaction/namespace.go:43.18,45.5 1 0
github.com/relux-works/curator/internal/transaction/namespace.go:46.4,47.18 2 1
github.com/relux-works/curator/internal/transaction/namespace.go:47.18,49.5 1 0
github.com/relux-works/curator/internal/transaction/namespace.go:50.4,58.32 2 1
github.com/relux-works/curator/internal/transaction/namespace.go:58.32,61.19 3 1
github.com/relux-works/curator/internal/transaction/namespace.go:61.19,63.6 1 0
github.com/relux-works/curator/internal/transaction/namespace.go:64.5,71.7 1 1
github.com/relux-works/curator/internal/transaction/namespace.go:75.2,75.37 1 1
github.com/relux-works/curator/internal/transaction/namespace.go:75.37,77.17 2 1
github.com/relux-works/curator/internal/transaction/namespace.go:77.17,79.4 1 0
github.com/relux-works/curator/internal/transaction/namespace.go:80.3,81.17 2 1
github.com/relux-works/curator/internal/transaction/namespace.go:81.17,83.4 1 0
github.com/relux-works/curator/internal/transaction/namespace.go:84.3,87.17 4 1
github.com/relux-works/curator/internal/transaction/namespace.go:87.17,89.4 1 0
github.com/relux-works/curator/internal/transaction/namespace.go:90.3,91.35 2 1
github.com/relux-works/curator/internal/transaction/namespace.go:93.2,93.31 1 1
github.com/relux-works/curator/internal/transaction/namespace.go:93.31,94.74 1 1
github.com/relux-works/curator/internal/transaction/namespace.go:94.74,98.18 4 1
github.com/relux-works/curator/internal/transaction/namespace.go:98.18,100.5 1 0
github.com/relux-works/curator/internal/transaction/namespace.go:101.4,101.15 1 1
github.com/relux-works/curator/internal/transaction/namespace.go:101.15,103.5 1 1
github.com/relux-works/curator/internal/transaction/namespace.go:106.2,106.12 1 1
github.com/relux-works/curator/internal/transaction/namespace.go:109.58,110.61 1 1
github.com/relux-works/curator/internal/transaction/namespace.go:110.61,112.3 1 0
github.com/relux-works/curator/internal/transaction/namespace.go:113.2,115.16 3 1
github.com/relux-works/curator/internal/transaction/namespace.go:115.16,117.3 1 1
github.com/relux-works/curator/internal/transaction/namespace.go:118.2,118.25 1 1
github.com/relux-works/curator/internal/transaction/namespace.go:118.25,120.3 1 1
github.com/relux-works/curator/internal/transaction/namespace.go:122.2,124.6 3 1
github.com/relux-works/curator/internal/transaction/namespace.go:124.6,126.23 2 1
github.com/relux-works/curator/internal/transaction/namespace.go:126.23,128.4 1 0
github.com/relux-works/curator/internal/transaction/namespace.go:129.3,132.17 4 1
github.com/relux-works/curator/internal/transaction/namespace.go:132.17,133.55 1 1
github.com/relux-works/curator/internal/transaction/namespace.go:133.55,135.5 1 1
github.com/relux-works/curator/internal/transaction/namespace.go:136.4,136.40 1 1
github.com/relux-works/curator/internal/transaction/namespace.go:138.3,138.26 1 1
github.com/relux-works/curator/internal/transaction/namespace.go:138.26,140.4 1 0
github.com/relux-works/curator/internal/transaction/namespace.go:144.75,147.154 3 1
github.com/relux-works/curator/internal/transaction/namespace.go:147.154,149.3 1 1
github.com/relux-works/curator/internal/transaction/namespace.go:150.2,152.47 3 1
github.com/relux-works/curator/internal/transaction/namespace.go:152.47,154.3 1 0
github.com/relux-works/curator/internal/transaction/namespace.go:155.2,155.49 1 1
github.com/relux-works/curator/internal/transaction/namespace.go:155.49,157.3 1 0
github.com/relux-works/curator/internal/transaction/namespace.go:158.2,158.83 1 1
github.com/relux-works/curator/internal/transaction/namespace.go:161.90,164.129 3 1
github.com/relux-works/curator/internal/transaction/namespace.go:164.129,166.3 1 1
github.com/relux-works/curator/internal/transaction/namespace.go:167.2,167.33 1 1
github.com/relux-works/curator/internal/transaction/namespace.go:167.33,168.104 1 1
github.com/relux-works/curator/internal/transaction/namespace.go:168.104,170.4 1 1
github.com/relux-works/curator/internal/transaction/namespace.go:172.2,172.13 1 1
github.com/relux-works/curator/internal/transaction/namespace.go:175.58,179.63 4 1
github.com/relux-works/curator/internal/transaction/namespace.go:179.63,180.40 1 1
github.com/relux-works/curator/internal/transaction/namespace.go:180.40,182.4 1 1
github.com/relux-works/curator/internal/transaction/namespace.go:183.3,183.70 1 1
github.com/relux-works/curator/internal/transaction/namespace.go:185.2,185.22 1 1
github.com/relux-works/curator/internal/transaction/namespace.go:188.94,189.21 1 1
github.com/relux-works/curator/internal/transaction/namespace.go:189.21,192.3 2 1
github.com/relux-works/curator/internal/transaction/namespace.go:193.2,193.21 1 1
github.com/relux-works/curator/internal/transaction/namespace.go:193.21,195.3 1 1
github.com/relux-works/curator/internal/transaction/namespace.go:196.2,196.22 1 0
github.com/relux-works/curator/internal/transaction/namespace.go:199.61,201.6 2 1
github.com/relux-works/curator/internal/transaction/namespace.go:201.6,202.46 1 1
github.com/relux-works/curator/internal/transaction/namespace.go:202.46,204.4 1 1
github.com/relux-works/curator/internal/transaction/namespace.go:204.9,204.33 1 1
github.com/relux-works/curator/internal/transaction/namespace.go:204.33,206.4 1 0
github.com/relux-works/curator/internal/transaction/namespace.go:207.3,208.24 2 1
github.com/relux-works/curator/internal/transaction/namespace.go:208.24,210.4 1 0
github.com/relux-works/curator/internal/transaction/namespace.go:211.3,211.19 1 1
github.com/relux-works/curator/internal/transaction/namespace_case_darwin.go:13.58,15.16 2 1
github.com/relux-works/curator/internal/transaction/namespace_case_darwin.go:15.16,17.3 1 0
github.com/relux-works/curator/internal/transaction/namespace_case_darwin.go:18.2,19.16 2 1
github.com/relux-works/curator/internal/transaction/namespace_case_darwin.go:19.16,21.3 1 0
github.com/relux-works/curator/internal/transaction/namespace_case_darwin.go:22.2,22.32 1 1
github.com/relux-works/curator/internal/transaction/namespace_case_darwin.go:25.67,27.16 2 1
github.com/relux-works/curator/internal/transaction/namespace_case_darwin.go:27.16,29.3 1 0
github.com/relux-works/curator/internal/transaction/namespace_case_darwin.go:30.2,31.53 2 1
github.com/relux-works/curator/internal/transaction/namespace_case_darwin.go:31.53,33.3 1 0
github.com/relux-works/curator/internal/transaction/namespace_case_darwin.go:34.2,38.57 2 1
github.com/relux-works/curator/internal/transaction/rename_noreplace_darwin.go:11.52,12.67 1 1
github.com/relux-works/curator/internal/transaction/rename_noreplace_darwin.go:12.67,14.3 1 1
github.com/relux-works/curator/internal/transaction/rename_noreplace_darwin.go:15.2,15.56 1 1
github.com/relux-works/curator/internal/transaction/rename_noreplace_darwin.go:15.56,17.3 1 0
github.com/relux-works/curator/internal/transaction/rename_noreplace_darwin.go:18.2,18.44 1 1
github.com/relux-works/curator/internal/transaction/rename_noreplace_darwin.go:18.44,20.3 1 0
github.com/relux-works/curator/internal/transaction/rename_noreplace_darwin.go:21.2,21.12 1 1
github.com/relux-works/curator/internal/transaction/replace_unix.go:5.48,7.2 1 1
github.com/relux-works/curator/internal/transaction/staging.go:16.76,18.55 2 1
github.com/relux-works/curator/internal/transaction/staging.go:18.55,24.53 6 1
github.com/relux-works/curator/internal/transaction/staging.go:24.53,26.4 1 0
github.com/relux-works/curator/internal/transaction/staging.go:27.3,27.80 1 1
github.com/relux-works/curator/internal/transaction/staging.go:27.80,29.4 1 0
github.com/relux-works/curator/internal/transaction/staging.go:30.3,31.53 2 1
github.com/relux-works/curator/internal/transaction/staging.go:31.53,33.4 1 0
github.com/relux-works/curator/internal/transaction/staging.go:34.3,34.27 1 1
github.com/relux-works/curator/internal/transaction/staging.go:34.27,35.78 1 1
github.com/relux-works/curator/internal/transaction/staging.go:35.78,37.5 1 0
github.com/relux-works/curator/internal/transaction/staging.go:39.3,41.17 3 1
github.com/relux-works/curator/internal/transaction/staging.go:41.17,43.4 1 0
github.com/relux-works/curator/internal/transaction/staging.go:44.3,44.63 1 1
github.com/relux-works/curator/internal/transaction/staging.go:44.63,46.4 1 0
github.com/relux-works/curator/internal/transaction/staging.go:47.3,52.53 6 1
github.com/relux-works/curator/internal/transaction/staging.go:52.53,54.4 1 0
github.com/relux-works/curator/internal/transaction/staging.go:56.2,56.12 1 1
github.com/relux-works/curator/internal/transaction/staging.go:59.103,63.49 4 1
github.com/relux-works/curator/internal/transaction/staging.go:63.49,65.3 1 0
github.com/relux-works/curator/internal/transaction/staging.go:65.8,65.32 1 1
github.com/relux-works/curator/internal/transaction/staging.go:65.32,67.3 1 0
github.com/relux-works/curator/internal/transaction/staging.go:68.2,68.20 1 1
github.com/relux-works/curator/internal/transaction/staging.go:69.19,70.50 1 1
github.com/relux-works/curator/internal/transaction/staging.go:70.50,72.4 1 0
github.com/relux-works/curator/internal/transaction/staging.go:73.3,73.72 1 1
github.com/relux-works/curator/internal/transaction/staging.go:73.72,75.4 1 0
github.com/relux-works/curator/internal/transaction/staging.go:76.3,76.52 1 1
github.com/relux-works/curator/internal/transaction/staging.go:76.52,78.4 1 0
github.com/relux-works/curator/internal/transaction/staging.go:79.14,81.17 2 1
github.com/relux-works/curator/internal/transaction/staging.go:81.17,83.4 1 0
github.com/relux-works/curator/internal/transaction/staging.go:84.3,84.65 1 1
github.com/relux-works/curator/internal/transaction/staging.go:84.65,86.4 1 0
github.com/relux-works/curator/internal/transaction/staging.go:87.3,88.17 2 1
github.com/relux-works/curator/internal/transaction/staging.go:88.17,90.4 1 0
github.com/relux-works/curator/internal/transaction/staging.go:91.3,91.61 1 1
github.com/relux-works/curator/internal/transaction/staging.go:91.61,94.4 2 0
github.com/relux-works/curator/internal/transaction/staging.go:95.3,95.37 1 1
github.com/relux-works/curator/internal/transaction/staging.go:95.37,98.4 2 0
github.com/relux-works/curator/internal/transaction/staging.go:99.3,99.38 1 1
github.com/relux-works/curator/internal/transaction/staging.go:99.38,101.4 1 0
github.com/relux-works/curator/internal/transaction/staging.go:102.10,103.63 1 0
github.com/relux-works/curator/internal/transaction/staging.go:105.2,105.49 1 1
github.com/relux-works/curator/internal/transaction/staging.go:108.109,113.16 5 1
github.com/relux-works/curator/internal/transaction/staging.go:113.16,115.3 1 0
github.com/relux-works/curator/internal/transaction/staging.go:116.2,116.15 1 1
github.com/relux-works/curator/internal/transaction/staging.go:116.15,116.63 1 1
github.com/relux-works/curator/internal/transaction/staging.go:117.2,118.16 2 1
github.com/relux-works/curator/internal/transaction/staging.go:118.16,120.3 1 0
github.com/relux-works/curator/internal/transaction/staging.go:121.2,121.15 1 1
github.com/relux-works/curator/internal/transaction/staging.go:121.15,121.68 1 1
github.com/relux-works/curator/internal/transaction/staging.go:122.2,125.6 4 1
github.com/relux-works/curator/internal/transaction/staging.go:125.6,127.16 2 1
github.com/relux-works/curator/internal/transaction/staging.go:127.16,129.18 2 1
github.com/relux-works/curator/internal/transaction/staging.go:129.18,131.5 1 0
github.com/relux-works/curator/internal/transaction/staging.go:132.4,132.24 1 1
github.com/relux-works/curator/internal/transaction/staging.go:132.24,134.5 1 0
github.com/relux-works/curator/internal/transaction/staging.go:135.4,135.45 1 1
github.com/relux-works/curator/internal/transaction/staging.go:135.45,137.5 1 0
github.com/relux-works/curator/internal/transaction/staging.go:138.4,141.54 4 1
github.com/relux-works/curator/internal/transaction/staging.go:141.54,143.5 1 0
github.com/relux-works/curator/internal/transaction/staging.go:144.4,144.84 1 1
github.com/relux-works/curator/internal/transaction/staging.go:144.84,146.5 1 0
github.com/relux-works/curator/internal/transaction/staging.go:148.3,148.33 1 1
github.com/relux-works/curator/internal/transaction/staging.go:148.33,149.9 1 1
github.com/relux-works/curator/internal/transaction/staging.go:151.3,151.21 1 1
github.com/relux-works/curator/internal/transaction/staging.go:151.21,153.4 1 0
github.com/relux-works/curator/internal/transaction/staging.go:155.2,155.12 1 1
github.com/relux-works/curator/internal/transaction/staging.go:158.64,159.37 1 1
github.com/relux-works/curator/internal/transaction/staging.go:159.37,161.3 1 0
github.com/relux-works/curator/internal/transaction/staging.go:162.2,162.62 1 1
github.com/relux-works/curator/internal/transaction/staging.go:162.62,164.3 1 0
github.com/relux-works/curator/internal/transaction/staging.go:165.2,165.61 1 1
github.com/relux-works/curator/internal/transaction/staging.go:165.61,167.30 2 1
github.com/relux-works/curator/internal/transaction/staging.go:167.30,168.12 1 0
github.com/relux-works/curator/internal/transaction/staging.go:170.3,170.30 1 1
github.com/relux-works/curator/internal/transaction/staging.go:170.30,171.64 1 0
github.com/relux-works/curator/internal/transaction/staging.go:171.64,173.5 1 0
github.com/relux-works/curator/internal/transaction/staging.go:173.10,173.37 1 0
github.com/relux-works/curator/internal/transaction/staging.go:173.37,175.5 1 0
github.com/relux-works/curator/internal/transaction/staging.go:176.4,176.12 1 0
github.com/relux-works/curator/internal/transaction/staging.go:178.3,178.57 1 1
github.com/relux-works/curator/internal/transaction/staging.go:178.57,180.4 1 1
github.com/relux-works/curator/internal/transaction/staging.go:181.3,182.17 2 1
github.com/relux-works/curator/internal/transaction/staging.go:182.17,184.4 1 0
github.com/relux-works/curator/internal/transaction/staging.go:185.3,185.29 1 1
github.com/relux-works/curator/internal/transaction/staging.go:185.29,186.12 1 0
github.com/relux-works/curator/internal/transaction/staging.go:188.3,189.17 2 1
github.com/relux-works/curator/internal/transaction/staging.go:189.17,191.4 1 0
github.com/relux-works/curator/internal/transaction/staging.go:192.3,192.57 1 1
github.com/relux-works/curator/internal/transaction/staging.go:192.57,194.4 1 0
github.com/relux-works/curator/internal/transaction/staging.go:195.3,198.53 4 1
github.com/relux-works/curator/internal/transaction/staging.go:198.53,203.4 4 0
github.com/relux-works/curator/internal/transaction/staging.go:204.3,204.142 1 1
github.com/relux-works/curator/internal/transaction/staging.go:204.142,206.4 1 0
github.com/relux-works/curator/internal/transaction/staging.go:208.2,208.37 1 1
github.com/relux-works/curator/internal/transaction/staging.go:208.37,218.3 9 1
github.com/relux-works/curator/internal/transaction/staging.go:219.2,220.52 2 1
github.com/relux-works/curator/internal/transaction/staging.go:220.52,222.3 1 0
github.com/relux-works/curator/internal/transaction/staging.go:223.2,223.33 1 1
github.com/relux-works/curator/internal/transaction/staging.go:226.58,227.29 1 1
github.com/relux-works/curator/internal/transaction/staging.go:227.29,229.3 1 0
github.com/relux-works/curator/internal/transaction/staging.go:230.2,230.160 1 1
github.com/relux-works/curator/internal/transaction/staging.go:230.160,232.3 1 0
github.com/relux-works/curator/internal/transaction/staging.go:233.2,234.50 2 1
github.com/relux-works/curator/internal/transaction/staging.go:234.50,236.3 1 1
github.com/relux-works/curator/internal/transaction/staging.go:237.2,239.28 3 1
github.com/relux-works/curator/internal/transaction/staging.go:239.28,240.120 1 0
github.com/relux-works/curator/internal/transaction/staging.go:240.120,242.4 1 0
github.com/relux-works/curator/internal/transaction/staging.go:243.3,243.13 1 0
github.com/relux-works/curator/internal/transaction/staging.go:245.2,245.20 1 1
github.com/relux-works/curator/internal/transaction/staging.go:245.20,247.3 1 0
github.com/relux-works/curator/internal/transaction/staging.go:248.2,248.102 1 1
github.com/relux-works/curator/internal/transaction/staging.go:248.102,249.21 1 1
github.com/relux-works/curator/internal/transaction/staging.go:249.21,251.4 1 0
github.com/relux-works/curator/internal/transaction/staging.go:252.3,253.17 2 1
github.com/relux-works/curator/internal/transaction/staging.go:253.17,255.4 1 0
github.com/relux-works/curator/internal/transaction/staging.go:256.3,256.22 1 1
github.com/relux-works/curator/internal/transaction/staging.go:256.22,258.4 1 1
github.com/relux-works/curator/internal/transaction/staging.go:258.9,260.4 1 1
github.com/relux-works/curator/internal/transaction/staging.go:261.3,262.13 2 1
github.com/relux-works/curator/internal/transaction/staging.go:262.13,264.4 1 1
github.com/relux-works/curator/internal/transaction/staging.go:265.3,266.10 2 1
github.com/relux-works/curator/internal/transaction/staging.go:267.39,268.67 1 1
github.com/relux-works/curator/internal/transaction/staging.go:268.67,270.5 1 0
github.com/relux-works/curator/internal/transaction/staging.go:271.64,272.83 1 1
github.com/relux-works/curator/internal/transaction/staging.go:272.83,274.5 1 1
github.com/relux-works/curator/internal/transaction/staging.go:275.11,276.135 1 0
github.com/relux-works/curator/internal/transaction/staging.go:278.3,279.13 2 1
github.com/relux-works/curator/internal/transaction/staging.go:281.2,281.16 1 1
github.com/relux-works/curator/internal/transaction/staging.go:281.16,283.3 1 1
github.com/relux-works/curator/internal/transaction/staging.go:284.2,284.55 1 1
github.com/relux-works/curator/internal/transaction/staging.go:284.55,285.38 1 1
github.com/relux-works/curator/internal/transaction/staging.go:285.38,287.4 1 0
github.com/relux-works/curator/internal/transaction/staging.go:289.2,289.51 1 1
github.com/relux-works/curator/internal/transaction/staging.go:289.51,290.52 1 1
github.com/relux-works/curator/internal/transaction/staging.go:290.52,292.4 1 0
github.com/relux-works/curator/internal/transaction/staging.go:294.2,294.12 1 1
github.com/relux-works/curator/internal/transaction/staging.go:297.121,298.37 1 1
github.com/relux-works/curator/internal/transaction/staging.go:298.37,300.3 1 0
github.com/relux-works/curator/internal/transaction/staging.go:301.2,301.31 1 1
github.com/relux-works/curator/internal/transaction/staging.go:301.31,302.91 1 0
github.com/relux-works/curator/internal/transaction/staging.go:302.91,304.4 1 0
github.com/relux-works/curator/internal/transaction/staging.go:305.3,305.13 1 0
github.com/relux-works/curator/internal/transaction/staging.go:307.2,307.54 1 1
github.com/relux-works/curator/internal/transaction/staging.go:307.54,309.3 1 0
github.com/relux-works/curator/internal/transaction/staging.go:310.2,310.28 1 1
github.com/relux-works/curator/internal/transaction/staging.go:310.28,311.87 1 0
github.com/relux-works/curator/internal/transaction/staging.go:311.87,313.4 1 0
github.com/relux-works/curator/internal/transaction/staging.go:314.3,314.13 1 0
github.com/relux-works/curator/internal/transaction/staging.go:316.2,316.46 1 1
github.com/relux-works/curator/internal/transaction/staging.go:316.46,318.3 1 0
github.com/relux-works/curator/internal/transaction/staging.go:319.2,321.16 3 1
github.com/relux-works/curator/internal/transaction/staging.go:321.16,323.3 1 0
github.com/relux-works/curator/internal/transaction/staging.go:324.2,324.70 1 1
github.com/relux-works/curator/internal/transaction/staging.go:324.70,326.3 1 0
github.com/relux-works/curator/internal/transaction/staging.go:327.2,327.72 1 1
github.com/relux-works/curator/internal/transaction/staging.go:327.72,329.3 1 0
github.com/relux-works/curator/internal/transaction/staging.go:330.2,330.40 1 1
github.com/relux-works/curator/internal/transaction/staging.go:330.40,332.3 1 1
github.com/relux-works/curator/internal/transaction/staging.go:333.2,333.30 1 1
github.com/relux-works/curator/internal/transaction/staging.go:333.30,334.39 1 0
github.com/relux-works/curator/internal/transaction/staging.go:334.39,336.4 1 0
github.com/relux-works/curator/internal/transaction/staging.go:337.3,337.13 1 0
github.com/relux-works/curator/internal/transaction/staging.go:339.2,340.16 2 1
github.com/relux-works/curator/internal/transaction/staging.go:340.16,342.3 1 0
github.com/relux-works/curator/internal/transaction/staging.go:343.2,343.15 1 1
github.com/relux-works/curator/internal/transaction/staging.go:343.15,343.67 1 1
github.com/relux-works/curator/internal/transaction/staging.go:344.2,345.16 2 1
github.com/relux-works/curator/internal/transaction/staging.go:345.16,347.3 1 0
github.com/relux-works/curator/internal/transaction/staging.go:348.2,348.15 1 1
github.com/relux-works/curator/internal/transaction/staging.go:348.15,348.67 1 1
github.com/relux-works/curator/internal/transaction/staging.go:349.2,350.16 2 1
github.com/relux-works/curator/internal/transaction/staging.go:350.16,352.3 1 0
github.com/relux-works/curator/internal/transaction/staging.go:353.2,354.16 2 1
github.com/relux-works/curator/internal/transaction/staging.go:354.16,356.3 1 0
github.com/relux-works/curator/internal/transaction/staging.go:357.2,357.94 1 1
github.com/relux-works/curator/internal/transaction/staging.go:357.94,359.3 1 0
github.com/relux-works/curator/internal/transaction/staging.go:360.2,360.12 1 1
github.com/relux-works/curator/internal/transaction/staging.go:363.60,366.49 3 1
github.com/relux-works/curator/internal/transaction/staging.go:366.49,368.3 1 0
github.com/relux-works/curator/internal/transaction/staging.go:369.2,369.59 1 1
github.com/relux-works/curator/internal/transaction/staging.go:372.53,373.20 1 1
github.com/relux-works/curator/internal/transaction/staging.go:373.20,375.3 1 1
github.com/relux-works/curator/internal/transaction/staging.go:376.2,376.58 1 1
github.com/relux-works/curator/internal/transaction/types.go:191.36,192.30 1 1
github.com/relux-works/curator/internal/transaction/types.go:192.30,192.54 1 1
github.com/relux-works/curator/internal/transaction/types.go:195.52,197.2 1 1
github.com/relux-works/curator/internal/transaction/types.go:199.49,201.2 1 1
github.com/relux-works/curator/internal/transaction/types.go:203.83,206.2 2 1
