mode: set
github.com/relux-works/curator/internal/transaction/digest.go:20.46,22.24 2 1
github.com/relux-works/curator/internal/transaction/digest.go:22.24,24.3 1 1
github.com/relux-works/curator/internal/transaction/digest.go:25.2,25.16 1 1
github.com/relux-works/curator/internal/transaction/digest.go:25.16,27.3 1 0
github.com/relux-works/curator/internal/transaction/digest.go:28.2,30.29 3 1
github.com/relux-works/curator/internal/transaction/digest.go:30.29,31.58 1 1
github.com/relux-works/curator/internal/transaction/digest.go:31.58,33.4 1 0
github.com/relux-works/curator/internal/transaction/digest.go:34.8,34.60 1 1
github.com/relux-works/curator/internal/transaction/digest.go:34.60,35.59 1 1
github.com/relux-works/curator/internal/transaction/digest.go:35.59,37.4 1 0
github.com/relux-works/curator/internal/transaction/digest.go:38.8,40.3 1 1
github.com/relux-works/curator/internal/transaction/digest.go:41.2,41.59 1 1
github.com/relux-works/curator/internal/transaction/digest.go:44.77,47.91 3 1
github.com/relux-works/curator/internal/transaction/digest.go:47.91,49.3 1 0
github.com/relux-works/curator/internal/transaction/digest.go:50.2,51.59 2 1
github.com/relux-works/curator/internal/transaction/digest.go:54.79,55.83 1 1
github.com/relux-works/curator/internal/transaction/digest.go:55.83,57.3 1 0
github.com/relux-works/curator/internal/transaction/digest.go:58.2,59.86 2 1
github.com/relux-works/curator/internal/transaction/digest.go:59.86,60.21 1 1
github.com/relux-works/curator/internal/transaction/digest.go:60.21,62.4 1 0
github.com/relux-works/curator/internal/transaction/digest.go:63.3,63.19 1 1
github.com/relux-works/curator/internal/transaction/digest.go:63.19,65.4 1 1
github.com/relux-works/curator/internal/transaction/digest.go:66.3,66.85 1 1
github.com/relux-works/curator/internal/transaction/digest.go:66.85,68.4 1 0
github.com/relux-works/curator/internal/transaction/digest.go:69.3,70.17 2 1
github.com/relux-works/curator/internal/transaction/digest.go:70.17,72.4 1 0
github.com/relux-works/curator/internal/transaction/digest.go:73.3,74.13 2 1
github.com/relux-works/curator/internal/transaction/digest.go:76.2,76.16 1 1
github.com/relux-works/curator/internal/transaction/digest.go:76.16,78.3 1 0
github.com/relux-works/curator/internal/transaction/digest.go:79.2,79.40 1 1
github.com/relux-works/curator/internal/transaction/digest.go:79.40,79.104 1 1
github.com/relux-works/curator/internal/transaction/digest.go:80.2,80.28 1 1
github.com/relux-works/curator/internal/transaction/digest.go:80.28,83.17 3 1
github.com/relux-works/curator/internal/transaction/digest.go:83.17,85.4 1 0
github.com/relux-works/curator/internal/transaction/digest.go:86.3,86.19 1 1
github.com/relux-works/curator/internal/transaction/digest.go:86.19,87.82 1 1
github.com/relux-works/curator/internal/transaction/digest.go:87.82,89.5 1 0
github.com/relux-works/curator/internal/transaction/digest.go:90.4,90.12 1 1
github.com/relux-works/curator/internal/transaction/digest.go:92.3,92.59 1 1
github.com/relux-works/curator/internal/transaction/digest.go:92.59,94.4 1 0
github.com/relux-works/curator/internal/transaction/digest.go:96.2,97.16 2 1
github.com/relux-works/curator/internal/transaction/digest.go:97.16,99.3 1 0
github.com/relux-works/curator/internal/transaction/digest.go:100.2,100.138 1 1
github.com/relux-works/curator/internal/transaction/digest.go:100.138,102.3 1 0
github.com/relux-works/curator/internal/transaction/digest.go:103.2,103.12 1 1
github.com/relux-works/curator/internal/transaction/digest.go:106.84,108.16 2 1
github.com/relux-works/curator/internal/transaction/digest.go:108.16,110.3 1 0
github.com/relux-works/curator/internal/transaction/digest.go:111.2,111.15 1 1
github.com/relux-works/curator/internal/transaction/digest.go:111.15,111.61 1 1
github.com/relux-works/curator/internal/transaction/digest.go:112.2,112.21 1 1
github.com/relux-works/curator/internal/transaction/digest.go:112.21,114.3 1 0
github.com/relux-works/curator/internal/transaction/digest.go:116.2,116.98 1 1
github.com/relux-works/curator/internal/transaction/digest.go:116.98,118.3 1 0
github.com/relux-works/curator/internal/transaction/digest.go:119.2,119.47 1 1
github.com/relux-works/curator/internal/transaction/digest.go:119.47,121.3 1 0
github.com/relux-works/curator/internal/transaction/digest.go:122.2,123.16 2 1
github.com/relux-works/curator/internal/transaction/digest.go:123.16,125.3 1 0
github.com/relux-works/curator/internal/transaction/digest.go:126.2,126.107 1 1
github.com/relux-works/curator/internal/transaction/digest.go:126.107,128.3 1 0
github.com/relux-works/curator/internal/transaction/digest.go:129.2,129.12 1 1
github.com/relux-works/curator/internal/transaction/digest.go:132.101,133.54 1 1
github.com/relux-works/curator/internal/transaction/digest.go:133.54,135.3 1 0
github.com/relux-works/curator/internal/transaction/digest.go:136.2,136.89 1 1
github.com/relux-works/curator/internal/transaction/digest.go:136.89,138.3 1 0
github.com/relux-works/curator/internal/transaction/digest.go:139.2,139.53 1 1
github.com/relux-works/curator/internal/transaction/digest.go:139.53,141.3 1 0
github.com/relux-works/curator/internal/transaction/digest.go:142.2,142.84 1 1
github.com/relux-works/curator/internal/transaction/digest.go:142.84,144.3 1 0
github.com/relux-works/curator/internal/transaction/digest.go:145.2,145.53 1 1
github.com/relux-works/curator/internal/transaction/digest.go:148.41,151.2 2 1
github.com/relux-works/curator/internal/transaction/durability_unix.go:13.39,15.16 2 1
github.com/relux-works/curator/internal/transaction/durability_unix.go:15.16,17.3 1 0
github.com/relux-works/curator/internal/transaction/durability_unix.go:18.2,18.52 1 1
github.com/relux-works/curator/internal/transaction/durability_unix.go:21.43,22.44 1 1
github.com/relux-works/curator/internal/transaction/durability_unix.go:22.44,24.3 1 0
github.com/relux-works/curator/internal/transaction/durability_unix.go:25.2,25.56 1 1
github.com/relux-works/curator/internal/transaction/durability_unix.go:25.56,27.3 1 0
github.com/relux-works/curator/internal/transaction/durability_unix.go:28.2,28.44 1 1
github.com/relux-works/curator/internal/transaction/durability_unix.go:28.44,30.3 1 0
github.com/relux-works/curator/internal/transaction/durability_unix.go:31.2,31.12 1 1
github.com/relux-works/curator/internal/transaction/engine.go:25.59,26.16 1 1
github.com/relux-works/curator/internal/transaction/engine.go:26.16,28.3 1 0
github.com/relux-works/curator/internal/transaction/engine.go:29.2,30.16 2 1
github.com/relux-works/curator/internal/transaction/engine.go:30.16,32.3 1 0
github.com/relux-works/curator/internal/transaction/engine.go:33.2,37.33 2 1
github.com/relux-works/curator/internal/transaction/engine.go:37.33,38.20 1 1
github.com/relux-works/curator/internal/transaction/engine.go:38.20,40.4 1 1
github.com/relux-works/curator/internal/transaction/engine.go:42.2,42.20 1 1
github.com/relux-works/curator/internal/transaction/engine.go:48.75,49.46 1 1
github.com/relux-works/curator/internal/transaction/engine.go:49.46,51.3 1 1
github.com/relux-works/curator/internal/transaction/engine.go:52.2,56.16 4 1
github.com/relux-works/curator/internal/transaction/engine.go:56.16,58.3 1 0
github.com/relux-works/curator/internal/transaction/engine.go:59.2,59.79 1 1
github.com/relux-works/curator/internal/transaction/engine.go:59.79,61.3 1 0
github.com/relux-works/curator/internal/transaction/engine.go:61.8,61.32 1 1
github.com/relux-works/curator/internal/transaction/engine.go:61.32,63.3 1 0
github.com/relux-works/curator/internal/transaction/engine.go:64.2,64.52 1 1
github.com/relux-works/curator/internal/transaction/engine.go:64.52,66.3 1 0
github.com/relux-works/curator/internal/transaction/engine.go:67.2,68.15 2 1
github.com/relux-works/curator/internal/transaction/engine.go:68.15,69.16 1 1
github.com/relux-works/curator/internal/transaction/engine.go:69.16,71.4 1 1
github.com/relux-works/curator/internal/transaction/engine.go:73.2,73.37 1 1
github.com/relux-works/curator/internal/transaction/engine.go:73.37,75.30 2 1
github.com/relux-works/curator/internal/transaction/engine.go:75.30,76.12 1 1
github.com/relux-works/curator/internal/transaction/engine.go:78.3,78.60 1 1
github.com/relux-works/curator/internal/transaction/engine.go:78.60,80.4 1 0
github.com/relux-works/curator/internal/transaction/engine.go:81.3,82.48 2 1
github.com/relux-works/curator/internal/transaction/engine.go:82.48,83.18 1 0
github.com/relux-works/curator/internal/transaction/engine.go:83.18,85.5 1 0
github.com/relux-works/curator/internal/transaction/engine.go:86.4,86.53 1 0
github.com/relux-works/curator/internal/transaction/engine.go:88.3,88.82 1 1
github.com/relux-works/curator/internal/transaction/engine.go:88.82,90.4 1 1
github.com/relux-works/curator/internal/transaction/engine.go:92.2,92.37 1 1
github.com/relux-works/curator/internal/transaction/engine.go:92.37,99.3 6 1
github.com/relux-works/curator/internal/transaction/engine.go:100.2,101.52 2 1
github.com/relux-works/curator/internal/transaction/engine.go:101.52,103.3 1 0
github.com/relux-works/curator/internal/transaction/engine.go:104.2,104.64 1 1
github.com/relux-works/curator/internal/transaction/engine.go:104.64,106.3 1 1
github.com/relux-works/curator/internal/transaction/engine.go:107.2,108.35 2 1
github.com/relux-works/curator/internal/transaction/engine.go:111.75,112.59 1 1
github.com/relux-works/curator/internal/transaction/engine.go:112.59,114.3 1 1
github.com/relux-works/curator/internal/transaction/engine.go:115.2,115.68 1 1
github.com/relux-works/curator/internal/transaction/engine.go:115.68,117.3 1 1
github.com/relux-works/curator/internal/transaction/engine.go:118.2,118.28 1 1
github.com/relux-works/curator/internal/transaction/engine.go:118.28,120.3 1 1
github.com/relux-works/curator/internal/transaction/engine.go:121.2,122.39 2 1
github.com/relux-works/curator/internal/transaction/engine.go:122.39,122.101 1 1
github.com/relux-works/curator/internal/transaction/engine.go:123.2,123.49 1 1
github.com/relux-works/curator/internal/transaction/engine.go:123.49,125.3 1 1
github.com/relux-works/curator/internal/transaction/engine.go:126.2,127.42 2 1
github.com/relux-works/curator/internal/transaction/engine.go:127.42,128.99 1 1
github.com/relux-works/curator/internal/transaction/engine.go:128.99,130.4 1 1
github.com/relux-works/curator/internal/transaction/engine.go:131.3,131.89 1 1
github.com/relux-works/curator/internal/transaction/engine.go:133.2,143.37 4 1
github.com/relux-works/curator/internal/transaction/engine.go:143.37,144.113 1 1
github.com/relux-works/curator/internal/transaction/engine.go:144.113,146.4 1 1
github.com/relux-works/curator/internal/transaction/engine.go:147.3,147.110 1 1
github.com/relux-works/curator/internal/transaction/engine.go:147.110,149.4 1 1
github.com/relux-works/curator/internal/transaction/engine.go:150.3,150.73 1 1
github.com/relux-works/curator/internal/transaction/engine.go:150.73,152.4 1 1
github.com/relux-works/curator/internal/transaction/engine.go:153.3,153.73 1 1
github.com/relux-works/curator/internal/transaction/engine.go:153.73,155.4 1 1
github.com/relux-works/curator/internal/transaction/engine.go:156.3,157.42 2 1
github.com/relux-works/curator/internal/transaction/engine.go:157.42,159.4 1 1
github.com/relux-works/curator/internal/transaction/engine.go:160.3,161.49 2 1
github.com/relux-works/curator/internal/transaction/engine.go:161.49,163.4 1 1
github.com/relux-works/curator/internal/transaction/engine.go:164.3,165.71 2 1
github.com/relux-works/curator/internal/transaction/engine.go:165.71,167.4 1 1
github.com/relux-works/curator/internal/transaction/engine.go:168.3,172.32 5 1
github.com/relux-works/curator/internal/transaction/engine.go:172.32,174.18 2 1
github.com/relux-works/curator/internal/transaction/engine.go:174.18,176.5 1 0
github.com/relux-works/curator/internal/transaction/engine.go:177.4,178.22 2 1
github.com/relux-works/curator/internal/transaction/engine.go:178.22,180.5 1 1
github.com/relux-works/curator/internal/transaction/engine.go:181.4,182.51 2 1
github.com/relux-works/curator/internal/transaction/engine.go:182.51,183.19 1 1
github.com/relux-works/curator/internal/transaction/engine.go:183.19,185.6 1 1
github.com/relux-works/curator/internal/transaction/engine.go:186.5,186.90 1 1
github.com/relux-works/curator/internal/transaction/engine.go:188.4,192.18 5 1
github.com/relux-works/curator/internal/transaction/engine.go:192.18,194.5 1 0
github.com/relux-works/curator/internal/transaction/engine.go:196.3,211.95 2 1
github.com/relux-works/curator/internal/transaction/engine.go:211.95,212.21 1 1
github.com/relux-works/curator/internal/transaction/engine.go:212.21,213.13 1 1
github.com/relux-works/curator/internal/transaction/engine.go:215.4,215.47 1 1
github.com/relux-works/curator/internal/transaction/engine.go:215.47,217.5 1 1
github.com/relux-works/curator/internal/transaction/engine.go:217.10,217.34 1 1
github.com/relux-works/curator/internal/transaction/engine.go:217.34,219.5 1 0
github.com/relux-works/curator/internal/transaction/engine.go:221.3,221.34 1 1
github.com/relux-works/curator/internal/transaction/engine.go:223.2,223.56 1 1
github.com/relux-works/curator/internal/transaction/engine.go:223.56,225.3 1 1
github.com/relux-works/curator/internal/transaction/engine.go:226.2,226.30 1 1
github.com/relux-works/curator/internal/transaction/engine.go:229.48,230.16 1 1
github.com/relux-works/curator/internal/transaction/engine.go:230.16,232.3 1 1
github.com/relux-works/curator/internal/transaction/engine.go:233.2,234.105 2 1
github.com/relux-works/curator/internal/transaction/engine.go:234.105,236.3 1 1
github.com/relux-works/curator/internal/transaction/engine.go:237.2,237.12 1 1
github.com/relux-works/curator/internal/transaction/engine.go:240.77,241.37 1 1
github.com/relux-works/curator/internal/transaction/engine.go:241.37,242.58 1 1
github.com/relux-works/curator/internal/transaction/engine.go:242.58,244.4 1 0
github.com/relux-works/curator/internal/transaction/engine.go:245.3,245.15 1 1
github.com/relux-works/curator/internal/transaction/engine.go:247.2,248.52 2 1
github.com/relux-works/curator/internal/transaction/engine.go:248.52,250.3 1 0
github.com/relux-works/curator/internal/transaction/engine.go:251.2,251.49 1 1
github.com/relux-works/curator/internal/transaction/engine.go:251.49,253.3 1 0
github.com/relux-works/curator/internal/transaction/engine.go:254.2,254.14 1 1
github.com/relux-works/curator/internal/transaction/engine.go:259.73,260.46 1 1
github.com/relux-works/curator/internal/transaction/engine.go:260.46,262.3 1 1
github.com/relux-works/curator/internal/transaction/engine.go:263.2,266.16 4 1
github.com/relux-works/curator/internal/transaction/engine.go:266.16,268.3 1 0
github.com/relux-works/curator/internal/transaction/engine.go:269.2,269.31 1 1
github.com/relux-works/curator/internal/transaction/engine.go:274.52,275.46 1 1
github.com/relux-works/curator/internal/transaction/engine.go:275.46,277.3 1 1
github.com/relux-works/curator/internal/transaction/engine.go:278.2,281.16 4 1
github.com/relux-works/curator/internal/transaction/engine.go:281.16,283.3 1 0
github.com/relux-works/curator/internal/transaction/engine.go:284.2,284.25 1 1
github.com/relux-works/curator/internal/transaction/engine.go:284.25,286.17 2 1
github.com/relux-works/curator/internal/transaction/engine.go:286.17,288.4 1 0
github.com/relux-works/curator/internal/transaction/engine.go:289.3,289.48 1 1
github.com/relux-works/curator/internal/transaction/engine.go:289.48,291.4 1 1
github.com/relux-works/curator/internal/transaction/engine.go:293.2,293.12 1 1
github.com/relux-works/curator/internal/transaction/engine.go:296.54,297.23 1 1
github.com/relux-works/curator/internal/transaction/engine.go:298.22,299.42 1 1
github.com/relux-works/curator/internal/transaction/engine.go:300.38,301.32 1 1
github.com/relux-works/curator/internal/transaction/engine.go:302.20,303.42 1 1
github.com/relux-works/curator/internal/transaction/engine.go:304.46,305.34 1 1
github.com/relux-works/curator/internal/transaction/engine.go:306.10,307.66 1 0
github.com/relux-works/curator/internal/transaction/engine.go:311.54,312.36 1 1
github.com/relux-works/curator/internal/transaction/engine.go:312.36,314.53 2 1
github.com/relux-works/curator/internal/transaction/engine.go:314.53,316.4 1 0
github.com/relux-works/curator/internal/transaction/engine.go:318.2,318.37 1 1
github.com/relux-works/curator/internal/transaction/engine.go:318.37,319.61 1 1
github.com/relux-works/curator/internal/transaction/engine.go:319.61,321.62 2 1
github.com/relux-works/curator/internal/transaction/engine.go:321.62,323.5 1 0
github.com/relux-works/curator/internal/transaction/engine.go:324.4,324.53 1 1
github.com/relux-works/curator/internal/transaction/engine.go:327.2,328.52 2 1
github.com/relux-works/curator/internal/transaction/engine.go:328.52,330.3 1 0
github.com/relux-works/curator/internal/transaction/engine.go:331.2,331.69 1 1
github.com/relux-works/curator/internal/transaction/engine.go:331.69,333.3 1 1
github.com/relux-works/curator/internal/transaction/engine.go:334.2,334.41 1 1
github.com/relux-works/curator/internal/transaction/engine.go:337.71,339.22 2 1
github.com/relux-works/curator/internal/transaction/engine.go:340.20,341.61 1 1
github.com/relux-works/curator/internal/transaction/engine.go:341.61,343.4 1 1
github.com/relux-works/curator/internal/transaction/engine.go:344.3,344.36 1 1
github.com/relux-works/curator/internal/transaction/engine.go:344.36,348.54 1 1
github.com/relux-works/curator/internal/transaction/engine.go:348.54,350.5 1 0
github.com/relux-works/curator/internal/transaction/engine.go:352.3,352.35 1 1
github.com/relux-works/curator/internal/transaction/engine.go:352.35,353.73 1 1
github.com/relux-works/curator/internal/transaction/engine.go:353.73,355.5 1 1
github.com/relux-works/curator/internal/transaction/engine.go:356.4,356.49 1 1
github.com/relux-works/curator/internal/transaction/engine.go:356.49,358.5 1 0
github.com/relux-works/curator/internal/transaction/engine.go:359.4,360.18 2 1
github.com/relux-works/curator/internal/transaction/engine.go:360.18,362.5 1 0
github.com/relux-works/curator/internal/transaction/engine.go:363.4,363.70 1 1
github.com/relux-works/curator/internal/transaction/engine.go:363.70,365.5 1 0
github.com/relux-works/curator/internal/transaction/engine.go:366.4,366.30 1 1
github.com/relux-works/curator/internal/transaction/engine.go:366.30,367.86 1 1
github.com/relux-works/curator/internal/transaction/engine.go:367.86,369.6 1 0
github.com/relux-works/curator/internal/transaction/engine.go:370.5,370.55 1 1
github.com/relux-works/curator/internal/transaction/engine.go:370.55,372.6 1 0
github.com/relux-works/curator/internal/transaction/engine.go:373.5,374.19 2 1
github.com/relux-works/curator/internal/transaction/engine.go:374.19,376.6 1 0
github.com/relux-works/curator/internal/transaction/engine.go:377.5,377.27 1 1
github.com/relux-works/curator/internal/transaction/engine.go:377.27,378.101 1 0
github.com/relux-works/curator/internal/transaction/engine.go:378.101,380.7 1 0
github.com/relux-works/curator/internal/transaction/engine.go:381.6,381.98 1 0
github.com/relux-works/curator/internal/transaction/engine.go:383.5,383.22 1 1
github.com/relux-works/curator/internal/transaction/engine.go:385.4,386.72 2 1
github.com/relux-works/curator/internal/transaction/engine.go:386.72,388.5 1 1
github.com/relux-works/curator/internal/transaction/engine.go:389.4,390.54 2 1
github.com/relux-works/curator/internal/transaction/engine.go:390.54,392.5 1 0
github.com/relux-works/curator/internal/transaction/engine.go:394.3,394.14 1 1
github.com/relux-works/curator/internal/transaction/engine.go:395.21,397.17 2 1
github.com/relux-works/curator/internal/transaction/engine.go:397.17,399.4 1 0
github.com/relux-works/curator/internal/transaction/engine.go:400.3,400.38 1 1
github.com/relux-works/curator/internal/transaction/engine.go:400.38,402.54 2 1
github.com/relux-works/curator/internal/transaction/engine.go:402.54,404.5 1 0
github.com/relux-works/curator/internal/transaction/engine.go:405.4,405.60 1 1
github.com/relux-works/curator/internal/transaction/engine.go:407.3,407.30 1 1
github.com/relux-works/curator/internal/transaction/engine.go:407.30,409.4 1 0
github.com/relux-works/curator/internal/transaction/engine.go:410.3,410.73 1 1
github.com/relux-works/curator/internal/transaction/engine.go:410.73,412.4 1 1
github.com/relux-works/curator/internal/transaction/engine.go:413.3,413.43 1 1
github.com/relux-works/curator/internal/transaction/engine.go:413.43,415.58 2 1
github.com/relux-works/curator/internal/transaction/engine.go:415.58,416.19 1 0
github.com/relux-works/curator/internal/transaction/engine.go:416.19,418.6 1 0
github.com/relux-works/curator/internal/transaction/engine.go:419.5,419.15 1 0
github.com/relux-works/curator/internal/transaction/engine.go:421.4,421.85 1 1
github.com/relux-works/curator/internal/transaction/engine.go:421.85,423.5 1 0
github.com/relux-works/curator/internal/transaction/engine.go:424.4,424.52 1 1
github.com/relux-works/curator/internal/transaction/engine.go:424.52,426.5 1 0
github.com/relux-works/curator/internal/transaction/engine.go:428.3,428.72 1 1
github.com/relux-works/curator/internal/transaction/engine.go:428.72,430.4 1 1
github.com/relux-works/curator/internal/transaction/engine.go:431.3,432.53 2 1
github.com/relux-works/curator/internal/transaction/engine.go:432.53,434.4 1 0
github.com/relux-works/curator/internal/transaction/engine.go:435.3,435.59 1 1
github.com/relux-works/curator/internal/transaction/engine.go:436.22,438.17 2 0
github.com/relux-works/curator/internal/transaction/engine.go:438.17,440.4 1 0
github.com/relux-works/curator/internal/transaction/engine.go:441.3,441.38 1 0
github.com/relux-works/curator/internal/transaction/engine.go:441.38,443.4 1 0
github.com/relux-works/curator/internal/transaction/engine.go:444.3,444.13 1 0
github.com/relux-works/curator/internal/transaction/engine.go:445.10,446.108 1 0
github.com/relux-works/curator/internal/transaction/engine.go:450.72,452.16 2 1
github.com/relux-works/curator/internal/transaction/engine.go:452.16,454.3 1 0
github.com/relux-works/curator/internal/transaction/engine.go:455.2,455.34 1 1
github.com/relux-works/curator/internal/transaction/engine.go:455.34,457.3 1 1
github.com/relux-works/curator/internal/transaction/engine.go:458.2,459.16 2 1
github.com/relux-works/curator/internal/transaction/engine.go:459.16,461.3 1 0
github.com/relux-works/curator/internal/transaction/engine.go:462.2,462.32 1 1
github.com/relux-works/curator/internal/transaction/engine.go:462.32,464.3 1 1
github.com/relux-works/curator/internal/transaction/engine.go:465.2,465.74 1 1
github.com/relux-works/curator/internal/transaction/engine.go:465.74,467.3 1 1
github.com/relux-works/curator/internal/transaction/engine.go:468.2,468.37 1 1
github.com/relux-works/curator/internal/transaction/engine.go:468.37,469.71 1 0
github.com/relux-works/curator/internal/transaction/engine.go:469.71,471.4 1 0
github.com/relux-works/curator/internal/transaction/engine.go:473.2,475.12 3 1
github.com/relux-works/curator/internal/transaction/engine.go:478.49,479.33 1 1
github.com/relux-works/curator/internal/transaction/engine.go:479.33,481.17 2 1
github.com/relux-works/curator/internal/transaction/engine.go:481.17,483.4 1 0
github.com/relux-works/curator/internal/transaction/engine.go:484.3,484.39 1 1
github.com/relux-works/curator/internal/transaction/engine.go:484.39,486.4 1 0
github.com/relux-works/curator/internal/transaction/engine.go:487.3,487.13 1 1
github.com/relux-works/curator/internal/transaction/engine.go:489.2,489.52 1 1
github.com/relux-works/curator/internal/transaction/engine.go:492.66,494.33 2 1
github.com/relux-works/curator/internal/transaction/engine.go:494.33,496.3 1 1
github.com/relux-works/curator/internal/transaction/engine.go:497.2,498.106 2 1
github.com/relux-works/curator/internal/transaction/engine.go:498.106,500.3 1 0
github.com/relux-works/curator/internal/transaction/engine.go:501.2,502.16 2 1
github.com/relux-works/curator/internal/transaction/engine.go:502.16,504.3 1 0
github.com/relux-works/curator/internal/transaction/engine.go:505.2,506.74 2 1
github.com/relux-works/curator/internal/transaction/engine.go:506.74,509.3 2 0
github.com/relux-works/curator/internal/transaction/engine.go:510.2,512.39 3 1
github.com/relux-works/curator/internal/transaction/engine.go:512.39,514.3 1 0
github.com/relux-works/curator/internal/transaction/engine.go:515.2,515.30 1 1
github.com/relux-works/curator/internal/transaction/engine.go:515.30,517.3 1 0
github.com/relux-works/curator/internal/transaction/engine.go:518.2,518.50 1 1
github.com/relux-works/curator/internal/transaction/engine.go:518.50,520.3 1 0
github.com/relux-works/curator/internal/transaction/engine.go:521.2,521.12 1 1
github.com/relux-works/curator/internal/transaction/engine.go:524.56,525.43 1 1
github.com/relux-works/curator/internal/transaction/engine.go:525.43,527.53 2 1
github.com/relux-works/curator/internal/transaction/engine.go:527.53,529.4 1 0
github.com/relux-works/curator/internal/transaction/engine.go:530.3,530.62 1 1
github.com/relux-works/curator/internal/transaction/engine.go:530.62,531.64 1 1
github.com/relux-works/curator/internal/transaction/engine.go:531.64,533.5 1 1
github.com/relux-works/curator/internal/transaction/engine.go:535.3,536.53 2 1
github.com/relux-works/curator/internal/transaction/engine.go:536.53,538.4 1 0
github.com/relux-works/curator/internal/transaction/engine.go:540.2,540.63 1 1
github.com/relux-works/curator/internal/transaction/engine.go:540.63,542.3 1 1
github.com/relux-works/curator/internal/transaction/engine.go:543.2,543.45 1 1
github.com/relux-works/curator/internal/transaction/engine.go:546.73,548.34 2 1
github.com/relux-works/curator/internal/transaction/engine.go:548.34,549.63 1 1
github.com/relux-works/curator/internal/transaction/engine.go:549.63,551.4 1 0
github.com/relux-works/curator/internal/transaction/engine.go:551.9,551.36 1 1
github.com/relux-works/curator/internal/transaction/engine.go:551.36,553.4 1 1
github.com/relux-works/curator/internal/transaction/engine.go:554.3,554.31 1 1
github.com/relux-works/curator/internal/transaction/engine.go:556.2,556.37 1 1
github.com/relux-works/curator/internal/transaction/engine.go:556.37,558.3 1 0
github.com/relux-works/curator/internal/transaction/engine.go:559.2,560.16 2 1
github.com/relux-works/curator/internal/transaction/engine.go:560.16,562.3 1 0
github.com/relux-works/curator/internal/transaction/engine.go:563.2,564.16 2 1
github.com/relux-works/curator/internal/transaction/engine.go:564.16,566.3 1 0
github.com/relux-works/curator/internal/transaction/engine.go:567.2,568.16 2 1
github.com/relux-works/curator/internal/transaction/engine.go:568.16,570.3 1 0
github.com/relux-works/curator/internal/transaction/engine.go:574.2,574.124 1 1
github.com/relux-works/curator/internal/transaction/engine.go:574.124,575.121 1 1
github.com/relux-works/curator/internal/transaction/engine.go:575.121,577.54 2 1
github.com/relux-works/curator/internal/transaction/engine.go:577.54,579.5 1 0
github.com/relux-works/curator/internal/transaction/engine.go:580.4,580.61 1 1
github.com/relux-works/curator/internal/transaction/engine.go:583.2,583.36 1 1
github.com/relux-works/curator/internal/transaction/engine.go:583.36,584.30 1 1
github.com/relux-works/curator/internal/transaction/engine.go:584.30,586.4 1 1
github.com/relux-works/curator/internal/transaction/engine.go:587.3,587.45 1 1
github.com/relux-works/curator/internal/transaction/engine.go:587.45,588.64 1 1
github.com/relux-works/curator/internal/transaction/engine.go:588.64,590.5 1 0
github.com/relux-works/curator/internal/transaction/engine.go:590.10,590.39 1 1
github.com/relux-works/curator/internal/transaction/engine.go:590.39,592.5 1 0
github.com/relux-works/curator/internal/transaction/engine.go:593.4,593.87 1 1
github.com/relux-works/curator/internal/transaction/engine.go:593.87,595.5 1 0
github.com/relux-works/curator/internal/transaction/engine.go:596.4,596.104 1 1
github.com/relux-works/curator/internal/transaction/engine.go:598.8,598.36 1 1
github.com/relux-works/curator/internal/transaction/engine.go:598.36,599.38 1 1
github.com/relux-works/curator/internal/transaction/engine.go:599.38,601.4 1 1
github.com/relux-works/curator/internal/transaction/engine.go:602.3,602.86 1 1
github.com/relux-works/curator/internal/transaction/engine.go:602.86,604.4 1 0
github.com/relux-works/curator/internal/transaction/engine.go:605.3,606.17 2 1
github.com/relux-works/curator/internal/transaction/engine.go:606.17,608.4 1 0
github.com/relux-works/curator/internal/transaction/engine.go:609.3,609.45 1 1
github.com/relux-works/curator/internal/transaction/engine.go:609.45,610.80 1 0
github.com/relux-works/curator/internal/transaction/engine.go:610.80,612.5 1 0
github.com/relux-works/curator/internal/transaction/engine.go:612.10,612.39 1 0
github.com/relux-works/curator/internal/transaction/engine.go:612.39,614.5 1 0
github.com/relux-works/curator/internal/transaction/engine.go:615.4,615.101 1 0
github.com/relux-works/curator/internal/transaction/engine.go:615.101,617.5 1 0
github.com/relux-works/curator/internal/transaction/engine.go:618.4,618.100 1 0
github.com/relux-works/curator/internal/transaction/engine.go:620.8,620.83 1 1
github.com/relux-works/curator/internal/transaction/engine.go:620.83,622.3 1 1
github.com/relux-works/curator/internal/transaction/engine.go:624.2,624.31 1 1
github.com/relux-works/curator/internal/transaction/engine.go:624.31,626.3 1 1
github.com/relux-works/curator/internal/transaction/engine.go:627.2,627.41 1 1
github.com/relux-works/curator/internal/transaction/engine.go:627.41,629.3 1 1
github.com/relux-works/curator/internal/transaction/engine.go:630.2,630.34 1 1
github.com/relux-works/curator/internal/transaction/engine.go:630.34,631.63 1 1
github.com/relux-works/curator/internal/transaction/engine.go:631.63,633.4 1 0
github.com/relux-works/curator/internal/transaction/engine.go:633.9,633.38 1 1
github.com/relux-works/curator/internal/transaction/engine.go:633.38,635.4 1 0
github.com/relux-works/curator/internal/transaction/engine.go:636.3,636.84 1 1
github.com/relux-works/curator/internal/transaction/engine.go:636.84,638.4 1 0
github.com/relux-works/curator/internal/transaction/engine.go:639.3,639.51 1 1
github.com/relux-works/curator/internal/transaction/engine.go:639.51,641.4 1 0
github.com/relux-works/curator/internal/transaction/engine.go:643.2,643.71 1 1
github.com/relux-works/curator/internal/transaction/engine.go:643.71,645.3 1 1
github.com/relux-works/curator/internal/transaction/engine.go:646.2,647.52 2 1
github.com/relux-works/curator/internal/transaction/engine.go:647.52,649.3 1 0
github.com/relux-works/curator/internal/transaction/engine.go:650.2,650.59 1 1
github.com/relux-works/curator/internal/transaction/engine.go:653.64,654.37 1 1
github.com/relux-works/curator/internal/transaction/engine.go:654.37,657.17 3 1
github.com/relux-works/curator/internal/transaction/engine.go:657.17,659.4 1 0
github.com/relux-works/curator/internal/transaction/engine.go:660.3,660.38 1 1
github.com/relux-works/curator/internal/transaction/engine.go:660.38,662.4 1 1
github.com/relux-works/curator/internal/transaction/engine.go:664.2,664.62 1 1
github.com/relux-works/curator/internal/transaction/engine.go:664.62,666.3 1 1
github.com/relux-works/curator/internal/transaction/engine.go:667.2,667.62 1 1
github.com/relux-works/curator/internal/transaction/engine.go:667.62,668.72 1 1
github.com/relux-works/curator/internal/transaction/engine.go:668.72,670.4 1 1
github.com/relux-works/curator/internal/transaction/engine.go:672.2,672.45 1 1
github.com/relux-works/curator/internal/transaction/engine.go:675.70,676.62 1 1
github.com/relux-works/curator/internal/transaction/engine.go:676.62,678.3 1 1
github.com/relux-works/curator/internal/transaction/engine.go:679.2,679.61 1 1
github.com/relux-works/curator/internal/transaction/engine.go:679.61,680.72 1 1
github.com/relux-works/curator/internal/transaction/engine.go:680.72,682.4 1 1
github.com/relux-works/curator/internal/transaction/engine.go:684.2,684.12 1 1
github.com/relux-works/curator/internal/transaction/engine.go:693.70,695.61 2 1
github.com/relux-works/curator/internal/transaction/engine.go:695.61,700.3 4 1
github.com/relux-works/curator/internal/transaction/engine.go:701.2,701.17 1 1
github.com/relux-works/curator/internal/transaction/engine.go:704.69,706.61 2 1
github.com/relux-works/curator/internal/transaction/engine.go:706.61,711.3 4 1
github.com/relux-works/curator/internal/transaction/engine.go:712.2,712.17 1 1
github.com/relux-works/curator/internal/transaction/engine.go:715.115,716.16 1 1
github.com/relux-works/curator/internal/transaction/engine.go:716.16,718.3 1 1
github.com/relux-works/curator/internal/transaction/engine.go:719.2,719.97 1 1
github.com/relux-works/curator/internal/transaction/engine.go:722.83,723.62 1 1
github.com/relux-works/curator/internal/transaction/engine.go:723.62,724.27 1 1
github.com/relux-works/curator/internal/transaction/engine.go:724.27,726.4 1 1
github.com/relux-works/curator/internal/transaction/engine.go:728.2,728.34 1 1
github.com/relux-works/curator/internal/transaction/engine.go:731.69,732.31 1 1
github.com/relux-works/curator/internal/transaction/engine.go:732.31,734.3 1 1
github.com/relux-works/curator/internal/transaction/engine.go:735.2,736.12 2 1
github.com/relux-works/curator/internal/transaction/engine.go:736.12,738.3 1 0
github.com/relux-works/curator/internal/transaction/engine.go:739.2,739.55 1 1
github.com/relux-works/curator/internal/transaction/engine.go:742.95,743.31 1 1
github.com/relux-works/curator/internal/transaction/engine.go:743.31,745.3 1 0
github.com/relux-works/curator/internal/transaction/engine.go:746.2,747.16 2 1
github.com/relux-works/curator/internal/transaction/engine.go:747.16,749.3 1 1
github.com/relux-works/curator/internal/transaction/engine.go:750.2,750.14 1 1
github.com/relux-works/curator/internal/transaction/engine.go:750.14,752.3 1 1
github.com/relux-works/curator/internal/transaction/engine.go:753.2,754.16 2 1
github.com/relux-works/curator/internal/transaction/engine.go:754.16,756.3 1 0
github.com/relux-works/curator/internal/transaction/engine.go:757.2,760.52 4 1
github.com/relux-works/curator/internal/transaction/engine.go:760.52,765.3 4 0
github.com/relux-works/curator/internal/transaction/engine.go:766.2,766.55 1 1
github.com/relux-works/curator/internal/transaction/engine.go:769.95,770.41 1 1
github.com/relux-works/curator/internal/transaction/engine.go:770.41,772.3 1 0
github.com/relux-works/curator/internal/transaction/engine.go:773.2,777.16 1 1
github.com/relux-works/curator/internal/transaction/engine.go:777.16,777.93 1 1
github.com/relux-works/curator/internal/transaction/engine.go:778.16,778.95 1 1
github.com/relux-works/curator/internal/transaction/engine.go:779.16,781.3 1 1
github.com/relux-works/curator/internal/transaction/engine.go:782.2,787.37 6 1
github.com/relux-works/curator/internal/transaction/engine.go:787.37,794.3 6 1
github.com/relux-works/curator/internal/transaction/engine.go:795.2,798.52 4 1
github.com/relux-works/curator/internal/transaction/engine.go:798.52,799.38 1 0
github.com/relux-works/curator/internal/transaction/engine.go:799.38,803.4 3 0
github.com/relux-works/curator/internal/transaction/engine.go:804.3,807.13 4 0
github.com/relux-works/curator/internal/transaction/engine.go:809.2,809.12 1 1
github.com/relux-works/curator/internal/transaction/engine.go:812.82,814.22 2 1
github.com/relux-works/curator/internal/transaction/engine.go:814.22,817.3 2 1
github.com/relux-works/curator/internal/transaction/engine.go:818.2,818.33 1 1
github.com/relux-works/curator/internal/transaction/engine.go:818.33,820.3 1 1
github.com/relux-works/curator/internal/transaction/engine.go:821.2,821.31 1 1
github.com/relux-works/curator/internal/transaction/engine.go:821.31,823.3 1 1
github.com/relux-works/curator/internal/transaction/engine.go:824.2,824.12 1 1
github.com/relux-works/curator/internal/transaction/engine.go:829.76,830.46 1 1
github.com/relux-works/curator/internal/transaction/engine.go:830.46,832.3 1 1
github.com/relux-works/curator/internal/transaction/engine.go:833.2,836.16 4 1
github.com/relux-works/curator/internal/transaction/engine.go:836.16,838.3 1 0
github.com/relux-works/curator/internal/transaction/engine.go:839.2,840.25 2 1
github.com/relux-works/curator/internal/transaction/engine.go:840.25,842.17 2 1
github.com/relux-works/curator/internal/transaction/engine.go:842.17,844.4 1 0
github.com/relux-works/curator/internal/transaction/engine.go:845.3,845.51 1 1
github.com/relux-works/curator/internal/transaction/engine.go:845.51,847.4 1 1
github.com/relux-works/curator/internal/transaction/engine.go:849.2,850.23 2 1
github.com/relux-works/curator/internal/transaction/engine.go:850.23,852.3 1 1
github.com/relux-works/curator/internal/transaction/engine.go:853.2,853.39 1 1
github.com/relux-works/curator/internal/transaction/engine.go:853.39,853.101 1 1
github.com/relux-works/curator/internal/transaction/engine.go:854.2,854.18 1 1
github.com/relux-works/curator/internal/transaction/engine.go:857.46,862.35 5 1
github.com/relux-works/curator/internal/transaction/engine.go:862.35,864.3 1 1
github.com/relux-works/curator/internal/transaction/engine.go:865.2,865.15 1 1
github.com/relux-works/curator/internal/transaction/files.go:11.51,13.16 2 1
github.com/relux-works/curator/internal/transaction/files.go:13.16,15.3 1 0
github.com/relux-works/curator/internal/transaction/files.go:16.2,16.49 1 1
github.com/relux-works/curator/internal/transaction/files.go:16.49,18.3 1 1
github.com/relux-works/curator/internal/transaction/files.go:18.8,18.32 1 1
github.com/relux-works/curator/internal/transaction/files.go:18.32,20.3 1 0
github.com/relux-works/curator/internal/transaction/files.go:21.2,21.29 1 1
github.com/relux-works/curator/internal/transaction/files.go:21.29,23.3 1 1
github.com/relux-works/curator/internal/transaction/files.go:24.2,24.54 1 1
github.com/relux-works/curator/internal/transaction/files.go:24.54,26.3 1 1
github.com/relux-works/curator/internal/transaction/files.go:27.2,27.66 1 0
github.com/relux-works/curator/internal/transaction/files.go:27.66,29.3 1 0
github.com/relux-works/curator/internal/transaction/files.go:30.2,30.59 1 0
github.com/relux-works/curator/internal/transaction/files.go:30.59,33.3 2 0
github.com/relux-works/curator/internal/transaction/files.go:34.2,34.66 1 0
github.com/relux-works/curator/internal/transaction/files.go:34.66,37.3 2 0
github.com/relux-works/curator/internal/transaction/files.go:38.2,38.30 1 0
github.com/relux-works/curator/internal/transaction/files.go:41.54,43.16 2 0
github.com/relux-works/curator/internal/transaction/files.go:43.16,45.3 1 0
github.com/relux-works/curator/internal/transaction/files.go:46.2,46.32 1 0
github.com/relux-works/curator/internal/transaction/files.go:46.32,50.17 4 0
github.com/relux-works/curator/internal/transaction/files.go:50.17,52.4 1 0
github.com/relux-works/curator/internal/transaction/files.go:53.3,53.10 1 0
github.com/relux-works/curator/internal/transaction/files.go:54.32,55.87 1 0
github.com/relux-works/curator/internal/transaction/files.go:55.87,57.5 1 0
github.com/relux-works/curator/internal/transaction/files.go:58.56,59.72 1 0
github.com/relux-works/curator/internal/transaction/files.go:59.72,61.5 1 0
github.com/relux-works/curator/internal/transaction/files.go:62.4,62.69 1 0
github.com/relux-works/curator/internal/transaction/files.go:62.69,64.5 1 0
github.com/relux-works/curator/internal/transaction/files.go:65.4,65.72 1 0
github.com/relux-works/curator/internal/transaction/files.go:65.72,67.5 1 0
github.com/relux-works/curator/internal/transaction/files.go:68.11,69.72 1 0
github.com/relux-works/curator/internal/transaction/files.go:72.2,72.30 1 0
github.com/relux-works/curator/internal/transaction/files.go:75.79,77.16 2 1
github.com/relux-works/curator/internal/transaction/files.go:77.16,79.3 1 0
github.com/relux-works/curator/internal/transaction/files.go:80.2,80.15 1 1
github.com/relux-works/curator/internal/transaction/files.go:80.15,80.62 1 1
github.com/relux-works/curator/internal/transaction/files.go:81.2,82.16 2 1
github.com/relux-works/curator/internal/transaction/files.go:82.16,84.3 1 0
github.com/relux-works/curator/internal/transaction/files.go:85.2,86.15 2 1
github.com/relux-works/curator/internal/transaction/files.go:86.15,88.10 2 1
github.com/relux-works/curator/internal/transaction/files.go:88.10,90.4 1 0
github.com/relux-works/curator/internal/transaction/files.go:92.2,92.50 1 1
github.com/relux-works/curator/internal/transaction/files.go:92.50,94.3 1 0
github.com/relux-works/curator/internal/transaction/files.go:95.2,95.43 1 1
github.com/relux-works/curator/internal/transaction/files.go:95.43,97.3 1 0
github.com/relux-works/curator/internal/transaction/files.go:98.2,98.38 1 1
github.com/relux-works/curator/internal/transaction/files.go:98.38,100.3 1 0
github.com/relux-works/curator/internal/transaction/files.go:101.2,101.39 1 1
github.com/relux-works/curator/internal/transaction/files.go:101.39,103.3 1 0
github.com/relux-works/curator/internal/transaction/files.go:104.2,105.12 2 1
github.com/relux-works/curator/internal/transaction/files.go:108.34,110.16 2 1
github.com/relux-works/curator/internal/transaction/files.go:110.16,112.3 1 0
github.com/relux-works/curator/internal/transaction/files.go:113.2,113.29 1 1
github.com/relux-works/curator/internal/transaction/files.go:113.29,115.17 2 1
github.com/relux-works/curator/internal/transaction/files.go:115.17,117.4 1 0
github.com/relux-works/curator/internal/transaction/files.go:118.3,118.48 1 1
github.com/relux-works/curator/internal/transaction/files.go:120.2,120.54 1 1
github.com/relux-works/curator/internal/transaction/files.go:120.54,122.3 1 0
github.com/relux-works/curator/internal/transaction/files.go:123.2,124.16 2 1
github.com/relux-works/curator/internal/transaction/files.go:124.16,126.3 1 0
github.com/relux-works/curator/internal/transaction/files.go:127.2,127.32 1 1
github.com/relux-works/curator/internal/transaction/files.go:127.32,128.69 1 1
github.com/relux-works/curator/internal/transaction/files.go:128.69,130.4 1 0
github.com/relux-works/curator/internal/transaction/files.go:132.2,132.28 1 1
github.com/relux-works/curator/internal/transaction/journal.go:19.64,21.2 1 1
github.com/relux-works/curator/internal/transaction/journal.go:23.43,24.17 1 1
github.com/relux-works/curator/internal/transaction/journal.go:24.17,26.3 1 1
github.com/relux-works/curator/internal/transaction/journal.go:27.2,28.22 2 1
github.com/relux-works/curator/internal/transaction/journal.go:29.98,30.20 1 1
github.com/relux-works/curator/internal/transaction/journal.go:30.20,32.4 1 1
github.com/relux-works/curator/internal/transaction/journal.go:34.2,34.42 1 1
github.com/relux-works/curator/internal/transaction/journal.go:34.42,36.3 1 1
github.com/relux-works/curator/internal/transaction/journal.go:37.2,37.12 1 1
github.com/relux-works/curator/internal/transaction/journal.go:40.49,42.2 1 1
github.com/relux-works/curator/internal/transaction/journal.go:44.48,46.16 2 1
github.com/relux-works/curator/internal/transaction/journal.go:46.16,47.55 1 1
github.com/relux-works/curator/internal/transaction/journal.go:47.55,49.4 1 0
github.com/relux-works/curator/internal/transaction/journal.go:50.3,50.13 1 1
github.com/relux-works/curator/internal/transaction/journal.go:52.2,52.25 1 1
github.com/relux-works/curator/internal/transaction/journal.go:52.25,54.3 1 0
github.com/relux-works/curator/internal/transaction/journal.go:55.2,56.20 2 1
github.com/relux-works/curator/internal/transaction/journal.go:56.20,58.3 1 0
github.com/relux-works/curator/internal/transaction/journal.go:59.2,59.55 1 1
github.com/relux-works/curator/internal/transaction/journal.go:59.55,61.3 1 0
github.com/relux-works/curator/internal/transaction/journal.go:62.2,62.66 1 1
github.com/relux-works/curator/internal/transaction/journal.go:62.66,64.3 1 0
github.com/relux-works/curator/internal/transaction/journal.go:65.2,65.44 1 1
github.com/relux-works/curator/internal/transaction/journal.go:65.44,67.3 1 0
github.com/relux-works/curator/internal/transaction/journal.go:68.2,68.30 1 1
github.com/relux-works/curator/internal/transaction/journal.go:71.59,72.56 1 1
github.com/relux-works/curator/internal/transaction/journal.go:72.56,74.3 1 0
github.com/relux-works/curator/internal/transaction/journal.go:75.2,75.51 1 1
github.com/relux-works/curator/internal/transaction/journal.go:75.51,77.3 1 0
github.com/relux-works/curator/internal/transaction/journal.go:78.2,79.16 2 1
github.com/relux-works/curator/internal/transaction/journal.go:79.16,81.3 1 0
github.com/relux-works/curator/internal/transaction/journal.go:82.2,83.54 2 1
github.com/relux-works/curator/internal/transaction/journal.go:83.54,85.3 1 0
github.com/relux-works/curator/internal/transaction/journal.go:85.8,85.32 1 1
github.com/relux-works/curator/internal/transaction/journal.go:85.32,87.3 1 0
github.com/relux-works/curator/internal/transaction/journal.go:88.2,89.16 2 1
github.com/relux-works/curator/internal/transaction/journal.go:89.16,91.3 1 0
github.com/relux-works/curator/internal/transaction/journal.go:92.2,94.15 3 1
github.com/relux-works/curator/internal/transaction/journal.go:94.15,96.10 2 1
github.com/relux-works/curator/internal/transaction/journal.go:96.10,98.4 1 0
github.com/relux-works/curator/internal/transaction/journal.go:100.2,100.47 1 1
github.com/relux-works/curator/internal/transaction/journal.go:100.47,102.3 1 0
github.com/relux-works/curator/internal/transaction/journal.go:103.2,103.52 1 1
github.com/relux-works/curator/internal/transaction/journal.go:103.52,105.3 1 0
github.com/relux-works/curator/internal/transaction/journal.go:106.2,106.41 1 1
github.com/relux-works/curator/internal/transaction/journal.go:106.41,108.3 1 0
github.com/relux-works/curator/internal/transaction/journal.go:109.2,109.42 1 1
github.com/relux-works/curator/internal/transaction/journal.go:109.42,111.3 1 0
github.com/relux-works/curator/internal/transaction/journal.go:112.2,112.42 1 1
github.com/relux-works/curator/internal/transaction/journal.go:112.42,113.65 1 1
github.com/relux-works/curator/internal/transaction/journal.go:113.65,115.4 1 0
github.com/relux-works/curator/internal/transaction/journal.go:116.8,116.31 1 1
github.com/relux-works/curator/internal/transaction/journal.go:116.31,117.69 1 1
github.com/relux-works/curator/internal/transaction/journal.go:117.69,119.4 1 0
github.com/relux-works/curator/internal/transaction/journal.go:120.8,122.3 1 0
github.com/relux-works/curator/internal/transaction/journal.go:123.2,124.12 2 1
github.com/relux-works/curator/internal/transaction/journal.go:127.55,129.16 2 1
github.com/relux-works/curator/internal/transaction/journal.go:129.16,131.3 1 0
github.com/relux-works/curator/internal/transaction/journal.go:132.2,132.35 1 1
github.com/relux-works/curator/internal/transaction/journal.go:135.75,136.54 1 1
github.com/relux-works/curator/internal/transaction/journal.go:136.54,138.3 1 0
github.com/relux-works/curator/internal/transaction/journal.go:139.2,140.16 2 1
github.com/relux-works/curator/internal/transaction/journal.go:140.16,142.3 1 0
github.com/relux-works/curator/internal/transaction/journal.go:143.2,144.16 2 1
github.com/relux-works/curator/internal/transaction/journal.go:144.16,146.3 1 0
github.com/relux-works/curator/internal/transaction/journal.go:147.2,147.101 1 1
github.com/relux-works/curator/internal/transaction/journal.go:147.101,149.3 1 1
github.com/relux-works/curator/internal/transaction/journal.go:150.2,151.16 2 1
github.com/relux-works/curator/internal/transaction/journal.go:151.16,153.3 1 0
github.com/relux-works/curator/internal/transaction/journal.go:154.2,155.76 2 1
github.com/relux-works/curator/internal/transaction/journal.go:155.76,158.3 2 0
github.com/relux-works/curator/internal/transaction/journal.go:159.2,161.39 3 1
github.com/relux-works/curator/internal/transaction/journal.go:161.39,163.3 1 0
github.com/relux-works/curator/internal/transaction/journal.go:164.2,164.33 1 1
github.com/relux-works/curator/internal/transaction/journal.go:164.33,166.3 1 0
github.com/relux-works/curator/internal/transaction/journal.go:167.2,170.49 4 1
github.com/relux-works/curator/internal/transaction/journal.go:170.49,172.3 1 1
github.com/relux-works/curator/internal/transaction/journal.go:173.2,173.47 1 1
github.com/relux-works/curator/internal/transaction/journal.go:173.47,175.3 1 1
github.com/relux-works/curator/internal/transaction/journal.go:176.2,176.57 1 1
github.com/relux-works/curator/internal/transaction/journal.go:176.57,178.3 1 0
github.com/relux-works/curator/internal/transaction/journal.go:179.2,179.84 1 1
github.com/relux-works/curator/internal/transaction/journal.go:179.84,181.3 1 0
github.com/relux-works/curator/internal/transaction/journal.go:182.2,183.16 2 1
github.com/relux-works/curator/internal/transaction/journal.go:183.16,185.3 1 0
github.com/relux-works/curator/internal/transaction/journal.go:186.2,186.38 1 1
github.com/relux-works/curator/internal/transaction/journal.go:186.38,188.3 1 1
github.com/relux-works/curator/internal/transaction/journal.go:189.2,189.22 1 1
github.com/relux-works/curator/internal/transaction/journal.go:192.85,199.47 7 1
github.com/relux-works/curator/internal/transaction/journal.go:199.47,201.3 1 0
github.com/relux-works/curator/internal/transaction/journal.go:202.2,202.47 1 1
github.com/relux-works/curator/internal/transaction/journal.go:202.47,204.3 1 0
github.com/relux-works/curator/internal/transaction/journal.go:205.2,205.30 1 1
github.com/relux-works/curator/internal/transaction/journal.go:205.30,207.3 1 0
github.com/relux-works/curator/internal/transaction/journal.go:208.2,208.16 1 1
github.com/relux-works/curator/internal/transaction/journal.go:208.16,210.3 1 1
github.com/relux-works/curator/internal/transaction/journal.go:211.2,211.16 1 1
github.com/relux-works/curator/internal/transaction/journal.go:211.16,213.3 1 1
github.com/relux-works/curator/internal/transaction/journal.go:214.2,214.34 1 0
github.com/relux-works/curator/internal/transaction/journal.go:217.49,220.28 3 1
github.com/relux-works/curator/internal/transaction/journal.go:220.28,222.3 1 1
github.com/relux-works/curator/internal/transaction/journal.go:223.2,223.16 1 1
github.com/relux-works/curator/internal/transaction/journal.go:223.16,225.3 1 1
github.com/relux-works/curator/internal/transaction/journal.go:226.2,226.12 1 0
github.com/relux-works/curator/internal/transaction/journal.go:229.46,230.115 1 1
github.com/relux-works/curator/internal/transaction/journal.go:230.115,232.3 1 1
github.com/relux-works/curator/internal/transaction/journal.go:233.2,233.74 1 1
github.com/relux-works/curator/internal/transaction/journal.go:233.74,235.3 1 1
github.com/relux-works/curator/internal/transaction/journal.go:236.2,236.23 1 1
github.com/relux-works/curator/internal/transaction/journal.go:237.108,237.108 0 1
github.com/relux-works/curator/internal/transaction/journal.go:238.10,239.56 1 1
github.com/relux-works/curator/internal/transaction/journal.go:241.2,241.31 1 1
github.com/relux-works/curator/internal/transaction/journal.go:241.31,242.112 1 1
github.com/relux-works/curator/internal/transaction/journal.go:242.112,244.4 1 1
github.com/relux-works/curator/internal/transaction/journal.go:245.3,246.13 2 1
github.com/relux-works/curator/internal/transaction/journal.go:246.13,248.4 1 1
github.com/relux-works/curator/internal/transaction/journal.go:249.3,249.124 1 1
github.com/relux-works/curator/internal/transaction/journal.go:249.124,251.4 1 1
github.com/relux-works/curator/internal/transaction/journal.go:252.3,252.72 1 1
github.com/relux-works/curator/internal/transaction/journal.go:252.72,254.4 1 0
github.com/relux-works/curator/internal/transaction/journal.go:255.8,255.76 1 1
github.com/relux-works/curator/internal/transaction/journal.go:255.76,257.3 1 1
github.com/relux-works/curator/internal/transaction/journal.go:258.2,258.55 1 1
github.com/relux-works/curator/internal/transaction/journal.go:258.55,260.3 1 1
github.com/relux-works/curator/internal/transaction/journal.go:261.2,261.31 1 1
github.com/relux-works/curator/internal/transaction/journal.go:261.31,263.3 1 1
github.com/relux-works/curator/internal/transaction/journal.go:264.2,264.37 1 1
github.com/relux-works/curator/internal/transaction/journal.go:264.37,266.113 2 1
github.com/relux-works/curator/internal/transaction/journal.go:266.113,268.4 1 1
github.com/relux-works/curator/internal/transaction/journal.go:269.3,269.80 1 1
github.com/relux-works/curator/internal/transaction/journal.go:269.80,271.4 1 1
github.com/relux-works/curator/internal/transaction/journal.go:272.3,272.184 1 1
github.com/relux-works/curator/internal/transaction/journal.go:272.184,274.4 1 1
github.com/relux-works/curator/internal/transaction/journal.go:275.3,275.238 1 1
github.com/relux-works/curator/internal/transaction/journal.go:275.238,277.4 1 1
github.com/relux-works/curator/internal/transaction/journal.go:278.3,279.43 2 1
github.com/relux-works/curator/internal/transaction/journal.go:279.43,281.4 1 1
github.com/relux-works/curator/internal/transaction/journal.go:282.3,282.232 1 1
github.com/relux-works/curator/internal/transaction/journal.go:282.232,284.4 1 1
github.com/relux-works/curator/internal/transaction/journal.go:285.3,285.73 1 1
github.com/relux-works/curator/internal/transaction/journal.go:285.73,287.4 1 1
github.com/relux-works/curator/internal/transaction/journal.go:288.3,288.73 1 1
github.com/relux-works/curator/internal/transaction/journal.go:288.73,290.4 1 1
github.com/relux-works/curator/internal/transaction/journal.go:291.3,291.79 1 1
github.com/relux-works/curator/internal/transaction/journal.go:291.79,293.4 1 1
github.com/relux-works/curator/internal/transaction/journal.go:294.3,294.219 1 1
github.com/relux-works/curator/internal/transaction/journal.go:294.219,296.4 1 1
github.com/relux-works/curator/internal/transaction/journal.go:297.3,297.112 1 1
github.com/relux-works/curator/internal/transaction/journal.go:297.112,299.4 1 1
github.com/relux-works/curator/internal/transaction/journal.go:300.3,300.65 1 1
github.com/relux-works/curator/internal/transaction/journal.go:300.65,301.106 1 1
github.com/relux-works/curator/internal/transaction/journal.go:301.106,303.5 1 0
github.com/relux-works/curator/internal/transaction/journal.go:304.4,304.72 1 1
github.com/relux-works/curator/internal/transaction/journal.go:304.72,306.5 1 0
github.com/relux-works/curator/internal/transaction/journal.go:307.4,307.267 1 1
github.com/relux-works/curator/internal/transaction/journal.go:307.267,309.5 1 0
github.com/relux-works/curator/internal/transaction/journal.go:310.9,310.178 1 1
github.com/relux-works/curator/internal/transaction/journal.go:310.178,312.4 1 0
github.com/relux-works/curator/internal/transaction/journal.go:313.3,313.69 1 1
github.com/relux-works/curator/internal/transaction/journal.go:313.69,315.4 1 1
github.com/relux-works/curator/internal/transaction/journal.go:316.3,316.23 1 1
github.com/relux-works/curator/internal/transaction/journal.go:317.69,317.69 0 1
github.com/relux-works/curator/internal/transaction/journal.go:318.11,319.73 1 1
github.com/relux-works/curator/internal/transaction/journal.go:322.2,322.77 1 1
github.com/relux-works/curator/internal/transaction/journal.go:322.77,324.3 1 1
github.com/relux-works/curator/internal/transaction/journal.go:325.2,325.12 1 1
github.com/relux-works/curator/internal/transaction/journal.go:328.63,329.49 1 1
github.com/relux-works/curator/internal/transaction/journal.go:329.49,331.3 1 1
github.com/relux-works/curator/internal/transaction/journal.go:332.2,336.17 1 1
github.com/relux-works/curator/internal/transaction/journal.go:336.17,338.3 1 1
github.com/relux-works/curator/internal/transaction/journal.go:339.2,339.12 1 1
github.com/relux-works/curator/internal/transaction/journal.go:342.35,344.2 1 1
github.com/relux-works/curator/internal/transaction/journal.go:346.37,347.27 1 1
github.com/relux-works/curator/internal/transaction/journal.go:347.27,349.3 1 1
github.com/relux-works/curator/internal/transaction/journal.go:350.2,350.77 1 1
github.com/relux-works/curator/internal/transaction/journal.go:350.77,352.3 1 1
github.com/relux-works/curator/internal/transaction/journal.go:353.2,353.47 1 1
github.com/relux-works/curator/internal/transaction/journal.go:353.47,354.67 1 1
github.com/relux-works/curator/internal/transaction/journal.go:354.67,356.4 1 0
github.com/relux-works/curator/internal/transaction/journal.go:358.2,358.13 1 1
github.com/relux-works/curator/internal/transaction/journal.go:361.48,362.35 1 1
github.com/relux-works/curator/internal/transaction/journal.go:362.35,363.102 1 1
github.com/relux-works/curator/internal/transaction/journal.go:363.102,365.4 1 1
github.com/relux-works/curator/internal/transaction/journal.go:367.2,367.13 1 1
github.com/relux-works/curator/internal/transaction/journal.go:370.59,371.56 1 1
github.com/relux-works/curator/internal/transaction/journal.go:371.56,373.3 1 0
github.com/relux-works/curator/internal/transaction/journal.go:374.2,375.36 2 1
github.com/relux-works/curator/internal/transaction/journal.go:375.36,376.141 1 1
github.com/relux-works/curator/internal/transaction/journal.go:376.141,378.4 1 0
github.com/relux-works/curator/internal/transaction/journal.go:379.3,379.31 1 1
github.com/relux-works/curator/internal/transaction/journal.go:379.31,380.178 1 1
github.com/relux-works/curator/internal/transaction/journal.go:380.178,382.5 1 0
github.com/relux-works/curator/internal/transaction/journal.go:384.3,384.25 1 1
github.com/relux-works/curator/internal/transaction/journal.go:384.25,386.4 1 0
github.com/relux-works/curator/internal/transaction/journal.go:387.3,387.21 1 1
github.com/relux-works/curator/internal/transaction/journal.go:388.20,389.26 1 1
github.com/relux-works/curator/internal/transaction/journal.go:389.26,391.5 1 0
github.com/relux-works/curator/internal/transaction/journal.go:392.15,393.66 1 1
github.com/relux-works/curator/internal/transaction/journal.go:393.66,395.5 1 0
github.com/relux-works/curator/internal/transaction/journal.go:396.11,397.84 1 0
github.com/relux-works/curator/internal/transaction/journal.go:399.3,399.37 1 1
github.com/relux-works/curator/internal/transaction/journal.go:401.2,401.36 1 1
github.com/relux-works/curator/internal/transaction/journal.go:401.36,403.20 2 1
github.com/relux-works/curator/internal/transaction/journal.go:403.20,405.4 1 1
github.com/relux-works/curator/internal/transaction/journal.go:406.3,407.48 2 1
github.com/relux-works/curator/internal/transaction/journal.go:407.48,409.4 1 0
github.com/relux-works/curator/internal/transaction/journal.go:411.2,411.12 1 1
github.com/relux-works/curator/internal/transaction/journal.go:414.54,416.24 2 1
github.com/relux-works/curator/internal/transaction/journal.go:416.24,418.3 1 0
github.com/relux-works/curator/internal/transaction/journal.go:419.2,419.16 1 1
github.com/relux-works/curator/internal/transaction/journal.go:419.16,421.3 1 0
github.com/relux-works/curator/internal/transaction/journal.go:422.2,423.32 2 1
github.com/relux-works/curator/internal/transaction/journal.go:423.32,426.10 3 1
github.com/relux-works/curator/internal/transaction/journal.go:427.48,428.27 1 1
github.com/relux-works/curator/internal/transaction/journal.go:429.41,430.20 1 1
github.com/relux-works/curator/internal/transaction/journal.go:431.11,432.12 1 0
github.com/relux-works/curator/internal/transaction/journal.go:434.3,435.44 2 1
github.com/relux-works/curator/internal/transaction/journal.go:435.44,437.4 1 0
github.com/relux-works/curator/internal/transaction/journal.go:438.3,438.40 1 1
github.com/relux-works/curator/internal/transaction/journal.go:438.40,440.4 1 0
github.com/relux-works/curator/internal/transaction/journal.go:441.3,441.18 1 1
github.com/relux-works/curator/internal/transaction/journal.go:443.2,444.23 2 1
github.com/relux-works/curator/internal/transaction/journal.go:444.23,446.3 1 1
github.com/relux-works/curator/internal/transaction/journal.go:447.2,447.38 1 1
github.com/relux-works/curator/internal/transaction/journal.go:447.38,447.98 1 1
github.com/relux-works/curator/internal/transaction/journal.go:448.2,448.17 1 1
github.com/relux-works/curator/internal/transaction/journal.go:451.55,453.2 1 1
github.com/relux-works/curator/internal/transaction/journal.go:455.81,456.66 1 1
github.com/relux-works/curator/internal/transaction/journal.go:456.66,458.3 1 0
github.com/relux-works/curator/internal/transaction/journal.go:459.2,460.89 2 1
github.com/relux-works/curator/internal/transaction/journal.go:460.89,461.21 1 1
github.com/relux-works/curator/internal/transaction/journal.go:461.21,463.4 1 0
github.com/relux-works/curator/internal/transaction/journal.go:464.3,464.85 1 1
github.com/relux-works/curator/internal/transaction/journal.go:464.85,466.4 1 0
github.com/relux-works/curator/internal/transaction/journal.go:467.3,468.17 2 1
github.com/relux-works/curator/internal/transaction/journal.go:468.17,470.4 1 0
github.com/relux-works/curator/internal/transaction/journal.go:471.3,471.22 1 1
github.com/relux-works/curator/internal/transaction/journal.go:471.22,473.4 1 1
github.com/relux-works/curator/internal/transaction/journal.go:473.9,475.4 1 1
github.com/relux-works/curator/internal/transaction/journal.go:476.3,477.19 2 1
github.com/relux-works/curator/internal/transaction/journal.go:477.19,479.4 1 1
github.com/relux-works/curator/internal/transaction/journal.go:479.9,482.18 3 1
github.com/relux-works/curator/internal/transaction/journal.go:482.18,484.5 1 0
github.com/relux-works/curator/internal/transaction/journal.go:486.3,487.13 2 1
github.com/relux-works/curator/internal/transaction/journal.go:489.2,489.16 1 1
github.com/relux-works/curator/internal/transaction/journal.go:489.16,491.3 1 0
github.com/relux-works/curator/internal/transaction/journal.go:492.2,492.42 1 1
github.com/relux-works/curator/internal/transaction/journal.go:492.42,494.3 1 1
github.com/relux-works/curator/internal/transaction/journal.go:495.2,495.56 1 1
github.com/relux-works/curator/internal/transaction/journal.go:495.56,497.3 1 0
github.com/relux-works/curator/internal/transaction/journal.go:498.2,498.66 1 1
github.com/relux-works/curator/internal/transaction/journal.go:498.66,500.3 1 0
github.com/relux-works/curator/internal/transaction/journal.go:501.2,501.21 1 1
github.com/relux-works/curator/internal/transaction/journal.go:504.70,505.26 1 1
github.com/relux-works/curator/internal/transaction/journal.go:505.26,507.3 1 1
github.com/relux-works/curator/internal/transaction/journal.go:508.2,508.34 1 1
github.com/relux-works/curator/internal/transaction/journal.go:508.34,510.3 1 0
github.com/relux-works/curator/internal/transaction/journal.go:511.2,516.47 6 1
github.com/relux-works/curator/internal/transaction/journal.go:516.47,518.3 1 0
github.com/relux-works/curator/internal/transaction/journal.go:519.2,519.47 1 1
github.com/relux-works/curator/internal/transaction/journal.go:519.47,521.3 1 0
github.com/relux-works/curator/internal/transaction/journal.go:522.2,522.30 1 1
github.com/relux-works/curator/internal/transaction/journal.go:522.30,524.3 1 1
github.com/relux-works/curator/internal/transaction/journal.go:525.2,525.16 1 1
github.com/relux-works/curator/internal/transaction/journal.go:525.16,527.3 1 0
github.com/relux-works/curator/internal/transaction/journal.go:528.2,528.17 1 1
github.com/relux-works/curator/internal/transaction/journal.go:528.17,530.3 1 1
github.com/relux-works/curator/internal/transaction/journal.go:531.2,531.66 1 1
github.com/relux-works/curator/internal/transaction/journal.go:531.66,533.3 1 0
github.com/relux-works/curator/internal/transaction/journal.go:534.2,534.18 1 1
github.com/relux-works/curator/internal/transaction/journal.go:537.105,538.26 1 1
github.com/relux-works/curator/internal/transaction/journal.go:538.26,540.3 1 0
github.com/relux-works/curator/internal/transaction/journal.go:541.2,541.34 1 1
github.com/relux-works/curator/internal/transaction/journal.go:541.34,543.3 1 0
github.com/relux-works/curator/internal/transaction/journal.go:544.2,549.47 6 1
github.com/relux-works/curator/internal/transaction/journal.go:549.47,551.3 1 0
github.com/relux-works/curator/internal/transaction/journal.go:552.2,552.47 1 1
github.com/relux-works/curator/internal/transaction/journal.go:552.47,554.3 1 0
github.com/relux-works/curator/internal/transaction/journal.go:555.2,555.30 1 1
github.com/relux-works/curator/internal/transaction/journal.go:555.30,557.3 1 0
github.com/relux-works/curator/internal/transaction/journal.go:558.2,558.16 1 1
github.com/relux-works/curator/internal/transaction/journal.go:558.16,559.67 1 1
github.com/relux-works/curator/internal/transaction/journal.go:559.67,561.4 1 1
github.com/relux-works/curator/internal/transaction/journal.go:563.2,563.16 1 1
github.com/relux-works/curator/internal/transaction/journal.go:563.16,564.67 1 1
github.com/relux-works/curator/internal/transaction/journal.go:564.67,566.4 1 0
github.com/relux-works/curator/internal/transaction/journal.go:567.3,567.60 1 1
github.com/relux-works/curator/internal/transaction/journal.go:567.60,569.4 1 0
github.com/relux-works/curator/internal/transaction/journal.go:570.3,570.67 1 1
github.com/relux-works/curator/internal/transaction/journal.go:570.67,572.4 1 0
github.com/relux-works/curator/internal/transaction/journal.go:573.3,573.25 1 1
github.com/relux-works/curator/internal/transaction/journal.go:573.25,574.40 1 0
github.com/relux-works/curator/internal/transaction/journal.go:574.40,576.5 1 0
github.com/relux-works/curator/internal/transaction/journal.go:578.3,578.20 1 1
github.com/relux-works/curator/internal/transaction/journal.go:580.2,580.17 1 1
github.com/relux-works/curator/internal/transaction/journal.go:580.17,582.3 1 0
github.com/relux-works/curator/internal/transaction/journal.go:583.2,583.42 1 1
github.com/relux-works/curator/internal/transaction/journal.go:583.42,585.3 1 0
github.com/relux-works/curator/internal/transaction/journal.go:585.8,585.32 1 1
github.com/relux-works/curator/internal/transaction/journal.go:585.32,587.3 1 0
github.com/relux-works/curator/internal/transaction/journal.go:588.2,588.46 1 1
github.com/relux-works/curator/internal/transaction/journal.go:591.70,593.24 2 1
github.com/relux-works/curator/internal/transaction/journal.go:593.24,595.3 1 0
github.com/relux-works/curator/internal/transaction/journal.go:596.2,596.16 1 1
github.com/relux-works/curator/internal/transaction/journal.go:596.16,598.3 1 0
github.com/relux-works/curator/internal/transaction/journal.go:599.2,599.84 1 1
github.com/relux-works/curator/internal/transaction/journal.go:599.84,601.3 1 0
github.com/relux-works/curator/internal/transaction/journal.go:602.2,602.18 1 1
github.com/relux-works/curator/internal/transaction/journal.go:602.18,604.17 2 0
github.com/relux-works/curator/internal/transaction/journal.go:604.17,606.4 1 0
github.com/relux-works/curator/internal/transaction/journal.go:607.3,607.33 1 0
github.com/relux-works/curator/internal/transaction/journal.go:607.33,608.93 1 0
github.com/relux-works/curator/internal/transaction/journal.go:608.93,610.5 1 0
github.com/relux-works/curator/internal/transaction/journal.go:613.2,613.40 1 1
github.com/relux-works/curator/internal/transaction/journal.go:613.40,615.3 1 0
github.com/relux-works/curator/internal/transaction/journal.go:616.2,616.58 1 1
github.com/relux-works/curator/internal/transaction/journal.go:616.58,618.3 1 0
github.com/relux-works/curator/internal/transaction/journal.go:619.2,619.25 1 1
github.com/relux-works/curator/internal/transaction/journal.go:619.25,621.3 1 0
github.com/relux-works/curator/internal/transaction/journal.go:622.2,622.12 1 1
github.com/relux-works/curator/internal/transaction/journal.go:625.130,626.56 1 1
github.com/relux-works/curator/internal/transaction/journal.go:626.56,628.3 1 0
github.com/relux-works/curator/internal/transaction/journal.go:629.2,634.47 6 1
github.com/relux-works/curator/internal/transaction/journal.go:634.47,636.3 1 0
github.com/relux-works/curator/internal/transaction/journal.go:637.2,637.47 1 1
github.com/relux-works/curator/internal/transaction/journal.go:637.47,639.3 1 0
github.com/relux-works/curator/internal/transaction/journal.go:640.2,640.30 1 1
github.com/relux-works/curator/internal/transaction/journal.go:640.30,642.3 1 0
github.com/relux-works/curator/internal/transaction/journal.go:643.2,643.16 1 1
github.com/relux-works/curator/internal/transaction/journal.go:643.16,644.67 1 1
github.com/relux-works/curator/internal/transaction/journal.go:644.67,646.4 1 0
github.com/relux-works/curator/internal/transaction/journal.go:647.3,647.66 1 1
github.com/relux-works/curator/internal/transaction/journal.go:647.66,649.4 1 0
github.com/relux-works/curator/internal/transaction/journal.go:650.3,650.60 1 1
github.com/relux-works/curator/internal/transaction/journal.go:650.60,652.4 1 0
github.com/relux-works/curator/internal/transaction/journal.go:653.3,653.66 1 1
github.com/relux-works/curator/internal/transaction/journal.go:653.66,655.4 1 0
github.com/relux-works/curator/internal/transaction/journal.go:656.3,656.25 1 1
github.com/relux-works/curator/internal/transaction/journal.go:656.25,657.40 1 1
github.com/relux-works/curator/internal/transaction/journal.go:657.40,659.5 1 1
github.com/relux-works/curator/internal/transaction/journal.go:661.3,661.20 1 1
github.com/relux-works/curator/internal/transaction/journal.go:663.2,663.17 1 1
github.com/relux-works/curator/internal/transaction/journal.go:663.17,665.3 1 0
github.com/relux-works/curator/internal/transaction/journal.go:666.2,666.42 1 1
github.com/relux-works/curator/internal/transaction/journal.go:666.42,668.3 1 0
github.com/relux-works/curator/internal/transaction/journal.go:668.8,668.32 1 1
github.com/relux-works/curator/internal/transaction/journal.go:668.32,670.3 1 0
github.com/relux-works/curator/internal/transaction/journal.go:671.2,671.66 1 1
github.com/relux-works/curator/internal/transaction/journal.go:671.66,673.3 1 1
github.com/relux-works/curator/internal/transaction/journal.go:674.2,674.53 1 1
github.com/relux-works/curator/internal/transaction/journal.go:674.53,677.31 3 1
github.com/relux-works/curator/internal/transaction/journal.go:677.31,679.4 1 1
github.com/relux-works/curator/internal/transaction/journal.go:680.3,681.25 2 1
github.com/relux-works/curator/internal/transaction/journal.go:681.25,682.12 1 1
github.com/relux-works/curator/internal/transaction/journal.go:684.3,684.17 1 1
github.com/relux-works/curator/internal/transaction/journal.go:684.17,686.4 1 0
github.com/relux-works/curator/internal/transaction/journal.go:687.3,687.66 1 1
github.com/relux-works/curator/internal/transaction/journal.go:687.66,689.4 1 0
github.com/relux-works/curator/internal/transaction/journal.go:690.3,690.44 1 1
github.com/relux-works/curator/internal/transaction/journal.go:690.44,691.33 1 0
github.com/relux-works/curator/internal/transaction/journal.go:691.33,693.5 1 0
github.com/relux-works/curator/internal/transaction/journal.go:694.4,694.14 1 0
github.com/relux-works/curator/internal/transaction/journal.go:696.3,696.62 1 1
github.com/relux-works/curator/internal/transaction/journal.go:696.62,698.4 1 0
github.com/relux-works/curator/internal/transaction/journal.go:699.3,699.26 1 1
github.com/relux-works/curator/internal/transaction/journal.go:699.26,700.41 1 1
github.com/relux-works/curator/internal/transaction/journal.go:700.41,702.5 1 1
github.com/relux-works/curator/internal/transaction/journal.go:705.2,705.12 1 1
github.com/relux-works/curator/internal/transaction/journal.go:708.91,710.32 2 1
github.com/relux-works/curator/internal/transaction/journal.go:710.32,712.3 1 1
github.com/relux-works/curator/internal/transaction/journal.go:713.2,714.89 2 1
github.com/relux-works/curator/internal/transaction/journal.go:714.89,715.21 1 1
github.com/relux-works/curator/internal/transaction/journal.go:715.21,717.4 1 0
github.com/relux-works/curator/internal/transaction/journal.go:718.3,719.17 2 1
github.com/relux-works/curator/internal/transaction/journal.go:719.17,721.4 1 0
github.com/relux-works/curator/internal/transaction/journal.go:722.3,722.22 1 1
github.com/relux-works/curator/internal/transaction/journal.go:722.22,724.4 1 1
github.com/relux-works/curator/internal/transaction/journal.go:724.9,726.4 1 1
github.com/relux-works/curator/internal/transaction/journal.go:727.3,728.13 2 1
github.com/relux-works/curator/internal/transaction/journal.go:728.13,730.4 1 1
github.com/relux-works/curator/internal/transaction/journal.go:731.3,731.66 1 1
github.com/relux-works/curator/internal/transaction/journal.go:731.66,733.4 1 1
github.com/relux-works/curator/internal/transaction/journal.go:734.3,735.13 2 1
github.com/relux-works/curator/internal/transaction/journal.go:737.2,737.16 1 1
github.com/relux-works/curator/internal/transaction/journal.go:737.16,739.3 1 1
github.com/relux-works/curator/internal/transaction/journal.go:740.2,740.50 1 1
github.com/relux-works/curator/internal/transaction/journal.go:740.50,742.3 1 0
github.com/relux-works/curator/internal/transaction/journal.go:743.2,743.12 1 1
github.com/relux-works/curator/internal/transaction/journal.go:746.82,747.81 1 1
github.com/relux-works/curator/internal/transaction/journal.go:747.81,749.3 1 0
github.com/relux-works/curator/internal/transaction/journal.go:750.2,750.20 1 1
github.com/relux-works/curator/internal/transaction/journal.go:751.19,752.20 1 1
github.com/relux-works/curator/internal/transaction/journal.go:752.20,754.4 1 0
github.com/relux-works/curator/internal/transaction/journal.go:755.14,756.31 1 1
github.com/relux-works/curator/internal/transaction/journal.go:756.31,758.4 1 0
github.com/relux-works/curator/internal/transaction/journal.go:759.3,760.43 2 1
github.com/relux-works/curator/internal/transaction/journal.go:760.43,762.4 1 1
github.com/relux-works/curator/internal/transaction/journal.go:763.10,764.87 1 0
github.com/relux-works/curator/internal/transaction/journal.go:766.2,766.12 1 1
github.com/relux-works/curator/internal/transaction/journal.go:769.61,771.16 2 1
github.com/relux-works/curator/internal/transaction/journal.go:771.16,773.3 1 0
github.com/relux-works/curator/internal/transaction/journal.go:774.2,774.30 1 1
github.com/relux-works/curator/internal/transaction/journal.go:774.30,776.3 1 1
github.com/relux-works/curator/internal/transaction/journal.go:777.2,777.12 1 1
github.com/relux-works/curator/internal/transaction/journal.go:780.54,782.16 2 1
github.com/relux-works/curator/internal/transaction/journal.go:782.16,784.3 1 0
github.com/relux-works/curator/internal/transaction/journal.go:785.2,785.45 1 1
github.com/relux-works/curator/internal/transaction/journal.go:788.68,790.16 2 1
github.com/relux-works/curator/internal/transaction/journal.go:790.16,792.3 1 0
github.com/relux-works/curator/internal/transaction/journal.go:793.2,793.73 1 1
github.com/relux-works/curator/internal/transaction/journal.go:796.57,797.87 1 1
github.com/relux-works/curator/internal/transaction/journal.go:797.87,799.3 1 1
github.com/relux-works/curator/internal/transaction/journal.go:800.2,800.73 1 1
github.com/relux-works/curator/internal/transaction/namespace.go:22.105,24.29 2 1
github.com/relux-works/curator/internal/transaction/namespace.go:24.29,34.5 2 1
github.com/relux-works/curator/internal/transaction/namespace.go:34.5,35.28 1 1
github.com/relux-works/curator/internal/transaction/namespace.go:35.28,36.13 1 1
github.com/relux-works/curator/internal/transaction/namespace.go:38.4,39.18 2 1
github.com/relux-works/curator/internal/transaction/namespace.go:39.18,41.5 1 1
github.com/relux-works/curator/internal/transaction/namespace.go:42.4,43.18 2 1
github.com/relux-works/curator/internal/transaction/namespace.go:43.18,45.5 1 0
github.com/relux-works/curator/internal/transaction/namespace.go:46.4,47.18 2 1
github.com/relux-works/curator/internal/transaction/namespace.go:47.18,49.5 1 0
github.com/relux-works/curator/internal/transaction/namespace.go:50.4,58.32 2 1
github.com/relux-works/curator/internal/transaction/namespace.go:58.32,61.19 3 1
github.com/relux-works/curator/internal/transaction/namespace.go:61.19,63.6 1 0
github.com/relux-works/curator/internal/transaction/namespace.go:64.5,71.7 1 1
github.com/relux-works/curator/internal/transaction/namespace.go:75.2,75.37 1 1
github.com/relux-works/curator/internal/transaction/namespace.go:75.37,77.17 2 1
github.com/relux-works/curator/internal/transaction/namespace.go:77.17,79.4 1 0
github.com/relux-works/curator/internal/transaction/namespace.go:80.3,81.17 2 1
github.com/relux-works/curator/internal/transaction/namespace.go:81.17,83.4 1 0
github.com/relux-works/curator/internal/transaction/namespace.go:84.3,87.17 4 1
github.com/relux-works/curator/internal/transaction/namespace.go:87.17,89.4 1 0
github.com/relux-works/curator/internal/transaction/namespace.go:90.3,91.35 2 1
github.com/relux-works/curator/internal/transaction/namespace.go:93.2,93.31 1 1
github.com/relux-works/curator/internal/transaction/namespace.go:93.31,94.74 1 1
github.com/relux-works/curator/internal/transaction/namespace.go:94.74,98.18 4 1
github.com/relux-works/curator/internal/transaction/namespace.go:98.18,100.5 1 0
github.com/relux-works/curator/internal/transaction/namespace.go:101.4,101.15 1 1
github.com/relux-works/curator/internal/transaction/namespace.go:101.15,103.5 1 1
github.com/relux-works/curator/internal/transaction/namespace.go:106.2,106.12 1 1
github.com/relux-works/curator/internal/transaction/namespace.go:109.58,110.61 1 1
github.com/relux-works/curator/internal/transaction/namespace.go:110.61,112.3 1 0
github.com/relux-works/curator/internal/transaction/namespace.go:113.2,115.16 3 1
github.com/relux-works/curator/internal/transaction/namespace.go:115.16,117.3 1 1
github.com/relux-works/curator/internal/transaction/namespace.go:118.2,118.25 1 1
github.com/relux-works/curator/internal/transaction/namespace.go:118.25,120.3 1 1
github.com/relux-works/curator/internal/transaction/namespace.go:122.2,124.6 3 1
github.com/relux-works/curator/internal/transaction/namespace.go:124.6,126.23 2 1
github.com/relux-works/curator/internal/transaction/namespace.go:126.23,128.4 1 0
github.com/relux-works/curator/internal/transaction/namespace.go:129.3,132.17 4 1
github.com/relux-works/curator/internal/transaction/namespace.go:132.17,133.55 1 1
github.com/relux-works/curator/internal/transaction/namespace.go:133.55,135.5 1 1
github.com/relux-works/curator/internal/transaction/namespace.go:136.4,136.40 1 1
github.com/relux-works/curator/internal/transaction/namespace.go:138.3,138.26 1 1
github.com/relux-works/curator/internal/transaction/namespace.go:138.26,140.4 1 0
github.com/relux-works/curator/internal/transaction/namespace.go:144.75,147.154 3 1
github.com/relux-works/curator/internal/transaction/namespace.go:147.154,149.3 1 1
github.com/relux-works/curator/internal/transaction/namespace.go:150.2,152.47 3 1
github.com/relux-works/curator/internal/transaction/namespace.go:152.47,154.3 1 0
github.com/relux-works/curator/internal/transaction/namespace.go:155.2,155.49 1 1
github.com/relux-works/curator/internal/transaction/namespace.go:155.49,157.3 1 0
github.com/relux-works/curator/internal/transaction/namespace.go:158.2,158.83 1 1
github.com/relux-works/curator/internal/transaction/namespace.go:161.90,164.129 3 1
github.com/relux-works/curator/internal/transaction/namespace.go:164.129,166.3 1 1
github.com/relux-works/curator/internal/transaction/namespace.go:167.2,167.33 1 1
github.com/relux-works/curator/internal/transaction/namespace.go:167.33,168.104 1 1
github.com/relux-works/curator/internal/transaction/namespace.go:168.104,170.4 1 1
github.com/relux-works/curator/internal/transaction/namespace.go:172.2,172.13 1 1
github.com/relux-works/curator/internal/transaction/namespace.go:175.58,179.63 4 1
github.com/relux-works/curator/internal/transaction/namespace.go:179.63,180.40 1 1
github.com/relux-works/curator/internal/transaction/namespace.go:180.40,182.4 1 1
github.com/relux-works/curator/internal/transaction/namespace.go:183.3,183.70 1 1
github.com/relux-works/curator/internal/transaction/namespace.go:185.2,185.22 1 1
github.com/relux-works/curator/internal/transaction/namespace.go:188.94,189.21 1 1
github.com/relux-works/curator/internal/transaction/namespace.go:189.21,192.3 2 1
github.com/relux-works/curator/internal/transaction/namespace.go:193.2,193.21 1 1
github.com/relux-works/curator/internal/transaction/namespace.go:193.21,195.3 1 1
github.com/relux-works/curator/internal/transaction/namespace.go:196.2,196.22 1 0
github.com/relux-works/curator/internal/transaction/namespace.go:199.61,201.6 2 1
github.com/relux-works/curator/internal/transaction/namespace.go:201.6,202.46 1 1
github.com/relux-works/curator/internal/transaction/namespace.go:202.46,204.4 1 1
github.com/relux-works/curator/internal/transaction/namespace.go:204.9,204.33 1 1
github.com/relux-works/curator/internal/transaction/namespace.go:204.33,206.4 1 0
github.com/relux-works/curator/internal/transaction/namespace.go:207.3,208.24 2 1
github.com/relux-works/curator/internal/transaction/namespace.go:208.24,210.4 1 0
github.com/relux-works/curator/internal/transaction/namespace.go:211.3,211.19 1 1
github.com/relux-works/curator/internal/transaction/namespace_case_darwin.go:13.58,15.16 2 1
github.com/relux-works/curator/internal/transaction/namespace_case_darwin.go:15.16,17.3 1 0
github.com/relux-works/curator/internal/transaction/namespace_case_darwin.go:18.2,19.16 2 1
github.com/relux-works/curator/internal/transaction/namespace_case_darwin.go:19.16,21.3 1 0
github.com/relux-works/curator/internal/transaction/namespace_case_darwin.go:22.2,22.32 1 1
github.com/relux-works/curator/internal/transaction/namespace_case_darwin.go:25.67,27.16 2 1
github.com/relux-works/curator/internal/transaction/namespace_case_darwin.go:27.16,29.3 1 0
github.com/relux-works/curator/internal/transaction/namespace_case_darwin.go:30.2,31.53 2 1
github.com/relux-works/curator/internal/transaction/namespace_case_darwin.go:31.53,33.3 1 0
github.com/relux-works/curator/internal/transaction/namespace_case_darwin.go:34.2,38.57 2 1
github.com/relux-works/curator/internal/transaction/rename_noreplace_darwin.go:11.52,12.67 1 1
github.com/relux-works/curator/internal/transaction/rename_noreplace_darwin.go:12.67,14.3 1 1
github.com/relux-works/curator/internal/transaction/rename_noreplace_darwin.go:15.2,15.56 1 1
github.com/relux-works/curator/internal/transaction/rename_noreplace_darwin.go:15.56,17.3 1 0
github.com/relux-works/curator/internal/transaction/rename_noreplace_darwin.go:18.2,18.44 1 1
github.com/relux-works/curator/internal/transaction/rename_noreplace_darwin.go:18.44,20.3 1 0
github.com/relux-works/curator/internal/transaction/rename_noreplace_darwin.go:21.2,21.12 1 1
github.com/relux-works/curator/internal/transaction/replace_unix.go:5.48,7.2 1 1
github.com/relux-works/curator/internal/transaction/staging.go:13.76,15.55 2 1
github.com/relux-works/curator/internal/transaction/staging.go:15.55,19.53 4 1
github.com/relux-works/curator/internal/transaction/staging.go:19.53,21.4 1 0
github.com/relux-works/curator/internal/transaction/staging.go:22.3,22.80 1 1
github.com/relux-works/curator/internal/transaction/staging.go:22.80,24.4 1 0
github.com/relux-works/curator/internal/transaction/staging.go:25.3,26.53 2 1
github.com/relux-works/curator/internal/transaction/staging.go:26.53,28.4 1 0
github.com/relux-works/curator/internal/transaction/staging.go:29.3,29.27 1 1
github.com/relux-works/curator/internal/transaction/staging.go:29.27,30.78 1 1
github.com/relux-works/curator/internal/transaction/staging.go:30.78,32.5 1 0
github.com/relux-works/curator/internal/transaction/staging.go:34.3,36.17 3 1
github.com/relux-works/curator/internal/transaction/staging.go:36.17,38.4 1 0
github.com/relux-works/curator/internal/transaction/staging.go:39.3,39.63 1 1
github.com/relux-works/curator/internal/transaction/staging.go:39.63,41.4 1 0
github.com/relux-works/curator/internal/transaction/staging.go:42.3,45.53 4 1
github.com/relux-works/curator/internal/transaction/staging.go:45.53,47.4 1 0
github.com/relux-works/curator/internal/transaction/staging.go:49.2,49.12 1 1
github.com/relux-works/curator/internal/transaction/staging.go:52.103,56.49 4 1
github.com/relux-works/curator/internal/transaction/staging.go:56.49,58.3 1 0
github.com/relux-works/curator/internal/transaction/staging.go:58.8,58.32 1 1
github.com/relux-works/curator/internal/transaction/staging.go:58.32,60.3 1 0
github.com/relux-works/curator/internal/transaction/staging.go:61.2,61.20 1 1
github.com/relux-works/curator/internal/transaction/staging.go:62.19,63.50 1 1
github.com/relux-works/curator/internal/transaction/staging.go:63.50,65.4 1 0
github.com/relux-works/curator/internal/transaction/staging.go:66.3,66.72 1 1
github.com/relux-works/curator/internal/transaction/staging.go:66.72,68.4 1 0
github.com/relux-works/curator/internal/transaction/staging.go:69.3,69.52 1 1
github.com/relux-works/curator/internal/transaction/staging.go:69.52,71.4 1 0
github.com/relux-works/curator/internal/transaction/staging.go:72.14,74.17 2 1
github.com/relux-works/curator/internal/transaction/staging.go:74.17,76.4 1 0
github.com/relux-works/curator/internal/transaction/staging.go:77.3,77.65 1 1
github.com/relux-works/curator/internal/transaction/staging.go:77.65,79.4 1 0
github.com/relux-works/curator/internal/transaction/staging.go:80.3,81.17 2 1
github.com/relux-works/curator/internal/transaction/staging.go:81.17,83.4 1 0
github.com/relux-works/curator/internal/transaction/staging.go:84.3,84.61 1 1
github.com/relux-works/curator/internal/transaction/staging.go:84.61,87.4 2 0
github.com/relux-works/curator/internal/transaction/staging.go:88.3,88.37 1 1
github.com/relux-works/curator/internal/transaction/staging.go:88.37,91.4 2 0
github.com/relux-works/curator/internal/transaction/staging.go:92.3,92.38 1 1
github.com/relux-works/curator/internal/transaction/staging.go:92.38,94.4 1 0
github.com/relux-works/curator/internal/transaction/staging.go:95.10,96.63 1 0
github.com/relux-works/curator/internal/transaction/staging.go:98.2,98.49 1 1
github.com/relux-works/curator/internal/transaction/staging.go:101.109,106.16 5 1
github.com/relux-works/curator/internal/transaction/staging.go:106.16,108.3 1 0
github.com/relux-works/curator/internal/transaction/staging.go:109.2,109.15 1 1
github.com/relux-works/curator/internal/transaction/staging.go:109.15,109.63 1 1
github.com/relux-works/curator/internal/transaction/staging.go:110.2,111.16 2 1
github.com/relux-works/curator/internal/transaction/staging.go:111.16,113.3 1 0
github.com/relux-works/curator/internal/transaction/staging.go:114.2,114.15 1 1
github.com/relux-works/curator/internal/transaction/staging.go:114.15,114.68 1 1
github.com/relux-works/curator/internal/transaction/staging.go:115.2,116.6 2 1
github.com/relux-works/curator/internal/transaction/staging.go:116.6,118.16 2 1
github.com/relux-works/curator/internal/transaction/staging.go:118.16,120.18 2 1
github.com/relux-works/curator/internal/transaction/staging.go:120.18,122.5 1 0
github.com/relux-works/curator/internal/transaction/staging.go:123.4,123.24 1 1
github.com/relux-works/curator/internal/transaction/staging.go:123.24,125.5 1 0
github.com/relux-works/curator/internal/transaction/staging.go:126.4,126.45 1 1
github.com/relux-works/curator/internal/transaction/staging.go:126.45,128.5 1 0
github.com/relux-works/curator/internal/transaction/staging.go:129.4,129.84 1 1
github.com/relux-works/curator/internal/transaction/staging.go:129.84,131.5 1 0
github.com/relux-works/curator/internal/transaction/staging.go:133.3,133.33 1 1
github.com/relux-works/curator/internal/transaction/staging.go:133.33,134.9 1 1
github.com/relux-works/curator/internal/transaction/staging.go:136.3,136.21 1 1
github.com/relux-works/curator/internal/transaction/staging.go:136.21,138.4 1 0
github.com/relux-works/curator/internal/transaction/staging.go:140.2,140.12 1 1
github.com/relux-works/curator/internal/transaction/staging.go:143.64,144.37 1 1
github.com/relux-works/curator/internal/transaction/staging.go:144.37,146.3 1 0
github.com/relux-works/curator/internal/transaction/staging.go:147.2,147.62 1 1
github.com/relux-works/curator/internal/transaction/staging.go:147.62,149.3 1 0
github.com/relux-works/curator/internal/transaction/staging.go:150.2,150.61 1 1
github.com/relux-works/curator/internal/transaction/staging.go:150.61,152.30 2 1
github.com/relux-works/curator/internal/transaction/staging.go:152.30,153.12 1 0
github.com/relux-works/curator/internal/transaction/staging.go:155.3,155.30 1 1
github.com/relux-works/curator/internal/transaction/staging.go:155.30,156.64 1 0
github.com/relux-works/curator/internal/transaction/staging.go:156.64,158.5 1 0
github.com/relux-works/curator/internal/transaction/staging.go:158.10,158.37 1 0
github.com/relux-works/curator/internal/transaction/staging.go:158.37,160.5 1 0
github.com/relux-works/curator/internal/transaction/staging.go:161.4,161.12 1 0
github.com/relux-works/curator/internal/transaction/staging.go:163.3,163.57 1 1
github.com/relux-works/curator/internal/transaction/staging.go:163.57,165.4 1 1
github.com/relux-works/curator/internal/transaction/staging.go:166.3,167.17 2 1
github.com/relux-works/curator/internal/transaction/staging.go:167.17,169.4 1 0
github.com/relux-works/curator/internal/transaction/staging.go:170.3,170.29 1 1
github.com/relux-works/curator/internal/transaction/staging.go:170.29,171.12 1 0
github.com/relux-works/curator/internal/transaction/staging.go:173.3,174.17 2 1
github.com/relux-works/curator/internal/transaction/staging.go:174.17,176.4 1 0
github.com/relux-works/curator/internal/transaction/staging.go:177.3,177.57 1 1
github.com/relux-works/curator/internal/transaction/staging.go:177.57,179.4 1 0
github.com/relux-works/curator/internal/transaction/staging.go:180.3,183.53 4 1
github.com/relux-works/curator/internal/transaction/staging.go:183.53,188.4 4 0
github.com/relux-works/curator/internal/transaction/staging.go:189.3,189.142 1 1
github.com/relux-works/curator/internal/transaction/staging.go:189.142,191.4 1 0
github.com/relux-works/curator/internal/transaction/staging.go:193.2,193.37 1 1
github.com/relux-works/curator/internal/transaction/staging.go:193.37,201.3 7 1
github.com/relux-works/curator/internal/transaction/staging.go:202.2,203.52 2 1
github.com/relux-works/curator/internal/transaction/staging.go:203.52,205.3 1 0
github.com/relux-works/curator/internal/transaction/staging.go:206.2,206.33 1 1
github.com/relux-works/curator/internal/transaction/staging.go:209.58,210.29 1 1
github.com/relux-works/curator/internal/transaction/staging.go:210.29,212.3 1 0
github.com/relux-works/curator/internal/transaction/staging.go:213.2,213.160 1 1
github.com/relux-works/curator/internal/transaction/staging.go:213.160,215.3 1 0
github.com/relux-works/curator/internal/transaction/staging.go:216.2,217.50 2 1
github.com/relux-works/curator/internal/transaction/staging.go:217.50,219.3 1 1
github.com/relux-works/curator/internal/transaction/staging.go:220.2,222.28 3 1
github.com/relux-works/curator/internal/transaction/staging.go:222.28,223.56 1 0
github.com/relux-works/curator/internal/transaction/staging.go:223.56,225.4 1 0
github.com/relux-works/curator/internal/transaction/staging.go:226.3,226.13 1 0
github.com/relux-works/curator/internal/transaction/staging.go:228.2,228.20 1 1
github.com/relux-works/curator/internal/transaction/staging.go:228.20,230.3 1 0
github.com/relux-works/curator/internal/transaction/staging.go:231.2,231.102 1 1
github.com/relux-works/curator/internal/transaction/staging.go:231.102,232.21 1 1
github.com/relux-works/curator/internal/transaction/staging.go:232.21,234.4 1 0
github.com/relux-works/curator/internal/transaction/staging.go:235.3,236.17 2 1
github.com/relux-works/curator/internal/transaction/staging.go:236.17,238.4 1 0
github.com/relux-works/curator/internal/transaction/staging.go:239.3,239.22 1 1
github.com/relux-works/curator/internal/transaction/staging.go:239.22,241.4 1 1
github.com/relux-works/curator/internal/transaction/staging.go:241.9,243.4 1 1
github.com/relux-works/curator/internal/transaction/staging.go:244.3,245.13 2 1
github.com/relux-works/curator/internal/transaction/staging.go:245.13,247.4 1 1
github.com/relux-works/curator/internal/transaction/staging.go:248.3,249.10 2 1
github.com/relux-works/curator/internal/transaction/staging.go:250.39,251.67 1 1
github.com/relux-works/curator/internal/transaction/staging.go:251.67,253.5 1 0
github.com/relux-works/curator/internal/transaction/staging.go:254.64,255.83 1 1
github.com/relux-works/curator/internal/transaction/staging.go:255.83,257.5 1 1
github.com/relux-works/curator/internal/transaction/staging.go:258.11,259.135 1 0
github.com/relux-works/curator/internal/transaction/staging.go:261.3,262.13 2 1
github.com/relux-works/curator/internal/transaction/staging.go:264.2,264.16 1 1
github.com/relux-works/curator/internal/transaction/staging.go:264.16,266.3 1 1
github.com/relux-works/curator/internal/transaction/staging.go:267.2,267.55 1 1
github.com/relux-works/curator/internal/transaction/staging.go:267.55,268.38 1 1
github.com/relux-works/curator/internal/transaction/staging.go:268.38,270.4 1 0
github.com/relux-works/curator/internal/transaction/staging.go:272.2,272.51 1 1
github.com/relux-works/curator/internal/transaction/staging.go:272.51,273.52 1 1
github.com/relux-works/curator/internal/transaction/staging.go:273.52,275.4 1 0
github.com/relux-works/curator/internal/transaction/staging.go:277.2,277.12 1 1
github.com/relux-works/curator/internal/transaction/staging.go:280.121,281.37 1 1
github.com/relux-works/curator/internal/transaction/staging.go:281.37,283.3 1 0
github.com/relux-works/curator/internal/transaction/staging.go:284.2,284.31 1 1
github.com/relux-works/curator/internal/transaction/staging.go:284.31,285.91 1 0
github.com/relux-works/curator/internal/transaction/staging.go:285.91,287.4 1 0
github.com/relux-works/curator/internal/transaction/staging.go:288.3,288.13 1 0
github.com/relux-works/curator/internal/transaction/staging.go:290.2,290.54 1 1
github.com/relux-works/curator/internal/transaction/staging.go:290.54,292.3 1 0
github.com/relux-works/curator/internal/transaction/staging.go:293.2,293.28 1 1
github.com/relux-works/curator/internal/transaction/staging.go:293.28,294.23 1 0
github.com/relux-works/curator/internal/transaction/staging.go:294.23,296.4 1 0
github.com/relux-works/curator/internal/transaction/staging.go:297.3,297.13 1 0
github.com/relux-works/curator/internal/transaction/staging.go:299.2,299.46 1 1
github.com/relux-works/curator/internal/transaction/staging.go:299.46,301.3 1 0
github.com/relux-works/curator/internal/transaction/staging.go:302.2,302.62 1 1
github.com/relux-works/curator/internal/transaction/staging.go:302.62,304.3 1 0
github.com/relux-works/curator/internal/transaction/staging.go:305.2,307.16 3 1
github.com/relux-works/curator/internal/transaction/staging.go:307.16,309.3 1 0
github.com/relux-works/curator/internal/transaction/staging.go:310.2,310.70 1 1
github.com/relux-works/curator/internal/transaction/staging.go:310.70,312.3 1 0
github.com/relux-works/curator/internal/transaction/staging.go:313.2,313.56 1 1
github.com/relux-works/curator/internal/transaction/staging.go:313.56,315.3 1 0
github.com/relux-works/curator/internal/transaction/staging.go:316.2,317.16 2 1
github.com/relux-works/curator/internal/transaction/staging.go:317.16,319.3 1 0
github.com/relux-works/curator/internal/transaction/staging.go:320.2,320.15 1 1
github.com/relux-works/curator/internal/transaction/staging.go:320.15,320.67 1 1
github.com/relux-works/curator/internal/transaction/staging.go:321.2,322.16 2 1
github.com/relux-works/curator/internal/transaction/staging.go:322.16,324.3 1 0
github.com/relux-works/curator/internal/transaction/staging.go:325.2,325.15 1 1
github.com/relux-works/curator/internal/transaction/staging.go:325.15,325.67 1 1
github.com/relux-works/curator/internal/transaction/staging.go:326.2,327.16 2 1
github.com/relux-works/curator/internal/transaction/staging.go:327.16,329.3 1 0
github.com/relux-works/curator/internal/transaction/staging.go:330.2,331.65 2 1
github.com/relux-works/curator/internal/transaction/staging.go:331.65,333.3 1 0
github.com/relux-works/curator/internal/transaction/staging.go:334.2,334.46 1 1
github.com/relux-works/curator/internal/transaction/staging.go:334.46,336.3 1 1
github.com/relux-works/curator/internal/transaction/staging.go:337.2,337.12 1 1
github.com/relux-works/curator/internal/transaction/staging.go:340.53,341.20 1 1
github.com/relux-works/curator/internal/transaction/staging.go:341.20,343.3 1 1
github.com/relux-works/curator/internal/transaction/staging.go:344.2,344.58 1 1
github.com/relux-works/curator/internal/transaction/types.go:189.36,190.30 1 1
github.com/relux-works/curator/internal/transaction/types.go:190.30,190.54 1 1
github.com/relux-works/curator/internal/transaction/types.go:193.52,195.2 1 1
github.com/relux-works/curator/internal/transaction/types.go:197.49,199.2 1 1
github.com/relux-works/curator/internal/transaction/types.go:201.83,204.2 2 1
