mode: set
github.com/relux-works/curator/internal/transaction/digest.go:20.46,22.24 2 1
github.com/relux-works/curator/internal/transaction/digest.go:22.24,24.3 1 1
github.com/relux-works/curator/internal/transaction/digest.go:25.2,25.16 1 1
github.com/relux-works/curator/internal/transaction/digest.go:25.16,27.3 1 0
github.com/relux-works/curator/internal/transaction/digest.go:28.2,30.29 3 1
github.com/relux-works/curator/internal/transaction/digest.go:30.29,31.58 1 1
github.com/relux-works/curator/internal/transaction/digest.go:31.58,33.4 1 0
github.com/relux-works/curator/internal/transaction/digest.go:34.8,34.60 1 1
github.com/relux-works/curator/internal/transaction/digest.go:34.60,35.59 1 1
github.com/relux-works/curator/internal/transaction/digest.go:35.59,37.4 1 0
github.com/relux-works/curator/internal/transaction/digest.go:38.8,40.3 1 1
github.com/relux-works/curator/internal/transaction/digest.go:41.2,41.59 1 1
github.com/relux-works/curator/internal/transaction/digest.go:44.77,47.91 3 1
github.com/relux-works/curator/internal/transaction/digest.go:47.91,49.3 1 0
github.com/relux-works/curator/internal/transaction/digest.go:50.2,51.59 2 1
github.com/relux-works/curator/internal/transaction/digest.go:54.79,55.83 1 1
github.com/relux-works/curator/internal/transaction/digest.go:55.83,57.3 1 0
github.com/relux-works/curator/internal/transaction/digest.go:58.2,59.86 2 1
github.com/relux-works/curator/internal/transaction/digest.go:59.86,60.21 1 1
github.com/relux-works/curator/internal/transaction/digest.go:60.21,62.4 1 0
github.com/relux-works/curator/internal/transaction/digest.go:63.3,63.19 1 1
github.com/relux-works/curator/internal/transaction/digest.go:63.19,65.4 1 1
github.com/relux-works/curator/internal/transaction/digest.go:66.3,66.85 1 1
github.com/relux-works/curator/internal/transaction/digest.go:66.85,68.4 1 0
github.com/relux-works/curator/internal/transaction/digest.go:69.3,70.17 2 1
github.com/relux-works/curator/internal/transaction/digest.go:70.17,72.4 1 0
github.com/relux-works/curator/internal/transaction/digest.go:73.3,74.13 2 1
github.com/relux-works/curator/internal/transaction/digest.go:76.2,76.16 1 1
github.com/relux-works/curator/internal/transaction/digest.go:76.16,78.3 1 0
github.com/relux-works/curator/internal/transaction/digest.go:79.2,79.40 1 1
github.com/relux-works/curator/internal/transaction/digest.go:79.40,79.104 1 1
github.com/relux-works/curator/internal/transaction/digest.go:80.2,80.28 1 1
github.com/relux-works/curator/internal/transaction/digest.go:80.28,83.17 3 1
github.com/relux-works/curator/internal/transaction/digest.go:83.17,85.4 1 0
github.com/relux-works/curator/internal/transaction/digest.go:86.3,86.19 1 1
github.com/relux-works/curator/internal/transaction/digest.go:86.19,87.82 1 1
github.com/relux-works/curator/internal/transaction/digest.go:87.82,89.5 1 0
github.com/relux-works/curator/internal/transaction/digest.go:90.4,90.12 1 1
github.com/relux-works/curator/internal/transaction/digest.go:92.3,92.59 1 1
github.com/relux-works/curator/internal/transaction/digest.go:92.59,94.4 1 0
github.com/relux-works/curator/internal/transaction/digest.go:96.2,97.16 2 1
github.com/relux-works/curator/internal/transaction/digest.go:97.16,99.3 1 0
github.com/relux-works/curator/internal/transaction/digest.go:100.2,100.138 1 1
github.com/relux-works/curator/internal/transaction/digest.go:100.138,102.3 1 0
github.com/relux-works/curator/internal/transaction/digest.go:103.2,103.12 1 1
github.com/relux-works/curator/internal/transaction/digest.go:106.84,108.16 2 1
github.com/relux-works/curator/internal/transaction/digest.go:108.16,110.3 1 0
github.com/relux-works/curator/internal/transaction/digest.go:111.2,111.15 1 1
github.com/relux-works/curator/internal/transaction/digest.go:111.15,111.61 1 1
github.com/relux-works/curator/internal/transaction/digest.go:112.2,112.21 1 1
github.com/relux-works/curator/internal/transaction/digest.go:112.21,114.3 1 0
github.com/relux-works/curator/internal/transaction/digest.go:116.2,116.98 1 1
github.com/relux-works/curator/internal/transaction/digest.go:116.98,118.3 1 0
github.com/relux-works/curator/internal/transaction/digest.go:119.2,119.47 1 1
github.com/relux-works/curator/internal/transaction/digest.go:119.47,121.3 1 0
github.com/relux-works/curator/internal/transaction/digest.go:122.2,123.16 2 1
github.com/relux-works/curator/internal/transaction/digest.go:123.16,125.3 1 0
github.com/relux-works/curator/internal/transaction/digest.go:126.2,126.107 1 1
github.com/relux-works/curator/internal/transaction/digest.go:126.107,128.3 1 0
github.com/relux-works/curator/internal/transaction/digest.go:129.2,129.12 1 1
github.com/relux-works/curator/internal/transaction/digest.go:132.101,133.54 1 1
github.com/relux-works/curator/internal/transaction/digest.go:133.54,135.3 1 0
github.com/relux-works/curator/internal/transaction/digest.go:136.2,136.89 1 1
github.com/relux-works/curator/internal/transaction/digest.go:136.89,138.3 1 0
github.com/relux-works/curator/internal/transaction/digest.go:139.2,139.53 1 1
github.com/relux-works/curator/internal/transaction/digest.go:139.53,141.3 1 0
github.com/relux-works/curator/internal/transaction/digest.go:142.2,142.84 1 1
github.com/relux-works/curator/internal/transaction/digest.go:142.84,144.3 1 0
github.com/relux-works/curator/internal/transaction/digest.go:145.2,145.53 1 1
github.com/relux-works/curator/internal/transaction/digest.go:148.41,151.2 2 1
github.com/relux-works/curator/internal/transaction/durability_unix.go:13.39,15.16 2 1
github.com/relux-works/curator/internal/transaction/durability_unix.go:15.16,17.3 1 0
github.com/relux-works/curator/internal/transaction/durability_unix.go:18.2,18.52 1 1
github.com/relux-works/curator/internal/transaction/durability_unix.go:21.43,22.44 1 1
github.com/relux-works/curator/internal/transaction/durability_unix.go:22.44,24.3 1 0
github.com/relux-works/curator/internal/transaction/durability_unix.go:25.2,25.56 1 1
github.com/relux-works/curator/internal/transaction/durability_unix.go:25.56,27.3 1 0
github.com/relux-works/curator/internal/transaction/durability_unix.go:28.2,28.44 1 1
github.com/relux-works/curator/internal/transaction/durability_unix.go:28.44,30.3 1 0
github.com/relux-works/curator/internal/transaction/durability_unix.go:31.2,31.12 1 1
github.com/relux-works/curator/internal/transaction/engine.go:25.59,26.16 1 1
github.com/relux-works/curator/internal/transaction/engine.go:26.16,28.3 1 0
github.com/relux-works/curator/internal/transaction/engine.go:29.2,30.16 2 1
github.com/relux-works/curator/internal/transaction/engine.go:30.16,32.3 1 0
github.com/relux-works/curator/internal/transaction/engine.go:33.2,37.33 2 1
github.com/relux-works/curator/internal/transaction/engine.go:37.33,38.20 1 1
github.com/relux-works/curator/internal/transaction/engine.go:38.20,40.4 1 1
github.com/relux-works/curator/internal/transaction/engine.go:42.2,42.20 1 1
github.com/relux-works/curator/internal/transaction/engine.go:48.75,49.46 1 1
github.com/relux-works/curator/internal/transaction/engine.go:49.46,51.3 1 1
github.com/relux-works/curator/internal/transaction/engine.go:52.2,56.16 4 1
github.com/relux-works/curator/internal/transaction/engine.go:56.16,58.3 1 0
github.com/relux-works/curator/internal/transaction/engine.go:59.2,59.79 1 1
github.com/relux-works/curator/internal/transaction/engine.go:59.79,61.3 1 0
github.com/relux-works/curator/internal/transaction/engine.go:61.8,61.32 1 1
github.com/relux-works/curator/internal/transaction/engine.go:61.32,63.3 1 0
github.com/relux-works/curator/internal/transaction/engine.go:64.2,64.52 1 1
github.com/relux-works/curator/internal/transaction/engine.go:64.52,66.3 1 0
github.com/relux-works/curator/internal/transaction/engine.go:67.2,68.15 2 1
github.com/relux-works/curator/internal/transaction/engine.go:68.15,69.16 1 1
github.com/relux-works/curator/internal/transaction/engine.go:69.16,71.4 1 1
github.com/relux-works/curator/internal/transaction/engine.go:73.2,73.37 1 1
github.com/relux-works/curator/internal/transaction/engine.go:73.37,75.30 2 1
github.com/relux-works/curator/internal/transaction/engine.go:75.30,76.12 1 1
github.com/relux-works/curator/internal/transaction/engine.go:78.3,78.71 1 1
github.com/relux-works/curator/internal/transaction/engine.go:78.71,80.4 1 0
github.com/relux-works/curator/internal/transaction/engine.go:81.3,82.48 2 1
github.com/relux-works/curator/internal/transaction/engine.go:82.48,83.18 1 0
github.com/relux-works/curator/internal/transaction/engine.go:83.18,85.5 1 0
github.com/relux-works/curator/internal/transaction/engine.go:86.4,86.53 1 0
github.com/relux-works/curator/internal/transaction/engine.go:88.3,88.82 1 1
github.com/relux-works/curator/internal/transaction/engine.go:88.82,90.4 1 1
github.com/relux-works/curator/internal/transaction/engine.go:92.2,93.52 2 1
github.com/relux-works/curator/internal/transaction/engine.go:93.52,95.3 1 0
github.com/relux-works/curator/internal/transaction/engine.go:96.2,96.64 1 1
github.com/relux-works/curator/internal/transaction/engine.go:96.64,98.3 1 1
github.com/relux-works/curator/internal/transaction/engine.go:99.2,100.35 2 1
github.com/relux-works/curator/internal/transaction/engine.go:103.75,104.59 1 1
github.com/relux-works/curator/internal/transaction/engine.go:104.59,106.3 1 1
github.com/relux-works/curator/internal/transaction/engine.go:107.2,107.68 1 1
github.com/relux-works/curator/internal/transaction/engine.go:107.68,109.3 1 1
github.com/relux-works/curator/internal/transaction/engine.go:110.2,110.28 1 1
github.com/relux-works/curator/internal/transaction/engine.go:110.28,112.3 1 1
github.com/relux-works/curator/internal/transaction/engine.go:113.2,114.39 2 1
github.com/relux-works/curator/internal/transaction/engine.go:114.39,114.101 1 1
github.com/relux-works/curator/internal/transaction/engine.go:115.2,115.49 1 1
github.com/relux-works/curator/internal/transaction/engine.go:115.49,117.3 1 1
github.com/relux-works/curator/internal/transaction/engine.go:118.2,119.42 2 1
github.com/relux-works/curator/internal/transaction/engine.go:119.42,120.99 1 1
github.com/relux-works/curator/internal/transaction/engine.go:120.99,122.4 1 1
github.com/relux-works/curator/internal/transaction/engine.go:123.3,123.89 1 1
github.com/relux-works/curator/internal/transaction/engine.go:125.2,135.37 4 1
github.com/relux-works/curator/internal/transaction/engine.go:135.37,136.113 1 1
github.com/relux-works/curator/internal/transaction/engine.go:136.113,138.4 1 1
github.com/relux-works/curator/internal/transaction/engine.go:139.3,139.110 1 1
github.com/relux-works/curator/internal/transaction/engine.go:139.110,141.4 1 1
github.com/relux-works/curator/internal/transaction/engine.go:142.3,142.73 1 1
github.com/relux-works/curator/internal/transaction/engine.go:142.73,144.4 1 1
github.com/relux-works/curator/internal/transaction/engine.go:145.3,145.73 1 1
github.com/relux-works/curator/internal/transaction/engine.go:145.73,147.4 1 1
github.com/relux-works/curator/internal/transaction/engine.go:148.3,149.42 2 1
github.com/relux-works/curator/internal/transaction/engine.go:149.42,151.4 1 1
github.com/relux-works/curator/internal/transaction/engine.go:152.3,153.49 2 1
github.com/relux-works/curator/internal/transaction/engine.go:153.49,155.4 1 1
github.com/relux-works/curator/internal/transaction/engine.go:156.3,157.71 2 1
github.com/relux-works/curator/internal/transaction/engine.go:157.71,159.4 1 1
github.com/relux-works/curator/internal/transaction/engine.go:160.3,162.32 3 1
github.com/relux-works/curator/internal/transaction/engine.go:162.32,164.18 2 1
github.com/relux-works/curator/internal/transaction/engine.go:164.18,166.5 1 0
github.com/relux-works/curator/internal/transaction/engine.go:167.4,168.22 2 1
github.com/relux-works/curator/internal/transaction/engine.go:168.22,170.5 1 1
github.com/relux-works/curator/internal/transaction/engine.go:171.4,172.51 2 1
github.com/relux-works/curator/internal/transaction/engine.go:172.51,173.19 1 1
github.com/relux-works/curator/internal/transaction/engine.go:173.19,175.6 1 1
github.com/relux-works/curator/internal/transaction/engine.go:176.5,176.90 1 1
github.com/relux-works/curator/internal/transaction/engine.go:178.4,179.72 2 1
github.com/relux-works/curator/internal/transaction/engine.go:181.3,194.95 2 1
github.com/relux-works/curator/internal/transaction/engine.go:194.95,195.21 1 1
github.com/relux-works/curator/internal/transaction/engine.go:195.21,196.13 1 1
github.com/relux-works/curator/internal/transaction/engine.go:198.4,198.47 1 1
github.com/relux-works/curator/internal/transaction/engine.go:198.47,200.5 1 1
github.com/relux-works/curator/internal/transaction/engine.go:200.10,200.34 1 1
github.com/relux-works/curator/internal/transaction/engine.go:200.34,202.5 1 0
github.com/relux-works/curator/internal/transaction/engine.go:204.3,204.34 1 1
github.com/relux-works/curator/internal/transaction/engine.go:206.2,206.56 1 1
github.com/relux-works/curator/internal/transaction/engine.go:206.56,208.3 1 1
github.com/relux-works/curator/internal/transaction/engine.go:209.2,209.30 1 1
github.com/relux-works/curator/internal/transaction/engine.go:212.48,213.16 1 1
github.com/relux-works/curator/internal/transaction/engine.go:213.16,215.3 1 1
github.com/relux-works/curator/internal/transaction/engine.go:216.2,217.105 2 1
github.com/relux-works/curator/internal/transaction/engine.go:217.105,219.3 1 1
github.com/relux-works/curator/internal/transaction/engine.go:220.2,220.12 1 1
github.com/relux-works/curator/internal/transaction/engine.go:223.77,225.52 2 1
github.com/relux-works/curator/internal/transaction/engine.go:225.52,227.3 1 0
github.com/relux-works/curator/internal/transaction/engine.go:228.2,228.49 1 1
github.com/relux-works/curator/internal/transaction/engine.go:228.49,230.3 1 0
github.com/relux-works/curator/internal/transaction/engine.go:231.2,231.14 1 1
github.com/relux-works/curator/internal/transaction/engine.go:236.73,237.46 1 1
github.com/relux-works/curator/internal/transaction/engine.go:237.46,239.3 1 1
github.com/relux-works/curator/internal/transaction/engine.go:240.2,243.16 4 1
github.com/relux-works/curator/internal/transaction/engine.go:243.16,245.3 1 0
github.com/relux-works/curator/internal/transaction/engine.go:246.2,246.31 1 1
github.com/relux-works/curator/internal/transaction/engine.go:251.52,252.46 1 1
github.com/relux-works/curator/internal/transaction/engine.go:252.46,254.3 1 1
github.com/relux-works/curator/internal/transaction/engine.go:255.2,258.16 4 1
github.com/relux-works/curator/internal/transaction/engine.go:258.16,260.3 1 0
github.com/relux-works/curator/internal/transaction/engine.go:261.2,261.25 1 1
github.com/relux-works/curator/internal/transaction/engine.go:261.25,263.17 2 1
github.com/relux-works/curator/internal/transaction/engine.go:263.17,265.4 1 0
github.com/relux-works/curator/internal/transaction/engine.go:266.3,266.48 1 1
github.com/relux-works/curator/internal/transaction/engine.go:266.48,268.4 1 1
github.com/relux-works/curator/internal/transaction/engine.go:270.2,270.12 1 1
github.com/relux-works/curator/internal/transaction/engine.go:273.54,274.23 1 1
github.com/relux-works/curator/internal/transaction/engine.go:275.22,277.53 2 1
github.com/relux-works/curator/internal/transaction/engine.go:277.53,279.4 1 0
github.com/relux-works/curator/internal/transaction/engine.go:280.3,280.34 1 1
github.com/relux-works/curator/internal/transaction/engine.go:281.38,282.32 1 1
github.com/relux-works/curator/internal/transaction/engine.go:283.20,284.42 1 1
github.com/relux-works/curator/internal/transaction/engine.go:285.46,286.34 1 1
github.com/relux-works/curator/internal/transaction/engine.go:287.10,288.66 1 0
github.com/relux-works/curator/internal/transaction/engine.go:292.54,293.36 1 1
github.com/relux-works/curator/internal/transaction/engine.go:293.36,295.53 2 1
github.com/relux-works/curator/internal/transaction/engine.go:295.53,297.4 1 0
github.com/relux-works/curator/internal/transaction/engine.go:299.2,299.37 1 1
github.com/relux-works/curator/internal/transaction/engine.go:299.37,300.61 1 1
github.com/relux-works/curator/internal/transaction/engine.go:300.61,302.62 2 1
github.com/relux-works/curator/internal/transaction/engine.go:302.62,304.5 1 0
github.com/relux-works/curator/internal/transaction/engine.go:305.4,305.53 1 1
github.com/relux-works/curator/internal/transaction/engine.go:308.2,309.52 2 1
github.com/relux-works/curator/internal/transaction/engine.go:309.52,311.3 1 0
github.com/relux-works/curator/internal/transaction/engine.go:312.2,312.69 1 1
github.com/relux-works/curator/internal/transaction/engine.go:312.69,314.3 1 1
github.com/relux-works/curator/internal/transaction/engine.go:315.2,315.41 1 1
github.com/relux-works/curator/internal/transaction/engine.go:318.71,320.22 2 1
github.com/relux-works/curator/internal/transaction/engine.go:321.20,322.61 1 1
github.com/relux-works/curator/internal/transaction/engine.go:322.61,324.4 1 1
github.com/relux-works/curator/internal/transaction/engine.go:325.3,325.36 1 1
github.com/relux-works/curator/internal/transaction/engine.go:325.36,329.54 1 1
github.com/relux-works/curator/internal/transaction/engine.go:329.54,331.5 1 0
github.com/relux-works/curator/internal/transaction/engine.go:333.3,333.35 1 1
github.com/relux-works/curator/internal/transaction/engine.go:333.35,334.73 1 1
github.com/relux-works/curator/internal/transaction/engine.go:334.73,336.5 1 1
github.com/relux-works/curator/internal/transaction/engine.go:337.4,337.49 1 1
github.com/relux-works/curator/internal/transaction/engine.go:337.49,339.5 1 0
github.com/relux-works/curator/internal/transaction/engine.go:340.4,341.18 2 1
github.com/relux-works/curator/internal/transaction/engine.go:341.18,343.5 1 0
github.com/relux-works/curator/internal/transaction/engine.go:344.4,344.70 1 1
github.com/relux-works/curator/internal/transaction/engine.go:344.70,346.5 1 0
github.com/relux-works/curator/internal/transaction/engine.go:347.4,347.30 1 1
github.com/relux-works/curator/internal/transaction/engine.go:347.30,348.86 1 1
github.com/relux-works/curator/internal/transaction/engine.go:348.86,350.6 1 0
github.com/relux-works/curator/internal/transaction/engine.go:351.5,351.55 1 1
github.com/relux-works/curator/internal/transaction/engine.go:351.55,353.6 1 0
github.com/relux-works/curator/internal/transaction/engine.go:354.5,355.19 2 1
github.com/relux-works/curator/internal/transaction/engine.go:355.19,357.6 1 0
github.com/relux-works/curator/internal/transaction/engine.go:358.5,358.27 1 1
github.com/relux-works/curator/internal/transaction/engine.go:358.27,359.101 1 0
github.com/relux-works/curator/internal/transaction/engine.go:359.101,361.7 1 0
github.com/relux-works/curator/internal/transaction/engine.go:362.6,362.98 1 0
github.com/relux-works/curator/internal/transaction/engine.go:364.5,364.22 1 1
github.com/relux-works/curator/internal/transaction/engine.go:366.4,367.72 2 1
github.com/relux-works/curator/internal/transaction/engine.go:367.72,369.5 1 1
github.com/relux-works/curator/internal/transaction/engine.go:370.4,371.54 2 1
github.com/relux-works/curator/internal/transaction/engine.go:371.54,373.5 1 0
github.com/relux-works/curator/internal/transaction/engine.go:375.3,375.14 1 1
github.com/relux-works/curator/internal/transaction/engine.go:376.21,378.17 2 1
github.com/relux-works/curator/internal/transaction/engine.go:378.17,380.4 1 0
github.com/relux-works/curator/internal/transaction/engine.go:381.3,381.38 1 1
github.com/relux-works/curator/internal/transaction/engine.go:381.38,383.54 2 1
github.com/relux-works/curator/internal/transaction/engine.go:383.54,385.5 1 0
github.com/relux-works/curator/internal/transaction/engine.go:386.4,386.60 1 1
github.com/relux-works/curator/internal/transaction/engine.go:388.3,388.30 1 1
github.com/relux-works/curator/internal/transaction/engine.go:388.30,390.4 1 0
github.com/relux-works/curator/internal/transaction/engine.go:391.3,391.73 1 1
github.com/relux-works/curator/internal/transaction/engine.go:391.73,393.4 1 1
github.com/relux-works/curator/internal/transaction/engine.go:394.3,394.43 1 1
github.com/relux-works/curator/internal/transaction/engine.go:394.43,396.58 2 1
github.com/relux-works/curator/internal/transaction/engine.go:396.58,397.19 1 0
github.com/relux-works/curator/internal/transaction/engine.go:397.19,399.6 1 0
github.com/relux-works/curator/internal/transaction/engine.go:400.5,400.15 1 0
github.com/relux-works/curator/internal/transaction/engine.go:402.4,402.85 1 1
github.com/relux-works/curator/internal/transaction/engine.go:402.85,404.5 1 0
github.com/relux-works/curator/internal/transaction/engine.go:405.4,405.52 1 1
github.com/relux-works/curator/internal/transaction/engine.go:405.52,407.5 1 0
github.com/relux-works/curator/internal/transaction/engine.go:409.3,409.72 1 1
github.com/relux-works/curator/internal/transaction/engine.go:409.72,411.4 1 1
github.com/relux-works/curator/internal/transaction/engine.go:412.3,413.53 2 1
github.com/relux-works/curator/internal/transaction/engine.go:413.53,415.4 1 0
github.com/relux-works/curator/internal/transaction/engine.go:416.3,416.59 1 1
github.com/relux-works/curator/internal/transaction/engine.go:417.22,419.17 2 0
github.com/relux-works/curator/internal/transaction/engine.go:419.17,421.4 1 0
github.com/relux-works/curator/internal/transaction/engine.go:422.3,422.38 1 0
github.com/relux-works/curator/internal/transaction/engine.go:422.38,424.4 1 0
github.com/relux-works/curator/internal/transaction/engine.go:425.3,425.13 1 0
github.com/relux-works/curator/internal/transaction/engine.go:426.10,427.108 1 0
github.com/relux-works/curator/internal/transaction/engine.go:431.72,433.16 2 1
github.com/relux-works/curator/internal/transaction/engine.go:433.16,435.3 1 0
github.com/relux-works/curator/internal/transaction/engine.go:436.2,436.34 1 1
github.com/relux-works/curator/internal/transaction/engine.go:436.34,438.3 1 1
github.com/relux-works/curator/internal/transaction/engine.go:439.2,440.16 2 1
github.com/relux-works/curator/internal/transaction/engine.go:440.16,442.3 1 0
github.com/relux-works/curator/internal/transaction/engine.go:443.2,443.32 1 1
github.com/relux-works/curator/internal/transaction/engine.go:443.32,445.3 1 1
github.com/relux-works/curator/internal/transaction/engine.go:446.2,446.74 1 1
github.com/relux-works/curator/internal/transaction/engine.go:446.74,448.3 1 1
github.com/relux-works/curator/internal/transaction/engine.go:449.2,449.37 1 1
github.com/relux-works/curator/internal/transaction/engine.go:449.37,450.71 1 0
github.com/relux-works/curator/internal/transaction/engine.go:450.71,452.4 1 0
github.com/relux-works/curator/internal/transaction/engine.go:454.2,456.12 3 1
github.com/relux-works/curator/internal/transaction/engine.go:459.49,460.33 1 1
github.com/relux-works/curator/internal/transaction/engine.go:460.33,462.17 2 1
github.com/relux-works/curator/internal/transaction/engine.go:462.17,464.4 1 0
github.com/relux-works/curator/internal/transaction/engine.go:465.3,465.39 1 1
github.com/relux-works/curator/internal/transaction/engine.go:465.39,467.4 1 0
github.com/relux-works/curator/internal/transaction/engine.go:468.3,468.13 1 1
github.com/relux-works/curator/internal/transaction/engine.go:470.2,470.52 1 1
github.com/relux-works/curator/internal/transaction/engine.go:473.66,475.33 2 1
github.com/relux-works/curator/internal/transaction/engine.go:475.33,477.3 1 1
github.com/relux-works/curator/internal/transaction/engine.go:478.2,479.106 2 1
github.com/relux-works/curator/internal/transaction/engine.go:479.106,481.3 1 0
github.com/relux-works/curator/internal/transaction/engine.go:482.2,483.16 2 1
github.com/relux-works/curator/internal/transaction/engine.go:483.16,485.3 1 0
github.com/relux-works/curator/internal/transaction/engine.go:486.2,487.74 2 1
github.com/relux-works/curator/internal/transaction/engine.go:487.74,490.3 2 0
github.com/relux-works/curator/internal/transaction/engine.go:491.2,493.39 3 1
github.com/relux-works/curator/internal/transaction/engine.go:493.39,495.3 1 0
github.com/relux-works/curator/internal/transaction/engine.go:496.2,496.30 1 1
github.com/relux-works/curator/internal/transaction/engine.go:496.30,498.3 1 0
github.com/relux-works/curator/internal/transaction/engine.go:499.2,499.50 1 1
github.com/relux-works/curator/internal/transaction/engine.go:499.50,501.3 1 0
github.com/relux-works/curator/internal/transaction/engine.go:502.2,502.12 1 1
github.com/relux-works/curator/internal/transaction/engine.go:505.56,506.43 1 1
github.com/relux-works/curator/internal/transaction/engine.go:506.43,508.53 2 1
github.com/relux-works/curator/internal/transaction/engine.go:508.53,510.4 1 0
github.com/relux-works/curator/internal/transaction/engine.go:511.3,511.62 1 1
github.com/relux-works/curator/internal/transaction/engine.go:511.62,512.64 1 1
github.com/relux-works/curator/internal/transaction/engine.go:512.64,514.5 1 1
github.com/relux-works/curator/internal/transaction/engine.go:516.3,517.53 2 1
github.com/relux-works/curator/internal/transaction/engine.go:517.53,519.4 1 0
github.com/relux-works/curator/internal/transaction/engine.go:521.2,521.63 1 1
github.com/relux-works/curator/internal/transaction/engine.go:521.63,523.3 1 1
github.com/relux-works/curator/internal/transaction/engine.go:524.2,524.45 1 1
github.com/relux-works/curator/internal/transaction/engine.go:527.73,529.34 2 1
github.com/relux-works/curator/internal/transaction/engine.go:529.34,530.63 1 1
github.com/relux-works/curator/internal/transaction/engine.go:530.63,532.4 1 0
github.com/relux-works/curator/internal/transaction/engine.go:532.9,532.36 1 1
github.com/relux-works/curator/internal/transaction/engine.go:532.36,534.4 1 1
github.com/relux-works/curator/internal/transaction/engine.go:535.3,535.31 1 1
github.com/relux-works/curator/internal/transaction/engine.go:537.2,537.37 1 1
github.com/relux-works/curator/internal/transaction/engine.go:537.37,539.3 1 0
github.com/relux-works/curator/internal/transaction/engine.go:540.2,541.16 2 1
github.com/relux-works/curator/internal/transaction/engine.go:541.16,543.3 1 0
github.com/relux-works/curator/internal/transaction/engine.go:544.2,545.16 2 1
github.com/relux-works/curator/internal/transaction/engine.go:545.16,547.3 1 0
github.com/relux-works/curator/internal/transaction/engine.go:548.2,549.16 2 1
github.com/relux-works/curator/internal/transaction/engine.go:549.16,551.3 1 0
github.com/relux-works/curator/internal/transaction/engine.go:555.2,555.124 1 1
github.com/relux-works/curator/internal/transaction/engine.go:555.124,556.121 1 1
github.com/relux-works/curator/internal/transaction/engine.go:556.121,558.54 2 1
github.com/relux-works/curator/internal/transaction/engine.go:558.54,560.5 1 0
github.com/relux-works/curator/internal/transaction/engine.go:561.4,561.61 1 1
github.com/relux-works/curator/internal/transaction/engine.go:564.2,564.36 1 1
github.com/relux-works/curator/internal/transaction/engine.go:564.36,565.30 1 1
github.com/relux-works/curator/internal/transaction/engine.go:565.30,567.4 1 1
github.com/relux-works/curator/internal/transaction/engine.go:568.3,568.45 1 1
github.com/relux-works/curator/internal/transaction/engine.go:568.45,569.64 1 1
github.com/relux-works/curator/internal/transaction/engine.go:569.64,571.5 1 0
github.com/relux-works/curator/internal/transaction/engine.go:571.10,571.39 1 1
github.com/relux-works/curator/internal/transaction/engine.go:571.39,573.5 1 0
github.com/relux-works/curator/internal/transaction/engine.go:574.4,574.87 1 1
github.com/relux-works/curator/internal/transaction/engine.go:574.87,576.5 1 0
github.com/relux-works/curator/internal/transaction/engine.go:577.4,577.104 1 1
github.com/relux-works/curator/internal/transaction/engine.go:579.8,579.36 1 1
github.com/relux-works/curator/internal/transaction/engine.go:579.36,580.38 1 1
github.com/relux-works/curator/internal/transaction/engine.go:580.38,582.4 1 1
github.com/relux-works/curator/internal/transaction/engine.go:583.3,583.86 1 1
github.com/relux-works/curator/internal/transaction/engine.go:583.86,585.4 1 0
github.com/relux-works/curator/internal/transaction/engine.go:586.3,587.17 2 1
github.com/relux-works/curator/internal/transaction/engine.go:587.17,589.4 1 0
github.com/relux-works/curator/internal/transaction/engine.go:590.3,590.45 1 1
github.com/relux-works/curator/internal/transaction/engine.go:590.45,591.80 1 0
github.com/relux-works/curator/internal/transaction/engine.go:591.80,593.5 1 0
github.com/relux-works/curator/internal/transaction/engine.go:593.10,593.39 1 0
github.com/relux-works/curator/internal/transaction/engine.go:593.39,595.5 1 0
github.com/relux-works/curator/internal/transaction/engine.go:596.4,596.101 1 0
github.com/relux-works/curator/internal/transaction/engine.go:596.101,598.5 1 0
github.com/relux-works/curator/internal/transaction/engine.go:599.4,599.100 1 0
github.com/relux-works/curator/internal/transaction/engine.go:601.8,601.83 1 1
github.com/relux-works/curator/internal/transaction/engine.go:601.83,603.3 1 1
github.com/relux-works/curator/internal/transaction/engine.go:605.2,605.31 1 1
github.com/relux-works/curator/internal/transaction/engine.go:605.31,607.3 1 1
github.com/relux-works/curator/internal/transaction/engine.go:608.2,608.41 1 1
github.com/relux-works/curator/internal/transaction/engine.go:608.41,610.3 1 1
github.com/relux-works/curator/internal/transaction/engine.go:611.2,611.34 1 1
github.com/relux-works/curator/internal/transaction/engine.go:611.34,612.63 1 1
github.com/relux-works/curator/internal/transaction/engine.go:612.63,614.4 1 0
github.com/relux-works/curator/internal/transaction/engine.go:614.9,614.38 1 1
github.com/relux-works/curator/internal/transaction/engine.go:614.38,616.4 1 0
github.com/relux-works/curator/internal/transaction/engine.go:617.3,617.84 1 1
github.com/relux-works/curator/internal/transaction/engine.go:617.84,619.4 1 0
github.com/relux-works/curator/internal/transaction/engine.go:620.3,620.51 1 1
github.com/relux-works/curator/internal/transaction/engine.go:620.51,622.4 1 0
github.com/relux-works/curator/internal/transaction/engine.go:624.2,624.71 1 1
github.com/relux-works/curator/internal/transaction/engine.go:624.71,626.3 1 1
github.com/relux-works/curator/internal/transaction/engine.go:627.2,628.52 2 1
github.com/relux-works/curator/internal/transaction/engine.go:628.52,630.3 1 0
github.com/relux-works/curator/internal/transaction/engine.go:631.2,631.59 1 1
github.com/relux-works/curator/internal/transaction/engine.go:634.64,635.37 1 1
github.com/relux-works/curator/internal/transaction/engine.go:635.37,638.17 3 1
github.com/relux-works/curator/internal/transaction/engine.go:638.17,640.4 1 0
github.com/relux-works/curator/internal/transaction/engine.go:641.3,641.38 1 1
github.com/relux-works/curator/internal/transaction/engine.go:641.38,643.4 1 1
github.com/relux-works/curator/internal/transaction/engine.go:645.2,645.62 1 1
github.com/relux-works/curator/internal/transaction/engine.go:645.62,647.3 1 1
github.com/relux-works/curator/internal/transaction/engine.go:648.2,648.62 1 1
github.com/relux-works/curator/internal/transaction/engine.go:648.62,649.72 1 1
github.com/relux-works/curator/internal/transaction/engine.go:649.72,651.4 1 1
github.com/relux-works/curator/internal/transaction/engine.go:653.2,653.45 1 1
github.com/relux-works/curator/internal/transaction/engine.go:656.70,657.62 1 1
github.com/relux-works/curator/internal/transaction/engine.go:657.62,659.3 1 1
github.com/relux-works/curator/internal/transaction/engine.go:660.2,660.61 1 1
github.com/relux-works/curator/internal/transaction/engine.go:660.61,661.72 1 1
github.com/relux-works/curator/internal/transaction/engine.go:661.72,663.4 1 1
github.com/relux-works/curator/internal/transaction/engine.go:665.2,665.12 1 1
github.com/relux-works/curator/internal/transaction/engine.go:674.70,676.61 2 1
github.com/relux-works/curator/internal/transaction/engine.go:676.61,681.3 4 1
github.com/relux-works/curator/internal/transaction/engine.go:682.2,682.17 1 1
github.com/relux-works/curator/internal/transaction/engine.go:685.69,687.61 2 1
github.com/relux-works/curator/internal/transaction/engine.go:687.61,692.3 4 1
github.com/relux-works/curator/internal/transaction/engine.go:693.2,693.17 1 1
github.com/relux-works/curator/internal/transaction/engine.go:696.115,697.16 1 1
github.com/relux-works/curator/internal/transaction/engine.go:697.16,699.3 1 1
github.com/relux-works/curator/internal/transaction/engine.go:700.2,700.97 1 1
github.com/relux-works/curator/internal/transaction/engine.go:703.83,704.62 1 1
github.com/relux-works/curator/internal/transaction/engine.go:704.62,705.27 1 1
github.com/relux-works/curator/internal/transaction/engine.go:705.27,707.4 1 1
github.com/relux-works/curator/internal/transaction/engine.go:709.2,709.34 1 1
github.com/relux-works/curator/internal/transaction/engine.go:712.69,713.31 1 1
github.com/relux-works/curator/internal/transaction/engine.go:713.31,715.3 1 1
github.com/relux-works/curator/internal/transaction/engine.go:716.2,717.12 2 1
github.com/relux-works/curator/internal/transaction/engine.go:717.12,719.3 1 0
github.com/relux-works/curator/internal/transaction/engine.go:720.2,720.55 1 1
github.com/relux-works/curator/internal/transaction/engine.go:723.95,724.31 1 1
github.com/relux-works/curator/internal/transaction/engine.go:724.31,726.3 1 0
github.com/relux-works/curator/internal/transaction/engine.go:727.2,728.16 2 1
github.com/relux-works/curator/internal/transaction/engine.go:728.16,730.3 1 1
github.com/relux-works/curator/internal/transaction/engine.go:731.2,731.14 1 1
github.com/relux-works/curator/internal/transaction/engine.go:731.14,733.3 1 1
github.com/relux-works/curator/internal/transaction/engine.go:734.2,735.16 2 1
github.com/relux-works/curator/internal/transaction/engine.go:735.16,737.3 1 0
github.com/relux-works/curator/internal/transaction/engine.go:738.2,740.52 3 1
github.com/relux-works/curator/internal/transaction/engine.go:740.52,744.3 3 0
github.com/relux-works/curator/internal/transaction/engine.go:745.2,745.55 1 1
github.com/relux-works/curator/internal/transaction/engine.go:748.95,749.41 1 1
github.com/relux-works/curator/internal/transaction/engine.go:749.41,751.3 1 0
github.com/relux-works/curator/internal/transaction/engine.go:752.2,756.16 1 1
github.com/relux-works/curator/internal/transaction/engine.go:756.16,756.93 1 1
github.com/relux-works/curator/internal/transaction/engine.go:757.16,757.95 1 1
github.com/relux-works/curator/internal/transaction/engine.go:758.16,760.3 1 1
github.com/relux-works/curator/internal/transaction/engine.go:761.2,764.52 4 1
github.com/relux-works/curator/internal/transaction/engine.go:764.52,768.3 3 0
github.com/relux-works/curator/internal/transaction/engine.go:769.2,769.12 1 1
github.com/relux-works/curator/internal/transaction/engine.go:772.82,774.22 2 1
github.com/relux-works/curator/internal/transaction/engine.go:774.22,777.3 2 1
github.com/relux-works/curator/internal/transaction/engine.go:778.2,778.33 1 1
github.com/relux-works/curator/internal/transaction/engine.go:778.33,780.3 1 1
github.com/relux-works/curator/internal/transaction/engine.go:781.2,781.31 1 1
github.com/relux-works/curator/internal/transaction/engine.go:781.31,783.3 1 1
github.com/relux-works/curator/internal/transaction/engine.go:784.2,784.12 1 1
github.com/relux-works/curator/internal/transaction/engine.go:789.76,790.46 1 1
github.com/relux-works/curator/internal/transaction/engine.go:790.46,792.3 1 1
github.com/relux-works/curator/internal/transaction/engine.go:793.2,796.16 4 1
github.com/relux-works/curator/internal/transaction/engine.go:796.16,798.3 1 0
github.com/relux-works/curator/internal/transaction/engine.go:799.2,800.25 2 1
github.com/relux-works/curator/internal/transaction/engine.go:800.25,802.17 2 1
github.com/relux-works/curator/internal/transaction/engine.go:802.17,804.4 1 0
github.com/relux-works/curator/internal/transaction/engine.go:805.3,805.51 1 1
github.com/relux-works/curator/internal/transaction/engine.go:805.51,807.4 1 1
github.com/relux-works/curator/internal/transaction/engine.go:809.2,810.23 2 1
github.com/relux-works/curator/internal/transaction/engine.go:810.23,812.3 1 1
github.com/relux-works/curator/internal/transaction/engine.go:813.2,813.39 1 1
github.com/relux-works/curator/internal/transaction/engine.go:813.39,813.101 1 1
github.com/relux-works/curator/internal/transaction/engine.go:814.2,814.18 1 1
github.com/relux-works/curator/internal/transaction/engine.go:817.46,823.2 5 1
github.com/relux-works/curator/internal/transaction/files.go:11.51,13.16 2 1
github.com/relux-works/curator/internal/transaction/files.go:13.16,15.3 1 0
github.com/relux-works/curator/internal/transaction/files.go:16.2,16.49 1 1
github.com/relux-works/curator/internal/transaction/files.go:16.49,18.3 1 1
github.com/relux-works/curator/internal/transaction/files.go:18.8,18.32 1 1
github.com/relux-works/curator/internal/transaction/files.go:18.32,20.3 1 0
github.com/relux-works/curator/internal/transaction/files.go:21.2,21.29 1 1
github.com/relux-works/curator/internal/transaction/files.go:21.29,23.3 1 1
github.com/relux-works/curator/internal/transaction/files.go:24.2,24.54 1 1
github.com/relux-works/curator/internal/transaction/files.go:24.54,26.3 1 1
github.com/relux-works/curator/internal/transaction/files.go:27.2,27.66 1 1
github.com/relux-works/curator/internal/transaction/files.go:27.66,29.3 1 0
github.com/relux-works/curator/internal/transaction/files.go:30.2,30.59 1 1
github.com/relux-works/curator/internal/transaction/files.go:30.59,33.3 2 0
github.com/relux-works/curator/internal/transaction/files.go:34.2,34.66 1 1
github.com/relux-works/curator/internal/transaction/files.go:34.66,37.3 2 0
github.com/relux-works/curator/internal/transaction/files.go:38.2,38.30 1 1
github.com/relux-works/curator/internal/transaction/files.go:41.54,43.16 2 1
github.com/relux-works/curator/internal/transaction/files.go:43.16,45.3 1 0
github.com/relux-works/curator/internal/transaction/files.go:46.2,46.32 1 1
github.com/relux-works/curator/internal/transaction/files.go:46.32,50.17 4 1
github.com/relux-works/curator/internal/transaction/files.go:50.17,52.4 1 0
github.com/relux-works/curator/internal/transaction/files.go:53.3,53.10 1 1
github.com/relux-works/curator/internal/transaction/files.go:54.32,55.87 1 1
github.com/relux-works/curator/internal/transaction/files.go:55.87,57.5 1 0
github.com/relux-works/curator/internal/transaction/files.go:58.56,59.72 1 1
github.com/relux-works/curator/internal/transaction/files.go:59.72,61.5 1 0
github.com/relux-works/curator/internal/transaction/files.go:62.4,62.69 1 1
github.com/relux-works/curator/internal/transaction/files.go:62.69,64.5 1 0
github.com/relux-works/curator/internal/transaction/files.go:65.4,65.72 1 1
github.com/relux-works/curator/internal/transaction/files.go:65.72,67.5 1 0
github.com/relux-works/curator/internal/transaction/files.go:68.11,69.72 1 0
github.com/relux-works/curator/internal/transaction/files.go:72.2,72.30 1 1
github.com/relux-works/curator/internal/transaction/files.go:75.79,77.16 2 1
github.com/relux-works/curator/internal/transaction/files.go:77.16,79.3 1 0
github.com/relux-works/curator/internal/transaction/files.go:80.2,80.15 1 1
github.com/relux-works/curator/internal/transaction/files.go:80.15,80.62 1 1
github.com/relux-works/curator/internal/transaction/files.go:81.2,82.16 2 1
github.com/relux-works/curator/internal/transaction/files.go:82.16,84.3 1 0
github.com/relux-works/curator/internal/transaction/files.go:85.2,86.15 2 1
github.com/relux-works/curator/internal/transaction/files.go:86.15,88.10 2 1
github.com/relux-works/curator/internal/transaction/files.go:88.10,90.4 1 0
github.com/relux-works/curator/internal/transaction/files.go:92.2,92.50 1 1
github.com/relux-works/curator/internal/transaction/files.go:92.50,94.3 1 0
github.com/relux-works/curator/internal/transaction/files.go:95.2,95.43 1 1
github.com/relux-works/curator/internal/transaction/files.go:95.43,97.3 1 0
github.com/relux-works/curator/internal/transaction/files.go:98.2,98.38 1 1
github.com/relux-works/curator/internal/transaction/files.go:98.38,100.3 1 0
github.com/relux-works/curator/internal/transaction/files.go:101.2,101.39 1 1
github.com/relux-works/curator/internal/transaction/files.go:101.39,103.3 1 0
github.com/relux-works/curator/internal/transaction/files.go:104.2,105.12 2 1
github.com/relux-works/curator/internal/transaction/files.go:108.34,110.16 2 1
github.com/relux-works/curator/internal/transaction/files.go:110.16,112.3 1 0
github.com/relux-works/curator/internal/transaction/files.go:113.2,113.29 1 1
github.com/relux-works/curator/internal/transaction/files.go:113.29,115.17 2 1
github.com/relux-works/curator/internal/transaction/files.go:115.17,117.4 1 0
github.com/relux-works/curator/internal/transaction/files.go:118.3,118.48 1 1
github.com/relux-works/curator/internal/transaction/files.go:120.2,120.54 1 1
github.com/relux-works/curator/internal/transaction/files.go:120.54,122.3 1 0
github.com/relux-works/curator/internal/transaction/files.go:123.2,124.16 2 1
github.com/relux-works/curator/internal/transaction/files.go:124.16,126.3 1 0
github.com/relux-works/curator/internal/transaction/files.go:127.2,127.32 1 1
github.com/relux-works/curator/internal/transaction/files.go:127.32,128.69 1 1
github.com/relux-works/curator/internal/transaction/files.go:128.69,130.4 1 0
github.com/relux-works/curator/internal/transaction/files.go:132.2,132.28 1 1
github.com/relux-works/curator/internal/transaction/journal.go:19.64,21.2 1 1
github.com/relux-works/curator/internal/transaction/journal.go:23.43,24.17 1 1
github.com/relux-works/curator/internal/transaction/journal.go:24.17,26.3 1 1
github.com/relux-works/curator/internal/transaction/journal.go:27.2,28.22 2 1
github.com/relux-works/curator/internal/transaction/journal.go:29.98,30.20 1 1
github.com/relux-works/curator/internal/transaction/journal.go:30.20,32.4 1 1
github.com/relux-works/curator/internal/transaction/journal.go:34.2,34.42 1 1
github.com/relux-works/curator/internal/transaction/journal.go:34.42,36.3 1 1
github.com/relux-works/curator/internal/transaction/journal.go:37.2,37.12 1 1
github.com/relux-works/curator/internal/transaction/journal.go:40.49,42.2 1 1
github.com/relux-works/curator/internal/transaction/journal.go:44.48,46.16 2 1
github.com/relux-works/curator/internal/transaction/journal.go:46.16,47.55 1 1
github.com/relux-works/curator/internal/transaction/journal.go:47.55,49.4 1 0
github.com/relux-works/curator/internal/transaction/journal.go:50.3,50.13 1 1
github.com/relux-works/curator/internal/transaction/journal.go:52.2,52.25 1 1
github.com/relux-works/curator/internal/transaction/journal.go:52.25,54.3 1 0
github.com/relux-works/curator/internal/transaction/journal.go:55.2,56.20 2 1
github.com/relux-works/curator/internal/transaction/journal.go:56.20,58.3 1 0
github.com/relux-works/curator/internal/transaction/journal.go:59.2,59.55 1 1
github.com/relux-works/curator/internal/transaction/journal.go:59.55,61.3 1 0
github.com/relux-works/curator/internal/transaction/journal.go:62.2,62.66 1 1
github.com/relux-works/curator/internal/transaction/journal.go:62.66,64.3 1 0
github.com/relux-works/curator/internal/transaction/journal.go:65.2,65.44 1 1
github.com/relux-works/curator/internal/transaction/journal.go:65.44,67.3 1 0
github.com/relux-works/curator/internal/transaction/journal.go:68.2,68.30 1 1
github.com/relux-works/curator/internal/transaction/journal.go:71.59,72.56 1 1
github.com/relux-works/curator/internal/transaction/journal.go:72.56,74.3 1 0
github.com/relux-works/curator/internal/transaction/journal.go:75.2,75.51 1 1
github.com/relux-works/curator/internal/transaction/journal.go:75.51,77.3 1 0
github.com/relux-works/curator/internal/transaction/journal.go:78.2,79.16 2 1
github.com/relux-works/curator/internal/transaction/journal.go:79.16,81.3 1 0
github.com/relux-works/curator/internal/transaction/journal.go:82.2,83.54 2 1
github.com/relux-works/curator/internal/transaction/journal.go:83.54,85.3 1 0
github.com/relux-works/curator/internal/transaction/journal.go:85.8,85.32 1 1
github.com/relux-works/curator/internal/transaction/journal.go:85.32,87.3 1 0
github.com/relux-works/curator/internal/transaction/journal.go:88.2,89.16 2 1
github.com/relux-works/curator/internal/transaction/journal.go:89.16,91.3 1 0
github.com/relux-works/curator/internal/transaction/journal.go:92.2,94.15 3 1
github.com/relux-works/curator/internal/transaction/journal.go:94.15,96.10 2 1
github.com/relux-works/curator/internal/transaction/journal.go:96.10,98.4 1 0
github.com/relux-works/curator/internal/transaction/journal.go:100.2,100.47 1 1
github.com/relux-works/curator/internal/transaction/journal.go:100.47,102.3 1 0
github.com/relux-works/curator/internal/transaction/journal.go:103.2,103.52 1 1
github.com/relux-works/curator/internal/transaction/journal.go:103.52,105.3 1 0
github.com/relux-works/curator/internal/transaction/journal.go:106.2,106.41 1 1
github.com/relux-works/curator/internal/transaction/journal.go:106.41,108.3 1 0
github.com/relux-works/curator/internal/transaction/journal.go:109.2,109.42 1 1
github.com/relux-works/curator/internal/transaction/journal.go:109.42,111.3 1 0
github.com/relux-works/curator/internal/transaction/journal.go:112.2,112.42 1 1
github.com/relux-works/curator/internal/transaction/journal.go:112.42,113.65 1 1
github.com/relux-works/curator/internal/transaction/journal.go:113.65,115.4 1 0
github.com/relux-works/curator/internal/transaction/journal.go:116.8,116.31 1 1
github.com/relux-works/curator/internal/transaction/journal.go:116.31,117.69 1 1
github.com/relux-works/curator/internal/transaction/journal.go:117.69,119.4 1 0
github.com/relux-works/curator/internal/transaction/journal.go:120.8,122.3 1 0
github.com/relux-works/curator/internal/transaction/journal.go:123.2,124.12 2 1
github.com/relux-works/curator/internal/transaction/journal.go:127.55,129.16 2 1
github.com/relux-works/curator/internal/transaction/journal.go:129.16,131.3 1 0
github.com/relux-works/curator/internal/transaction/journal.go:132.2,132.35 1 1
github.com/relux-works/curator/internal/transaction/journal.go:135.75,136.54 1 1
github.com/relux-works/curator/internal/transaction/journal.go:136.54,138.3 1 0
github.com/relux-works/curator/internal/transaction/journal.go:139.2,140.16 2 1
github.com/relux-works/curator/internal/transaction/journal.go:140.16,142.3 1 0
github.com/relux-works/curator/internal/transaction/journal.go:143.2,144.16 2 1
github.com/relux-works/curator/internal/transaction/journal.go:144.16,146.3 1 0
github.com/relux-works/curator/internal/transaction/journal.go:147.2,147.101 1 1
github.com/relux-works/curator/internal/transaction/journal.go:147.101,149.3 1 1
github.com/relux-works/curator/internal/transaction/journal.go:150.2,151.16 2 1
github.com/relux-works/curator/internal/transaction/journal.go:151.16,153.3 1 0
github.com/relux-works/curator/internal/transaction/journal.go:154.2,155.76 2 1
github.com/relux-works/curator/internal/transaction/journal.go:155.76,158.3 2 0
github.com/relux-works/curator/internal/transaction/journal.go:159.2,161.39 3 1
github.com/relux-works/curator/internal/transaction/journal.go:161.39,163.3 1 0
github.com/relux-works/curator/internal/transaction/journal.go:164.2,164.33 1 1
github.com/relux-works/curator/internal/transaction/journal.go:164.33,166.3 1 0
github.com/relux-works/curator/internal/transaction/journal.go:167.2,170.49 4 1
github.com/relux-works/curator/internal/transaction/journal.go:170.49,172.3 1 1
github.com/relux-works/curator/internal/transaction/journal.go:173.2,173.47 1 1
github.com/relux-works/curator/internal/transaction/journal.go:173.47,175.3 1 1
github.com/relux-works/curator/internal/transaction/journal.go:176.2,176.57 1 1
github.com/relux-works/curator/internal/transaction/journal.go:176.57,178.3 1 0
github.com/relux-works/curator/internal/transaction/journal.go:179.2,179.84 1 1
github.com/relux-works/curator/internal/transaction/journal.go:179.84,181.3 1 0
github.com/relux-works/curator/internal/transaction/journal.go:182.2,183.16 2 1
github.com/relux-works/curator/internal/transaction/journal.go:183.16,185.3 1 0
github.com/relux-works/curator/internal/transaction/journal.go:186.2,186.38 1 1
github.com/relux-works/curator/internal/transaction/journal.go:186.38,188.3 1 1
github.com/relux-works/curator/internal/transaction/journal.go:189.2,189.22 1 1
github.com/relux-works/curator/internal/transaction/journal.go:192.85,199.47 7 1
github.com/relux-works/curator/internal/transaction/journal.go:199.47,201.3 1 0
github.com/relux-works/curator/internal/transaction/journal.go:202.2,202.47 1 1
github.com/relux-works/curator/internal/transaction/journal.go:202.47,204.3 1 0
github.com/relux-works/curator/internal/transaction/journal.go:205.2,205.30 1 1
github.com/relux-works/curator/internal/transaction/journal.go:205.30,207.3 1 0
github.com/relux-works/curator/internal/transaction/journal.go:208.2,208.16 1 1
github.com/relux-works/curator/internal/transaction/journal.go:208.16,210.3 1 1
github.com/relux-works/curator/internal/transaction/journal.go:211.2,211.16 1 1
github.com/relux-works/curator/internal/transaction/journal.go:211.16,213.3 1 1
github.com/relux-works/curator/internal/transaction/journal.go:214.2,214.34 1 0
github.com/relux-works/curator/internal/transaction/journal.go:217.49,220.28 3 1
github.com/relux-works/curator/internal/transaction/journal.go:220.28,222.3 1 1
github.com/relux-works/curator/internal/transaction/journal.go:223.2,223.16 1 1
github.com/relux-works/curator/internal/transaction/journal.go:223.16,225.3 1 1
github.com/relux-works/curator/internal/transaction/journal.go:226.2,226.12 1 0
github.com/relux-works/curator/internal/transaction/journal.go:229.46,230.115 1 1
github.com/relux-works/curator/internal/transaction/journal.go:230.115,232.3 1 1
github.com/relux-works/curator/internal/transaction/journal.go:233.2,233.74 1 1
github.com/relux-works/curator/internal/transaction/journal.go:233.74,235.3 1 1
github.com/relux-works/curator/internal/transaction/journal.go:236.2,236.23 1 1
github.com/relux-works/curator/internal/transaction/journal.go:237.108,237.108 0 1
github.com/relux-works/curator/internal/transaction/journal.go:238.10,239.56 1 1
github.com/relux-works/curator/internal/transaction/journal.go:241.2,241.31 1 1
github.com/relux-works/curator/internal/transaction/journal.go:241.31,242.77 1 1
github.com/relux-works/curator/internal/transaction/journal.go:242.77,244.4 1 1
github.com/relux-works/curator/internal/transaction/journal.go:245.3,245.77 1 1
github.com/relux-works/curator/internal/transaction/journal.go:245.77,247.4 1 1
github.com/relux-works/curator/internal/transaction/journal.go:248.3,248.72 1 1
github.com/relux-works/curator/internal/transaction/journal.go:248.72,250.4 1 1
github.com/relux-works/curator/internal/transaction/journal.go:251.8,251.45 1 1
github.com/relux-works/curator/internal/transaction/journal.go:251.45,253.3 1 1
github.com/relux-works/curator/internal/transaction/journal.go:254.2,254.55 1 1
github.com/relux-works/curator/internal/transaction/journal.go:254.55,256.3 1 1
github.com/relux-works/curator/internal/transaction/journal.go:257.2,257.31 1 1
github.com/relux-works/curator/internal/transaction/journal.go:257.31,259.3 1 1
github.com/relux-works/curator/internal/transaction/journal.go:260.2,260.37 1 1
github.com/relux-works/curator/internal/transaction/journal.go:260.37,262.113 2 1
github.com/relux-works/curator/internal/transaction/journal.go:262.113,264.4 1 1
github.com/relux-works/curator/internal/transaction/journal.go:265.3,265.80 1 1
github.com/relux-works/curator/internal/transaction/journal.go:265.80,267.4 1 1
github.com/relux-works/curator/internal/transaction/journal.go:268.3,268.184 1 1
github.com/relux-works/curator/internal/transaction/journal.go:268.184,270.4 1 1
github.com/relux-works/curator/internal/transaction/journal.go:271.3,271.238 1 1
github.com/relux-works/curator/internal/transaction/journal.go:271.238,273.4 1 1
github.com/relux-works/curator/internal/transaction/journal.go:274.3,275.43 2 1
github.com/relux-works/curator/internal/transaction/journal.go:275.43,277.4 1 1
github.com/relux-works/curator/internal/transaction/journal.go:278.3,278.232 1 1
github.com/relux-works/curator/internal/transaction/journal.go:278.232,280.4 1 1
github.com/relux-works/curator/internal/transaction/journal.go:281.3,281.73 1 1
github.com/relux-works/curator/internal/transaction/journal.go:281.73,283.4 1 1
github.com/relux-works/curator/internal/transaction/journal.go:284.3,284.73 1 1
github.com/relux-works/curator/internal/transaction/journal.go:284.73,286.4 1 1
github.com/relux-works/curator/internal/transaction/journal.go:287.3,287.79 1 1
github.com/relux-works/curator/internal/transaction/journal.go:287.79,289.4 1 1
github.com/relux-works/curator/internal/transaction/journal.go:290.3,290.219 1 1
github.com/relux-works/curator/internal/transaction/journal.go:290.219,292.4 1 1
github.com/relux-works/curator/internal/transaction/journal.go:293.3,293.112 1 1
github.com/relux-works/curator/internal/transaction/journal.go:293.112,295.4 1 1
github.com/relux-works/curator/internal/transaction/journal.go:296.3,296.69 1 1
github.com/relux-works/curator/internal/transaction/journal.go:296.69,298.4 1 1
github.com/relux-works/curator/internal/transaction/journal.go:299.3,299.23 1 1
github.com/relux-works/curator/internal/transaction/journal.go:300.69,300.69 0 1
github.com/relux-works/curator/internal/transaction/journal.go:301.11,302.73 1 1
github.com/relux-works/curator/internal/transaction/journal.go:305.2,305.77 1 1
github.com/relux-works/curator/internal/transaction/journal.go:305.77,307.3 1 1
github.com/relux-works/curator/internal/transaction/journal.go:308.2,308.12 1 1
github.com/relux-works/curator/internal/transaction/journal.go:311.63,312.49 1 1
github.com/relux-works/curator/internal/transaction/journal.go:312.49,314.3 1 1
github.com/relux-works/curator/internal/transaction/journal.go:315.2,319.17 1 1
github.com/relux-works/curator/internal/transaction/journal.go:319.17,321.3 1 1
github.com/relux-works/curator/internal/transaction/journal.go:322.2,322.12 1 1
github.com/relux-works/curator/internal/transaction/journal.go:325.35,327.2 1 1
github.com/relux-works/curator/internal/transaction/journal.go:329.37,330.27 1 1
github.com/relux-works/curator/internal/transaction/journal.go:330.27,332.3 1 1
github.com/relux-works/curator/internal/transaction/journal.go:333.2,333.77 1 1
github.com/relux-works/curator/internal/transaction/journal.go:333.77,335.3 1 1
github.com/relux-works/curator/internal/transaction/journal.go:336.2,336.47 1 1
github.com/relux-works/curator/internal/transaction/journal.go:336.47,337.67 1 1
github.com/relux-works/curator/internal/transaction/journal.go:337.67,339.4 1 0
github.com/relux-works/curator/internal/transaction/journal.go:341.2,341.13 1 1
github.com/relux-works/curator/internal/transaction/journal.go:344.48,345.35 1 1
github.com/relux-works/curator/internal/transaction/journal.go:345.35,346.102 1 1
github.com/relux-works/curator/internal/transaction/journal.go:346.102,348.4 1 1
github.com/relux-works/curator/internal/transaction/journal.go:350.2,350.13 1 1
github.com/relux-works/curator/internal/transaction/journal.go:353.59,354.56 1 1
github.com/relux-works/curator/internal/transaction/journal.go:354.56,356.3 1 1
github.com/relux-works/curator/internal/transaction/journal.go:357.2,358.36 2 1
github.com/relux-works/curator/internal/transaction/journal.go:358.36,359.141 1 1
github.com/relux-works/curator/internal/transaction/journal.go:359.141,361.4 1 0
github.com/relux-works/curator/internal/transaction/journal.go:362.3,362.31 1 1
github.com/relux-works/curator/internal/transaction/journal.go:362.31,363.178 1 1
github.com/relux-works/curator/internal/transaction/journal.go:363.178,365.5 1 0
github.com/relux-works/curator/internal/transaction/journal.go:367.3,367.25 1 1
github.com/relux-works/curator/internal/transaction/journal.go:367.25,369.4 1 0
github.com/relux-works/curator/internal/transaction/journal.go:370.3,370.21 1 1
github.com/relux-works/curator/internal/transaction/journal.go:371.20,372.26 1 1
github.com/relux-works/curator/internal/transaction/journal.go:372.26,374.5 1 0
github.com/relux-works/curator/internal/transaction/journal.go:375.15,376.66 1 1
github.com/relux-works/curator/internal/transaction/journal.go:376.66,378.5 1 1
github.com/relux-works/curator/internal/transaction/journal.go:379.11,380.84 1 0
github.com/relux-works/curator/internal/transaction/journal.go:382.3,382.37 1 1
github.com/relux-works/curator/internal/transaction/journal.go:384.2,384.36 1 1
github.com/relux-works/curator/internal/transaction/journal.go:384.36,386.20 2 1
github.com/relux-works/curator/internal/transaction/journal.go:386.20,388.4 1 1
github.com/relux-works/curator/internal/transaction/journal.go:389.3,390.48 2 1
github.com/relux-works/curator/internal/transaction/journal.go:390.48,392.4 1 0
github.com/relux-works/curator/internal/transaction/journal.go:394.2,394.12 1 1
github.com/relux-works/curator/internal/transaction/journal.go:397.54,399.24 2 1
github.com/relux-works/curator/internal/transaction/journal.go:399.24,401.3 1 0
github.com/relux-works/curator/internal/transaction/journal.go:402.2,402.16 1 1
github.com/relux-works/curator/internal/transaction/journal.go:402.16,404.3 1 0
github.com/relux-works/curator/internal/transaction/journal.go:405.2,406.32 2 1
github.com/relux-works/curator/internal/transaction/journal.go:406.32,409.10 3 1
github.com/relux-works/curator/internal/transaction/journal.go:410.48,411.27 1 1
github.com/relux-works/curator/internal/transaction/journal.go:412.41,413.20 1 1
github.com/relux-works/curator/internal/transaction/journal.go:414.11,415.12 1 0
github.com/relux-works/curator/internal/transaction/journal.go:417.3,418.44 2 1
github.com/relux-works/curator/internal/transaction/journal.go:418.44,420.4 1 0
github.com/relux-works/curator/internal/transaction/journal.go:421.3,421.40 1 1
github.com/relux-works/curator/internal/transaction/journal.go:421.40,423.4 1 0
github.com/relux-works/curator/internal/transaction/journal.go:424.3,424.18 1 1
github.com/relux-works/curator/internal/transaction/journal.go:426.2,427.23 2 1
github.com/relux-works/curator/internal/transaction/journal.go:427.23,429.3 1 1
github.com/relux-works/curator/internal/transaction/journal.go:430.2,430.38 1 1
github.com/relux-works/curator/internal/transaction/journal.go:430.38,430.98 1 1
github.com/relux-works/curator/internal/transaction/journal.go:431.2,431.17 1 1
github.com/relux-works/curator/internal/transaction/journal.go:434.55,436.2 1 1
github.com/relux-works/curator/internal/transaction/journal.go:438.81,439.66 1 1
github.com/relux-works/curator/internal/transaction/journal.go:439.66,441.3 1 0
github.com/relux-works/curator/internal/transaction/journal.go:442.2,443.89 2 1
github.com/relux-works/curator/internal/transaction/journal.go:443.89,444.21 1 1
github.com/relux-works/curator/internal/transaction/journal.go:444.21,446.4 1 0
github.com/relux-works/curator/internal/transaction/journal.go:447.3,447.85 1 1
github.com/relux-works/curator/internal/transaction/journal.go:447.85,449.4 1 0
github.com/relux-works/curator/internal/transaction/journal.go:450.3,451.17 2 1
github.com/relux-works/curator/internal/transaction/journal.go:451.17,453.4 1 0
github.com/relux-works/curator/internal/transaction/journal.go:454.3,454.22 1 1
github.com/relux-works/curator/internal/transaction/journal.go:454.22,456.4 1 1
github.com/relux-works/curator/internal/transaction/journal.go:456.9,458.4 1 1
github.com/relux-works/curator/internal/transaction/journal.go:459.3,460.19 2 1
github.com/relux-works/curator/internal/transaction/journal.go:460.19,462.4 1 1
github.com/relux-works/curator/internal/transaction/journal.go:462.9,465.18 3 1
github.com/relux-works/curator/internal/transaction/journal.go:465.18,467.5 1 0
github.com/relux-works/curator/internal/transaction/journal.go:469.3,470.13 2 1
github.com/relux-works/curator/internal/transaction/journal.go:472.2,472.16 1 1
github.com/relux-works/curator/internal/transaction/journal.go:472.16,474.3 1 0
github.com/relux-works/curator/internal/transaction/journal.go:475.2,475.42 1 1
github.com/relux-works/curator/internal/transaction/journal.go:475.42,477.3 1 1
github.com/relux-works/curator/internal/transaction/journal.go:478.2,478.56 1 1
github.com/relux-works/curator/internal/transaction/journal.go:478.56,480.3 1 0
github.com/relux-works/curator/internal/transaction/journal.go:481.2,481.66 1 1
github.com/relux-works/curator/internal/transaction/journal.go:481.66,483.3 1 0
github.com/relux-works/curator/internal/transaction/journal.go:484.2,484.21 1 1
github.com/relux-works/curator/internal/transaction/journal.go:487.70,488.26 1 1
github.com/relux-works/curator/internal/transaction/journal.go:488.26,490.3 1 1
github.com/relux-works/curator/internal/transaction/journal.go:491.2,491.34 1 1
github.com/relux-works/curator/internal/transaction/journal.go:491.34,493.3 1 0
github.com/relux-works/curator/internal/transaction/journal.go:494.2,499.47 6 1
github.com/relux-works/curator/internal/transaction/journal.go:499.47,501.3 1 0
github.com/relux-works/curator/internal/transaction/journal.go:502.2,502.47 1 1
github.com/relux-works/curator/internal/transaction/journal.go:502.47,504.3 1 0
github.com/relux-works/curator/internal/transaction/journal.go:505.2,505.30 1 1
github.com/relux-works/curator/internal/transaction/journal.go:505.30,507.3 1 1
github.com/relux-works/curator/internal/transaction/journal.go:508.2,508.16 1 1
github.com/relux-works/curator/internal/transaction/journal.go:508.16,510.3 1 0
github.com/relux-works/curator/internal/transaction/journal.go:511.2,511.17 1 1
github.com/relux-works/curator/internal/transaction/journal.go:511.17,513.3 1 1
github.com/relux-works/curator/internal/transaction/journal.go:514.2,514.66 1 1
github.com/relux-works/curator/internal/transaction/journal.go:514.66,516.3 1 0
github.com/relux-works/curator/internal/transaction/journal.go:517.2,517.18 1 1
github.com/relux-works/curator/internal/transaction/journal.go:520.105,521.26 1 1
github.com/relux-works/curator/internal/transaction/journal.go:521.26,523.3 1 0
github.com/relux-works/curator/internal/transaction/journal.go:524.2,524.34 1 1
github.com/relux-works/curator/internal/transaction/journal.go:524.34,526.3 1 0
github.com/relux-works/curator/internal/transaction/journal.go:527.2,532.47 6 1
github.com/relux-works/curator/internal/transaction/journal.go:532.47,534.3 1 0
github.com/relux-works/curator/internal/transaction/journal.go:535.2,535.47 1 1
github.com/relux-works/curator/internal/transaction/journal.go:535.47,537.3 1 0
github.com/relux-works/curator/internal/transaction/journal.go:538.2,538.30 1 1
github.com/relux-works/curator/internal/transaction/journal.go:538.30,540.3 1 0
github.com/relux-works/curator/internal/transaction/journal.go:541.2,541.16 1 1
github.com/relux-works/curator/internal/transaction/journal.go:541.16,542.67 1 1
github.com/relux-works/curator/internal/transaction/journal.go:542.67,544.4 1 1
github.com/relux-works/curator/internal/transaction/journal.go:546.2,546.16 1 1
github.com/relux-works/curator/internal/transaction/journal.go:546.16,547.67 1 1
github.com/relux-works/curator/internal/transaction/journal.go:547.67,549.4 1 0
github.com/relux-works/curator/internal/transaction/journal.go:550.3,550.60 1 1
github.com/relux-works/curator/internal/transaction/journal.go:550.60,552.4 1 0
github.com/relux-works/curator/internal/transaction/journal.go:553.3,553.67 1 1
github.com/relux-works/curator/internal/transaction/journal.go:553.67,555.4 1 0
github.com/relux-works/curator/internal/transaction/journal.go:556.3,556.25 1 1
github.com/relux-works/curator/internal/transaction/journal.go:556.25,557.40 1 0
github.com/relux-works/curator/internal/transaction/journal.go:557.40,559.5 1 0
github.com/relux-works/curator/internal/transaction/journal.go:561.3,561.20 1 1
github.com/relux-works/curator/internal/transaction/journal.go:563.2,563.17 1 1
github.com/relux-works/curator/internal/transaction/journal.go:563.17,565.3 1 0
github.com/relux-works/curator/internal/transaction/journal.go:566.2,566.42 1 1
github.com/relux-works/curator/internal/transaction/journal.go:566.42,568.3 1 0
github.com/relux-works/curator/internal/transaction/journal.go:568.8,568.32 1 1
github.com/relux-works/curator/internal/transaction/journal.go:568.32,570.3 1 0
github.com/relux-works/curator/internal/transaction/journal.go:571.2,571.46 1 1
github.com/relux-works/curator/internal/transaction/journal.go:574.70,576.24 2 1
github.com/relux-works/curator/internal/transaction/journal.go:576.24,578.3 1 0
github.com/relux-works/curator/internal/transaction/journal.go:579.2,579.16 1 1
github.com/relux-works/curator/internal/transaction/journal.go:579.16,581.3 1 0
github.com/relux-works/curator/internal/transaction/journal.go:582.2,582.84 1 1
github.com/relux-works/curator/internal/transaction/journal.go:582.84,584.3 1 0
github.com/relux-works/curator/internal/transaction/journal.go:585.2,585.18 1 1
github.com/relux-works/curator/internal/transaction/journal.go:585.18,587.17 2 0
github.com/relux-works/curator/internal/transaction/journal.go:587.17,589.4 1 0
github.com/relux-works/curator/internal/transaction/journal.go:590.3,590.33 1 0
github.com/relux-works/curator/internal/transaction/journal.go:590.33,591.93 1 0
github.com/relux-works/curator/internal/transaction/journal.go:591.93,593.5 1 0
github.com/relux-works/curator/internal/transaction/journal.go:596.2,596.40 1 1
github.com/relux-works/curator/internal/transaction/journal.go:596.40,598.3 1 0
github.com/relux-works/curator/internal/transaction/journal.go:599.2,599.58 1 1
github.com/relux-works/curator/internal/transaction/journal.go:599.58,601.3 1 0
github.com/relux-works/curator/internal/transaction/journal.go:602.2,602.25 1 1
github.com/relux-works/curator/internal/transaction/journal.go:602.25,604.3 1 0
github.com/relux-works/curator/internal/transaction/journal.go:605.2,605.12 1 1
github.com/relux-works/curator/internal/transaction/journal.go:608.130,609.56 1 1
github.com/relux-works/curator/internal/transaction/journal.go:609.56,611.3 1 0
github.com/relux-works/curator/internal/transaction/journal.go:612.2,617.47 6 1
github.com/relux-works/curator/internal/transaction/journal.go:617.47,619.3 1 0
github.com/relux-works/curator/internal/transaction/journal.go:620.2,620.47 1 1
github.com/relux-works/curator/internal/transaction/journal.go:620.47,622.3 1 0
github.com/relux-works/curator/internal/transaction/journal.go:623.2,623.30 1 1
github.com/relux-works/curator/internal/transaction/journal.go:623.30,625.3 1 0
github.com/relux-works/curator/internal/transaction/journal.go:626.2,626.16 1 1
github.com/relux-works/curator/internal/transaction/journal.go:626.16,627.67 1 1
github.com/relux-works/curator/internal/transaction/journal.go:627.67,629.4 1 0
github.com/relux-works/curator/internal/transaction/journal.go:630.3,630.66 1 1
github.com/relux-works/curator/internal/transaction/journal.go:630.66,632.4 1 0
github.com/relux-works/curator/internal/transaction/journal.go:633.3,633.60 1 1
github.com/relux-works/curator/internal/transaction/journal.go:633.60,635.4 1 0
github.com/relux-works/curator/internal/transaction/journal.go:636.3,636.66 1 1
github.com/relux-works/curator/internal/transaction/journal.go:636.66,638.4 1 0
github.com/relux-works/curator/internal/transaction/journal.go:639.3,639.25 1 1
github.com/relux-works/curator/internal/transaction/journal.go:639.25,640.40 1 1
github.com/relux-works/curator/internal/transaction/journal.go:640.40,642.5 1 1
github.com/relux-works/curator/internal/transaction/journal.go:644.3,644.20 1 1
github.com/relux-works/curator/internal/transaction/journal.go:646.2,646.17 1 1
github.com/relux-works/curator/internal/transaction/journal.go:646.17,648.3 1 0
github.com/relux-works/curator/internal/transaction/journal.go:649.2,649.42 1 1
github.com/relux-works/curator/internal/transaction/journal.go:649.42,651.3 1 0
github.com/relux-works/curator/internal/transaction/journal.go:651.8,651.32 1 1
github.com/relux-works/curator/internal/transaction/journal.go:651.32,653.3 1 0
github.com/relux-works/curator/internal/transaction/journal.go:654.2,654.66 1 1
github.com/relux-works/curator/internal/transaction/journal.go:654.66,656.3 1 1
github.com/relux-works/curator/internal/transaction/journal.go:657.2,657.53 1 1
github.com/relux-works/curator/internal/transaction/journal.go:657.53,660.31 3 1
github.com/relux-works/curator/internal/transaction/journal.go:660.31,662.4 1 1
github.com/relux-works/curator/internal/transaction/journal.go:663.3,664.25 2 1
github.com/relux-works/curator/internal/transaction/journal.go:664.25,665.12 1 1
github.com/relux-works/curator/internal/transaction/journal.go:667.3,667.17 1 1
github.com/relux-works/curator/internal/transaction/journal.go:667.17,669.4 1 0
github.com/relux-works/curator/internal/transaction/journal.go:670.3,670.66 1 1
github.com/relux-works/curator/internal/transaction/journal.go:670.66,672.4 1 0
github.com/relux-works/curator/internal/transaction/journal.go:673.3,673.44 1 1
github.com/relux-works/curator/internal/transaction/journal.go:673.44,674.33 1 0
github.com/relux-works/curator/internal/transaction/journal.go:674.33,676.5 1 0
github.com/relux-works/curator/internal/transaction/journal.go:677.4,677.14 1 0
github.com/relux-works/curator/internal/transaction/journal.go:679.3,679.62 1 1
github.com/relux-works/curator/internal/transaction/journal.go:679.62,681.4 1 0
github.com/relux-works/curator/internal/transaction/journal.go:682.3,682.26 1 1
github.com/relux-works/curator/internal/transaction/journal.go:682.26,683.41 1 1
github.com/relux-works/curator/internal/transaction/journal.go:683.41,685.5 1 1
github.com/relux-works/curator/internal/transaction/journal.go:688.2,688.12 1 1
github.com/relux-works/curator/internal/transaction/journal.go:691.91,693.32 2 1
github.com/relux-works/curator/internal/transaction/journal.go:693.32,695.3 1 1
github.com/relux-works/curator/internal/transaction/journal.go:696.2,697.89 2 1
github.com/relux-works/curator/internal/transaction/journal.go:697.89,698.21 1 1
github.com/relux-works/curator/internal/transaction/journal.go:698.21,700.4 1 0
github.com/relux-works/curator/internal/transaction/journal.go:701.3,702.17 2 1
github.com/relux-works/curator/internal/transaction/journal.go:702.17,704.4 1 0
github.com/relux-works/curator/internal/transaction/journal.go:705.3,705.22 1 1
github.com/relux-works/curator/internal/transaction/journal.go:705.22,707.4 1 1
github.com/relux-works/curator/internal/transaction/journal.go:707.9,709.4 1 1
github.com/relux-works/curator/internal/transaction/journal.go:710.3,711.13 2 1
github.com/relux-works/curator/internal/transaction/journal.go:711.13,713.4 1 1
github.com/relux-works/curator/internal/transaction/journal.go:714.3,714.66 1 1
github.com/relux-works/curator/internal/transaction/journal.go:714.66,716.4 1 1
github.com/relux-works/curator/internal/transaction/journal.go:717.3,718.13 2 1
github.com/relux-works/curator/internal/transaction/journal.go:720.2,720.16 1 1
github.com/relux-works/curator/internal/transaction/journal.go:720.16,722.3 1 1
github.com/relux-works/curator/internal/transaction/journal.go:723.2,723.50 1 1
github.com/relux-works/curator/internal/transaction/journal.go:723.50,725.3 1 0
github.com/relux-works/curator/internal/transaction/journal.go:726.2,726.12 1 1
github.com/relux-works/curator/internal/transaction/journal.go:729.82,730.81 1 1
github.com/relux-works/curator/internal/transaction/journal.go:730.81,732.3 1 0
github.com/relux-works/curator/internal/transaction/journal.go:733.2,733.20 1 1
github.com/relux-works/curator/internal/transaction/journal.go:734.19,735.20 1 1
github.com/relux-works/curator/internal/transaction/journal.go:735.20,737.4 1 0
github.com/relux-works/curator/internal/transaction/journal.go:738.14,739.31 1 1
github.com/relux-works/curator/internal/transaction/journal.go:739.31,741.4 1 0
github.com/relux-works/curator/internal/transaction/journal.go:742.3,743.43 2 1
github.com/relux-works/curator/internal/transaction/journal.go:743.43,745.4 1 1
github.com/relux-works/curator/internal/transaction/journal.go:746.10,747.87 1 0
github.com/relux-works/curator/internal/transaction/journal.go:749.2,749.12 1 1
github.com/relux-works/curator/internal/transaction/journal.go:752.61,754.16 2 1
github.com/relux-works/curator/internal/transaction/journal.go:754.16,756.3 1 0
github.com/relux-works/curator/internal/transaction/journal.go:757.2,757.30 1 1
github.com/relux-works/curator/internal/transaction/journal.go:757.30,759.3 1 1
github.com/relux-works/curator/internal/transaction/journal.go:760.2,760.12 1 1
github.com/relux-works/curator/internal/transaction/journal.go:763.54,765.16 2 1
github.com/relux-works/curator/internal/transaction/journal.go:765.16,767.3 1 0
github.com/relux-works/curator/internal/transaction/journal.go:768.2,768.45 1 1
github.com/relux-works/curator/internal/transaction/journal.go:771.68,773.16 2 1
github.com/relux-works/curator/internal/transaction/journal.go:773.16,775.3 1 0
github.com/relux-works/curator/internal/transaction/journal.go:776.2,776.73 1 1
github.com/relux-works/curator/internal/transaction/journal.go:779.57,780.87 1 1
github.com/relux-works/curator/internal/transaction/journal.go:780.87,782.3 1 1
github.com/relux-works/curator/internal/transaction/journal.go:783.2,783.73 1 1
github.com/relux-works/curator/internal/transaction/namespace.go:22.105,24.29 2 1
github.com/relux-works/curator/internal/transaction/namespace.go:24.29,34.5 2 1
github.com/relux-works/curator/internal/transaction/namespace.go:34.5,35.28 1 1
github.com/relux-works/curator/internal/transaction/namespace.go:35.28,36.13 1 1
github.com/relux-works/curator/internal/transaction/namespace.go:38.4,39.18 2 1
github.com/relux-works/curator/internal/transaction/namespace.go:39.18,41.5 1 1
github.com/relux-works/curator/internal/transaction/namespace.go:42.4,43.18 2 1
github.com/relux-works/curator/internal/transaction/namespace.go:43.18,45.5 1 0
github.com/relux-works/curator/internal/transaction/namespace.go:46.4,47.18 2 1
github.com/relux-works/curator/internal/transaction/namespace.go:47.18,49.5 1 0
github.com/relux-works/curator/internal/transaction/namespace.go:50.4,58.32 2 1
github.com/relux-works/curator/internal/transaction/namespace.go:58.32,61.19 3 1
github.com/relux-works/curator/internal/transaction/namespace.go:61.19,63.6 1 0
github.com/relux-works/curator/internal/transaction/namespace.go:64.5,71.7 1 1
github.com/relux-works/curator/internal/transaction/namespace.go:75.2,75.37 1 1
github.com/relux-works/curator/internal/transaction/namespace.go:75.37,77.17 2 1
github.com/relux-works/curator/internal/transaction/namespace.go:77.17,79.4 1 0
github.com/relux-works/curator/internal/transaction/namespace.go:80.3,81.17 2 1
github.com/relux-works/curator/internal/transaction/namespace.go:81.17,83.4 1 0
github.com/relux-works/curator/internal/transaction/namespace.go:84.3,87.17 4 1
github.com/relux-works/curator/internal/transaction/namespace.go:87.17,89.4 1 0
github.com/relux-works/curator/internal/transaction/namespace.go:90.3,91.35 2 1
github.com/relux-works/curator/internal/transaction/namespace.go:93.2,93.31 1 1
github.com/relux-works/curator/internal/transaction/namespace.go:93.31,94.74 1 1
github.com/relux-works/curator/internal/transaction/namespace.go:94.74,98.18 4 1
github.com/relux-works/curator/internal/transaction/namespace.go:98.18,100.5 1 0
github.com/relux-works/curator/internal/transaction/namespace.go:101.4,101.15 1 1
github.com/relux-works/curator/internal/transaction/namespace.go:101.15,103.5 1 1
github.com/relux-works/curator/internal/transaction/namespace.go:106.2,106.12 1 1
github.com/relux-works/curator/internal/transaction/namespace.go:109.58,110.61 1 1
github.com/relux-works/curator/internal/transaction/namespace.go:110.61,112.3 1 0
github.com/relux-works/curator/internal/transaction/namespace.go:113.2,115.16 3 1
github.com/relux-works/curator/internal/transaction/namespace.go:115.16,117.3 1 1
github.com/relux-works/curator/internal/transaction/namespace.go:118.2,118.25 1 1
github.com/relux-works/curator/internal/transaction/namespace.go:118.25,120.3 1 1
github.com/relux-works/curator/internal/transaction/namespace.go:122.2,124.6 3 1
github.com/relux-works/curator/internal/transaction/namespace.go:124.6,126.23 2 1
github.com/relux-works/curator/internal/transaction/namespace.go:126.23,128.4 1 0
github.com/relux-works/curator/internal/transaction/namespace.go:129.3,132.17 4 1
github.com/relux-works/curator/internal/transaction/namespace.go:132.17,133.55 1 1
github.com/relux-works/curator/internal/transaction/namespace.go:133.55,135.5 1 1
github.com/relux-works/curator/internal/transaction/namespace.go:136.4,136.40 1 1
github.com/relux-works/curator/internal/transaction/namespace.go:138.3,138.26 1 1
github.com/relux-works/curator/internal/transaction/namespace.go:138.26,140.4 1 0
github.com/relux-works/curator/internal/transaction/namespace.go:144.75,147.154 3 1
github.com/relux-works/curator/internal/transaction/namespace.go:147.154,149.3 1 1
github.com/relux-works/curator/internal/transaction/namespace.go:150.2,152.47 3 1
github.com/relux-works/curator/internal/transaction/namespace.go:152.47,154.3 1 0
github.com/relux-works/curator/internal/transaction/namespace.go:155.2,155.49 1 1
github.com/relux-works/curator/internal/transaction/namespace.go:155.49,157.3 1 0
github.com/relux-works/curator/internal/transaction/namespace.go:158.2,158.83 1 1
github.com/relux-works/curator/internal/transaction/namespace.go:161.90,164.129 3 1
github.com/relux-works/curator/internal/transaction/namespace.go:164.129,166.3 1 1
github.com/relux-works/curator/internal/transaction/namespace.go:167.2,167.33 1 1
github.com/relux-works/curator/internal/transaction/namespace.go:167.33,168.104 1 1
github.com/relux-works/curator/internal/transaction/namespace.go:168.104,170.4 1 1
github.com/relux-works/curator/internal/transaction/namespace.go:172.2,172.13 1 1
github.com/relux-works/curator/internal/transaction/namespace.go:175.58,179.63 4 1
github.com/relux-works/curator/internal/transaction/namespace.go:179.63,180.40 1 1
github.com/relux-works/curator/internal/transaction/namespace.go:180.40,182.4 1 1
github.com/relux-works/curator/internal/transaction/namespace.go:183.3,183.70 1 1
github.com/relux-works/curator/internal/transaction/namespace.go:185.2,185.22 1 1
github.com/relux-works/curator/internal/transaction/namespace.go:188.94,189.21 1 1
github.com/relux-works/curator/internal/transaction/namespace.go:189.21,192.3 2 1
github.com/relux-works/curator/internal/transaction/namespace.go:193.2,193.21 1 1
github.com/relux-works/curator/internal/transaction/namespace.go:193.21,195.3 1 1
github.com/relux-works/curator/internal/transaction/namespace.go:196.2,196.22 1 0
github.com/relux-works/curator/internal/transaction/namespace.go:199.61,201.6 2 1
github.com/relux-works/curator/internal/transaction/namespace.go:201.6,202.46 1 1
github.com/relux-works/curator/internal/transaction/namespace.go:202.46,204.4 1 1
github.com/relux-works/curator/internal/transaction/namespace.go:204.9,204.33 1 1
github.com/relux-works/curator/internal/transaction/namespace.go:204.33,206.4 1 0
github.com/relux-works/curator/internal/transaction/namespace.go:207.3,208.24 2 1
github.com/relux-works/curator/internal/transaction/namespace.go:208.24,210.4 1 0
github.com/relux-works/curator/internal/transaction/namespace.go:211.3,211.19 1 1
github.com/relux-works/curator/internal/transaction/namespace_case_darwin.go:13.58,15.16 2 1
github.com/relux-works/curator/internal/transaction/namespace_case_darwin.go:15.16,17.3 1 0
github.com/relux-works/curator/internal/transaction/namespace_case_darwin.go:18.2,19.16 2 1
github.com/relux-works/curator/internal/transaction/namespace_case_darwin.go:19.16,21.3 1 0
github.com/relux-works/curator/internal/transaction/namespace_case_darwin.go:22.2,22.32 1 1
github.com/relux-works/curator/internal/transaction/namespace_case_darwin.go:25.67,27.16 2 1
github.com/relux-works/curator/internal/transaction/namespace_case_darwin.go:27.16,29.3 1 0
github.com/relux-works/curator/internal/transaction/namespace_case_darwin.go:30.2,31.53 2 1
github.com/relux-works/curator/internal/transaction/namespace_case_darwin.go:31.53,33.3 1 0
github.com/relux-works/curator/internal/transaction/namespace_case_darwin.go:34.2,38.57 2 1
github.com/relux-works/curator/internal/transaction/rename_noreplace_darwin.go:11.52,12.67 1 1
github.com/relux-works/curator/internal/transaction/rename_noreplace_darwin.go:12.67,14.3 1 1
github.com/relux-works/curator/internal/transaction/rename_noreplace_darwin.go:15.2,15.56 1 1
github.com/relux-works/curator/internal/transaction/rename_noreplace_darwin.go:15.56,17.3 1 0
github.com/relux-works/curator/internal/transaction/rename_noreplace_darwin.go:18.2,18.44 1 1
github.com/relux-works/curator/internal/transaction/rename_noreplace_darwin.go:18.44,20.3 1 0
github.com/relux-works/curator/internal/transaction/rename_noreplace_darwin.go:21.2,21.12 1 1
github.com/relux-works/curator/internal/transaction/replace_unix.go:5.48,7.2 1 1
github.com/relux-works/curator/internal/transaction/types.go:179.36,180.30 1 1
github.com/relux-works/curator/internal/transaction/types.go:180.30,180.54 1 1
github.com/relux-works/curator/internal/transaction/types.go:183.52,185.2 1 1
github.com/relux-works/curator/internal/transaction/types.go:187.49,189.2 1 1
github.com/relux-works/curator/internal/transaction/types.go:191.83,194.2 2 1
