=== RUN   TestFailureAtEveryTargetClassRestoresPriorStateInReverseOrder
=== RUN   TestFailureAtEveryTargetClassRestoresPriorStateInReverseOrder/project-hybrid-auto
=== PAUSE TestFailureAtEveryTargetClassRestoresPriorStateInReverseOrder/project-hybrid-auto
=== RUN   TestFailureAtEveryTargetClassRestoresPriorStateInReverseOrder/global-auto
=== PAUSE TestFailureAtEveryTargetClassRestoresPriorStateInReverseOrder/global-auto
=== CONT  TestFailureAtEveryTargetClassRestoresPriorStateInReverseOrder/project-hybrid-auto
=== CONT  TestFailureAtEveryTargetClassRestoresPriorStateInReverseOrder/global-auto
=== RUN   TestFailureAtEveryTargetClassRestoresPriorStateInReverseOrder/project-hybrid-auto/10-context
=== RUN   TestFailureAtEveryTargetClassRestoresPriorStateInReverseOrder/global-auto/10-context
=== RUN   TestFailureAtEveryTargetClassRestoresPriorStateInReverseOrder/global-auto/40-shim-forwarding
=== RUN   TestFailureAtEveryTargetClassRestoresPriorStateInReverseOrder/project-hybrid-auto/20-runtime
=== RUN   TestFailureAtEveryTargetClassRestoresPriorStateInReverseOrder/global-auto/60-adapter-ledger
=== RUN   TestFailureAtEveryTargetClassRestoresPriorStateInReverseOrder/project-hybrid-auto/30-shim-canonical
=== RUN   TestFailureAtEveryTargetClassRestoresPriorStateInReverseOrder/global-auto/70-mirror-ledger
=== RUN   TestFailureAtEveryTargetClassRestoresPriorStateInReverseOrder/project-hybrid-auto/50-env-file
=== RUN   TestFailureAtEveryTargetClassRestoresPriorStateInReverseOrder/global-auto/80-removal
=== RUN   TestFailureAtEveryTargetClassRestoresPriorStateInReverseOrder/project-hybrid-auto/60-adapter-ledger
=== RUN   TestFailureAtEveryTargetClassRestoresPriorStateInReverseOrder/project-hybrid-auto/80-removal
=== RUN   TestFailureAtEveryTargetClassRestoresPriorStateInReverseOrder/project-hybrid-auto/90-consumer
--- PASS: TestFailureAtEveryTargetClassRestoresPriorStateInReverseOrder (0.00s)
    --- PASS: TestFailureAtEveryTargetClassRestoresPriorStateInReverseOrder/global-auto (170.49s)
        --- PASS: TestFailureAtEveryTargetClassRestoresPriorStateInReverseOrder/global-auto/10-context (20.67s)
        --- PASS: TestFailureAtEveryTargetClassRestoresPriorStateInReverseOrder/global-auto/40-shim-forwarding (27.10s)
        --- PASS: TestFailureAtEveryTargetClassRestoresPriorStateInReverseOrder/global-auto/60-adapter-ledger (25.42s)
        --- PASS: TestFailureAtEveryTargetClassRestoresPriorStateInReverseOrder/global-auto/70-mirror-ledger (28.56s)
        --- PASS: TestFailureAtEveryTargetClassRestoresPriorStateInReverseOrder/global-auto/80-removal (26.92s)
    --- PASS: TestFailureAtEveryTargetClassRestoresPriorStateInReverseOrder/project-hybrid-auto (278.95s)
        --- PASS: TestFailureAtEveryTargetClassRestoresPriorStateInReverseOrder/project-hybrid-auto/10-context (31.95s)
        --- PASS: TestFailureAtEveryTargetClassRestoresPriorStateInReverseOrder/project-hybrid-auto/20-runtime (35.71s)
        --- PASS: TestFailureAtEveryTargetClassRestoresPriorStateInReverseOrder/project-hybrid-auto/30-shim-canonical (34.77s)
        --- PASS: TestFailureAtEveryTargetClassRestoresPriorStateInReverseOrder/project-hybrid-auto/50-env-file (34.19s)
        --- PASS: TestFailureAtEveryTargetClassRestoresPriorStateInReverseOrder/project-hybrid-auto/60-adapter-ledger (35.68s)
        --- PASS: TestFailureAtEveryTargetClassRestoresPriorStateInReverseOrder/project-hybrid-auto/80-removal (32.42s)
        --- PASS: TestFailureAtEveryTargetClassRestoresPriorStateInReverseOrder/project-hybrid-auto/90-consumer (34.89s)
=== RUN   TestAdapterMirrorLinksAreJournaledAndRestoredExactly
=== RUN   TestAdapterMirrorLinksAreJournaledAndRestoredExactly/auto
=== PAUSE TestAdapterMirrorLinksAreJournaledAndRestoredExactly/auto
=== RUN   TestAdapterMirrorLinksAreJournaledAndRestoredExactly/symlink
=== PAUSE TestAdapterMirrorLinksAreJournaledAndRestoredExactly/symlink
=== CONT  TestAdapterMirrorLinksAreJournaledAndRestoredExactly/auto
=== CONT  TestAdapterMirrorLinksAreJournaledAndRestoredExactly/symlink
--- PASS: TestAdapterMirrorLinksAreJournaledAndRestoredExactly (0.00s)
    --- PASS: TestAdapterMirrorLinksAreJournaledAndRestoredExactly/auto (20.31s)
    --- PASS: TestAdapterMirrorLinksAreJournaledAndRestoredExactly/symlink (20.48s)
=== RUN   TestStaleAdapterEntryIsRemovedBeforeTheConsumerLedger
=== RUN   TestStaleAdapterEntryIsRemovedBeforeTheConsumerLedger/auto
=== PAUSE TestStaleAdapterEntryIsRemovedBeforeTheConsumerLedger/auto
=== RUN   TestStaleAdapterEntryIsRemovedBeforeTheConsumerLedger/symlink
=== PAUSE TestStaleAdapterEntryIsRemovedBeforeTheConsumerLedger/symlink
=== RUN   TestStaleAdapterEntryIsRemovedBeforeTheConsumerLedger/copy
=== PAUSE TestStaleAdapterEntryIsRemovedBeforeTheConsumerLedger/copy
=== CONT  TestStaleAdapterEntryIsRemovedBeforeTheConsumerLedger/auto
=== CONT  TestStaleAdapterEntryIsRemovedBeforeTheConsumerLedger/copy
=== CONT  TestStaleAdapterEntryIsRemovedBeforeTheConsumerLedger/symlink
--- PASS: TestStaleAdapterEntryIsRemovedBeforeTheConsumerLedger (0.00s)
    --- PASS: TestStaleAdapterEntryIsRemovedBeforeTheConsumerLedger/auto (13.06s)
    --- PASS: TestStaleAdapterEntryIsRemovedBeforeTheConsumerLedger/symlink (13.22s)
    --- PASS: TestStaleAdapterEntryIsRemovedBeforeTheConsumerLedger/copy (16.51s)
=== RUN   TestStaleAdapterRemovalRollsBackToTheExactPriorEntry
--- PASS: TestStaleAdapterRemovalRollsBackToTheExactPriorEntry (10.20s)
PASS
ok  	github.com/relux-works/curator/internal/install/atomicity	353.629s
=== RUN   TestPrepareCanonicalJournalReferencedKeysAndCommitCleanup
--- PASS: TestPrepareCanonicalJournalReferencedKeysAndCommitCleanup (0.35s)
=== RUN   TestFaultAtEveryTargetBoundaryRollsBackInReverse
=== RUN   TestFaultAtEveryTargetBoundaryRollsBackInReverse/target-0/before_backup
=== RUN   TestFaultAtEveryTargetBoundaryRollsBackInReverse/target-0/after_backup
=== RUN   TestFaultAtEveryTargetBoundaryRollsBackInReverse/target-0/before_install
=== RUN   TestFaultAtEveryTargetBoundaryRollsBackInReverse/target-0/after_install
=== RUN   TestFaultAtEveryTargetBoundaryRollsBackInReverse/target-0/target_committed
=== RUN   TestFaultAtEveryTargetBoundaryRollsBackInReverse/target-1/before_backup
=== RUN   TestFaultAtEveryTargetBoundaryRollsBackInReverse/target-1/after_backup
=== RUN   TestFaultAtEveryTargetBoundaryRollsBackInReverse/target-1/before_install
=== RUN   TestFaultAtEveryTargetBoundaryRollsBackInReverse/target-1/after_install
=== RUN   TestFaultAtEveryTargetBoundaryRollsBackInReverse/target-1/target_committed
=== RUN   TestFaultAtEveryTargetBoundaryRollsBackInReverse/target-2/before_backup
=== RUN   TestFaultAtEveryTargetBoundaryRollsBackInReverse/target-2/after_backup
=== RUN   TestFaultAtEveryTargetBoundaryRollsBackInReverse/target-2/before_install
=== RUN   TestFaultAtEveryTargetBoundaryRollsBackInReverse/target-2/after_install
=== RUN   TestFaultAtEveryTargetBoundaryRollsBackInReverse/target-2/target_committed
--- PASS: TestFaultAtEveryTargetBoundaryRollsBackInReverse (6.70s)
    --- PASS: TestFaultAtEveryTargetBoundaryRollsBackInReverse/target-0/before_backup (0.30s)
    --- PASS: TestFaultAtEveryTargetBoundaryRollsBackInReverse/target-0/after_backup (0.36s)
    --- PASS: TestFaultAtEveryTargetBoundaryRollsBackInReverse/target-0/before_install (0.36s)
    --- PASS: TestFaultAtEveryTargetBoundaryRollsBackInReverse/target-0/after_install (0.36s)
    --- PASS: TestFaultAtEveryTargetBoundaryRollsBackInReverse/target-0/target_committed (0.44s)
    --- PASS: TestFaultAtEveryTargetBoundaryRollsBackInReverse/target-1/before_backup (0.40s)
    --- PASS: TestFaultAtEveryTargetBoundaryRollsBackInReverse/target-1/after_backup (0.41s)
    --- PASS: TestFaultAtEveryTargetBoundaryRollsBackInReverse/target-1/before_install (0.41s)
    --- PASS: TestFaultAtEveryTargetBoundaryRollsBackInReverse/target-1/after_install (0.43s)
    --- PASS: TestFaultAtEveryTargetBoundaryRollsBackInReverse/target-1/target_committed (0.49s)
    --- PASS: TestFaultAtEveryTargetBoundaryRollsBackInReverse/target-2/before_backup (0.54s)
    --- PASS: TestFaultAtEveryTargetBoundaryRollsBackInReverse/target-2/after_backup (0.62s)
    --- PASS: TestFaultAtEveryTargetBoundaryRollsBackInReverse/target-2/before_install (0.53s)
    --- PASS: TestFaultAtEveryTargetBoundaryRollsBackInReverse/target-2/after_install (0.53s)
    --- PASS: TestFaultAtEveryTargetBoundaryRollsBackInReverse/target-2/target_committed (0.50s)
=== RUN   TestJournalStateIsDurableBeforeEachNextSwap
--- PASS: TestJournalStateIsDurableBeforeEachNextSwap (0.23s)
=== RUN   TestRollbackDesiredDigestMismatchPreservesUnknownBytes
--- PASS: TestRollbackDesiredDigestMismatchPreservesUnknownBytes (0.33s)
=== RUN   TestDirectoryReplacementAndGenerationExpectation
--- PASS: TestDirectoryReplacementAndGenerationExpectation (0.20s)
=== RUN   TestCreationAndRemovalRollbackRestoreExactPreimages
--- PASS: TestCreationAndRemovalRollbackRestoreExactPreimages (0.17s)
=== RUN   TestRecoveryProcessesTransactionIDsAndRollbackStateDeterministically
--- PASS: TestRecoveryProcessesTransactionIDsAndRollbackStateDeterministically (0.35s)
=== RUN   TestDurableRemovalCleansCrashTombWhenOriginalIsAbsent
--- PASS: TestDurableRemovalCleansCrashTombWhenOriginalIsAbsent (0.00s)
=== RUN   TestDurableRemovalPreservesUnprovenCrashTomb
--- PASS: TestDurableRemovalPreservesUnprovenCrashTomb (0.00s)
=== RUN   TestAPIsRequireHeldHomeLock
--- PASS: TestAPIsRequireHeldHomeLock (0.00s)
=== RUN   TestConcurrentDigestAndReferencedKeyReads
--- PASS: TestConcurrentDigestAndReferencedKeyReads (0.40s)
=== RUN   TestEntryKindDigestsLinksAndBytesWhileByteKindStaysStrict
--- PASS: TestEntryKindDigestsLinksAndBytesWhileByteKindStaysStrict (0.00s)
=== RUN   TestCommitAndRollbackRestoreALinkExactly
=== RUN   TestCommitAndRollbackRestoreALinkExactly/absent_to_link
=== RUN   TestCommitAndRollbackRestoreALinkExactly/absent_to_link/commit
=== RUN   TestCommitAndRollbackRestoreALinkExactly/absent_to_link/rollback
=== RUN   TestCommitAndRollbackRestoreALinkExactly/link_to_repointed_link
=== RUN   TestCommitAndRollbackRestoreALinkExactly/link_to_repointed_link/commit
=== RUN   TestCommitAndRollbackRestoreALinkExactly/link_to_repointed_link/rollback
=== RUN   TestCommitAndRollbackRestoreALinkExactly/link_to_copied_tree
=== RUN   TestCommitAndRollbackRestoreALinkExactly/link_to_copied_tree/commit
=== RUN   TestCommitAndRollbackRestoreALinkExactly/link_to_copied_tree/rollback
=== RUN   TestCommitAndRollbackRestoreALinkExactly/copied_tree_to_link
=== RUN   TestCommitAndRollbackRestoreALinkExactly/copied_tree_to_link/commit
=== RUN   TestCommitAndRollbackRestoreALinkExactly/copied_tree_to_link/rollback
--- PASS: TestCommitAndRollbackRestoreALinkExactly (0.84s)
    --- PASS: TestCommitAndRollbackRestoreALinkExactly/absent_to_link (0.15s)
        --- PASS: TestCommitAndRollbackRestoreALinkExactly/absent_to_link/commit (0.06s)
        --- PASS: TestCommitAndRollbackRestoreALinkExactly/absent_to_link/rollback (0.09s)
    --- PASS: TestCommitAndRollbackRestoreALinkExactly/link_to_repointed_link (0.22s)
        --- PASS: TestCommitAndRollbackRestoreALinkExactly/link_to_repointed_link/commit (0.10s)
        --- PASS: TestCommitAndRollbackRestoreALinkExactly/link_to_repointed_link/rollback (0.12s)
    --- PASS: TestCommitAndRollbackRestoreALinkExactly/link_to_copied_tree (0.28s)
        --- PASS: TestCommitAndRollbackRestoreALinkExactly/link_to_copied_tree/commit (0.14s)
        --- PASS: TestCommitAndRollbackRestoreALinkExactly/link_to_copied_tree/rollback (0.15s)
    --- PASS: TestCommitAndRollbackRestoreALinkExactly/copied_tree_to_link (0.19s)
        --- PASS: TestCommitAndRollbackRestoreALinkExactly/copied_tree_to_link/commit (0.09s)
        --- PASS: TestCommitAndRollbackRestoreALinkExactly/copied_tree_to_link/rollback (0.10s)
=== RUN   TestRecoveryFinishesAPreparedLinkTransaction
--- PASS: TestRecoveryFinishesAPreparedLinkTransaction (0.07s)
=== RUN   TestEntryRemovalRestoresTheExactLink
=== RUN   TestEntryRemovalRestoresTheExactLink/commit
=== RUN   TestEntryRemovalRestoresTheExactLink/rollback
--- PASS: TestEntryRemovalRestoresTheExactLink (0.32s)
    --- PASS: TestEntryRemovalRestoresTheExactLink/commit (0.16s)
    --- PASS: TestEntryRemovalRestoresTheExactLink/rollback (0.16s)
=== RUN   TestEntryTargetsDoNotAliasTheirDestination
--- PASS: TestEntryTargetsDoNotAliasTheirDestination (0.22s)
=== RUN   TestEntryTargetRejectsGenerationExpectations
--- PASS: TestEntryTargetRejectsGenerationExpectations (0.00s)
=== RUN   TestEntryStagingRefusesLinksInsideATree
--- PASS: TestEntryStagingRefusesLinksInsideATree (0.00s)
=== RUN   TestPrepareSyncsStagedParentBeforePreparedJournal
=== RUN   TestPrepareSyncsStagedParentBeforePreparedJournal/regular_file
=== RUN   TestPrepareSyncsStagedParentBeforePreparedJournal/directory
--- PASS: TestPrepareSyncsStagedParentBeforePreparedJournal (0.15s)
    --- PASS: TestPrepareSyncsStagedParentBeforePreparedJournal/regular_file (0.06s)
    --- PASS: TestPrepareSyncsStagedParentBeforePreparedJournal/directory (0.10s)
=== RUN   TestPrepareStagedParentSyncFailureDoesNotPublishPreparedJournal
=== RUN   TestPrepareStagedParentSyncFailureDoesNotPublishPreparedJournal/regular_file
=== RUN   TestPrepareStagedParentSyncFailureDoesNotPublishPreparedJournal/directory
--- PASS: TestPrepareStagedParentSyncFailureDoesNotPublishPreparedJournal (0.23s)
    --- PASS: TestPrepareStagedParentSyncFailureDoesNotPublishPreparedJournal/regular_file (0.08s)
    --- PASS: TestPrepareStagedParentSyncFailureDoesNotPublishPreparedJournal/directory (0.15s)
=== RUN   TestRollbackCorruptionBranchesNeverOverwriteUnknownState
=== RUN   TestRollbackCorruptionBranchesNeverOverwriteUnknownState/unknown_live_bytes
=== RUN   TestRollbackCorruptionBranchesNeverOverwriteUnknownState/committed_target_disappeared
=== RUN   TestRollbackCorruptionBranchesNeverOverwriteUnknownState/unknown_captured_rollback_bytes
=== RUN   TestRollbackCorruptionBranchesNeverOverwriteUnknownState/live_and_rollback_both_exist
=== RUN   TestRollbackCorruptionBranchesNeverOverwriteUnknownState/backup_changed
--- PASS: TestRollbackCorruptionBranchesNeverOverwriteUnknownState (0.61s)
    --- PASS: TestRollbackCorruptionBranchesNeverOverwriteUnknownState/unknown_live_bytes (0.11s)
    --- PASS: TestRollbackCorruptionBranchesNeverOverwriteUnknownState/committed_target_disappeared (0.12s)
    --- PASS: TestRollbackCorruptionBranchesNeverOverwriteUnknownState/unknown_captured_rollback_bytes (0.12s)
    --- PASS: TestRollbackCorruptionBranchesNeverOverwriteUnknownState/live_and_rollback_both_exist (0.13s)
    --- PASS: TestRollbackCorruptionBranchesNeverOverwriteUnknownState/backup_changed (0.13s)
=== RUN   TestCommitRecoveryRejectsAmbiguousPendingBackups
=== RUN   TestCommitRecoveryRejectsAmbiguousPendingBackups/live_and_backup
=== RUN   TestCommitRecoveryRejectsAmbiguousPendingBackups/wrong_backup_digest
--- PASS: TestCommitRecoveryRejectsAmbiguousPendingBackups (0.19s)
    --- PASS: TestCommitRecoveryRejectsAmbiguousPendingBackups/live_and_backup (0.08s)
    --- PASS: TestCommitRecoveryRejectsAmbiguousPendingBackups/wrong_backup_digest (0.10s)
=== RUN   TestLoadJournalRejectsNoncanonicalUnknownAndMultipleJSON
=== RUN   TestLoadJournalRejectsNoncanonicalUnknownAndMultipleJSON/noncanonical
=== RUN   TestLoadJournalRejectsNoncanonicalUnknownAndMultipleJSON/unknown_field
=== RUN   TestLoadJournalRejectsNoncanonicalUnknownAndMultipleJSON/multiple_values
=== RUN   TestLoadJournalRejectsNoncanonicalUnknownAndMultipleJSON/symlink
--- PASS: TestLoadJournalRejectsNoncanonicalUnknownAndMultipleJSON (0.24s)
    --- PASS: TestLoadJournalRejectsNoncanonicalUnknownAndMultipleJSON/noncanonical (0.06s)
    --- PASS: TestLoadJournalRejectsNoncanonicalUnknownAndMultipleJSON/unknown_field (0.06s)
    --- PASS: TestLoadJournalRejectsNoncanonicalUnknownAndMultipleJSON/multiple_values (0.05s)
    --- PASS: TestLoadJournalRejectsNoncanonicalUnknownAndMultipleJSON/symlink (0.06s)
=== RUN   TestDirectoryDigestBindsRootMetadata
--- PASS: TestDirectoryDigestBindsRootMetadata (0.00s)
=== RUN   TestRollbackRejectsRootDirectoryMetadataChangeAndPreservesTarget
--- PASS: TestRollbackRejectsRootDirectoryMetadataChangeAndPreservesTarget (0.20s)
=== RUN   TestCleanupRejectsRootDirectoryMetadataChangeAndRetainsRecoveryState
--- PASS: TestCleanupRejectsRootDirectoryMetadataChangeAndRetainsRecoveryState (0.19s)
=== RUN   TestSubprocessCrashRecoveryAtSwapBoundaries
=== RUN   TestSubprocessCrashRecoveryAtSwapBoundaries/after_backup
=== RUN   TestSubprocessCrashRecoveryAtSwapBoundaries/after_install
--- PASS: TestSubprocessCrashRecoveryAtSwapBoundaries (0.51s)
    --- PASS: TestSubprocessCrashRecoveryAtSwapBoundaries/after_backup (0.28s)
    --- PASS: TestSubprocessCrashRecoveryAtSwapBoundaries/after_install (0.24s)
=== RUN   TestSubprocessCrashRecoveryDuringPreparation
=== RUN   TestSubprocessCrashRecoveryDuringPreparation/file
=== RUN   TestSubprocessCrashRecoveryDuringPreparation/directory
--- PASS: TestSubprocessCrashRecoveryDuringPreparation (0.36s)
    --- PASS: TestSubprocessCrashRecoveryDuringPreparation/file (0.07s)
    --- PASS: TestSubprocessCrashRecoveryDuringPreparation/directory (0.29s)
=== RUN   TestSubprocessCrashRecoveryAfterStagingChunkSync
=== RUN   TestSubprocessCrashRecoveryAfterStagingChunkSync/1
=== RUN   TestSubprocessCrashRecoveryAfterStagingChunkSync/2
--- PASS: TestSubprocessCrashRecoveryAfterStagingChunkSync (0.15s)
    --- PASS: TestSubprocessCrashRecoveryAfterStagingChunkSync/1 (0.07s)
    --- PASS: TestSubprocessCrashRecoveryAfterStagingChunkSync/2 (0.08s)
=== RUN   TestPreparingRecoveryPreservesConcurrentStagingState
=== RUN   TestPreparingRecoveryPreservesConcurrentStagingState/replaced_partial_file
=== RUN   TestPreparingRecoveryPreservesConcurrentStagingState/added_directory_entry
--- PASS: TestPreparingRecoveryPreservesConcurrentStagingState (0.14s)
    --- PASS: TestPreparingRecoveryPreservesConcurrentStagingState/replaced_partial_file (0.05s)
    --- PASS: TestPreparingRecoveryPreservesConcurrentStagingState/added_directory_entry (0.09s)
=== RUN   TestPreparingRecoveryPreservesChangedDurableStagingPrefix
=== RUN   TestPreparingRecoveryPreservesChangedDurableStagingPrefix/shorter_prefix
=== RUN   TestPreparingRecoveryPreservesChangedDurableStagingPrefix/longer_prefix
=== RUN   TestPreparingRecoveryPreservesChangedDurableStagingPrefix/same-size_changed_bytes
--- PASS: TestPreparingRecoveryPreservesChangedDurableStagingPrefix (0.19s)
    --- PASS: TestPreparingRecoveryPreservesChangedDurableStagingPrefix/shorter_prefix (0.07s)
    --- PASS: TestPreparingRecoveryPreservesChangedDurableStagingPrefix/longer_prefix (0.06s)
    --- PASS: TestPreparingRecoveryPreservesChangedDurableStagingPrefix/same-size_changed_bytes (0.06s)
=== RUN   TestPreparingRecoveryPreservesStateOutsideStagingWriteAhead
=== RUN   TestPreparingRecoveryPreservesStateOutsideStagingWriteAhead/shorter_than_acknowledged
=== RUN   TestPreparingRecoveryPreservesStateOutsideStagingWriteAhead/longer_than_authorized
=== RUN   TestPreparingRecoveryPreservesStateOutsideStagingWriteAhead/changed_authorized_size
=== RUN   TestPreparingRecoveryPreservesStateOutsideStagingWriteAhead/replacement
--- PASS: TestPreparingRecoveryPreservesStateOutsideStagingWriteAhead (0.29s)
    --- PASS: TestPreparingRecoveryPreservesStateOutsideStagingWriteAhead/shorter_than_acknowledged (0.07s)
    --- PASS: TestPreparingRecoveryPreservesStateOutsideStagingWriteAhead/longer_than_authorized (0.07s)
    --- PASS: TestPreparingRecoveryPreservesStateOutsideStagingWriteAhead/changed_authorized_size (0.08s)
    --- PASS: TestPreparingRecoveryPreservesStateOutsideStagingWriteAhead/replacement (0.07s)
=== RUN   TestTransactionCrashHelper
--- PASS: TestTransactionCrashHelper (0.00s)
=== RUN   TestBuildJournalRejectsCaseAliasesOnCaseInsensitiveDarwinFilesystem
--- PASS: TestBuildJournalRejectsCaseAliasesOnCaseInsensitiveDarwinFilesystem (0.00s)
=== RUN   TestBuildJournalRejectsNormalizationAliasesOnNormalizationInsensitiveDarwinFilesystem
--- PASS: TestBuildJournalRejectsNormalizationAliasesOnNormalizationInsensitiveDarwinFilesystem (0.00s)
=== RUN   TestBuildJournalRejectsInvalidPlansAndTargets
=== RUN   TestBuildJournalRejectsInvalidPlansAndTargets/transaction_id
=== RUN   TestBuildJournalRejectsInvalidPlansAndTargets/project
=== RUN   TestBuildJournalRejectsInvalidPlansAndTargets/no_targets
=== RUN   TestBuildJournalRejectsInvalidPlansAndTargets/empty_build_key
=== RUN   TestBuildJournalRejectsInvalidPlansAndTargets/duplicate_build_key
=== RUN   TestBuildJournalRejectsInvalidPlansAndTargets/class
=== RUN   TestBuildJournalRejectsInvalidPlansAndTargets/identifier
=== RUN   TestBuildJournalRejectsInvalidPlansAndTargets/duplicate_key
=== RUN   TestBuildJournalRejectsInvalidPlansAndTargets/no_expectation
=== RUN   TestBuildJournalRejectsInvalidPlansAndTargets/two_expectations
=== RUN   TestBuildJournalRejectsInvalidPlansAndTargets/bad_digest
=== RUN   TestBuildJournalRejectsInvalidPlansAndTargets/empty_live
=== RUN   TestBuildJournalRejectsInvalidPlansAndTargets/generation_escape
=== RUN   TestBuildJournalRejectsInvalidPlansAndTargets/source_is_live
=== RUN   TestBuildJournalRejectsInvalidPlansAndTargets/source_absent
=== RUN   TestBuildJournalRejectsInvalidPlansAndTargets/duplicate_live
--- PASS: TestBuildJournalRejectsInvalidPlansAndTargets (0.00s)
    --- PASS: TestBuildJournalRejectsInvalidPlansAndTargets/transaction_id (0.00s)
    --- PASS: TestBuildJournalRejectsInvalidPlansAndTargets/project (0.00s)
    --- PASS: TestBuildJournalRejectsInvalidPlansAndTargets/no_targets (0.00s)
    --- PASS: TestBuildJournalRejectsInvalidPlansAndTargets/empty_build_key (0.00s)
    --- PASS: TestBuildJournalRejectsInvalidPlansAndTargets/duplicate_build_key (0.00s)
    --- PASS: TestBuildJournalRejectsInvalidPlansAndTargets/class (0.00s)
    --- PASS: TestBuildJournalRejectsInvalidPlansAndTargets/identifier (0.00s)
    --- PASS: TestBuildJournalRejectsInvalidPlansAndTargets/duplicate_key (0.00s)
    --- PASS: TestBuildJournalRejectsInvalidPlansAndTargets/no_expectation (0.00s)
    --- PASS: TestBuildJournalRejectsInvalidPlansAndTargets/two_expectations (0.00s)
    --- PASS: TestBuildJournalRejectsInvalidPlansAndTargets/bad_digest (0.00s)
    --- PASS: TestBuildJournalRejectsInvalidPlansAndTargets/empty_live (0.00s)
    --- PASS: TestBuildJournalRejectsInvalidPlansAndTargets/generation_escape (0.00s)
    --- PASS: TestBuildJournalRejectsInvalidPlansAndTargets/source_is_live (0.00s)
    --- PASS: TestBuildJournalRejectsInvalidPlansAndTargets/source_absent (0.00s)
    --- PASS: TestBuildJournalRejectsInvalidPlansAndTargets/duplicate_live (0.00s)
=== RUN   TestValidateJournalRejectsEveryNoncanonicalFieldCluster
=== RUN   TestValidateJournalRejectsEveryNoncanonicalFieldCluster/schema
=== RUN   TestValidateJournalRejectsEveryNoncanonicalFieldCluster/project
=== RUN   TestValidateJournalRejectsEveryNoncanonicalFieldCluster/phase
=== RUN   TestValidateJournalRejectsEveryNoncanonicalFieldCluster/removal_outside_cleanup
=== RUN   TestValidateJournalRejectsEveryNoncanonicalFieldCluster/removal_without_entries
=== RUN   TestValidateJournalRejectsEveryNoncanonicalFieldCluster/entries_without_removal
=== RUN   TestValidateJournalRejectsEveryNoncanonicalFieldCluster/invalid_removal_entries
=== RUN   TestValidateJournalRejectsEveryNoncanonicalFieldCluster/noncanonical_removal
=== RUN   TestValidateJournalRejectsEveryNoncanonicalFieldCluster/keys
=== RUN   TestValidateJournalRejectsEveryNoncanonicalFieldCluster/targets
=== RUN   TestValidateJournalRejectsEveryNoncanonicalFieldCluster/target_text
=== RUN   TestValidateJournalRejectsEveryNoncanonicalFieldCluster/target_order
=== RUN   TestValidateJournalRejectsEveryNoncanonicalFieldCluster/relative_live
=== RUN   TestValidateJournalRejectsEveryNoncanonicalFieldCluster/sidecar_parent
=== RUN   TestValidateJournalRejectsEveryNoncanonicalFieldCluster/noncanonical_sidecar
=== RUN   TestValidateJournalRejectsEveryNoncanonicalFieldCluster/expectation
=== RUN   TestValidateJournalRejectsEveryNoncanonicalFieldCluster/preimage_digest
=== RUN   TestValidateJournalRejectsEveryNoncanonicalFieldCluster/generation_text
=== RUN   TestValidateJournalRejectsEveryNoncanonicalFieldCluster/generation_escape
=== RUN   TestValidateJournalRejectsEveryNoncanonicalFieldCluster/desired_digest
=== RUN   TestValidateJournalRejectsEveryNoncanonicalFieldCluster/desired_absence_with_staging
=== RUN   TestValidateJournalRejectsEveryNoncanonicalFieldCluster/backup_digest
=== RUN   TestValidateJournalRejectsEveryNoncanonicalFieldCluster/state
=== RUN   TestValidateJournalRejectsEveryNoncanonicalFieldCluster/target_namespace_overlap
--- PASS: TestValidateJournalRejectsEveryNoncanonicalFieldCluster (0.06s)
    --- PASS: TestValidateJournalRejectsEveryNoncanonicalFieldCluster/schema (0.00s)
    --- PASS: TestValidateJournalRejectsEveryNoncanonicalFieldCluster/project (0.00s)
    --- PASS: TestValidateJournalRejectsEveryNoncanonicalFieldCluster/phase (0.00s)
    --- PASS: TestValidateJournalRejectsEveryNoncanonicalFieldCluster/removal_outside_cleanup (0.00s)
    --- PASS: TestValidateJournalRejectsEveryNoncanonicalFieldCluster/removal_without_entries (0.00s)
    --- PASS: TestValidateJournalRejectsEveryNoncanonicalFieldCluster/entries_without_removal (0.00s)
    --- PASS: TestValidateJournalRejectsEveryNoncanonicalFieldCluster/invalid_removal_entries (0.00s)
    --- PASS: TestValidateJournalRejectsEveryNoncanonicalFieldCluster/noncanonical_removal (0.00s)
    --- PASS: TestValidateJournalRejectsEveryNoncanonicalFieldCluster/keys (0.00s)
    --- PASS: TestValidateJournalRejectsEveryNoncanonicalFieldCluster/targets (0.00s)
    --- PASS: TestValidateJournalRejectsEveryNoncanonicalFieldCluster/target_text (0.00s)
    --- PASS: TestValidateJournalRejectsEveryNoncanonicalFieldCluster/target_order (0.00s)
    --- PASS: TestValidateJournalRejectsEveryNoncanonicalFieldCluster/relative_live (0.00s)
    --- PASS: TestValidateJournalRejectsEveryNoncanonicalFieldCluster/sidecar_parent (0.00s)
    --- PASS: TestValidateJournalRejectsEveryNoncanonicalFieldCluster/noncanonical_sidecar (0.00s)
    --- PASS: TestValidateJournalRejectsEveryNoncanonicalFieldCluster/expectation (0.00s)
    --- PASS: TestValidateJournalRejectsEveryNoncanonicalFieldCluster/preimage_digest (0.00s)
    --- PASS: TestValidateJournalRejectsEveryNoncanonicalFieldCluster/generation_text (0.00s)
    --- PASS: TestValidateJournalRejectsEveryNoncanonicalFieldCluster/generation_escape (0.00s)
    --- PASS: TestValidateJournalRejectsEveryNoncanonicalFieldCluster/desired_digest (0.00s)
    --- PASS: TestValidateJournalRejectsEveryNoncanonicalFieldCluster/desired_absence_with_staging (0.00s)
    --- PASS: TestValidateJournalRejectsEveryNoncanonicalFieldCluster/backup_digest (0.00s)
    --- PASS: TestValidateJournalRejectsEveryNoncanonicalFieldCluster/state (0.00s)
    --- PASS: TestValidateJournalRejectsEveryNoncanonicalFieldCluster/target_namespace_overlap (0.00s)
=== RUN   TestValidateJournalRejectsNoncanonicalStagingPrefixProgress
=== RUN   TestValidateJournalRejectsNoncanonicalStagingPrefixProgress/bytes_without_digest
=== RUN   TestValidateJournalRejectsNoncanonicalStagingPrefixProgress/digest_without_bytes
=== RUN   TestValidateJournalRejectsNoncanonicalStagingPrefixProgress/negative_bytes
=== RUN   TestValidateJournalRejectsNoncanonicalStagingPrefixProgress/inactive_progress
=== RUN   TestValidateJournalRejectsNoncanonicalStagingPrefixProgress/uncreated_progress
=== RUN   TestValidateJournalRejectsNoncanonicalStagingPrefixProgress/absent_digest
=== RUN   TestValidateJournalRejectsNoncanonicalStagingPrefixProgress/invalid_digest
=== RUN   TestValidateJournalRejectsNoncanonicalStagingPrefixProgress/write_bytes_without_digest
=== RUN   TestValidateJournalRejectsNoncanonicalStagingPrefixProgress/write_digest_without_bytes
=== RUN   TestValidateJournalRejectsNoncanonicalStagingPrefixProgress/write_not_beyond_acknowledged_bytes
=== RUN   TestValidateJournalRejectsNoncanonicalStagingPrefixProgress/write_exceeds_one_chunk
=== RUN   TestValidateJournalRejectsNoncanonicalStagingPrefixProgress/negative_write_bytes
=== RUN   TestValidateJournalRejectsNoncanonicalStagingPrefixProgress/absent_write_digest
=== RUN   TestValidateJournalRejectsNoncanonicalStagingPrefixProgress/invalid_write_digest
--- PASS: TestValidateJournalRejectsNoncanonicalStagingPrefixProgress (0.00s)
    --- PASS: TestValidateJournalRejectsNoncanonicalStagingPrefixProgress/bytes_without_digest (0.00s)
    --- PASS: TestValidateJournalRejectsNoncanonicalStagingPrefixProgress/digest_without_bytes (0.00s)
    --- PASS: TestValidateJournalRejectsNoncanonicalStagingPrefixProgress/negative_bytes (0.00s)
    --- PASS: TestValidateJournalRejectsNoncanonicalStagingPrefixProgress/inactive_progress (0.00s)
    --- PASS: TestValidateJournalRejectsNoncanonicalStagingPrefixProgress/uncreated_progress (0.00s)
    --- PASS: TestValidateJournalRejectsNoncanonicalStagingPrefixProgress/absent_digest (0.00s)
    --- PASS: TestValidateJournalRejectsNoncanonicalStagingPrefixProgress/invalid_digest (0.00s)
    --- PASS: TestValidateJournalRejectsNoncanonicalStagingPrefixProgress/write_bytes_without_digest (0.00s)
    --- PASS: TestValidateJournalRejectsNoncanonicalStagingPrefixProgress/write_digest_without_bytes (0.00s)
    --- PASS: TestValidateJournalRejectsNoncanonicalStagingPrefixProgress/write_not_beyond_acknowledged_bytes (0.00s)
    --- PASS: TestValidateJournalRejectsNoncanonicalStagingPrefixProgress/write_exceeds_one_chunk (0.00s)
    --- PASS: TestValidateJournalRejectsNoncanonicalStagingPrefixProgress/negative_write_bytes (0.00s)
    --- PASS: TestValidateJournalRejectsNoncanonicalStagingPrefixProgress/absent_write_digest (0.00s)
    --- PASS: TestValidateJournalRejectsNoncanonicalStagingPrefixProgress/invalid_write_digest (0.00s)
=== RUN   TestBuildJournalRejectsOverlappingAndAliasedTargetNamespaces
=== RUN   TestBuildJournalRejectsOverlappingAndAliasedTargetNamespaces/nested_directory_target
=== RUN   TestBuildJournalRejectsOverlappingAndAliasedTargetNamespaces/directory_symlink_alias
=== RUN   TestBuildJournalRejectsOverlappingAndAliasedTargetNamespaces/file_hard-link_alias
=== RUN   TestBuildJournalRejectsOverlappingAndAliasedTargetNamespaces/cross-target_live_and_sidecar_collision
=== RUN   TestBuildJournalRejectsOverlappingAndAliasedTargetNamespaces/live_collides_with_own_sidecar
=== RUN   TestBuildJournalRejectsOverlappingAndAliasedTargetNamespaces/live_collides_with_cleanup_tomb
=== RUN   TestBuildJournalRejectsOverlappingAndAliasedTargetNamespaces/live_overlaps_journal_namespace
--- PASS: TestBuildJournalRejectsOverlappingAndAliasedTargetNamespaces (0.02s)
    --- PASS: TestBuildJournalRejectsOverlappingAndAliasedTargetNamespaces/nested_directory_target (0.00s)
    --- PASS: TestBuildJournalRejectsOverlappingAndAliasedTargetNamespaces/directory_symlink_alias (0.00s)
    --- PASS: TestBuildJournalRejectsOverlappingAndAliasedTargetNamespaces/file_hard-link_alias (0.00s)
    --- PASS: TestBuildJournalRejectsOverlappingAndAliasedTargetNamespaces/cross-target_live_and_sidecar_collision (0.00s)
    --- PASS: TestBuildJournalRejectsOverlappingAndAliasedTargetNamespaces/live_collides_with_own_sidecar (0.00s)
    --- PASS: TestBuildJournalRejectsOverlappingAndAliasedTargetNamespaces/live_collides_with_cleanup_tomb (0.00s)
    --- PASS: TestBuildJournalRejectsOverlappingAndAliasedTargetNamespaces/live_overlaps_journal_namespace (0.00s)
=== RUN   TestPrepareFaultAndPreparingRecoveryCleanStagingWithoutLiveMutation
--- PASS: TestPrepareFaultAndPreparingRecoveryCleanStagingWithoutLiveMutation (0.17s)
=== RUN   TestCleanupPhaseRecoveryRetainsDesiredAndRemovesBackups
--- PASS: TestCleanupPhaseRecoveryRetainsDesiredAndRemovesBackups (0.11s)
=== RUN   TestCleanupPreservesUnknownOrSimultaneousTombs
=== RUN   TestCleanupPreservesUnknownOrSimultaneousTombs/commit_cleanup
=== RUN   TestCleanupPreservesUnknownOrSimultaneousTombs/restart_cleanup
--- PASS: TestCleanupPreservesUnknownOrSimultaneousTombs (0.19s)
    --- PASS: TestCleanupPreservesUnknownOrSimultaneousTombs/commit_cleanup (0.10s)
    --- PASS: TestCleanupPreservesUnknownOrSimultaneousTombs/restart_cleanup (0.09s)
=== RUN   TestCleanupRecoveryResumesOwnedDirectoryTombAtEveryRemovalBoundary
=== RUN   TestCleanupRecoveryResumesOwnedDirectoryTombAtEveryRemovalBoundary/direct_after_tomb_rename
=== RUN   TestCleanupRecoveryResumesOwnedDirectoryTombAtEveryRemovalBoundary/restart_after_tomb_rename
=== RUN   TestCleanupRecoveryResumesOwnedDirectoryTombAtEveryRemovalBoundary/direct_during_recursive_removal
=== RUN   TestCleanupRecoveryResumesOwnedDirectoryTombAtEveryRemovalBoundary/restart_during_recursive_removal
--- PASS: TestCleanupRecoveryResumesOwnedDirectoryTombAtEveryRemovalBoundary (0.78s)
    --- PASS: TestCleanupRecoveryResumesOwnedDirectoryTombAtEveryRemovalBoundary/direct_after_tomb_rename (0.19s)
    --- PASS: TestCleanupRecoveryResumesOwnedDirectoryTombAtEveryRemovalBoundary/restart_after_tomb_rename (0.19s)
    --- PASS: TestCleanupRecoveryResumesOwnedDirectoryTombAtEveryRemovalBoundary/direct_during_recursive_removal (0.19s)
    --- PASS: TestCleanupRecoveryResumesOwnedDirectoryTombAtEveryRemovalBoundary/restart_during_recursive_removal (0.20s)
=== RUN   TestRollbackCleanupRecoveryResumesOwnedDirectoryTomb
=== RUN   TestRollbackCleanupRecoveryResumesOwnedDirectoryTomb/after_cleanup_rename
=== RUN   TestRollbackCleanupRecoveryResumesOwnedDirectoryTomb/during_cleanup_removal
--- PASS: TestRollbackCleanupRecoveryResumesOwnedDirectoryTomb (0.41s)
    --- PASS: TestRollbackCleanupRecoveryResumesOwnedDirectoryTomb/after_cleanup_rename (0.21s)
    --- PASS: TestRollbackCleanupRecoveryResumesOwnedDirectoryTomb/during_cleanup_removal (0.21s)
=== RUN   TestCleanupRecoveryPreservesConcurrentOwnedTombState
=== RUN   TestCleanupRecoveryPreservesConcurrentOwnedTombState/rollback=false/after_cleanup_rename/restart=false/added
=== RUN   TestCleanupRecoveryPreservesConcurrentOwnedTombState/rollback=false/after_cleanup_rename/restart=false/replaced
=== RUN   TestCleanupRecoveryPreservesConcurrentOwnedTombState/rollback=false/after_cleanup_rename/restart=true/added
=== RUN   TestCleanupRecoveryPreservesConcurrentOwnedTombState/rollback=false/after_cleanup_rename/restart=true/replaced
=== RUN   TestCleanupRecoveryPreservesConcurrentOwnedTombState/rollback=false/during_cleanup_removal/restart=false/added
=== RUN   TestCleanupRecoveryPreservesConcurrentOwnedTombState/rollback=false/during_cleanup_removal/restart=false/replaced
=== RUN   TestCleanupRecoveryPreservesConcurrentOwnedTombState/rollback=false/during_cleanup_removal/restart=true/added
=== RUN   TestCleanupRecoveryPreservesConcurrentOwnedTombState/rollback=false/during_cleanup_removal/restart=true/replaced
=== RUN   TestCleanupRecoveryPreservesConcurrentOwnedTombState/rollback=true/after_cleanup_rename/restart=false/added
=== RUN   TestCleanupRecoveryPreservesConcurrentOwnedTombState/rollback=true/after_cleanup_rename/restart=false/replaced
=== RUN   TestCleanupRecoveryPreservesConcurrentOwnedTombState/rollback=true/after_cleanup_rename/restart=true/added
=== RUN   TestCleanupRecoveryPreservesConcurrentOwnedTombState/rollback=true/after_cleanup_rename/restart=true/replaced
=== RUN   TestCleanupRecoveryPreservesConcurrentOwnedTombState/rollback=true/during_cleanup_removal/restart=false/added
=== RUN   TestCleanupRecoveryPreservesConcurrentOwnedTombState/rollback=true/during_cleanup_removal/restart=false/replaced
=== RUN   TestCleanupRecoveryPreservesConcurrentOwnedTombState/rollback=true/during_cleanup_removal/restart=true/added
=== RUN   TestCleanupRecoveryPreservesConcurrentOwnedTombState/rollback=true/during_cleanup_removal/restart=true/replaced
--- PASS: TestCleanupRecoveryPreservesConcurrentOwnedTombState (3.27s)
    --- PASS: TestCleanupRecoveryPreservesConcurrentOwnedTombState/rollback=false/after_cleanup_rename/restart=false/added (0.17s)
    --- PASS: TestCleanupRecoveryPreservesConcurrentOwnedTombState/rollback=false/after_cleanup_rename/restart=false/replaced (0.16s)
    --- PASS: TestCleanupRecoveryPreservesConcurrentOwnedTombState/rollback=false/after_cleanup_rename/restart=true/added (0.19s)
    --- PASS: TestCleanupRecoveryPreservesConcurrentOwnedTombState/rollback=false/after_cleanup_rename/restart=true/replaced (0.18s)
    --- PASS: TestCleanupRecoveryPreservesConcurrentOwnedTombState/rollback=false/during_cleanup_removal/restart=false/added (0.17s)
    --- PASS: TestCleanupRecoveryPreservesConcurrentOwnedTombState/rollback=false/during_cleanup_removal/restart=false/replaced (0.17s)
    --- PASS: TestCleanupRecoveryPreservesConcurrentOwnedTombState/rollback=false/during_cleanup_removal/restart=true/added (0.19s)
    --- PASS: TestCleanupRecoveryPreservesConcurrentOwnedTombState/rollback=false/during_cleanup_removal/restart=true/replaced (0.38s)
    --- PASS: TestCleanupRecoveryPreservesConcurrentOwnedTombState/rollback=true/after_cleanup_rename/restart=false/added (0.19s)
    --- PASS: TestCleanupRecoveryPreservesConcurrentOwnedTombState/rollback=true/after_cleanup_rename/restart=false/replaced (0.20s)
    --- PASS: TestCleanupRecoveryPreservesConcurrentOwnedTombState/rollback=true/after_cleanup_rename/restart=true/added (0.22s)
    --- PASS: TestCleanupRecoveryPreservesConcurrentOwnedTombState/rollback=true/after_cleanup_rename/restart=true/replaced (0.19s)
    --- PASS: TestCleanupRecoveryPreservesConcurrentOwnedTombState/rollback=true/during_cleanup_removal/restart=false/added (0.21s)
    --- PASS: TestCleanupRecoveryPreservesConcurrentOwnedTombState/rollback=true/during_cleanup_removal/restart=false/replaced (0.21s)
    --- PASS: TestCleanupRecoveryPreservesConcurrentOwnedTombState/rollback=true/during_cleanup_removal/restart=true/added (0.24s)
    --- PASS: TestCleanupRecoveryPreservesConcurrentOwnedTombState/rollback=true/during_cleanup_removal/restart=true/replaced (0.20s)
=== RUN   TestRestartDiscoversAndFinishesJournalCleanupTomb
--- PASS: TestRestartDiscoversAndFinishesJournalCleanupTomb (0.09s)
=== RUN   TestDigestCopyAndNoReplaceRejectUnsafeOrUnknownPaths
--- PASS: TestDigestCopyAndNoReplaceRejectUnsafeOrUnknownPaths (0.00s)
PASS
ok  	github.com/relux-works/curator/internal/transaction	45.530s
=== RUN   TestSortedOrdersClassesThenIdentifiersWithConsumerLast
--- PASS: TestSortedOrdersClassesThenIdentifiersWithConsumerLast (0.00s)
=== RUN   TestRemovalAndEntryKindsAreRecorded
--- PASS: TestRemovalAndEntryKindsAreRecorded (0.00s)
=== RUN   TestValidateRejectsProducerDefects
--- PASS: TestValidateRejectsProducerDefects (0.00s)
=== RUN   TestMergeKeepsEveryTarget
--- PASS: TestMergeKeepsEveryTarget (0.00s)
PASS
ok  	github.com/relux-works/curator/internal/staging	27.103s
=== RUN   TestStageProjectJournalsEveryMirrorAndTheLedger
--- PASS: TestStageProjectJournalsEveryMirrorAndTheLedger (0.01s)
=== RUN   TestStaleManagedEntriesBecomeJournaledRemovals
--- PASS: TestStaleManagedEntriesBecomeJournaledRemovals (0.00s)
=== RUN   TestStaleSpecialFileIsReportedRatherThanRemoved
--- PASS: TestStaleSpecialFileIsReportedRatherThanRemoved (0.00s)
=== RUN   TestSymlinkModeStagesRelativeLinkTargets
--- PASS: TestSymlinkModeStagesRelativeLinkTargets (0.00s)
=== RUN   TestSymlinkModeStagesNothingWhenTheLiveLinkIsAlreadyCorrect
--- PASS: TestSymlinkModeStagesNothingWhenTheLiveLinkIsAlreadyCorrect (0.00s)
=== RUN   TestModeTransitionReplacesTheDirectoryEntryItself
--- PASS: TestModeTransitionReplacesTheDirectoryEntryItself (0.00s)
=== RUN   TestUnmanagedConflictRefused
--- PASS: TestUnmanagedConflictRefused (0.00s)
=== RUN   TestMarkerDirectoryIsAdoptable
--- PASS: TestMarkerDirectoryIsAdoptable (0.00s)
=== RUN   TestNativeDiscoveryAgentsGetNoProjectMirror
--- PASS: TestNativeDiscoveryAgentsGetNoProjectMirror (0.00s)
=== RUN   TestStageGlobalCoversTheNativeDiscoveryMirrorOnce
--- PASS: TestStageGlobalCoversTheNativeDiscoveryMirrorOnce (0.00s)
=== RUN   TestGitignoreEntriesAndUnknownAgents
--- PASS: TestGitignoreEntriesAndUnknownAgents (0.00s)
PASS
ok  	github.com/relux-works/curator/internal/adapters	26.327s
