=== RUN   TestStableHybridActivationCommitsWithoutRestarting
=== PAUSE TestStableHybridActivationCommitsWithoutRestarting
=== RUN   TestHybridDeclarationRemovedBeforeHomeLockRestartsAndCommitsNoStaleContext
=== PAUSE TestHybridDeclarationRemovedBeforeHomeLockRestartsAndCommitsNoStaleContext
=== RUN   TestHybridDeclarationRetargetedBeforeHomeLockRestartsAndCommitsNoStaleContext
=== PAUSE TestHybridDeclarationRetargetedBeforeHomeLockRestartsAndCommitsNoStaleContext
=== RUN   TestHybridDeclarationAddedBeforeHomeLockRestartsAndCommitsTheNewClosure
=== PAUSE TestHybridDeclarationAddedBeforeHomeLockRestartsAndCommitsTheNewClosure
=== RUN   TestFailureAtEveryTargetClassRestoresPriorStateInReverseOrder
=== RUN   TestFailureAtEveryTargetClassRestoresPriorStateInReverseOrder/project-hybrid-auto/10-context
=== PAUSE TestFailureAtEveryTargetClassRestoresPriorStateInReverseOrder/project-hybrid-auto/10-context
=== RUN   TestFailureAtEveryTargetClassRestoresPriorStateInReverseOrder/project-hybrid-auto/20-runtime
=== PAUSE TestFailureAtEveryTargetClassRestoresPriorStateInReverseOrder/project-hybrid-auto/20-runtime
=== RUN   TestFailureAtEveryTargetClassRestoresPriorStateInReverseOrder/project-hybrid-auto/30-shim-canonical
=== PAUSE TestFailureAtEveryTargetClassRestoresPriorStateInReverseOrder/project-hybrid-auto/30-shim-canonical
=== RUN   TestFailureAtEveryTargetClassRestoresPriorStateInReverseOrder/project-hybrid-auto/50-env-file
=== PAUSE TestFailureAtEveryTargetClassRestoresPriorStateInReverseOrder/project-hybrid-auto/50-env-file
=== RUN   TestFailureAtEveryTargetClassRestoresPriorStateInReverseOrder/project-hybrid-auto/60-adapter-ledger
=== PAUSE TestFailureAtEveryTargetClassRestoresPriorStateInReverseOrder/project-hybrid-auto/60-adapter-ledger
=== RUN   TestFailureAtEveryTargetClassRestoresPriorStateInReverseOrder/project-hybrid-auto/80-removal
=== PAUSE TestFailureAtEveryTargetClassRestoresPriorStateInReverseOrder/project-hybrid-auto/80-removal
=== RUN   TestFailureAtEveryTargetClassRestoresPriorStateInReverseOrder/project-hybrid-auto/90-consumer
=== PAUSE TestFailureAtEveryTargetClassRestoresPriorStateInReverseOrder/project-hybrid-auto/90-consumer
=== RUN   TestFailureAtEveryTargetClassRestoresPriorStateInReverseOrder/global-auto/10-context
=== PAUSE TestFailureAtEveryTargetClassRestoresPriorStateInReverseOrder/global-auto/10-context
=== RUN   TestFailureAtEveryTargetClassRestoresPriorStateInReverseOrder/global-auto/40-shim-forwarding
=== PAUSE TestFailureAtEveryTargetClassRestoresPriorStateInReverseOrder/global-auto/40-shim-forwarding
=== RUN   TestFailureAtEveryTargetClassRestoresPriorStateInReverseOrder/global-auto/60-adapter-ledger
=== PAUSE TestFailureAtEveryTargetClassRestoresPriorStateInReverseOrder/global-auto/60-adapter-ledger
=== RUN   TestFailureAtEveryTargetClassRestoresPriorStateInReverseOrder/global-auto/70-mirror-ledger
=== PAUSE TestFailureAtEveryTargetClassRestoresPriorStateInReverseOrder/global-auto/70-mirror-ledger
=== RUN   TestFailureAtEveryTargetClassRestoresPriorStateInReverseOrder/global-auto/80-removal
=== PAUSE TestFailureAtEveryTargetClassRestoresPriorStateInReverseOrder/global-auto/80-removal
=== CONT  TestFailureAtEveryTargetClassRestoresPriorStateInReverseOrder/project-hybrid-auto/10-context
=== CONT  TestFailureAtEveryTargetClassRestoresPriorStateInReverseOrder/project-hybrid-auto/90-consumer
=== CONT  TestFailureAtEveryTargetClassRestoresPriorStateInReverseOrder/project-hybrid-auto/50-env-file
=== CONT  TestFailureAtEveryTargetClassRestoresPriorStateInReverseOrder/project-hybrid-auto/80-removal
=== CONT  TestFailureAtEveryTargetClassRestoresPriorStateInReverseOrder/project-hybrid-auto/60-adapter-ledger
=== CONT  TestFailureAtEveryTargetClassRestoresPriorStateInReverseOrder/project-hybrid-auto/30-shim-canonical
=== CONT  TestFailureAtEveryTargetClassRestoresPriorStateInReverseOrder/global-auto/60-adapter-ledger
=== CONT  TestFailureAtEveryTargetClassRestoresPriorStateInReverseOrder/project-hybrid-auto/20-runtime
=== CONT  TestFailureAtEveryTargetClassRestoresPriorStateInReverseOrder/global-auto/80-removal
=== CONT  TestFailureAtEveryTargetClassRestoresPriorStateInReverseOrder/global-auto/70-mirror-ledger
=== CONT  TestFailureAtEveryTargetClassRestoresPriorStateInReverseOrder/global-auto/40-shim-forwarding
=== CONT  TestFailureAtEveryTargetClassRestoresPriorStateInReverseOrder/global-auto/10-context
=== RUN   TestFailureAtEveryTargetClassRestoresPriorStateInReverseOrder/project-hybrid-auto/20-runtime/20-runtime
=== RUN   TestFailureAtEveryTargetClassRestoresPriorStateInReverseOrder/project-hybrid-auto/30-shim-canonical/30-shim-canonical
=== RUN   TestFailureAtEveryTargetClassRestoresPriorStateInReverseOrder/project-hybrid-auto/90-consumer/90-consumer
=== RUN   TestFailureAtEveryTargetClassRestoresPriorStateInReverseOrder/project-hybrid-auto/10-context/10-context
=== RUN   TestFailureAtEveryTargetClassRestoresPriorStateInReverseOrder/project-hybrid-auto/50-env-file/50-env-file
=== RUN   TestFailureAtEveryTargetClassRestoresPriorStateInReverseOrder/project-hybrid-auto/80-removal/80-removal
=== RUN   TestFailureAtEveryTargetClassRestoresPriorStateInReverseOrder/project-hybrid-auto/60-adapter-ledger/60-adapter-ledger
=== RUN   TestFailureAtEveryTargetClassRestoresPriorStateInReverseOrder/global-auto/40-shim-forwarding/40-shim-forwarding
=== RUN   TestFailureAtEveryTargetClassRestoresPriorStateInReverseOrder/global-auto/10-context/10-context
=== RUN   TestFailureAtEveryTargetClassRestoresPriorStateInReverseOrder/global-auto/60-adapter-ledger/60-adapter-ledger
=== RUN   TestFailureAtEveryTargetClassRestoresPriorStateInReverseOrder/global-auto/70-mirror-ledger/70-mirror-ledger
=== RUN   TestFailureAtEveryTargetClassRestoresPriorStateInReverseOrder/global-auto/80-removal/80-removal
--- PASS: TestFailureAtEveryTargetClassRestoresPriorStateInReverseOrder (0.01s)
    --- PASS: TestFailureAtEveryTargetClassRestoresPriorStateInReverseOrder/global-auto/10-context (196.25s)
        --- PASS: TestFailureAtEveryTargetClassRestoresPriorStateInReverseOrder/global-auto/10-context/10-context (68.50s)
    --- PASS: TestFailureAtEveryTargetClassRestoresPriorStateInReverseOrder/global-auto/40-shim-forwarding (203.02s)
        --- PASS: TestFailureAtEveryTargetClassRestoresPriorStateInReverseOrder/global-auto/40-shim-forwarding/40-shim-forwarding (75.47s)
    --- PASS: TestFailureAtEveryTargetClassRestoresPriorStateInReverseOrder/global-auto/60-adapter-ledger (209.44s)
        --- PASS: TestFailureAtEveryTargetClassRestoresPriorStateInReverseOrder/global-auto/60-adapter-ledger/60-adapter-ledger (81.79s)
    --- PASS: TestFailureAtEveryTargetClassRestoresPriorStateInReverseOrder/global-auto/70-mirror-ledger (215.78s)
        --- PASS: TestFailureAtEveryTargetClassRestoresPriorStateInReverseOrder/global-auto/70-mirror-ledger/70-mirror-ledger (89.02s)
    --- PASS: TestFailureAtEveryTargetClassRestoresPriorStateInReverseOrder/global-auto/80-removal (216.74s)
        --- PASS: TestFailureAtEveryTargetClassRestoresPriorStateInReverseOrder/global-auto/80-removal/80-removal (90.05s)
    --- PASS: TestFailureAtEveryTargetClassRestoresPriorStateInReverseOrder/project-hybrid-auto/10-context (234.18s)
        --- PASS: TestFailureAtEveryTargetClassRestoresPriorStateInReverseOrder/project-hybrid-auto/10-context/10-context (102.15s)
    --- PASS: TestFailureAtEveryTargetClassRestoresPriorStateInReverseOrder/project-hybrid-auto/20-runtime (237.06s)
        --- PASS: TestFailureAtEveryTargetClassRestoresPriorStateInReverseOrder/project-hybrid-auto/20-runtime/20-runtime (107.42s)
    --- PASS: TestFailureAtEveryTargetClassRestoresPriorStateInReverseOrder/project-hybrid-auto/30-shim-canonical (239.17s)
        --- PASS: TestFailureAtEveryTargetClassRestoresPriorStateInReverseOrder/project-hybrid-auto/30-shim-canonical/30-shim-canonical (111.17s)
    --- PASS: TestFailureAtEveryTargetClassRestoresPriorStateInReverseOrder/project-hybrid-auto/50-env-file (241.86s)
        --- PASS: TestFailureAtEveryTargetClassRestoresPriorStateInReverseOrder/project-hybrid-auto/50-env-file/50-env-file (117.23s)
    --- PASS: TestFailureAtEveryTargetClassRestoresPriorStateInReverseOrder/project-hybrid-auto/60-adapter-ledger (243.58s)
        --- PASS: TestFailureAtEveryTargetClassRestoresPriorStateInReverseOrder/project-hybrid-auto/60-adapter-ledger/60-adapter-ledger (120.69s)
    --- PASS: TestFailureAtEveryTargetClassRestoresPriorStateInReverseOrder/project-hybrid-auto/80-removal (247.21s)
        --- PASS: TestFailureAtEveryTargetClassRestoresPriorStateInReverseOrder/project-hybrid-auto/80-removal/80-removal (131.81s)
    --- PASS: TestFailureAtEveryTargetClassRestoresPriorStateInReverseOrder/project-hybrid-auto/90-consumer (247.78s)
        --- PASS: TestFailureAtEveryTargetClassRestoresPriorStateInReverseOrder/project-hybrid-auto/90-consumer/90-consumer (133.91s)
=== RUN   TestAdapterMirrorLinksAreJournaledAndRestoredExactly
=== PAUSE TestAdapterMirrorLinksAreJournaledAndRestoredExactly
=== RUN   TestStaleAdapterEntryIsRemovedBeforeTheConsumerLedger
=== PAUSE TestStaleAdapterEntryIsRemovedBeforeTheConsumerLedger
=== RUN   TestStaleAdapterRemovalRollsBackToTheExactPriorEntry
=== PAUSE TestStaleAdapterRemovalRollsBackToTheExactPriorEntry
=== CONT  TestStableHybridActivationCommitsWithoutRestarting
=== CONT  TestAdapterMirrorLinksAreJournaledAndRestoredExactly
=== CONT  TestHybridDeclarationRetargetedBeforeHomeLockRestartsAndCommitsNoStaleContext
=== CONT  TestHybridDeclarationRemovedBeforeHomeLockRestartsAndCommitsNoStaleContext
=== RUN   TestAdapterMirrorLinksAreJournaledAndRestoredExactly/auto
=== PAUSE TestAdapterMirrorLinksAreJournaledAndRestoredExactly/auto
=== CONT  TestHybridDeclarationAddedBeforeHomeLockRestartsAndCommitsTheNewClosure
=== RUN   TestAdapterMirrorLinksAreJournaledAndRestoredExactly/symlink
=== CONT  TestStaleAdapterRemovalRollsBackToTheExactPriorEntry
=== CONT  TestStaleAdapterEntryIsRemovedBeforeTheConsumerLedger
=== RUN   TestStaleAdapterEntryIsRemovedBeforeTheConsumerLedger/auto
=== PAUSE TestAdapterMirrorLinksAreJournaledAndRestoredExactly/symlink
=== CONT  TestAdapterMirrorLinksAreJournaledAndRestoredExactly/auto
=== PAUSE TestStaleAdapterEntryIsRemovedBeforeTheConsumerLedger/auto
=== CONT  TestAdapterMirrorLinksAreJournaledAndRestoredExactly/symlink
=== RUN   TestStaleAdapterEntryIsRemovedBeforeTheConsumerLedger/symlink
=== PAUSE TestStaleAdapterEntryIsRemovedBeforeTheConsumerLedger/symlink
=== RUN   TestStaleAdapterEntryIsRemovedBeforeTheConsumerLedger/copy
=== PAUSE TestStaleAdapterEntryIsRemovedBeforeTheConsumerLedger/copy
=== CONT  TestStaleAdapterEntryIsRemovedBeforeTheConsumerLedger/auto
=== CONT  TestStaleAdapterEntryIsRemovedBeforeTheConsumerLedger/copy
=== CONT  TestStaleAdapterEntryIsRemovedBeforeTheConsumerLedger/symlink
--- PASS: TestHybridDeclarationRemovedBeforeHomeLockRestartsAndCommitsNoStaleContext (9.90s)
--- PASS: TestHybridDeclarationRetargetedBeforeHomeLockRestartsAndCommitsNoStaleContext (9.96s)
--- PASS: TestStableHybridActivationCommitsWithoutRestarting (25.33s)
--- PASS: TestHybridDeclarationAddedBeforeHomeLockRestartsAndCommitsTheNewClosure (26.08s)
--- PASS: TestStaleAdapterRemovalRollsBackToTheExactPriorEntry (30.50s)
--- PASS: TestStaleAdapterEntryIsRemovedBeforeTheConsumerLedger (0.00s)
    --- PASS: TestStaleAdapterEntryIsRemovedBeforeTheConsumerLedger/auto (30.48s)
    --- PASS: TestStaleAdapterEntryIsRemovedBeforeTheConsumerLedger/symlink (30.78s)
    --- PASS: TestStaleAdapterEntryIsRemovedBeforeTheConsumerLedger/copy (35.72s)
--- PASS: TestAdapterMirrorLinksAreJournaledAndRestoredExactly (0.00s)
    --- PASS: TestAdapterMirrorLinksAreJournaledAndRestoredExactly/symlink (37.10s)
    --- PASS: TestAdapterMirrorLinksAreJournaledAndRestoredExactly/auto (37.12s)
PASS
ok  	github.com/relux-works/curator/internal/install/atomicity	285.434s
