Timeout (0:00:06)!
Thread 0x000000017c31f000 (most recent call first):
  File "/Users/iv/Developer/ReluxWorks/cocoaskills-production/.temp/TASK-260720-z2z795/worktree/src/csk/locking.py", line 167 in _canonicalize_darwin_existing_path
  File "/Users/iv/Developer/ReluxWorks/cocoaskills-production/.temp/TASK-260720-z2z795/worktree/src/csk/locking.py", line 129 in _canonical_filesystem_identity
  File "/Users/iv/Developer/ReluxWorks/cocoaskills-production/.temp/TASK-260720-z2z795/worktree/src/csk/locking.py", line 95 in _canonical_manager_home
  File "/Users/iv/Developer/ReluxWorks/cocoaskills-production/.temp/TASK-260720-z2z795/worktree/src/csk/locking.py", line 113 in _prepare_manager_home
  File "/Users/iv/Developer/ReluxWorks/cocoaskills-production/.temp/TASK-260720-z2z795/worktree/src/csk/locking.py", line 673 in _prepare_for_acquire
  File "/Users/iv/Developer/ReluxWorks/cocoaskills-production/.temp/TASK-260720-z2z795/worktree/src/csk/locking.py", line 303 in __enter__
  File "/Users/iv/Developer/ReluxWorks/cocoaskills-production/.temp/TASK-260720-z2z795/worktree/tests/test_locking.py", line 1295 in consume
  File "/opt/homebrew/Cellar/python@3.11/3.11.14_1/Frameworks/Python.framework/Versions/3.11/lib/python3.11/threading.py", line 982 in run
  File "/opt/homebrew/Cellar/python@3.11/3.11.14_1/Frameworks/Python.framework/Versions/3.11/lib/python3.11/threading.py", line 1045 in _bootstrap_inner
  File "/opt/homebrew/Cellar/python@3.11/3.11.14_1/Frameworks/Python.framework/Versions/3.11/lib/python3.11/threading.py", line 1002 in _bootstrap

Thread 0x000000017b313000 (most recent call first):
  File "/Users/iv/Developer/ReluxWorks/cocoaskills-production/.temp/TASK-260720-z2z795/worktree/src/csk/locking.py", line 167 in _canonicalize_darwin_existing_path
  File "/Users/iv/Developer/ReluxWorks/cocoaskills-production/.temp/TASK-260720-z2z795/worktree/src/csk/locking.py", line 129 in _canonical_filesystem_identity
  File "/Users/iv/Developer/ReluxWorks/cocoaskills-production/.temp/TASK-260720-z2z795/worktree/src/csk/locking.py", line 95 in _canonical_manager_home
  File "/Users/iv/Developer/ReluxWorks/cocoaskills-production/.temp/TASK-260720-z2z795/worktree/src/csk/locking.py", line 113 in _prepare_manager_home
  File "/Users/iv/Developer/ReluxWorks/cocoaskills-production/.temp/TASK-260720-z2z795/worktree/src/csk/locking.py", line 673 in _prepare_for_acquire
  File "/Users/iv/Developer/ReluxWorks/cocoaskills-production/.temp/TASK-260720-z2z795/worktree/src/csk/locking.py", line 303 in __enter__
  File "/Users/iv/Developer/ReluxWorks/cocoaskills-production/.temp/TASK-260720-z2z795/worktree/tests/test_locking.py", line 1295 in consume
  File "/opt/homebrew/Cellar/python@3.11/3.11.14_1/Frameworks/Python.framework/Versions/3.11/lib/python3.11/threading.py", line 982 in run
  File "/opt/homebrew/Cellar/python@3.11/3.11.14_1/Frameworks/Python.framework/Versions/3.11/lib/python3.11/threading.py", line 1045 in _bootstrap_inner
  File "/opt/homebrew/Cellar/python@3.11/3.11.14_1/Frameworks/Python.framework/Versions/3.11/lib/python3.11/threading.py", line 1002 in _bootstrap

Thread 0x000000017a307000 (most recent call first):
  File "/Users/iv/Developer/ReluxWorks/cocoaskills-production/.temp/TASK-260720-z2z795/worktree/src/csk/locking.py", line 167 in _canonicalize_darwin_existing_path
  File "/Users/iv/Developer/ReluxWorks/cocoaskills-production/.temp/TASK-260720-z2z795/worktree/src/csk/locking.py", line 129 in _canonical_filesystem_identity
  File "/Users/iv/Developer/ReluxWorks/cocoaskills-production/.temp/TASK-260720-z2z795/worktree/src/csk/locking.py", line 95 in _canonical_manager_home
  File "/Users/iv/Developer/ReluxWorks/cocoaskills-production/.temp/TASK-260720-z2z795/worktree/src/csk/locking.py", line 113 in _prepare_manager_home
  File "/Users/iv/Developer/ReluxWorks/cocoaskills-production/.temp/TASK-260720-z2z795/worktree/src/csk/locking.py", line 673 in _prepare_for_acquire
  File "/Users/iv/Developer/ReluxWorks/cocoaskills-production/.temp/TASK-260720-z2z795/worktree/src/csk/locking.py", line 303 in __enter__
  File "/Users/iv/Developer/ReluxWorks/cocoaskills-production/.temp/TASK-260720-z2z795/worktree/tests/test_locking.py", line 1295 in consume
  File "/opt/homebrew/Cellar/python@3.11/3.11.14_1/Frameworks/Python.framework/Versions/3.11/lib/python3.11/threading.py", line 982 in run
  File "/opt/homebrew/Cellar/python@3.11/3.11.14_1/Frameworks/Python.framework/Versions/3.11/lib/python3.11/threading.py", line 1045 in _bootstrap_inner
  File "/opt/homebrew/Cellar/python@3.11/3.11.14_1/Frameworks/Python.framework/Versions/3.11/lib/python3.11/threading.py", line 1002 in _bootstrap

Thread 0x00000001792fb000 (most recent call first):
  File "/Users/iv/Developer/ReluxWorks/cocoaskills-production/.temp/TASK-260720-z2z795/worktree/src/csk/locking.py", line 167 in _canonicalize_darwin_existing_path
  File "/Users/iv/Developer/ReluxWorks/cocoaskills-production/.temp/TASK-260720-z2z795/worktree/src/csk/locking.py", line 129 in _canonical_filesystem_identity
  File "/Users/iv/Developer/ReluxWorks/cocoaskills-production/.temp/TASK-260720-z2z795/worktree/src/csk/locking.py", line 95 in _canonical_manager_home
  File "/Users/iv/Developer/ReluxWorks/cocoaskills-production/.temp/TASK-260720-z2z795/worktree/src/csk/locking.py", line 113 in _prepare_manager_home
  File "/Users/iv/Developer/ReluxWorks/cocoaskills-production/.temp/TASK-260720-z2z795/worktree/src/csk/locking.py", line 673 in _prepare_for_acquire
  File "/Users/iv/Developer/ReluxWorks/cocoaskills-production/.temp/TASK-260720-z2z795/worktree/src/csk/locking.py", line 303 in __enter__
  File "/Users/iv/Developer/ReluxWorks/cocoaskills-production/.temp/TASK-260720-z2z795/worktree/tests/test_locking.py", line 1295 in consume
  File "/opt/homebrew/Cellar/python@3.11/3.11.14_1/Frameworks/Python.framework/Versions/3.11/lib/python3.11/threading.py", line 982 in run
  File "/opt/homebrew/Cellar/python@3.11/3.11.14_1/Frameworks/Python.framework/Versions/3.11/lib/python3.11/threading.py", line 1045 in _bootstrap_inner
  File "/opt/homebrew/Cellar/python@3.11/3.11.14_1/Frameworks/Python.framework/Versions/3.11/lib/python3.11/threading.py", line 1002 in _bootstrap

Thread 0x00000001782ef000 (most recent call first):
  File "/Users/iv/Developer/ReluxWorks/cocoaskills-production/.temp/TASK-260720-z2z795/worktree/src/csk/locking.py", line 165 in _canonicalize_darwin_existing_path
  File "/Users/iv/Developer/ReluxWorks/cocoaskills-production/.temp/TASK-260720-z2z795/worktree/src/csk/locking.py", line 129 in _canonical_filesystem_identity
  File "/Users/iv/Developer/ReluxWorks/cocoaskills-production/.temp/TASK-260720-z2z795/worktree/src/csk/locking.py", line 95 in _canonical_manager_home
  File "/Users/iv/Developer/ReluxWorks/cocoaskills-production/.temp/TASK-260720-z2z795/worktree/src/csk/locking.py", line 113 in _prepare_manager_home
  File "/Users/iv/Developer/ReluxWorks/cocoaskills-production/.temp/TASK-260720-z2z795/worktree/src/csk/locking.py", line 673 in _prepare_for_acquire
  File "/Users/iv/Developer/ReluxWorks/cocoaskills-production/.temp/TASK-260720-z2z795/worktree/src/csk/locking.py", line 303 in __enter__
  File "/Users/iv/Developer/ReluxWorks/cocoaskills-production/.temp/TASK-260720-z2z795/worktree/tests/test_locking.py", line 1295 in consume
  File "/opt/homebrew/Cellar/python@3.11/3.11.14_1/Frameworks/Python.framework/Versions/3.11/lib/python3.11/threading.py", line 982 in run
  File "/opt/homebrew/Cellar/python@3.11/3.11.14_1/Frameworks/Python.framework/Versions/3.11/lib/python3.11/threading.py", line 1045 in _bootstrap_inner
  File "/opt/homebrew/Cellar/python@3.11/3.11.14_1/Frameworks/Python.framework/Versions/3.11/lib/python3.11/threading.py", line 1002 in _bootstrap

Thread 0x00000001772e3000 (most recent call first):
  File "/Users/iv/Developer/ReluxWorks/cocoaskills-production/.temp/TASK-260720-z2z795/worktree/src/csk/locking.py", line 167 in _canonicalize_darwin_existing_path
  File "/Users/iv/Developer/ReluxWorks/cocoaskills-production/.temp/TASK-260720-z2z795/worktree/src/csk/locking.py", line 129 in _canonical_filesystem_identity
  File "/Users/iv/Developer/ReluxWorks/cocoaskills-production/.temp/TASK-260720-z2z795/worktree/src/csk/locking.py", line 95 in _canonical_manager_home
  File "/Users/iv/Developer/ReluxWorks/cocoaskills-production/.temp/TASK-260720-z2z795/worktree/src/csk/locking.py", line 113 in _prepare_manager_home
  File "/Users/iv/Developer/ReluxWorks/cocoaskills-production/.temp/TASK-260720-z2z795/worktree/src/csk/locking.py", line 673 in _prepare_for_acquire
  File "/Users/iv/Developer/ReluxWorks/cocoaskills-production/.temp/TASK-260720-z2z795/worktree/src/csk/locking.py", line 303 in __enter__
  File "/Users/iv/Developer/ReluxWorks/cocoaskills-production/.temp/TASK-260720-z2z795/worktree/tests/test_locking.py", line 1295 in consume
  File "/opt/homebrew/Cellar/python@3.11/3.11.14_1/Frameworks/Python.framework/Versions/3.11/lib/python3.11/threading.py", line 982 in run
  File "/opt/homebrew/Cellar/python@3.11/3.11.14_1/Frameworks/Python.framework/Versions/3.11/lib/python3.11/threading.py", line 1045 in _bootstrap_inner
  File "/opt/homebrew/Cellar/python@3.11/3.11.14_1/Frameworks/Python.framework/Versions/3.11/lib/python3.11/threading.py", line 1002 in _bootstrap

Thread 0x00000001762d7000 (most recent call first):
  File "/Users/iv/Developer/ReluxWorks/cocoaskills-production/.temp/TASK-260720-z2z795/worktree/src/csk/locking.py", line 167 in _canonicalize_darwin_existing_path
  File "/Users/iv/Developer/ReluxWorks/cocoaskills-production/.temp/TASK-260720-z2z795/worktree/src/csk/locking.py", line 129 in _canonical_filesystem_identity
  File "/Users/iv/Developer/ReluxWorks/cocoaskills-production/.temp/TASK-260720-z2z795/worktree/src/csk/locking.py", line 95 in _canonical_manager_home
  File "/Users/iv/Developer/ReluxWorks/cocoaskills-production/.temp/TASK-260720-z2z795/worktree/src/csk/locking.py", line 113 in _prepare_manager_home
  File "/Users/iv/Developer/ReluxWorks/cocoaskills-production/.temp/TASK-260720-z2z795/worktree/src/csk/locking.py", line 673 in _prepare_for_acquire
  File "/Users/iv/Developer/ReluxWorks/cocoaskills-production/.temp/TASK-260720-z2z795/worktree/src/csk/locking.py", line 303 in __enter__
  File "/Users/iv/Developer/ReluxWorks/cocoaskills-production/.temp/TASK-260720-z2z795/worktree/tests/test_locking.py", line 1295 in consume
  File "/opt/homebrew/Cellar/python@3.11/3.11.14_1/Frameworks/Python.framework/Versions/3.11/lib/python3.11/threading.py", line 982 in run
  File "/opt/homebrew/Cellar/python@3.11/3.11.14_1/Frameworks/Python.framework/Versions/3.11/lib/python3.11/threading.py", line 1045 in _bootstrap_inner
  File "/opt/homebrew/Cellar/python@3.11/3.11.14_1/Frameworks/Python.framework/Versions/3.11/lib/python3.11/threading.py", line 1002 in _bootstrap

Thread 0x00000001752cb000 (most recent call first):
  File "/Users/iv/Developer/ReluxWorks/cocoaskills-production/.temp/TASK-260720-z2z795/worktree/src/csk/locking.py", line 165 in _canonicalize_darwin_existing_path
  File "/Users/iv/Developer/ReluxWorks/cocoaskills-production/.temp/TASK-260720-z2z795/worktree/src/csk/locking.py", line 129 in _canonical_filesystem_identity
  File "/Users/iv/Developer/ReluxWorks/cocoaskills-production/.temp/TASK-260720-z2z795/worktree/src/csk/locking.py", line 95 in _canonical_manager_home
  File "/Users/iv/Developer/ReluxWorks/cocoaskills-production/.temp/TASK-260720-z2z795/worktree/src/csk/locking.py", line 113 in _prepare_manager_home
  File "/Users/iv/Developer/ReluxWorks/cocoaskills-production/.temp/TASK-260720-z2z795/worktree/src/csk/locking.py", line 673 in _prepare_for_acquire
  File "/Users/iv/Developer/ReluxWorks/cocoaskills-production/.temp/TASK-260720-z2z795/worktree/src/csk/locking.py", line 303 in __enter__
  File "/Users/iv/Developer/ReluxWorks/cocoaskills-production/.temp/TASK-260720-z2z795/worktree/tests/test_locking.py", line 1295 in consume
  File "/opt/homebrew/Cellar/python@3.11/3.11.14_1/Frameworks/Python.framework/Versions/3.11/lib/python3.11/threading.py", line 982 in run
  File "/opt/homebrew/Cellar/python@3.11/3.11.14_1/Frameworks/Python.framework/Versions/3.11/lib/python3.11/threading.py", line 1045 in _bootstrap_inner
  File "/opt/homebrew/Cellar/python@3.11/3.11.14_1/Frameworks/Python.framework/Versions/3.11/lib/python3.11/threading.py", line 1002 in _bootstrap

Thread 0x00000001742bf000 (most recent call first):
  File "/Users/iv/Developer/ReluxWorks/cocoaskills-production/.temp/TASK-260720-z2z795/worktree/src/csk/locking.py", line 167 in _canonicalize_darwin_existing_path
  File "/Users/iv/Developer/ReluxWorks/cocoaskills-production/.temp/TASK-260720-z2z795/worktree/src/csk/locking.py", line 129 in _canonical_filesystem_identity
  File "/Users/iv/Developer/ReluxWorks/cocoaskills-production/.temp/TASK-260720-z2z795/worktree/src/csk/locking.py", line 95 in _canonical_manager_home
  File "/Users/iv/Developer/ReluxWorks/cocoaskills-production/.temp/TASK-260720-z2z795/worktree/src/csk/locking.py", line 113 in _prepare_manager_home
  File "/Users/iv/Developer/ReluxWorks/cocoaskills-production/.temp/TASK-260720-z2z795/worktree/src/csk/locking.py", line 673 in _prepare_for_acquire
  File "/Users/iv/Developer/ReluxWorks/cocoaskills-production/.temp/TASK-260720-z2z795/worktree/src/csk/locking.py", line 303 in __enter__
  File "/Users/iv/Developer/ReluxWorks/cocoaskills-production/.temp/TASK-260720-z2z795/worktree/tests/test_locking.py", line 1295 in consume
  File "/opt/homebrew/Cellar/python@3.11/3.11.14_1/Frameworks/Python.framework/Versions/3.11/lib/python3.11/threading.py", line 982 in run
  File "/opt/homebrew/Cellar/python@3.11/3.11.14_1/Frameworks/Python.framework/Versions/3.11/lib/python3.11/threading.py", line 1045 in _bootstrap_inner
  File "/opt/homebrew/Cellar/python@3.11/3.11.14_1/Frameworks/Python.framework/Versions/3.11/lib/python3.11/threading.py", line 1002 in _bootstrap

Thread 0x00000001732b3000 (most recent call first):
  File "/Users/iv/Developer/ReluxWorks/cocoaskills-production/.temp/TASK-260720-z2z795/worktree/src/csk/locking.py", line 167 in _canonicalize_darwin_existing_path
  File "/Users/iv/Developer/ReluxWorks/cocoaskills-production/.temp/TASK-260720-z2z795/worktree/src/csk/locking.py", line 129 in _canonical_filesystem_identity
  File "/Users/iv/Developer/ReluxWorks/cocoaskills-production/.temp/TASK-260720-z2z795/worktree/src/csk/locking.py", line 95 in _canonical_manager_home
  File "/Users/iv/Developer/ReluxWorks/cocoaskills-production/.temp/TASK-260720-z2z795/worktree/src/csk/locking.py", line 113 in _prepare_manager_home
  File "/Users/iv/Developer/ReluxWorks/cocoaskills-production/.temp/TASK-260720-z2z795/worktree/src/csk/locking.py", line 673 in _prepare_for_acquire
  File "/Users/iv/Developer/ReluxWorks/cocoaskills-production/.temp/TASK-260720-z2z795/worktree/src/csk/locking.py", line 303 in __enter__
  File "/Users/iv/Developer/ReluxWorks/cocoaskills-production/.temp/TASK-260720-z2z795/worktree/tests/test_locking.py", line 1295 in consume
  File "/opt/homebrew/Cellar/python@3.11/3.11.14_1/Frameworks/Python.framework/Versions/3.11/lib/python3.11/threading.py", line 982 in run
  File "/opt/homebrew/Cellar/python@3.11/3.11.14_1/Frameworks/Python.framework/Versions/3.11/lib/python3.11/threading.py", line 1045 in _bootstrap_inner
  File "/opt/homebrew/Cellar/python@3.11/3.11.14_1/Frameworks/Python.framework/Versions/3.11/lib/python3.11/threading.py", line 1002 in _bootstrap

Thread 0x00000001722a7000 (most recent call first):
  File "/Users/iv/Developer/ReluxWorks/cocoaskills-production/.temp/TASK-260720-z2z795/worktree/src/csk/locking.py", line 167 in _canonicalize_darwin_existing_path
  File "/Users/iv/Developer/ReluxWorks/cocoaskills-production/.temp/TASK-260720-z2z795/worktree/src/csk/locking.py", line 129 in _canonical_filesystem_identity
  File "/Users/iv/Developer/ReluxWorks/cocoaskills-production/.temp/TASK-260720-z2z795/worktree/src/csk/locking.py", line 95 in _canonical_manager_home
  File "/Users/iv/Developer/ReluxWorks/cocoaskills-production/.temp/TASK-260720-z2z795/worktree/src/csk/locking.py", line 113 in _prepare_manager_home
  File "/Users/iv/Developer/ReluxWorks/cocoaskills-production/.temp/TASK-260720-z2z795/worktree/src/csk/locking.py", line 673 in _prepare_for_acquire
  File "/Users/iv/Developer/ReluxWorks/cocoaskills-production/.temp/TASK-260720-z2z795/worktree/src/csk/locking.py", line 303 in __enter__
  File "/Users/iv/Developer/ReluxWorks/cocoaskills-production/.temp/TASK-260720-z2z795/worktree/tests/test_locking.py", line 1295 in consume
  File "/opt/homebrew/Cellar/python@3.11/3.11.14_1/Frameworks/Python.framework/Versions/3.11/lib/python3.11/threading.py", line 982 in run
  File "/opt/homebrew/Cellar/python@3.11/3.11.14_1/Frameworks/Python.framework/Versions/3.11/lib/python3.11/threading.py", line 1045 in _bootstrap_inner
  File "/opt/homebrew/Cellar/python@3.11/3.11.14_1/Frameworks/Python.framework/Versions/3.11/lib/python3.11/threading.py", line 1002 in _bootstrap

Thread 0x000000017129b000 (most recent call first):
  File "/Users/iv/Developer/ReluxWorks/cocoaskills-production/.temp/TASK-260720-z2z795/worktree/src/csk/locking.py", line 167 in _canonicalize_darwin_existing_path
  File "/Users/iv/Developer/ReluxWorks/cocoaskills-production/.temp/TASK-260720-z2z795/worktree/src/csk/locking.py", line 129 in _canonical_filesystem_identity
  File "/Users/iv/Developer/ReluxWorks/cocoaskills-production/.temp/TASK-260720-z2z795/worktree/src/csk/locking.py", line 95 in _canonical_manager_home
  File "/Users/iv/Developer/ReluxWorks/cocoaskills-production/.temp/TASK-260720-z2z795/worktree/src/csk/locking.py", line 113 in _prepare_manager_home
  File "/Users/iv/Developer/ReluxWorks/cocoaskills-production/.temp/TASK-260720-z2z795/worktree/src/csk/locking.py", line 673 in _prepare_for_acquire
  File "/Users/iv/Developer/ReluxWorks/cocoaskills-production/.temp/TASK-260720-z2z795/worktree/src/csk/locking.py", line 303 in __enter__
  File "/Users/iv/Developer/ReluxWorks/cocoaskills-production/.temp/TASK-260720-z2z795/worktree/tests/test_locking.py", line 1295 in consume
  File "/opt/homebrew/Cellar/python@3.11/3.11.14_1/Frameworks/Python.framework/Versions/3.11/lib/python3.11/threading.py", line 982 in run
  File "/opt/homebrew/Cellar/python@3.11/3.11.14_1/Frameworks/Python.framework/Versions/3.11/lib/python3.11/threading.py", line 1045 in _bootstrap_inner
  File "/opt/homebrew/Cellar/python@3.11/3.11.14_1/Frameworks/Python.framework/Versions/3.11/lib/python3.11/threading.py", line 1002 in _bootstrap

Thread 0x00000001f577de80 (most recent call first):
  File "/opt/homebrew/Cellar/python@3.11/3.11.14_1/Frameworks/Python.framework/Versions/3.11/lib/python3.11/threading.py", line 1139 in _wait_for_tstate_lock
  File "/opt/homebrew/Cellar/python@3.11/3.11.14_1/Frameworks/Python.framework/Versions/3.11/lib/python3.11/threading.py", line 1123 in join
  File "/Users/iv/Developer/ReluxWorks/cocoaskills-production/.temp/TASK-260720-z2z795/worktree/tests/test_locking.py", line 1306 in test_repeated_concurrent_home_consumers_survive_release_handoffs
  File "/opt/homebrew/lib/python3.11/site-packages/_pytest/python.py", line 159 in pytest_pyfunc_call
  File "/opt/homebrew/lib/python3.11/site-packages/pluggy/_callers.py", line 103 in _multicall
  File "/opt/homebrew/lib/python3.11/site-packages/pluggy/_manager.py", line 120 in _hookexec
  File "/opt/homebrew/lib/python3.11/site-packages/pluggy/_hooks.py", line 513 in __call__
  File "/opt/homebrew/lib/python3.11/site-packages/_pytest/python.py", line 1627 in runtest
  File "/opt/homebrew/lib/python3.11/site-packages/_pytest/runner.py", line 174 in pytest_runtest_call
  File "/opt/homebrew/lib/python3.11/site-packages/pluggy/_callers.py", line 103 in _multicall
  File "/opt/homebrew/lib/python3.11/site-packages/pluggy/_manager.py", line 120 in _hookexec
  File "/opt/homebrew/lib/python3.11/site-packages/pluggy/_hooks.py", line 513 in __call__
  File "/opt/homebrew/lib/python3.11/site-packages/_pytest/runner.py", line 242 in <lambda>
  File "/opt/homebrew/lib/python3.11/site-packages/_pytest/runner.py", line 341 in from_call
  File "/opt/homebrew/lib/python3.11/site-packages/_pytest/runner.py", line 241 in call_and_report
  File "/opt/homebrew/lib/python3.11/site-packages/_pytest/runner.py", line 132 in runtestprotocol
  File "/opt/homebrew/lib/python3.11/site-packages/_pytest/runner.py", line 113 in pytest_runtest_protocol
  File "/opt/homebrew/lib/python3.11/site-packages/pluggy/_callers.py", line 103 in _multicall
  File "/opt/homebrew/lib/python3.11/site-packages/pluggy/_manager.py", line 120 in _hookexec
  File "/opt/homebrew/lib/python3.11/site-packages/pluggy/_hooks.py", line 513 in __call__
  File "/opt/homebrew/lib/python3.11/site-packages/_pytest/main.py", line 362 in pytest_runtestloop
  File "/opt/homebrew/lib/python3.11/site-packages/pluggy/_callers.py", line 103 in _multicall
  File "/opt/homebrew/lib/python3.11/site-packages/pluggy/_manager.py", line 120 in _hookexec
  File "/opt/homebrew/lib/python3.11/site-packages/pluggy/_hooks.py", line 513 in __call__
  File "/opt/homebrew/lib/python3.11/site-packages/_pytest/main.py", line 337 in _main
  File "/opt/homebrew/lib/python3.11/site-packages/_pytest/main.py", line 283 in wrap_session
  File "/opt/homebrew/lib/python3.11/site-packages/_pytest/main.py", line 330 in pytest_cmdline_main
  File "/opt/homebrew/lib/python3.11/site-packages/pluggy/_callers.py", line 103 in _multicall
  File "/opt/homebrew/lib/python3.11/site-packages/pluggy/_manager.py", line 120 in _hookexec
  File "/opt/homebrew/lib/python3.11/site-packages/pluggy/_hooks.py", line 513 in __call__
  File "/opt/homebrew/lib/python3.11/site-packages/_pytest/config/__init__.py", line 175 in main
  File "/opt/homebrew/lib/python3.11/site-packages/_pytest/config/__init__.py", line 201 in console_main
  File "/opt/homebrew/lib/python3.11/site-packages/pytest/__main__.py", line 9 in <module>
  File "<frozen runpy>", line 88 in _run_code
  File "<frozen runpy>", line 198 in _run_module_as_main
.                                                                        [100%]
1 passed in 7.79s
