FF                                                                       [100%]
=================================== FAILURES ===================================
________ test_recovery_rejects_foreign_mode_during_staging_finalization ________

tmp_path = PosixPath('/private/var/folders/cz/jqbthtks55zbkpcdkfyk4bl80000gp/T/pytest-of-iv/pytest-116/test_recovery_rejects_foreign_0')

    def test_recovery_rejects_foreign_mode_during_staging_finalization(
        tmp_path: Path,
    ):
        home = tmp_path / "home"
        desired = tmp_path / "desired"
        _write(desired / "first", "read-only desired").chmod(0o444)
        _write(desired / "second", "read-only desired").chmod(0o444)
        desired.chmod(0o555)
    
        def crash_before_mode(point: str, target: JournalTarget | None) -> None:
            if point == "before_staging_mode_finalize" and target is not None:
                raise SimulatedCrash(point)
    
        engine = TransactionEngine(home, fault_hook=crash_before_mode)
        with (
            ManagerHomeLock(home) as lock,
            pytest.raises(SimulatedCrash, match="before_staging_mode_finalize"),
        ):
            engine.prepare(
                lock,
                _plan(
                    "txn-read-only-mode-foreign",
                    tmp_path / "project",
                    _target("10-context", "skill", tmp_path / "live", desired),
                ),
            )
    
        journal_path = engine.journal_root / "txn-read-only-mode-foreign.json"
        raw = json.loads(journal_path.read_text(encoding="utf-8"))
        target = raw["targets"][0]
        staged = Path(target["staged_path"])
        order = [
            entry
            for entry in reversed(target["staging_entries"])
            if entry["kind"] != "link"
        ]
        entry = next(
            entry
            for index, entry in enumerate(order)
            if index > target["staging_finalize_index"] and entry["kind"] == "file"
        )
        entry_path = staged.joinpath(*Path(entry["relative_path"]).parts)
        # The active write-ahead entry may validly have either mode. A later entry
        # has one durable identity, so this crosses Windows' writable/read-only bit.
        _assert_mode_identity(entry_path, 0o644)
        entry_path.chmod(0o444)
        _assert_mode_identity(entry_path, 0o444)
        before_mode = entry_path.stat().st_mode & 0o777
    
>       with (
            ManagerHomeLock(home) as lock,
            pytest.raises(TransactionError, match="staging entry changed"),
        ):
E       Failed: DID NOT RAISE <class 'csk.transactions.TransactionError'>

tests/test_transactions.py:1159: Failed
_________ test_recovery_rejects_foreign_mode_during_read_only_cleanup __________

tmp_path = PosixPath('/private/var/folders/cz/jqbthtks55zbkpcdkfyk4bl80000gp/T/pytest-of-iv/pytest-116/test_recovery_rejects_foreign_1')

    def test_recovery_rejects_foreign_mode_during_read_only_cleanup(
        tmp_path: Path,
    ):
        home = tmp_path / "home"
        live = tmp_path / "live"
        desired = tmp_path / "desired"
        _write(live / "first", "old-first").chmod(0o444)
        _write(live / "second", "old-second").chmod(0o444)
        _write(desired / "first", "new-first").chmod(0o444)
        _write(desired / "second", "new-second").chmod(0o444)
        live.chmod(0o555)
        desired.chmod(0o555)
    
        writable_events = 0
    
        def crash_before_writable(point: str, target: JournalTarget | None) -> None:
            nonlocal writable_events
            if point == "before_sidecar_mode_writable" and target is not None:
                writable_events += 1
                if writable_events == 3:
                    raise SimulatedCrash(point)
    
        engine = TransactionEngine(home, fault_hook=crash_before_writable)
        with ManagerHomeLock(home) as lock:
            engine.prepare(
                lock,
                _plan(
                    "txn-read-only-cleanup-foreign",
                    tmp_path / "project",
                    _target("10-context", "skill", live, desired),
                ),
            )
            with pytest.raises(SimulatedCrash, match="before_sidecar_mode_writable"):
                engine.commit(lock, "txn-read-only-cleanup-foreign")
    
        journal_path = engine.journal_root / "txn-read-only-cleanup-foreign.json"
        raw = json.loads(journal_path.read_text(encoding="utf-8"))
        active = next(
            cleanup
            for cleanup in raw["cleanup_sidecars"]
            if cleanup["state"] == "tombed" and cleanup["writable_active"] is True
        )
        order = sorted(
            active["entries"],
            key=lambda entry: (
                len(Path(entry["relative_path"]).parts) if entry["relative_path"] else 0,
                0 if entry["kind"] == "directory" else 1,
                entry["relative_path"].encode("utf-8"),
            ),
        )
        assert active["writable_index"] == 2
        entry = order[active["writable_index"] - 1]
        assert entry["kind"] == "file"
        entry_path = Path(active["tomb_path"])
        if entry["relative_path"]:
            entry_path = entry_path.joinpath(*Path(entry["relative_path"]).parts)
        # The active write-ahead entry may validly have either mode. This prior
        # file is durably writable, so restoring read-only is unambiguously foreign.
        _assert_mode_identity(entry_path, 0o644)
        foreign_mode = 0o444
        entry_path.chmod(foreign_mode)
        _assert_mode_identity(entry_path, foreign_mode)
        before_mode = entry_path.stat().st_mode & 0o777
    
>       with (
            ManagerHomeLock(home) as lock,
            pytest.raises(TransactionError, match="changed cleanup bytes"),
        ):
E       Failed: DID NOT RAISE <class 'csk.transactions.TransactionError'>

tests/test_transactions.py:1285: Failed
=========================== short test summary info ============================
FAILED tests/test_transactions.py::test_recovery_rejects_foreign_mode_during_staging_finalization
FAILED tests/test_transactions.py::test_recovery_rejects_foreign_mode_during_read_only_cleanup
2 failed in 1.43s
