WARNING: A restricted method in java.lang.System has been called
WARNING: java.lang.System::load has been called by org.jetbrains.kotlin.org.fusesource.jansi.internal.JansiLoader in an unnamed module (file:/Users/iv/Developer/ReluxWorks/curator/.temp/TASK-260728-168smo/kn/dist/kotlin-native-prebuilt-macos-aarch64-2.4.10/konan/lib/kotlin-native-compiler-embeddable.jar)
WARNING: Use --enable-native-access=ALL-UNNAMED to avoid a warning for callers in this module
WARNING: Restricted methods will be blocked in a future release unless native access is enabled

Downloading native dependencies (LLVM, sysroot etc). This is a one-time action performed only on the first run of the compiler.
Downloading dependency https://download.jetbrains.com/kotlin/native/lldb-4-macos.tar.gz to /Users/iv/Developer/ReluxWorks/curator/.temp/TASK-260728-168smo/kn/konan-data/dependencies/cache/lldb-4-macos.tar.gz

(KonanProperties) Downloading dependency: https://download.jetbrains.com/kotlin/native/lldb-4-macos.tar.gz (0/64230999). 
(KonanProperties) Downloading dependency: https://download.jetbrains.com/kotlin/native/lldb-4-macos.tar.gz (3820266/64230999). 
(KonanProperties) Downloading dependency: https://download.jetbrains.com/kotlin/native/lldb-4-macos.tar.gz (13465398/64230999). 
(KonanProperties) Downloading dependency: https://download.jetbrains.com/kotlin/native/lldb-4-macos.tar.gz (24159838/64230999). 
(KonanProperties) Downloading dependency: https://download.jetbrains.com/kotlin/native/lldb-4-macos.tar.gz (39340918/64230999). 
(KonanProperties) Downloading dependency: https://download.jetbrains.com/kotlin/native/lldb-4-macos.tar.gz (56359798/64230999). 
(KonanProperties) Downloading dependency: https://download.jetbrains.com/kotlin/native/lldb-4-macos.tar.gz (64230999/64230999). Done.
Extracting dependency: /Users/iv/Developer/ReluxWorks/curator/.temp/TASK-260728-168smo/kn/konan-data/dependencies/cache/lldb-4-macos.tar.gz into /Users/iv/Developer/ReluxWorks/curator/.temp/TASK-260728-168smo/kn/konan-data/dependencies
Downloading dependency https://download.jetbrains.com/kotlin/native/resources/llvm/21-aarch64-macos/llvm-21-aarch64-macos-essentials-97.tar.gz to /Users/iv/Developer/ReluxWorks/curator/.temp/TASK-260728-168smo/kn/konan-data/dependencies/cache/llvm-21-aarch64-macos-essentials-97.tar.gz

(KonanProperties) Downloading dependency: https://download.jetbrains.com/kotlin/native/resources/llvm/21-aarch64-macos/llvm-21-aarch64-macos-essentials-97.tar.gz (0/151150049). 
(KonanProperties) Downloading dependency: https://download.jetbrains.com/kotlin/native/resources/llvm/21-aarch64-macos/llvm-21-aarch64-macos-essentials-97.tar.gz (15601391/151150049). 
(KonanProperties) Downloading dependency: https://download.jetbrains.com/kotlin/native/resources/llvm/21-aarch64-macos/llvm-21-aarch64-macos-essentials-97.tar.gz (31202676/151150049). 
(KonanProperties) Downloading dependency: https://download.jetbrains.com/kotlin/native/resources/llvm/21-aarch64-macos/llvm-21-aarch64-macos-essentials-97.tar.gz (45854484/151150049). 
(KonanProperties) Downloading dependency: https://download.jetbrains.com/kotlin/native/resources/llvm/21-aarch64-macos/llvm-21-aarch64-macos-essentials-97.tar.gz (56610133/151150049). 
(KonanProperties) Downloading dependency: https://download.jetbrains.com/kotlin/native/resources/llvm/21-aarch64-macos/llvm-21-aarch64-macos-essentials-97.tar.gz (69297451/151150049). 
(KonanProperties) Downloading dependency: https://download.jetbrains.com/kotlin/native/resources/llvm/21-aarch64-macos/llvm-21-aarch64-macos-essentials-97.tar.gz (82066689/151150049). 
(KonanProperties) Downloading dependency: https://download.jetbrains.com/kotlin/native/resources/llvm/21-aarch64-macos/llvm-21-aarch64-macos-essentials-97.tar.gz (92625836/151150049). 
(KonanProperties) Downloading dependency: https://download.jetbrains.com/kotlin/native/resources/llvm/21-aarch64-macos/llvm-21-aarch64-macos-essentials-97.tar.gz (107735919/151150049). 
(KonanProperties) Downloading dependency: https://download.jetbrains.com/kotlin/native/resources/llvm/21-aarch64-macos/llvm-21-aarch64-macos-essentials-97.tar.gz (123157298/151150049). 
(KonanProperties) Downloading dependency: https://download.jetbrains.com/kotlin/native/resources/llvm/21-aarch64-macos/llvm-21-aarch64-macos-essentials-97.tar.gz (136384864/151150049). 
(KonanProperties) Downloading dependency: https://download.jetbrains.com/kotlin/native/resources/llvm/21-aarch64-macos/llvm-21-aarch64-macos-essentials-97.tar.gz (145536789/151150049). 
(KonanProperties) Downloading dependency: https://download.jetbrains.com/kotlin/native/resources/llvm/21-aarch64-macos/llvm-21-aarch64-macos-essentials-97.tar.gz (151150049/151150049). Done.
Extracting dependency: /Users/iv/Developer/ReluxWorks/curator/.temp/TASK-260728-168smo/kn/konan-data/dependencies/cache/llvm-21-aarch64-macos-essentials-97.tar.gz into /Users/iv/Developer/ReluxWorks/curator/.temp/TASK-260728-168smo/kn/konan-data/dependencies
Downloading dependency https://download.jetbrains.com/kotlin/native/libffi-3.3-1-macos-arm64.tar.gz to /Users/iv/Developer/ReluxWorks/curator/.temp/TASK-260728-168smo/kn/konan-data/dependencies/cache/libffi-3.3-1-macos-arm64.tar.gz

(KonanProperties) Downloading dependency: https://download.jetbrains.com/kotlin/native/libffi-3.3-1-macos-arm64.tar.gz (0/17037). 
(KonanProperties) Downloading dependency: https://download.jetbrains.com/kotlin/native/libffi-3.3-1-macos-arm64.tar.gz (17037/17037). Done.
Extracting dependency: /Users/iv/Developer/ReluxWorks/curator/.temp/TASK-260728-168smo/kn/konan-data/dependencies/cache/libffi-3.3-1-macos-arm64.tar.gz into /Users/iv/Developer/ReluxWorks/curator/.temp/TASK-260728-168smo/kn/konan-data/dependencies
