WARNING: A restricted method in java.lang.System has been called
WARNING: java.lang.System::load has been called by org.jetbrains.kotlin.org.fusesource.jansi.internal.JansiLoader in an unnamed module (file:/Users/iv/Developer/ReluxWorks/curator/.temp/TASK-260728-168smo/kn/dist/kotlin-native-prebuilt-macos-aarch64-2.4.10/konan/lib/kotlin-native-compiler-embeddable.jar)
WARNING: Use --enable-native-access=ALL-UNNAMED to avoid a warning for callers in this module
WARNING: Restricted methods will be blocked in a future release unless native access is enabled

error: compilation failed: Cannot run program "/bin/bash": Exec failed, error: 1 (Operation not permitted) 

 * Compiler version: 2.4.10
 * Output kind: PROGRAM

exception: java.io.IOException: Cannot run program "/bin/bash": Exec failed, error: 1 (Operation not permitted) 
	at java.base/java.lang.ProcessBuilder.start(ProcessBuilder.java:1112)
	at java.base/java.lang.ProcessBuilder.start(ProcessBuilder.java:1046)
	at org.jetbrains.kotlin.konan.exec.Command.getResult(ExecuteCommand.kt:110)
	at org.jetbrains.kotlin.konan.exec.Command.getOutputLines(ExecuteCommand.kt:87)
	at org.jetbrains.kotlin.konan.exec.Command.getOutputLines$default(ExecuteCommand.kt:86)
	at org.jetbrains.kotlin.konan.target.CurrentXcode.bash(Xcode.kt:144)
	at org.jetbrains.kotlin.konan.target.CurrentXcode.getBundleVersion$kotlin_native_utils(Xcode.kt:119)
	at org.jetbrains.kotlin.konan.target.CurrentXcode$version$2.invoke(Xcode.kt:124)
	at org.jetbrains.kotlin.konan.target.CurrentXcode$version$2.invoke(Xcode.kt:122)
	at kotlin.SynchronizedLazyImpl.getValue(LazyJVM.kt:86)
	at org.jetbrains.kotlin.konan.target.CurrentXcode.getVersion(Xcode.kt:122)
	at org.jetbrains.kotlin.konan.target.AppleConfigurablesImpl$xcodePartsProvider$2.invoke(Apple.kt:70)
	at org.jetbrains.kotlin.konan.target.AppleConfigurablesImpl$xcodePartsProvider$2.invoke(Apple.kt:62)
	at kotlin.SynchronizedLazyImpl.getValue(LazyJVM.kt:86)
	at org.jetbrains.kotlin.konan.target.AppleConfigurablesImpl.getXcodePartsProvider(Apple.kt:62)
	at org.jetbrains.kotlin.konan.target.AppleConfigurablesImpl.getAbsoluteTargetToolchain(Apple.kt:44)
	at org.jetbrains.kotlin.konan.target.ClangArgs.<init>(ClangArgs.kt:28)
	at org.jetbrains.kotlin.konan.target.ClangArgs.<init>(ClangArgs.kt)
	at org.jetbrains.kotlin.konan.target.ClangArgs$Native.<init>(ClangArgs.kt:262)
	at org.jetbrains.kotlin.konan.target.Platform$clang$2.invoke(Platform.kt:22)
	at org.jetbrains.kotlin.konan.target.Platform$clang$2.invoke(Platform.kt:21)
	at kotlin.SynchronizedLazyImpl.getValue(LazyJVM.kt:86)
	at org.jetbrains.kotlin.konan.target.Platform.getClang(Platform.kt:21)
	at org.jetbrains.kotlin.backend.konan.NativeSecondStageCompilationConfig.clang_delegate$lambda$0(NativeSecondStageCompilationConfig.kt:406)
	at kotlin.SynchronizedLazyImpl.getValue(LazyJVM.kt:86)
	at org.jetbrains.kotlin.backend.konan.NativeSecondStageCompilationConfig.getClang$org_jetbrains_kotlin_backend_native(NativeSecondStageCompilationConfig.kt:406)
	at org.jetbrains.kotlin.backend.konan.CompilerOutputKt.produceCStubs(CompilerOutput.kt:82)
	at org.jetbrains.kotlin.backend.konan.driver.phases.BitcodeKt.CStubsPhase$lambda$0(Bitcode.kt:144)
	at org.jetbrains.kotlin.backend.common.phaser.PhaseBuildersKt$createSimpleNamedCompilerPhase$3.phaseBody(PhaseBuilders.kt:101)
	at org.jetbrains.kotlin.backend.common.phaser.PhaseBuildersKt$createSimpleNamedCompilerPhase$3.phaseBody(PhaseBuilders.kt:90)
	at org.jetbrains.kotlin.config.phaser.NamedCompilerPhase.invoke(CompilerPhase.kt:102)
	at org.jetbrains.kotlin.backend.common.phaser.PhaseEngine.runPhase(PhaseEngine.kt:72)
	at org.jetbrains.kotlin.backend.konan.driver.phases.TopLevelPhasesKt.runAndMeasurePhase(TopLevelPhases.kt:497)
	at org.jetbrains.kotlin.backend.konan.driver.phases.TopLevelPhasesKt.runAndMeasurePhase(TopLevelPhases.kt:503)
	at org.jetbrains.kotlin.backend.konan.driver.phases.TopLevelPhasesKt.runAndMeasurePhase$default(TopLevelPhases.kt:501)
	at org.jetbrains.kotlin.backend.konan.driver.phases.TopLevelPhasesKt.runBackendCodegen(TopLevelPhases.kt:479)
	at org.jetbrains.kotlin.backend.konan.driver.phases.TopLevelPhasesKt.compileModule(TopLevelPhases.kt:380)
	at org.jetbrains.kotlin.backend.konan.driver.phases.TopLevelPhasesKt.runBackend$lambda$0$runAfterLowerings(TopLevelPhases.kt:205)
	at org.jetbrains.kotlin.backend.konan.driver.phases.TopLevelPhasesKt.runBackend(TopLevelPhases.kt:235)
	at org.jetbrains.kotlin.backend.konan.driver.NativeCompilerDriver.produceBinary(NativeCompilerDriver.kt:118)
	at org.jetbrains.kotlin.backend.konan.driver.NativeCompilerDriver.run$lambda$0$0$0(NativeCompilerDriver.kt:42)
	at org.jetbrains.kotlin.backend.konan.driver.MachineryKt$startTopLevel$topLevelPhase$1.phaseBody(Machinery.kt:47)
	at org.jetbrains.kotlin.backend.konan.driver.MachineryKt$startTopLevel$topLevelPhase$1.phaseBody(Machinery.kt:44)
	at org.jetbrains.kotlin.config.phaser.NamedCompilerPhase.invoke(CompilerPhase.kt:102)
	at org.jetbrains.kotlin.backend.konan.driver.MachineryKt.startTopLevel(Machinery.kt:54)
	at org.jetbrains.kotlin.backend.konan.driver.NativeCompilerDriver.run(NativeCompilerDriver.kt:39)
	at org.jetbrains.kotlin.backend.konan.KonanDriver.run(KonanDriver.kt:158)
	at org.jetbrains.kotlin.cli.bc.K2Native.runKonanDriver(K2Native.kt:246)
	at org.jetbrains.kotlin.cli.bc.K2Native.doExecute(K2Native.kt:128)
	at org.jetbrains.kotlin.cli.bc.K2Native.doExecute(K2Native.kt:43)
	at org.jetbrains.kotlin.cli.common.CLICompiler.execImpl(CLICompiler.kt:128)
	at org.jetbrains.kotlin.cli.common.CLICompiler.exec(CLICompiler.kt:366)
	at org.jetbrains.kotlin.cli.common.CLICompiler.exec(CLICompiler.kt:344)
	at org.jetbrains.kotlin.cli.common.CLICompiler.exec(CLICompiler.kt:306)
	at org.jetbrains.kotlin.cli.common.CLICompiler$Companion.doMainNoExit(CLICompiler.kt:445)
	at org.jetbrains.kotlin.cli.common.CLICompiler$Companion.doMainNoExit$default(CLICompiler.kt:440)
	at org.jetbrains.kotlin.cli.common.CLICompiler$Companion.doMain(CLICompiler.kt:432)
	at org.jetbrains.kotlin.cli.bc.K2Native$Companion.main$lambda$0(K2Native.kt:283)
	at org.jetbrains.kotlin.util.UtilKt.profileIf(Util.kt:22)
	at org.jetbrains.kotlin.util.UtilKt.profile(Util.kt:16)
	at org.jetbrains.kotlin.cli.bc.K2Native$Companion.main(K2Native.kt:282)
	at org.jetbrains.kotlin.cli.bc.K2NativeKt.main(K2Native.kt:315)
	at org.jetbrains.kotlin.cli.utilities.MainKt$main$1.invoke(main.kt:40)
	at org.jetbrains.kotlin.cli.utilities.MainKt$main$1.invoke(main.kt:40)
	at org.jetbrains.kotlin.cli.utilities.MainKt.mainImpl(main.kt:20)
	at org.jetbrains.kotlin.cli.utilities.MainKt.main(main.kt:40)
Caused by: java.io.IOException: Exec failed, error: 1 (Operation not permitted) 
	at java.base/java.lang.ProcessImpl.forkAndExec(Native Method)
	at java.base/java.lang.ProcessImpl.<init>(ProcessImpl.java:300)
	at java.base/java.lang.ProcessImpl.start(ProcessImpl.java:231)
	at java.base/java.lang.ProcessBuilder.start(ProcessBuilder.java:1078)
	... 65 more

