WARNING: A restricted method in java.lang.System has been called
WARNING: java.lang.System::load has been called by org.jetbrains.kotlin.org.fusesource.jansi.internal.JansiLoader in an unnamed module (file:/Users/iv/Developer/ReluxWorks/curator/.temp/TASK-260728-168smo/kn/dist/kotlin-native-prebuilt-macos-aarch64-2.4.10/konan/lib/kotlin-native-compiler-embeddable.jar)
WARNING: Use --enable-native-access=ALL-UNNAMED to avoid a warning for callers in this module
WARNING: Restricted methods will be blocked in a future release unless native access is enabled

error: compilation failed: Cannot run program "/Applications/Xcode_26_5.app/Contents/Developer/Toolchains/XcodeDefault.xctoolchain/usr/bin/ld": Exec failed, error: 1 (Operation not permitted) 

 * Compiler version: 2.4.10
 * Output kind: PROGRAM

exception: java.io.IOException: Cannot run program "/Applications/Xcode_26_5.app/Contents/Developer/Toolchains/XcodeDefault.xctoolchain/usr/bin/ld": Exec failed, error: 1 (Operation not permitted) 
	at java.base/java.lang.ProcessBuilder.start(ProcessBuilder.java:1112)
	at java.base/java.lang.ProcessBuilder.start(ProcessBuilder.java:1046)
	at org.jetbrains.kotlin.konan.exec.Command.runProcess(ExecuteCommand.kt:68)
	at org.jetbrains.kotlin.konan.exec.Command.execute(ExecuteCommand.kt:79)
	at org.jetbrains.kotlin.backend.konan.LinkerKt.runLinkerCommands(Linker.kt:164)
	at org.jetbrains.kotlin.backend.konan.driver.phases.LinkerKt.LinkerPhase$lambda$0(Linker.kt:41)
	at org.jetbrains.kotlin.backend.common.phaser.PhaseBuildersKt$createSimpleNamedCompilerPhase$3.phaseBody(PhaseBuilders.kt:101)
	at org.jetbrains.kotlin.backend.common.phaser.PhaseBuildersKt$createSimpleNamedCompilerPhase$3.phaseBody(PhaseBuilders.kt:90)
	at org.jetbrains.kotlin.config.phaser.NamedCompilerPhase.invoke(CompilerPhase.kt:102)
	at org.jetbrains.kotlin.backend.common.phaser.PhaseEngine.runPhase(PhaseEngine.kt:72)
	at org.jetbrains.kotlin.backend.konan.driver.phases.TopLevelPhasesKt.runAndMeasurePhase(TopLevelPhases.kt:497)
	at org.jetbrains.kotlin.backend.konan.driver.phases.TopLevelPhasesKt.runAndMeasurePhase$default(TopLevelPhases.kt:493)
	at org.jetbrains.kotlin.backend.konan.driver.phases.TopLevelPhasesKt.compileAndLink(TopLevelPhases.kt:431)
	at org.jetbrains.kotlin.backend.konan.driver.phases.TopLevelPhasesKt.runBackend$lambda$0$runAfterLowerings(TopLevelPhases.kt:213)
	at org.jetbrains.kotlin.backend.konan.driver.phases.TopLevelPhasesKt.runBackend(TopLevelPhases.kt:235)
	at org.jetbrains.kotlin.backend.konan.driver.NativeCompilerDriver.produceBinary(NativeCompilerDriver.kt:118)
	at org.jetbrains.kotlin.backend.konan.driver.NativeCompilerDriver.run$lambda$0$0$0(NativeCompilerDriver.kt:42)
	at org.jetbrains.kotlin.backend.konan.driver.MachineryKt$startTopLevel$topLevelPhase$1.phaseBody(Machinery.kt:47)
	at org.jetbrains.kotlin.backend.konan.driver.MachineryKt$startTopLevel$topLevelPhase$1.phaseBody(Machinery.kt:44)
	at org.jetbrains.kotlin.config.phaser.NamedCompilerPhase.invoke(CompilerPhase.kt:102)
	at org.jetbrains.kotlin.backend.konan.driver.MachineryKt.startTopLevel(Machinery.kt:54)
	at org.jetbrains.kotlin.backend.konan.driver.NativeCompilerDriver.run(NativeCompilerDriver.kt:39)
	at org.jetbrains.kotlin.backend.konan.KonanDriver.run(KonanDriver.kt:158)
	at org.jetbrains.kotlin.cli.bc.K2Native.runKonanDriver(K2Native.kt:246)
	at org.jetbrains.kotlin.cli.bc.K2Native.doExecute(K2Native.kt:128)
	at org.jetbrains.kotlin.cli.bc.K2Native.doExecute(K2Native.kt:43)
	at org.jetbrains.kotlin.cli.common.CLICompiler.execImpl(CLICompiler.kt:128)
	at org.jetbrains.kotlin.cli.common.CLICompiler.exec(CLICompiler.kt:366)
	at org.jetbrains.kotlin.cli.common.CLICompiler.exec(CLICompiler.kt:344)
	at org.jetbrains.kotlin.cli.common.CLICompiler.exec(CLICompiler.kt:306)
	at org.jetbrains.kotlin.cli.common.CLICompiler$Companion.doMainNoExit(CLICompiler.kt:445)
	at org.jetbrains.kotlin.cli.common.CLICompiler$Companion.doMainNoExit$default(CLICompiler.kt:440)
	at org.jetbrains.kotlin.cli.common.CLICompiler$Companion.doMain(CLICompiler.kt:432)
	at org.jetbrains.kotlin.cli.bc.K2Native$Companion.main$lambda$0(K2Native.kt:283)
	at org.jetbrains.kotlin.util.UtilKt.profileIf(Util.kt:22)
	at org.jetbrains.kotlin.util.UtilKt.profile(Util.kt:16)
	at org.jetbrains.kotlin.cli.bc.K2Native$Companion.main(K2Native.kt:282)
	at org.jetbrains.kotlin.cli.bc.K2NativeKt.main(K2Native.kt:315)
	at org.jetbrains.kotlin.cli.utilities.MainKt$main$1.invoke(main.kt:40)
	at org.jetbrains.kotlin.cli.utilities.MainKt$main$1.invoke(main.kt:40)
	at org.jetbrains.kotlin.cli.utilities.MainKt.mainImpl(main.kt:20)
	at org.jetbrains.kotlin.cli.utilities.MainKt.main(main.kt:40)
Caused by: java.io.IOException: Exec failed, error: 1 (Operation not permitted) 
	at java.base/java.lang.ProcessImpl.forkAndExec(Native Method)
	at java.base/java.lang.ProcessImpl.<init>(ProcessImpl.java:300)
	at java.base/java.lang.ProcessImpl.start(ProcessImpl.java:231)
	at java.base/java.lang.ProcessBuilder.start(ProcessBuilder.java:1078)
	... 41 more

