WARNING: A restricted method in java.lang.System has been called
WARNING: java.lang.System::load has been called by org.jetbrains.kotlin.org.fusesource.jansi.internal.JansiLoader in an unnamed module (file:/Users/iv/Developer/ReluxWorks/curator/.temp/TASK-260728-168smo/kn/dist/kotlin-native-prebuilt-macos-aarch64-2.4.10/konan/lib/kotlin-native-compiler-embeddable.jar)
WARNING: Use --enable-native-access=ALL-UNNAMED to avoid a warning for callers in this module
WARNING: Restricted methods will be blocked in a future release unless native access is enabled

error: compilation failed: Back-end: Please report this problem https://kotl.in/issue
kotlin-native/Interop/Runtime/src/main/kotlin/kotlinx/cinterop/Types.kt:-1:-1
Details: Internal error in file lowering: java.io.FileNotFoundException: /Users/iv/Developer/ReluxWorks/curator/.temp/TASK-260728-168smo/kn/konan-data/dependencies/cache/.lock (Permission denied)

 * Compiler version: 2.4.10
 * Output kind: PROGRAM

exception: org.jetbrains.kotlin.backend.common.CompilationException: Back-end: Please report this problem https://kotl.in/issue
kotlin-native/Interop/Runtime/src/main/kotlin/kotlinx/cinterop/Types.kt:-1:-1
Details: Internal error in file lowering: java.io.FileNotFoundException: /Users/iv/Developer/ReluxWorks/curator/.temp/TASK-260728-168smo/kn/konan-data/dependencies/cache/.lock (Permission denied)
	at java.base/java.io.RandomAccessFile.open0(Native Method)
	at java.base/java.io.RandomAccessFile.open(RandomAccessFile.java:338)
	at java.base/java.io.RandomAccessFile.<init>(RandomAccessFile.java:257)
	at java.base/java.io.RandomAccessFile.<init>(RandomAccessFile.java:211)
	at org.jetbrains.kotlin.konan.util.DependencyProcessor.run(DependencyProcessor.kt:300)
	at org.jetbrains.kotlin.konan.util.DependencyProcessor.run$default(DependencyProcessor.kt:283)
	at org.jetbrains.kotlin.konan.properties.KonanPropertiesLoader.downloadDependencies(KonanProperties.kt:74)
	at org.jetbrains.kotlin.konan.target.Platform.downloadDependencies(Platform.kt)
	at org.jetbrains.kotlin.backend.konan.NativeSecondStageCompilationConfig.platform_delegate$lambda$0(NativeSecondStageCompilationConfig.kt:401)
	at kotlin.SynchronizedLazyImpl.getValue(LazyJVM.kt:86)
	at org.jetbrains.kotlin.backend.konan.NativeSecondStageCompilationConfig.getPlatform(NativeSecondStageCompilationConfig.kt:398)
	at org.jetbrains.kotlin.backend.konan.llvm.LlvmAttributesKt.addTargetCpuAndFeaturesAttributes(LlvmAttributes.kt:29)
	at org.jetbrains.kotlin.backend.konan.llvm.LlvmFunctionProto.createLlvmFunction(LlvmFunctionPrototype.kt:204)
	at org.jetbrains.kotlin.backend.konan.llvm.CodegenLlvmHelpers.externalFunction$org_jetbrains_kotlin_backend_native(ContextUtils.kt:385)
	at org.jetbrains.kotlin.backend.konan.llvm.CodegenLlvmHelpers.externalNativeRuntimeFunction$org_jetbrains_kotlin_backend_native(ContextUtils.kt:395)
	at org.jetbrains.kotlin.backend.konan.llvm.CodegenLlvmHelpers.externalNativeRuntimeFunction$org_jetbrains_kotlin_backend_native$default(ContextUtils.kt:389)
	at org.jetbrains.kotlin.backend.konan.llvm.CodegenLlvmHelpers.<init>(ContextUtils.kt:609)
	at org.jetbrains.kotlin.backend.konan.NativeGenerationState.llvmDelegate$lambda$0(NativeGenerationState.kt:82)
	at kotlin.SynchronizedLazyImpl.getValue(LazyJVM.kt:86)
	at org.jetbrains.kotlin.backend.konan.NativeGenerationState.getLlvm(NativeGenerationState.kt:90)
	at org.jetbrains.kotlin.backend.konan.lower.ObjectClassLowering.hasConstStateAndNoSideEffects(ObjectClassLowering.kt:168)
	at org.jetbrains.kotlin.backend.konan.lower.ObjectClassLowering.processObjectClass(ObjectClassLowering.kt:126)
	at org.jetbrains.kotlin.backend.konan.lower.ObjectClassLowering$lower$1.visitClass(ObjectClassLowering.kt:81)
	at org.jetbrains.kotlin.backend.konan.lower.ObjectClassLowering$lower$1.visitClass(ObjectClassLowering.kt:71)
	at org.jetbrains.kotlin.ir.visitors.IrElementTransformerVoid.visitClass(IrElementTransformerVoid.kt:57)
	at org.jetbrains.kotlin.ir.visitors.IrElementTransformerVoid.visitClass(IrElementTransformerVoid.kt:19)
	at org.jetbrains.kotlin.ir.declarations.IrClass.accept(IrClass.kt:72)
	at org.jetbrains.kotlin.ir.IrElementBase.transform(IrElementBase.kt:33)
	at org.jetbrains.kotlin.ir.util.TransformKt.transformInPlace(transform.kt:35)
	at org.jetbrains.kotlin.ir.declarations.IrPackageFragment.transformChildren(IrPackageFragment.kt:31)
	at org.jetbrains.kotlin.ir.visitors.IrElementTransformerVoid.visitPackageFragment(IrElementTransformerVoid.kt:146)
	at org.jetbrains.kotlin.ir.visitors.IrElementTransformerVoid.visitFile(IrElementTransformerVoid.kt:160)
	at org.jetbrains.kotlin.ir.visitors.IrElementTransformerVoid.visitFile(IrElementTransformerVoid.kt:163)
	at org.jetbrains.kotlin.ir.visitors.IrElementTransformerVoid.visitFile(IrElementTransformerVoid.kt:19)
	at org.jetbrains.kotlin.ir.declarations.IrFile.accept(IrFile.kt:27)
	at org.jetbrains.kotlin.ir.declarations.IrFile.transform(IrFile.kt:30)
	at org.jetbrains.kotlin.backend.konan.lower.ObjectClassLowering.lower(ObjectClassLowering.kt:71)
	at org.jetbrains.kotlin.backend.konan.driver.phases.NativeLoweringPhasesKt.createFileLoweringPhase$lambda$0(NativeLoweringPhases.kt:688)
	at org.jetbrains.kotlin.backend.konan.driver.phases.NativeLoweringPhasesKt.createFileLoweringPhaseImpl$lambda$1(NativeLoweringPhases.kt:725)
	at org.jetbrains.kotlin.backend.common.phaser.PhaseBuildersKt$createSimpleNamedCompilerPhase$1.phaseBody(PhaseBuilders.kt:81)
	at org.jetbrains.kotlin.config.phaser.NamedCompilerPhase.invoke(CompilerPhase.kt:102)
	at org.jetbrains.kotlin.backend.common.phaser.PhaseEngine.runPhase(PhaseEngine.kt:72)
	at org.jetbrains.kotlin.backend.common.phaser.PhaseEngine.runPhase$default(PhaseEngine.kt:64)
	at org.jetbrains.kotlin.backend.konan.driver.phases.NativeLoweringPhasesKt.runLowerings(NativeLoweringPhases.kt:58)
	at org.jetbrains.kotlin.backend.konan.driver.phases.TopLevelPhasesKt.partiallyLowerModuleWithDependencies(TopLevelPhases.kt:447)
	at org.jetbrains.kotlin.backend.konan.driver.phases.TopLevelPhasesKt.runBackend$lambda$0$runSpecifiedLowerings$2(TopLevelPhases.kt:122)
	at org.jetbrains.kotlin.backend.konan.driver.phases.TopLevelPhasesKt.runBackend$lambda$0$runEngineForLowerings(TopLevelPhases.kt:111)
	at org.jetbrains.kotlin.backend.konan.driver.phases.TopLevelPhasesKt.runBackend$lambda$0$runSpecifiedLowerings(TopLevelPhases.kt:120)
	at org.jetbrains.kotlin.backend.konan.driver.phases.TopLevelPhasesKt.runBackend$lambda$0$runAllLowerings(TopLevelPhases.kt:173)
	at org.jetbrains.kotlin.backend.konan.driver.phases.TopLevelPhasesKt.runBackend(TopLevelPhases.kt:229)
	at org.jetbrains.kotlin.backend.konan.driver.NativeCompilerDriver.produceBinary(NativeCompilerDriver.kt:118)
	at org.jetbrains.kotlin.backend.konan.driver.NativeCompilerDriver.run$lambda$0$0$0(NativeCompilerDriver.kt:42)
	at org.jetbrains.kotlin.backend.konan.driver.MachineryKt$startTopLevel$topLevelPhase$1.phaseBody(Machinery.kt:47)
	at org.jetbrains.kotlin.backend.konan.driver.MachineryKt$startTopLevel$topLevelPhase$1.phaseBody(Machinery.kt:44)
	at org.jetbrains.kotlin.config.phaser.NamedCompilerPhase.invoke(CompilerPhase.kt:102)
	at org.jetbrains.kotlin.backend.konan.driver.MachineryKt.startTopLevel(Machinery.kt:54)
	at org.jetbrains.kotlin.backend.konan.driver.NativeCompilerDriver.run(NativeCompilerDriver.kt:39)
	at org.jetbrains.kotlin.backend.konan.KonanDriver.run(KonanDriver.kt:158)
	at org.jetbrains.kotlin.cli.bc.K2Native.runKonanDriver(K2Native.kt:246)
	at org.jetbrains.kotlin.cli.bc.K2Native.doExecute(K2Native.kt:128)
	at org.jetbrains.kotlin.cli.bc.K2Native.doExecute(K2Native.kt:43)
	at org.jetbrains.kotlin.cli.common.CLICompiler.execImpl(CLICompiler.kt:128)
	at org.jetbrains.kotlin.cli.common.CLICompiler.exec(CLICompiler.kt:366)
	at org.jetbrains.kotlin.cli.common.CLICompiler.exec(CLICompiler.kt:344)
	at org.jetbrains.kotlin.cli.common.CLICompiler.exec(CLICompiler.kt:306)
	at org.jetbrains.kotlin.cli.common.CLICompiler$Companion.doMainNoExit(CLICompiler.kt:445)
	at org.jetbrains.kotlin.cli.common.CLICompiler$Companion.doMainNoExit$default(CLICompiler.kt:440)
	at org.jetbrains.kotlin.cli.common.CLICompiler$Companion.doMain(CLICompiler.kt:432)
	at org.jetbrains.kotlin.cli.bc.K2Native$Companion.main$lambda$0(K2Native.kt:283)
	at org.jetbrains.kotlin.util.UtilKt.profileIf(Util.kt:22)
	at org.jetbrains.kotlin.util.UtilKt.profile(Util.kt:16)
	at org.jetbrains.kotlin.cli.bc.K2Native$Companion.main(K2Native.kt:282)
	at org.jetbrains.kotlin.cli.bc.K2NativeKt.main(K2Native.kt:315)
	at org.jetbrains.kotlin.cli.utilities.MainKt$main$1.invoke(main.kt:40)
	at org.jetbrains.kotlin.cli.utilities.MainKt$main$1.invoke(main.kt:40)
	at org.jetbrains.kotlin.cli.utilities.MainKt.mainImpl(main.kt:20)
	at org.jetbrains.kotlin.cli.utilities.MainKt.main(main.kt:40)
Caused by: java.io.FileNotFoundException: /Users/iv/Developer/ReluxWorks/curator/.temp/TASK-260728-168smo/kn/konan-data/dependencies/cache/.lock (Permission denied)
	... 77 more

