# crypto/internal/fips140/sha256
/Users/iv/.goenv/versions/1.25.5/src/crypto/internal/fips140/sha256/cast.go:9:2: could not import crypto/internal/fips140 (open /Users/iv/Library/Caches/go-build/4d/4df8406c732ec1bdd77a63138362f02f5c8ad783bebc492b632f92f756ddb039-d: no such file or directory)
# crypto/internal/fips140/sha512
/Users/iv/.goenv/versions/1.25.5/src/crypto/internal/fips140/sha512/cast.go:9:2: could not import crypto/internal/fips140 (open /Users/iv/Library/Caches/go-build/4d/4df8406c732ec1bdd77a63138362f02f5c8ad783bebc492b632f92f756ddb039-d: no such file or directory)
# crypto/internal/fips140/sha3
/Users/iv/.goenv/versions/1.25.5/src/crypto/internal/fips140/sha3/cast.go:9:2: could not import crypto/internal/fips140 (open /Users/iv/Library/Caches/go-build/4d/4df8406c732ec1bdd77a63138362f02f5c8ad783bebc492b632f92f756ddb039-d: no such file or directory)
# net
/Users/iv/.goenv/versions/1.25.5/src/net/dnsclient.go:10:2: could not import internal/itoa (open /Users/iv/Library/Caches/go-build/46/4630513081e6d8c00f6faf1b9617871438a7249a173ee4456253fbb592a1bded-d: no such file or directory)
# runtime
vet: /Users/iv/.goenv/versions/1.25.5/src/runtime/covercounter.go:8:2: could not import internal/coverage/rtcov (open /Users/iv/Library/Caches/go-build/4a/4afc3d9f65646c6decc75b5b5e9a771d60b14e9f4c08b4be0e13388cf33b96d4-d: no such file or directory)
# syscall
vet: /Users/iv/.goenv/versions/1.25.5/src/syscall/syscall_unix.go:13:2: could not import internal/itoa (open /Users/iv/Library/Caches/go-build/46/4630513081e6d8c00f6faf1b9617871438a7249a173ee4456253fbb592a1bded-d: no such file or directory)
# reflect
vet: /Users/iv/.goenv/versions/1.25.5/src/reflect/value.go:11:2: could not import internal/itoa (open /Users/iv/Library/Caches/go-build/46/4630513081e6d8c00f6faf1b9617871438a7249a173ee4456253fbb592a1bded-d: no such file or directory)
# internal/poll
vet: /Users/iv/.goenv/versions/1.25.5/src/internal/poll/fd_unix.go:10:2: could not import internal/itoa (open /Users/iv/Library/Caches/go-build/46/4630513081e6d8c00f6faf1b9617871438a7249a173ee4456253fbb592a1bded-d: no such file or directory)
# os
vet: /Users/iv/.goenv/versions/1.25.5/src/os/exec_posix.go:10:2: could not import internal/itoa (open /Users/iv/Library/Caches/go-build/46/4630513081e6d8c00f6faf1b9617871438a7249a173ee4456253fbb592a1bded-d: no such file or directory)
# vendor/golang.org/x/text/unicode/bidi
vet: /Users/iv/.goenv/versions/1.25.5/src/vendor/golang.org/x/text/unicode/bidi/bracket.go:8:2: could not import container/list (open /Users/iv/Library/Caches/go-build/47/4728e9435e01459ac076dfed5b73a1f079c589a8dcdcfb5d8addb446d0579baf-d: no such file or directory)
FAIL	github.com/relux-works/curator/cmd/curator [build failed]
FAIL
