2026-07-29T01:41:37.714+0400 [DEBUG] [org.gradle.launcher.daemon.bootstrap.DaemonMain] Assuming the daemon was started with following jvm opts: [-XX:MaxMetaspaceSize=384m, -XX:+HeapDumpOnOutOfMemoryError, -Xms256m, -Xmx512m, -Dfile.encoding=UTF-8, -Duser.country=US, -Duser.language=en, -Duser.variant]
2026-07-29T01:41:37.774+0400 [DEBUG] [org.gradle.internal.remote.internal.inet.InetAddresses] Adding IP addresses for network interface utun13
2026-07-29T01:41:37.776+0400 [DEBUG] [org.gradle.internal.remote.internal.inet.InetAddresses] Is this a loopback interface? false
2026-07-29T01:41:37.776+0400 [DEBUG] [org.gradle.internal.remote.internal.inet.InetAddresses] Adding remote address /fe80:0:0:0:4c76:ae81:9a91:b6aa%utun13
2026-07-29T01:41:37.776+0400 [DEBUG] [org.gradle.internal.remote.internal.inet.InetAddresses] Adding IP addresses for network interface utun12
2026-07-29T01:41:37.777+0400 [DEBUG] [org.gradle.internal.remote.internal.inet.InetAddresses] Is this a loopback interface? false
2026-07-29T01:41:37.777+0400 [DEBUG] [org.gradle.internal.remote.internal.inet.InetAddresses] Adding remote address /fe80:0:0:0:5457:a146:3d45:8207%utun12
2026-07-29T01:41:37.781+0400 [DEBUG] [org.gradle.internal.remote.internal.inet.InetAddresses] Adding IP addresses for network interface utun9
2026-07-29T01:41:37.781+0400 [DEBUG] [org.gradle.internal.remote.internal.inet.InetAddresses] Is this a loopback interface? false
2026-07-29T01:41:37.781+0400 [DEBUG] [org.gradle.internal.remote.internal.inet.InetAddresses] Adding remote address /fe80:0:0:0:db5b:8b78:b1d5:f74%utun9
2026-07-29T01:41:37.781+0400 [DEBUG] [org.gradle.internal.remote.internal.inet.InetAddresses] Adding IP addresses for network interface utun8
2026-07-29T01:41:37.781+0400 [DEBUG] [org.gradle.internal.remote.internal.inet.InetAddresses] Is this a loopback interface? false
2026-07-29T01:41:37.781+0400 [DEBUG] [org.gradle.internal.remote.internal.inet.InetAddresses] Adding remote address /fe80:0:0:0:c20a:1a44:8fcf:2532%utun8
2026-07-29T01:41:37.782+0400 [DEBUG] [org.gradle.internal.remote.internal.inet.InetAddresses] Adding IP addresses for network interface utun7
2026-07-29T01:41:37.782+0400 [DEBUG] [org.gradle.internal.remote.internal.inet.InetAddresses] Is this a loopback interface? false
2026-07-29T01:41:37.782+0400 [DEBUG] [org.gradle.internal.remote.internal.inet.InetAddresses] Adding remote address /fe80:0:0:0:e0fd:329c:a43c:f398%utun7
2026-07-29T01:41:37.782+0400 [DEBUG] [org.gradle.internal.remote.internal.inet.InetAddresses] Adding IP addresses for network interface utun6
2026-07-29T01:41:37.782+0400 [DEBUG] [org.gradle.internal.remote.internal.inet.InetAddresses] Is this a loopback interface? false
2026-07-29T01:41:37.782+0400 [DEBUG] [org.gradle.internal.remote.internal.inet.InetAddresses] Adding remote address /fe80:0:0:0:33a5:627d:56fb:2892%utun6
2026-07-29T01:41:37.783+0400 [DEBUG] [org.gradle.internal.remote.internal.inet.InetAddresses] Adding IP addresses for network interface utun5
2026-07-29T01:41:37.783+0400 [DEBUG] [org.gradle.internal.remote.internal.inet.InetAddresses] Is this a loopback interface? false
2026-07-29T01:41:37.783+0400 [DEBUG] [org.gradle.internal.remote.internal.inet.InetAddresses] Adding remote address /fe80:0:0:0:ed0d:753e:8b40:2073%utun5
2026-07-29T01:41:37.783+0400 [DEBUG] [org.gradle.internal.remote.internal.inet.InetAddresses] Adding IP addresses for network interface llw0
2026-07-29T01:41:37.783+0400 [DEBUG] [org.gradle.internal.remote.internal.inet.InetAddresses] Is this a loopback interface? false
2026-07-29T01:41:37.783+0400 [DEBUG] [org.gradle.internal.remote.internal.inet.InetAddresses] Adding remote address /fe80:0:0:0:a8d6:30ff:fede:544e%llw0
2026-07-29T01:41:37.783+0400 [DEBUG] [org.gradle.internal.remote.internal.inet.InetAddresses] Adding IP addresses for network interface awdl0
2026-07-29T01:41:37.783+0400 [DEBUG] [org.gradle.internal.remote.internal.inet.InetAddresses] Is this a loopback interface? false
2026-07-29T01:41:37.783+0400 [DEBUG] [org.gradle.internal.remote.internal.inet.InetAddresses] Adding remote address /fe80:0:0:0:a8d6:30ff:fede:544e%awdl0
2026-07-29T01:41:37.783+0400 [DEBUG] [org.gradle.internal.remote.internal.inet.InetAddresses] Adding IP addresses for network interface utun3
2026-07-29T01:41:37.784+0400 [DEBUG] [org.gradle.internal.remote.internal.inet.InetAddresses] Is this a loopback interface? false
2026-07-29T01:41:37.784+0400 [DEBUG] [org.gradle.internal.remote.internal.inet.InetAddresses] Adding remote address /fe80:0:0:0:ce81:b1c:bd2c:69e%utun3
2026-07-29T01:41:37.784+0400 [DEBUG] [org.gradle.internal.remote.internal.inet.InetAddresses] Adding IP addresses for network interface utun2
2026-07-29T01:41:37.784+0400 [DEBUG] [org.gradle.internal.remote.internal.inet.InetAddresses] Is this a loopback interface? false
2026-07-29T01:41:37.784+0400 [DEBUG] [org.gradle.internal.remote.internal.inet.InetAddresses] Adding remote address /fe80:0:0:0:5fe7:4737:b3ea:2a15%utun2
2026-07-29T01:41:37.784+0400 [DEBUG] [org.gradle.internal.remote.internal.inet.InetAddresses] Adding IP addresses for network interface utun1
2026-07-29T01:41:37.784+0400 [DEBUG] [org.gradle.internal.remote.internal.inet.InetAddresses] Is this a loopback interface? false
2026-07-29T01:41:37.784+0400 [DEBUG] [org.gradle.internal.remote.internal.inet.InetAddresses] Adding remote address /fe80:0:0:0:ace:4642:327:571c%utun1
2026-07-29T01:41:37.784+0400 [DEBUG] [org.gradle.internal.remote.internal.inet.InetAddresses] Adding IP addresses for network interface utun0
2026-07-29T01:41:37.785+0400 [DEBUG] [org.gradle.internal.remote.internal.inet.InetAddresses] Is this a loopback interface? false
2026-07-29T01:41:37.785+0400 [DEBUG] [org.gradle.internal.remote.internal.inet.InetAddresses] Adding remote address /fe80:0:0:0:db7a:5066:5878:de5d%utun0
2026-07-29T01:41:37.785+0400 [DEBUG] [org.gradle.internal.remote.internal.inet.InetAddresses] Adding IP addresses for network interface utun11
2026-07-29T01:41:37.785+0400 [DEBUG] [org.gradle.internal.remote.internal.inet.InetAddresses] Is this a loopback interface? false
2026-07-29T01:41:37.785+0400 [DEBUG] [org.gradle.internal.remote.internal.inet.InetAddresses] Adding remote address /192.168.151.156
2026-07-29T01:41:37.785+0400 [DEBUG] [org.gradle.internal.remote.internal.inet.InetAddresses] Adding IP addresses for network interface utun4
2026-07-29T01:41:37.785+0400 [DEBUG] [org.gradle.internal.remote.internal.inet.InetAddresses] Is this a loopback interface? false
2026-07-29T01:41:37.785+0400 [DEBUG] [org.gradle.internal.remote.internal.inet.InetAddresses] Adding remote address /fd7a:115c:a1e0:0:0:0:2d01:aba3%utun4
2026-07-29T01:41:37.785+0400 [DEBUG] [org.gradle.internal.remote.internal.inet.InetAddresses] Adding remote address /fe80:0:0:0:623e:5fff:fe42:fa51%utun4
2026-07-29T01:41:37.785+0400 [DEBUG] [org.gradle.internal.remote.internal.inet.InetAddresses] Adding remote address /100.73.171.121
2026-07-29T01:41:37.785+0400 [DEBUG] [org.gradle.internal.remote.internal.inet.InetAddresses] Adding IP addresses for network interface en0
2026-07-29T01:41:37.786+0400 [DEBUG] [org.gradle.internal.remote.internal.inet.InetAddresses] Is this a loopback interface? false
2026-07-29T01:41:37.786+0400 [DEBUG] [org.gradle.internal.remote.internal.inet.InetAddresses] Adding remote address /192.168.1.42
2026-07-29T01:41:37.786+0400 [DEBUG] [org.gradle.internal.remote.internal.inet.InetAddresses] Adding IP addresses for network interface lo0
2026-07-29T01:41:37.786+0400 [DEBUG] [org.gradle.internal.remote.internal.inet.InetAddresses] Is this a loopback interface? true
2026-07-29T01:41:37.786+0400 [DEBUG] [org.gradle.internal.remote.internal.inet.InetAddresses] Ignoring remote address on loopback interface /fe80:0:0:0:0:0:0:1%lo0
2026-07-29T01:41:37.786+0400 [DEBUG] [org.gradle.internal.remote.internal.inet.InetAddresses] Adding loopback address /0:0:0:0:0:0:0:1%lo0
2026-07-29T01:41:37.786+0400 [DEBUG] [org.gradle.internal.remote.internal.inet.InetAddresses] Adding loopback address /127.0.0.1
2026-07-29T01:41:37.806+0400 [INFO] [org.gradle.launcher.daemon.server.Daemon] start() called on daemon - DefaultDaemonContext[uid=c2e4d7f2-77e3-483a-8eaf-db889766eecb,javaHome=/opt/homebrew/Cellar/openjdk/26.0.1/libexec/openjdk.jdk/Contents/Home,javaVersion=26,javaVendor=Homebrew,daemonRegistryDir=/Users/iv/Developer/ReluxWorks/curator/.temp/TASK-260729-rhjxtx/run2-macos/work/gradle-home/daemon,pid=84606,idleTimeout=120000,priority=NORMAL,applyInstrumentationAgent=true,nativeServicesMode=ENABLED,daemonOpts=-XX:MaxMetaspaceSize=384m,-XX:+HeapDumpOnOutOfMemoryError,-Xms256m,-Xmx512m,-Dfile.encoding=UTF-8,-Duser.country=US,-Duser.language=en,-Duser.variant]
2026-07-29T01:41:37.814+0400 [DEBUG] [org.gradle.internal.remote.internal.inet.TcpIncomingConnector] Listening on [3c2e5b4f-b6d0-419f-8774-e809ae548cfa port:61004, addresses:[localhost/127.0.0.1]].
2026-07-29T01:41:37.824+0400 [DEBUG] [org.gradle.launcher.daemon.server.Daemon] Daemon starting at: Wed Jul 29 01:41:37 GMT+04:00 2026, with address: [3c2e5b4f-b6d0-419f-8774-e809ae548cfa port:61004, addresses:[localhost/127.0.0.1]]
2026-07-29T01:41:37.824+0400 [INFO] [org.gradle.launcher.daemon.server.DaemonRegistryUpdater] Advertising the daemon address to the clients: [3c2e5b4f-b6d0-419f-8774-e809ae548cfa port:61004, addresses:[localhost/127.0.0.1]]
2026-07-29T01:41:37.824+0400 [DEBUG] [org.gradle.launcher.daemon.server.DaemonRegistryUpdater] Advertised daemon context: DefaultDaemonContext[uid=c2e4d7f2-77e3-483a-8eaf-db889766eecb,javaHome=/opt/homebrew/Cellar/openjdk/26.0.1/libexec/openjdk.jdk/Contents/Home,javaVersion=26,javaVendor=Homebrew,daemonRegistryDir=/Users/iv/Developer/ReluxWorks/curator/.temp/TASK-260729-rhjxtx/run2-macos/work/gradle-home/daemon,pid=84606,idleTimeout=120000,priority=NORMAL,applyInstrumentationAgent=true,nativeServicesMode=ENABLED,daemonOpts=-XX:MaxMetaspaceSize=384m,-XX:+HeapDumpOnOutOfMemoryError,-Xms256m,-Xmx512m,-Dfile.encoding=UTF-8,-Duser.country=US,-Duser.language=en,-Duser.variant]
2026-07-29T01:41:37.824+0400 [DEBUG] [org.gradle.launcher.daemon.registry.PersistentDaemonRegistry] Storing daemon address: [3c2e5b4f-b6d0-419f-8774-e809ae548cfa port:61004, addresses:[localhost/127.0.0.1]], context: DefaultDaemonContext[uid=c2e4d7f2-77e3-483a-8eaf-db889766eecb,javaHome=/opt/homebrew/Cellar/openjdk/26.0.1/libexec/openjdk.jdk/Contents/Home,javaVersion=26,javaVendor=Homebrew,daemonRegistryDir=/Users/iv/Developer/ReluxWorks/curator/.temp/TASK-260729-rhjxtx/run2-macos/work/gradle-home/daemon,pid=84606,idleTimeout=120000,priority=NORMAL,applyInstrumentationAgent=true,nativeServicesMode=ENABLED,daemonOpts=-XX:MaxMetaspaceSize=384m,-XX:+HeapDumpOnOutOfMemoryError,-Xms256m,-Xmx512m,-Dfile.encoding=UTF-8,-Duser.country=US,-Duser.language=en,-Duser.variant]
2026-07-29T01:41:37.827+0400 [DEBUG] [org.gradle.cache.internal.DefaultFileLockManager] Waiting to acquire exclusive lock on daemon addresses registry.
2026-07-29T01:41:37.829+0400 [DEBUG] [org.gradle.cache.internal.DefaultFileLockManager] Lock acquired on daemon addresses registry.
2026-07-29T01:41:37.829+0400 [DEBUG] [org.gradle.cache.internal.DefaultFileLockManager] Releasing lock on daemon addresses registry.
2026-07-29T01:41:37.830+0400 [DEBUG] [org.gradle.cache.internal.DefaultFileLockManager] Waiting to acquire exclusive lock on daemon addresses registry.
2026-07-29T01:41:37.830+0400 [DEBUG] [org.gradle.cache.internal.DefaultFileLockManager] Lock acquired on daemon addresses registry.
2026-07-29T01:41:37.831+0400 [DEBUG] [org.gradle.cache.internal.DefaultFileLockManager] Releasing lock on daemon addresses registry.
2026-07-29T01:41:37.831+0400 [LIFECYCLE] [org.gradle.launcher.daemon.server.Daemon] Daemon server started.
2026-07-29T01:41:37.832+0400 [DEBUG] [org.gradle.launcher.daemon.bootstrap.DaemonStartupCommunication] Completed writing the daemon greeting. Closing streams...
2026-07-29T01:41:37.836+0400 [DEBUG] [org.gradle.launcher.daemon.server.Daemon] stopOnExpiration() called on daemon
2026-07-29T01:41:37.836+0400 [DEBUG] [org.gradle.launcher.daemon.server.Daemon] awaitExpiration() called on daemon
2026-07-29T01:41:37.837+0400 [DEBUG] [org.gradle.launcher.daemon.server.DaemonStateCoordinator] daemon is running. Sleeping until state changes.
2026-07-29T01:41:37.840+0400 [DEBUG] [org.gradle.internal.remote.internal.inet.TcpIncomingConnector] Accepted connection from /127.0.0.1:61005 to /127.0.0.1:61004.
2026-07-29T01:41:37.850+0400 [DEBUG] [org.gradle.launcher.daemon.server.SynchronizedDispatchConnection] thread 48: received class org.gradle.launcher.daemon.protocol.Build
2026-07-29T01:41:37.850+0400 [DEBUG] [org.gradle.launcher.daemon.server.DefaultDaemonConnection] thread 48: Received non-IO message from client: Build{id=cfec382a-42b9-4965-b4a2-bc75ad90a992, currentDir=/Users/iv/Developer/ReluxWorks/curator/.temp/TASK-260729-rhjxtx/run2-macos/work/kt/gradle}
2026-07-29T01:41:37.850+0400 [INFO] [org.gradle.launcher.daemon.server.DefaultIncomingConnectionHandler] Received command: Build{id=cfec382a-42b9-4965-b4a2-bc75ad90a992, currentDir=/Users/iv/Developer/ReluxWorks/curator/.temp/TASK-260729-rhjxtx/run2-macos/work/kt/gradle}.
2026-07-29T01:41:37.850+0400 [DEBUG] [org.gradle.launcher.daemon.server.DefaultIncomingConnectionHandler] Starting executing command: Build{id=cfec382a-42b9-4965-b4a2-bc75ad90a992, currentDir=/Users/iv/Developer/ReluxWorks/curator/.temp/TASK-260729-rhjxtx/run2-macos/work/kt/gradle} with connection: socket connection from /127.0.0.1:61004 to /127.0.0.1:61005.
2026-07-29T01:41:37.851+0400 [DEBUG] [org.gradle.launcher.daemon.server.DaemonStateCoordinator] Command execution: started DaemonCommandExecution[command = Build{id=cfec382a-42b9-4965-b4a2-bc75ad90a992, currentDir=/Users/iv/Developer/ReluxWorks/curator/.temp/TASK-260729-rhjxtx/run2-macos/work/kt/gradle}, connection = DefaultDaemonConnection: socket connection from /127.0.0.1:61004 to /127.0.0.1:61005] after 6.333333333333333E-4 minutes of idle
2026-07-29T01:41:37.852+0400 [INFO] [org.gradle.launcher.daemon.server.DaemonRegistryUpdater] Marking the daemon as busy, address: [3c2e5b4f-b6d0-419f-8774-e809ae548cfa port:61004, addresses:[localhost/127.0.0.1]]
2026-07-29T01:41:37.852+0400 [DEBUG] [org.gradle.launcher.daemon.registry.PersistentDaemonRegistry] Marking busy by address: [3c2e5b4f-b6d0-419f-8774-e809ae548cfa port:61004, addresses:[localhost/127.0.0.1]]
2026-07-29T01:41:37.852+0400 [DEBUG] [org.gradle.cache.internal.DefaultFileLockManager] Waiting to acquire exclusive lock on daemon addresses registry.
2026-07-29T01:41:37.852+0400 [DEBUG] [org.gradle.cache.internal.DefaultFileLockManager] Lock acquired on daemon addresses registry.
2026-07-29T01:41:37.853+0400 [DEBUG] [org.gradle.cache.internal.DefaultFileLockManager] Releasing lock on daemon addresses registry.
2026-07-29T01:41:37.853+0400 [DEBUG] [org.gradle.launcher.daemon.server.DaemonStateCoordinator] resetting idle timer
2026-07-29T01:41:37.853+0400 [DEBUG] [org.gradle.launcher.daemon.server.DaemonStateCoordinator] daemon is running. Sleeping until state changes.
2026-07-29T01:41:37.853+0400 [INFO] [org.gradle.launcher.daemon.server.exec.StartBuildOrRespondWithBusy] Daemon is about to start building Build{id=cfec382a-42b9-4965-b4a2-bc75ad90a992, currentDir=/Users/iv/Developer/ReluxWorks/curator/.temp/TASK-260729-rhjxtx/run2-macos/work/kt/gradle}. Dispatching build started information...
2026-07-29T01:41:37.853+0400 [DEBUG] [org.gradle.launcher.daemon.server.SynchronizedDispatchConnection] thread 50: dispatching org.gradle.launcher.daemon.protocol.BuildStarted@5cd1e660
2026-07-29T01:41:37.854+0400 [DEBUG] [org.gradle.launcher.daemon.server.exec.EstablishBuildEnvironment] Configuring env variables: [PATH, GRADLE_USER_HOME, LC_ALL, JAVA_HOME, __CF_USER_TEXT_ENCODING, PWD, LANG, HOME, SHLVL, CARGO_NET_OFFLINE]
2026-07-29T01:41:37.855+0400 [DEBUG] [org.gradle.launcher.daemon.server.exec.LogToClient] About to start relaying all logs to the client via the connection.
2026-07-29T01:41:37.855+0400 [INFO] [org.gradle.launcher.daemon.server.exec.LogToClient] The client will now receive all logging from the daemon (pid: 84606). The daemon log file: /Users/iv/Developer/ReluxWorks/curator/.temp/TASK-260729-rhjxtx/run2-macos/work/gradle-home/daemon/9.2.1/daemon-84606.out.log
2026-07-29T01:41:37.856+0400 [DEBUG] [org.gradle.launcher.daemon.server.exec.RequestStopIfSingleUsedDaemon] Requesting daemon stop after processing Build{id=cfec382a-42b9-4965-b4a2-bc75ad90a992, currentDir=/Users/iv/Developer/ReluxWorks/curator/.temp/TASK-260729-rhjxtx/run2-macos/work/kt/gradle}
2026-07-29T01:41:37.856+0400 [LIFECYCLE] [org.gradle.launcher.daemon.server.DaemonStateCoordinator] Daemon will be stopped at the end of the build 
2026-07-29T01:41:37.856+0400 [DEBUG] [org.gradle.launcher.daemon.server.DaemonStateCoordinator] Stop as soon as idle requested. The daemon is busy
2026-07-29T01:41:37.856+0400 [DEBUG] [org.gradle.launcher.daemon.server.DaemonStateCoordinator] daemon stop has been requested. Sleeping until state changes.
2026-07-29T01:41:37.858+0400 [DEBUG] [org.gradle.launcher.daemon.server.exec.ExecuteBuild] The daemon has started executing the build.
2026-07-29T01:41:37.861+0400 [DEBUG] [org.gradle.launcher.daemon.server.exec.ExecuteBuild] Executing build with daemon context: DefaultDaemonContext[uid=c2e4d7f2-77e3-483a-8eaf-db889766eecb,javaHome=/opt/homebrew/Cellar/openjdk/26.0.1/libexec/openjdk.jdk/Contents/Home,javaVersion=26,javaVendor=Homebrew,daemonRegistryDir=/Users/iv/Developer/ReluxWorks/curator/.temp/TASK-260729-rhjxtx/run2-macos/work/gradle-home/daemon,pid=84606,idleTimeout=120000,priority=NORMAL,applyInstrumentationAgent=true,nativeServicesMode=ENABLED,daemonOpts=-XX:MaxMetaspaceSize=384m,-XX:+HeapDumpOnOutOfMemoryError,-Xms256m,-Xmx512m,-Dfile.encoding=UTF-8,-Duser.country=US,-Duser.language=en,-Duser.variant]

FAILURE: Build failed with an exception.

* What went wrong:
BUG! exception in phase 'semantic analysis' in source unit '_BuildScript_' Unsupported class file major version 70
> Unsupported class file major version 70

* Try:
> Run with --stacktrace option to get the stack trace.
> Run with --info or --debug option to get more log output.
> Run with --scan to generate a Build Scan (powered by Develocity).
> Get more help at https://help.gradle.org.

BUILD FAILED in 2s
2026-07-29T01:41:38.786+0400 [DEBUG] [org.gradle.launcher.daemon.server.exec.ExecuteBuild] The daemon has finished executing the build.
2026-07-29T01:41:38.796+0400 [DEBUG] [org.gradle.launcher.daemon.server.DaemonStateCoordinator] daemon stop has been requested. Sleeping until state changes.
2026-07-29T01:41:38.797+0400 [DEBUG] [org.gradle.launcher.daemon.server.DaemonStateCoordinator] Command execution: finished waiting for DaemonCommandExecution[command = Build{id=cfec382a-42b9-4965-b4a2-bc75ad90a992, currentDir=/Users/iv/Developer/ReluxWorks/curator/.temp/TASK-260729-rhjxtx/run2-macos/work/kt/gradle}, connection = DefaultDaemonConnection: socket connection from /127.0.0.1:61004 to /127.0.0.1:61005]. Result org.gradle.launcher.daemon.server.DaemonStateCoordinator@1cf03771 with state StopRequested
2026-07-29T01:41:38.797+0400 [DEBUG] [org.gradle.launcher.daemon.server.DaemonStateCoordinator] Command execution: completed DaemonCommandExecution[command = Build{id=cfec382a-42b9-4965-b4a2-bc75ad90a992, currentDir=/Users/iv/Developer/ReluxWorks/curator/.temp/TASK-260729-rhjxtx/run2-macos/work/kt/gradle}, connection = DefaultDaemonConnection: socket connection from /127.0.0.1:61004 to /127.0.0.1:61005]
2026-07-29T01:41:38.797+0400 [DEBUG] [org.gradle.launcher.daemon.server.DaemonStateCoordinator] resetting idle timer
2026-07-29T01:41:38.797+0400 [DEBUG] [org.gradle.launcher.daemon.server.DaemonStateCoordinator] Marking daemon stopped due to command completed and stop requested. The daemon is not running a build
2026-07-29T01:41:38.797+0400 [DEBUG] [org.gradle.launcher.daemon.server.DaemonStateCoordinator] daemon has stopped.
2026-07-29T01:41:38.797+0400 [DEBUG] [org.gradle.launcher.daemon.server.exec.ReturnResult] Daemon is dispatching the build result: Success[value=org.gradle.launcher.exec.BuildActionResult@491a6b61]
2026-07-29T01:41:38.797+0400 [DEBUG] [org.gradle.launcher.daemon.server.SynchronizedDispatchConnection] thread 47: dispatching Success[value=org.gradle.launcher.exec.BuildActionResult@491a6b61]
2026-07-29T01:41:38.797+0400 [DEBUG] [org.gradle.launcher.daemon.server.Daemon] stop() called on daemon
2026-07-29T01:41:38.797+0400 [INFO] [org.gradle.launcher.daemon.server.Daemon] Stop requested. Daemon is removing its presence from the registry...
2026-07-29T01:41:38.797+0400 [DEBUG] [org.gradle.launcher.daemon.server.DaemonRegistryUpdater] Removing our presence to clients, eg. removing this address from the registry: [3c2e5b4f-b6d0-419f-8774-e809ae548cfa port:61004, addresses:[localhost/127.0.0.1]]
2026-07-29T01:41:38.797+0400 [DEBUG] [org.gradle.launcher.daemon.registry.PersistentDaemonRegistry] Removing daemon address: [3c2e5b4f-b6d0-419f-8774-e809ae548cfa port:61004, addresses:[localhost/127.0.0.1]]
2026-07-29T01:41:38.798+0400 [DEBUG] [org.gradle.cache.internal.DefaultFileLockManager] Waiting to acquire exclusive lock on daemon addresses registry.
2026-07-29T01:41:38.798+0400 [DEBUG] [org.gradle.cache.internal.DefaultFileLockManager] Lock acquired on daemon addresses registry.
2026-07-29T01:41:38.798+0400 [DEBUG] [org.gradle.cache.internal.DefaultFileLockManager] Releasing lock on daemon addresses registry.
2026-07-29T01:41:38.799+0400 [DEBUG] [org.gradle.launcher.daemon.server.DaemonRegistryUpdater] Address removed from registry.
2026-07-29T01:41:38.801+0400 [DEBUG] [org.gradle.launcher.daemon.server.exec.CleanUpVirtualFileSystemAfterBuild] Cleaning virtual file system after build finished
2026-07-29T01:41:38.801+0400 [DEBUG] [org.gradle.launcher.daemon.server.DefaultIncomingConnectionHandler] Finishing executing command: Build{id=cfec382a-42b9-4965-b4a2-bc75ad90a992, currentDir=/Users/iv/Developer/ReluxWorks/curator/.temp/TASK-260729-rhjxtx/run2-macos/work/kt/gradle}
2026-07-29T01:41:38.810+0400 [DEBUG] [org.gradle.launcher.daemon.server.SynchronizedDispatchConnection] thread 48: received class org.gradle.launcher.daemon.protocol.CloseInput
2026-07-29T01:41:38.810+0400 [DEBUG] [org.gradle.launcher.daemon.server.DefaultDaemonConnection] thread 48: Received IO message from client: org.gradle.launcher.daemon.protocol.CloseInput@78473993
2026-07-29T01:41:38.810+0400 [DEBUG] [org.gradle.launcher.daemon.server.SynchronizedDispatchConnection] thread 48: received class org.gradle.launcher.daemon.protocol.Finished
2026-07-29T01:41:38.810+0400 [DEBUG] [org.gradle.launcher.daemon.server.DefaultDaemonConnection] thread 48: Received non-IO message from client: org.gradle.launcher.daemon.protocol.Finished@73179eb4
2026-07-29T01:41:38.810+0400 [DEBUG] [org.gradle.launcher.daemon.server.DefaultIncomingConnectionHandler] Received finished message: org.gradle.launcher.daemon.protocol.Finished@73179eb4
2026-07-29T01:41:38.810+0400 [DEBUG] [org.gradle.launcher.daemon.server.SynchronizedDispatchConnection] thread 47: stopping connection
2026-07-29T01:41:38.811+0400 [DEBUG] [org.gradle.internal.remote.internal.inet.SocketConnection] Discarding EOFException: java.io.EOFException
2026-07-29T01:41:38.811+0400 [DEBUG] [org.gradle.launcher.daemon.server.SynchronizedDispatchConnection] thread 48: received null
2026-07-29T01:41:38.811+0400 [DEBUG] [org.gradle.launcher.daemon.server.DefaultDaemonConnection] thread 48: Received end-of-input from client.
2026-07-29T01:41:38.811+0400 [DEBUG] [org.gradle.launcher.daemon.server.SynchronizedDispatchConnection] thread 47: stopping connection
2026-07-29T01:41:38.811+0400 [DEBUG] [org.gradle.cache.internal.LockOnDemandCrossProcessCacheAccess] Releasing file lock for jars (/Users/iv/Developer/ReluxWorks/curator/.temp/TASK-260729-rhjxtx/run2-macos/work/gradle-home/caches/jars-9)
2026-07-29T01:41:38.812+0400 [DEBUG] [org.gradle.cache.internal.DefaultFileLockManager] Releasing lock on jars (/Users/iv/Developer/ReluxWorks/curator/.temp/TASK-260729-rhjxtx/run2-macos/work/gradle-home/caches/jars-9).
2026-07-29T01:41:38.812+0400 [DEBUG] [org.gradle.cache.internal.LockOnDemandCrossProcessCacheAccess] Releasing file lock for file content cache (/Users/iv/Developer/ReluxWorks/curator/.temp/TASK-260729-rhjxtx/run2-macos/work/gradle-home/caches/9.2.1/fileContent)
2026-07-29T01:41:38.812+0400 [DEBUG] [org.gradle.cache.internal.DefaultFileLockManager] Releasing lock on file content cache (/Users/iv/Developer/ReluxWorks/curator/.temp/TASK-260729-rhjxtx/run2-macos/work/gradle-home/caches/9.2.1/fileContent).
2026-07-29T01:41:38.812+0400 [DEBUG] [org.gradle.internal.watch.vfs.impl.WatchingVirtualFileSystem] Closing VFS, dropping state
2026-07-29T01:41:38.813+0400 [DEBUG] [org.gradle.internal.watch.registry.impl.DefaultFileWatcherRegistry] Finished listening to file system change events
2026-07-29T01:41:38.813+0400 [DEBUG] [org.gradle.cache.internal.DefaultCacheCoordinator] Cache Generated Gradle JARs cache (/Users/iv/Developer/ReluxWorks/curator/.temp/TASK-260729-rhjxtx/run2-macos/work/gradle-home/caches/9.2.1/generated-gradle-jars) was closed 0 times.
2026-07-29T01:41:38.813+0400 [DEBUG] [org.gradle.cache.internal.LockOnDemandCrossProcessCacheAccess] Releasing file lock for artifact cache (/Users/iv/Developer/ReluxWorks/curator/.temp/TASK-260729-rhjxtx/run2-macos/work/gradle-home/caches/modules-2)
2026-07-29T01:41:38.813+0400 [DEBUG] [org.gradle.cache.internal.DefaultFileLockManager] Releasing lock on artifact cache (/Users/iv/Developer/ReluxWorks/curator/.temp/TASK-260729-rhjxtx/run2-macos/work/gradle-home/caches/modules-2).
2026-07-29T01:41:38.813+0400 [DEBUG] [org.gradle.cache.internal.DefaultCacheCoordinator] Cache groovy-dsl (/Users/iv/Developer/ReluxWorks/curator/.temp/TASK-260729-rhjxtx/run2-macos/work/gradle-home/caches/9.2.1/groovy-dsl) was closed 0 times.
2026-07-29T01:41:38.814+0400 [DEBUG] [org.gradle.cache.internal.DefaultCacheCoordinator] Cache Artifact transforms cache (/Users/iv/Developer/ReluxWorks/curator/.temp/TASK-260729-rhjxtx/run2-macos/work/gradle-home/caches/9.2.1/transforms) was closed 0 times.
2026-07-29T01:41:38.814+0400 [DEBUG] [org.gradle.cache.internal.LockOnDemandCrossProcessCacheAccess] Releasing file lock for journal cache (/Users/iv/Developer/ReluxWorks/curator/.temp/TASK-260729-rhjxtx/run2-macos/work/gradle-home/caches/journal-1)
2026-07-29T01:41:38.814+0400 [DEBUG] [org.gradle.cache.internal.btree.BTreePersistentIndexedCache] Closing cache file-access.bin (/Users/iv/Developer/ReluxWorks/curator/.temp/TASK-260729-rhjxtx/run2-macos/work/gradle-home/caches/journal-1/file-access.bin)
2026-07-29T01:41:38.814+0400 [DEBUG] [org.gradle.cache.internal.DefaultFileLockManager] Releasing lock on journal cache (/Users/iv/Developer/ReluxWorks/curator/.temp/TASK-260729-rhjxtx/run2-macos/work/gradle-home/caches/journal-1).
2026-07-29T01:41:38.814+0400 [DEBUG] [org.gradle.cache.internal.LockOnDemandCrossProcessCacheAccess] Releasing file lock for file hash cache (/Users/iv/Developer/ReluxWorks/curator/.temp/TASK-260729-rhjxtx/run2-macos/work/gradle-home/caches/9.2.1/fileHashes)
2026-07-29T01:41:38.814+0400 [DEBUG] [org.gradle.cache.internal.btree.BTreePersistentIndexedCache] Closing cache fileHashes.bin (/Users/iv/Developer/ReluxWorks/curator/.temp/TASK-260729-rhjxtx/run2-macos/work/gradle-home/caches/9.2.1/fileHashes/fileHashes.bin)
2026-07-29T01:41:38.815+0400 [DEBUG] [org.gradle.cache.internal.DefaultFileLockManager] Releasing lock on file hash cache (/Users/iv/Developer/ReluxWorks/curator/.temp/TASK-260729-rhjxtx/run2-macos/work/gradle-home/caches/9.2.1/fileHashes).
2026-07-29T01:41:38.815+0400 [DEBUG] [org.gradle.internal.operations.DefaultBuildOperationRunner] Build operation 'Deleting unused version-specific caches in /Users/iv/Developer/ReluxWorks/curator/.temp/TASK-260729-rhjxtx/run2-macos/work/gradle-home/caches' started
2026-07-29T01:41:38.815+0400 [DEBUG] [org.gradle.internal.operations.DefaultBuildOperationRunner] Completing Build operation 'Deleting unused version-specific caches in /Users/iv/Developer/ReluxWorks/curator/.temp/TASK-260729-rhjxtx/run2-macos/work/gradle-home/caches'
2026-07-29T01:41:38.815+0400 [DEBUG] [org.gradle.internal.operations.DefaultBuildOperationRunner] Build operation 'Deleting unused version-specific caches in /Users/iv/Developer/ReluxWorks/curator/.temp/TASK-260729-rhjxtx/run2-macos/work/gradle-home/caches' completed
2026-07-29T01:41:38.815+0400 [DEBUG] [org.gradle.launcher.daemon.server.Daemon] stop() called on daemon
2026-07-29T01:41:38.815+0400 [INFO] [org.gradle.launcher.daemon.server.Daemon] Stop requested. Daemon is removing its presence from the registry...
2026-07-29T01:41:38.815+0400 [DEBUG] [org.gradle.launcher.daemon.server.DaemonRegistryUpdater] Removing our presence to clients, eg. removing this address from the registry: [3c2e5b4f-b6d0-419f-8774-e809ae548cfa port:61004, addresses:[localhost/127.0.0.1]]
2026-07-29T01:41:38.815+0400 [DEBUG] [org.gradle.launcher.daemon.registry.PersistentDaemonRegistry] Removing daemon address: [3c2e5b4f-b6d0-419f-8774-e809ae548cfa port:61004, addresses:[localhost/127.0.0.1]]
2026-07-29T01:41:38.816+0400 [DEBUG] [org.gradle.cache.internal.DefaultFileLockManager] Waiting to acquire exclusive lock on daemon addresses registry.
2026-07-29T01:41:38.816+0400 [DEBUG] [org.gradle.cache.internal.DefaultFileLockManager] Lock acquired on daemon addresses registry.
2026-07-29T01:41:38.816+0400 [DEBUG] [org.gradle.cache.internal.DefaultFileLockManager] Releasing lock on daemon addresses registry.
2026-07-29T01:41:38.816+0400 [DEBUG] [org.gradle.launcher.daemon.server.DaemonRegistryUpdater] Address removed from registry.
2026-07-29T01:41:38.816+0400 [DEBUG] [org.gradle.cache.internal.locklistener.DefaultFileLockContentionHandler] File lock listener thread completed.
2026-07-29T01:41:38.817+0400 [DEBUG] [java.lang.Runtime] Runtime.exit() called with status: 0
java.lang.Throwable: Runtime.exit(0)
	at java.base/java.lang.Shutdown.logRuntimeExit(Shutdown.java:181)
	at java.base/java.lang.Shutdown.exit(Shutdown.java:162)
	at java.base/java.lang.Runtime.exit(Runtime.java:177)
	at java.base/java.lang.System.exit(System.java:1541)
	at org.gradle.launcher.bootstrap.ProcessCompleter.complete(ProcessCompleter.java:21)
	at org.gradle.launcher.bootstrap.EntryPoint.run(EntryPoint.java:62)
	at java.base/jdk.internal.reflect.DirectMethodHandleAccessor.invoke(DirectMethodHandleAccessor.java:104)
	at java.base/java.lang.reflect.Method.invoke(Method.java:565)
	at org.gradle.launcher.bootstrap.ProcessBootstrap.runNoExit(ProcessBootstrap.java:72)
	at org.gradle.launcher.bootstrap.ProcessBootstrap.run(ProcessBootstrap.java:39)
	at org.gradle.launcher.daemon.bootstrap.GradleDaemon.main(GradleDaemon.java:22)
Daemon vm is shutting down... The daemon has exited normally or was terminated in response to a user interrupt.
2026-07-29T01:41:38.818+0400 [DEBUG] [org.gradle.launcher.daemon.registry.PersistentDaemonRegistry] Removing daemon address: [3c2e5b4f-b6d0-419f-8774-e809ae548cfa port:61004, addresses:[localhost/127.0.0.1]]
2026-07-29T01:41:38.819+0400 [DEBUG] [org.gradle.launcher.daemon.server.Daemon] VM shutdown hook was unable to remove the daemon address from the registry. It will be cleaned up later.
java.lang.IllegalStateException: Cannot start managing file contention because this handler has been closed.
	at org.gradle.cache.internal.locklistener.DefaultFileLockContentionHandler.assertNotStopped(DefaultFileLockContentionHandler.java:256)
	at org.gradle.cache.internal.locklistener.DefaultFileLockContentionHandler.reservePort(DefaultFileLockContentionHandler.java:294)
	at org.gradle.cache.internal.DefaultFileLockManager.lock(DefaultFileLockManager.java:124)
	at org.gradle.cache.internal.DefaultFileLockManager.lock(DefaultFileLockManager.java:106)
	at org.gradle.cache.internal.DefaultFileLockManager.lock(DefaultFileLockManager.java:101)
	at org.gradle.cache.internal.OnDemandFileAccess.updateFile(OnDemandFileAccess.java:51)
	at org.gradle.cache.internal.FileBackedObjectHolder.update(FileBackedObjectHolder.java:77)
	at org.gradle.cache.internal.FileIntegrityViolationSuppressingObjectHolderDecorator.lambda$update$0(FileIntegrityViolationSuppressingObjectHolderDecorator.java:48)
	at org.gradle.cache.internal.FileIntegrityViolationSuppressingObjectHolderDecorator.doUpdate(FileIntegrityViolationSuppressingObjectHolderDecorator.java:58)
	at org.gradle.cache.internal.FileIntegrityViolationSuppressingObjectHolderDecorator.update(FileIntegrityViolationSuppressingObjectHolderDecorator.java:48)
	at org.gradle.launcher.daemon.registry.PersistentDaemonRegistry.remove(PersistentDaemonRegistry.java:133)
	at org.gradle.launcher.daemon.server.Daemon$1.run(Daemon.java:133)
	at java.base/java.lang.Thread.run(Thread.java:1516)
