* Creating isolated environment: venv+pip...
* Installing packages in isolated environment:
  - setuptools-scm[simple]>=8
  - setuptools>=80
* Getting build dependencies for sdist...
running egg_info
writing src/cocoaskills.egg-info/PKG-INFO
writing dependency_links to src/cocoaskills.egg-info/dependency_links.txt
writing entry points to src/cocoaskills.egg-info/entry_points.txt
writing requirements to src/cocoaskills.egg-info/requires.txt
writing top-level names to src/cocoaskills.egg-info/top_level.txt
adding license file 'LICENSE'
writing manifest file 'src/cocoaskills.egg-info/SOURCES.txt'
* Building sdist...
running sdist
running egg_info
writing src/cocoaskills.egg-info/PKG-INFO
writing dependency_links to src/cocoaskills.egg-info/dependency_links.txt
writing entry points to src/cocoaskills.egg-info/entry_points.txt
writing requirements to src/cocoaskills.egg-info/requires.txt
writing top-level names to src/cocoaskills.egg-info/top_level.txt
adding license file 'LICENSE'
writing manifest file 'src/cocoaskills.egg-info/SOURCES.txt'
running check
creating cocoaskills-0.12.6.dev2+g5f8bfbbd6.d20260730
creating cocoaskills-0.12.6.dev2+g5f8bfbbd6.d20260730/.github/workflows
creating cocoaskills-0.12.6.dev2+g5f8bfbbd6.d20260730/docs
creating cocoaskills-0.12.6.dev2+g5f8bfbbd6.d20260730/src/cocoaskills.egg-info
creating cocoaskills-0.12.6.dev2+g5f8bfbbd6.d20260730/src/csk
creating cocoaskills-0.12.6.dev2+g5f8bfbbd6.d20260730/src/csk/audit
creating cocoaskills-0.12.6.dev2+g5f8bfbbd6.d20260730/src/csk/audit/backends
creating cocoaskills-0.12.6.dev2+g5f8bfbbd6.d20260730/src/csk/audit/prompts
creating cocoaskills-0.12.6.dev2+g5f8bfbbd6.d20260730/src/csk/builds
creating cocoaskills-0.12.6.dev2+g5f8bfbbd6.d20260730/tests
creating cocoaskills-0.12.6.dev2+g5f8bfbbd6.d20260730/tests/fixtures/skill_legacy_runtime
creating cocoaskills-0.12.6.dev2+g5f8bfbbd6.d20260730/tests/fixtures/skill_minimal
creating cocoaskills-0.12.6.dev2+g5f8bfbbd6.d20260730/tests/fixtures/skill_no_remote
creating cocoaskills-0.12.6.dev2+g5f8bfbbd6.d20260730/tests/fixtures/skill_with_locales
creating cocoaskills-0.12.6.dev2+g5f8bfbbd6.d20260730/tests/fixtures/skill_with_scripts
creating cocoaskills-0.12.6.dev2+g5f8bfbbd6.d20260730/tests/fixtures/skill_with_submodule
copying files to cocoaskills-0.12.6.dev2+g5f8bfbbd6.d20260730...
copying .gitignore -> cocoaskills-0.12.6.dev2+g5f8bfbbd6.d20260730
copying ARCHITECTURE.md -> cocoaskills-0.12.6.dev2+g5f8bfbbd6.d20260730
copying ARCHITECTURE.ru.md -> cocoaskills-0.12.6.dev2+g5f8bfbbd6.d20260730
copying CHANGELOG.md -> cocoaskills-0.12.6.dev2+g5f8bfbbd6.d20260730
copying CONTRIBUTING.md -> cocoaskills-0.12.6.dev2+g5f8bfbbd6.d20260730
copying CONTRIBUTING.ru.md -> cocoaskills-0.12.6.dev2+g5f8bfbbd6.d20260730
copying LICENSE -> cocoaskills-0.12.6.dev2+g5f8bfbbd6.d20260730
copying README.md -> cocoaskills-0.12.6.dev2+g5f8bfbbd6.d20260730
copying README.ru.md -> cocoaskills-0.12.6.dev2+g5f8bfbbd6.d20260730
copying SECURITY.md -> cocoaskills-0.12.6.dev2+g5f8bfbbd6.d20260730
copying SECURITY.ru.md -> cocoaskills-0.12.6.dev2+g5f8bfbbd6.d20260730
copying pyproject.toml -> cocoaskills-0.12.6.dev2+g5f8bfbbd6.d20260730
copying .github/workflows/ci.yml -> cocoaskills-0.12.6.dev2+g5f8bfbbd6.d20260730/.github/workflows
copying .github/workflows/distribution-smoke.yml -> cocoaskills-0.12.6.dev2+g5f8bfbbd6.d20260730/.github/workflows
copying .github/workflows/release.yml -> cocoaskills-0.12.6.dev2+g5f8bfbbd6.d20260730/.github/workflows
copying docs/CNAME -> cocoaskills-0.12.6.dev2+g5f8bfbbd6.d20260730/docs
copying docs/audit-design.md -> cocoaskills-0.12.6.dev2+g5f8bfbbd6.d20260730/docs
copying docs/index.html -> cocoaskills-0.12.6.dev2+g5f8bfbbd6.d20260730/docs
copying docs/install.sh -> cocoaskills-0.12.6.dev2+g5f8bfbbd6.d20260730/docs
copying docs/mvp-design.md -> cocoaskills-0.12.6.dev2+g5f8bfbbd6.d20260730/docs
copying docs/robots.txt -> cocoaskills-0.12.6.dev2+g5f8bfbbd6.d20260730/docs
copying docs/sitemap.xml -> cocoaskills-0.12.6.dev2+g5f8bfbbd6.d20260730/docs
copying docs/skill-authoring.md -> cocoaskills-0.12.6.dev2+g5f8bfbbd6.d20260730/docs
copying docs/v0.11-design.md -> cocoaskills-0.12.6.dev2+g5f8bfbbd6.d20260730/docs
copying docs/v0.11-design.ru.md -> cocoaskills-0.12.6.dev2+g5f8bfbbd6.d20260730/docs
copying docs/v0.3-design.md -> cocoaskills-0.12.6.dev2+g5f8bfbbd6.d20260730/docs
copying docs/v0.4-design.md -> cocoaskills-0.12.6.dev2+g5f8bfbbd6.d20260730/docs
copying docs/v0.5-design.md -> cocoaskills-0.12.6.dev2+g5f8bfbbd6.d20260730/docs
copying docs/v0.6-design.md -> cocoaskills-0.12.6.dev2+g5f8bfbbd6.d20260730/docs
copying docs/v0.8-design.md -> cocoaskills-0.12.6.dev2+g5f8bfbbd6.d20260730/docs
copying docs/v0.9-design.md -> cocoaskills-0.12.6.dev2+g5f8bfbbd6.d20260730/docs
copying docs/v0.9-design.ru.md -> cocoaskills-0.12.6.dev2+g5f8bfbbd6.d20260730/docs
copying src/cocoaskills.egg-info/PKG-INFO -> cocoaskills-0.12.6.dev2+g5f8bfbbd6.d20260730/src/cocoaskills.egg-info
copying src/cocoaskills.egg-info/SOURCES.txt -> cocoaskills-0.12.6.dev2+g5f8bfbbd6.d20260730/src/cocoaskills.egg-info
copying src/cocoaskills.egg-info/dependency_links.txt -> cocoaskills-0.12.6.dev2+g5f8bfbbd6.d20260730/src/cocoaskills.egg-info
copying src/cocoaskills.egg-info/entry_points.txt -> cocoaskills-0.12.6.dev2+g5f8bfbbd6.d20260730/src/cocoaskills.egg-info
copying src/cocoaskills.egg-info/requires.txt -> cocoaskills-0.12.6.dev2+g5f8bfbbd6.d20260730/src/cocoaskills.egg-info
copying src/cocoaskills.egg-info/scm_file_list.json -> cocoaskills-0.12.6.dev2+g5f8bfbbd6.d20260730/src/cocoaskills.egg-info
copying src/cocoaskills.egg-info/scm_version.json -> cocoaskills-0.12.6.dev2+g5f8bfbbd6.d20260730/src/cocoaskills.egg-info
copying src/cocoaskills.egg-info/top_level.txt -> cocoaskills-0.12.6.dev2+g5f8bfbbd6.d20260730/src/cocoaskills.egg-info
copying src/csk/__init__.py -> cocoaskills-0.12.6.dev2+g5f8bfbbd6.d20260730/src/csk
copying src/csk/__main__.py -> cocoaskills-0.12.6.dev2+g5f8bfbbd6.d20260730/src/csk
copying src/csk/_ed25519.py -> cocoaskills-0.12.6.dev2+g5f8bfbbd6.d20260730/src/csk
copying src/csk/_version.py -> cocoaskills-0.12.6.dev2+g5f8bfbbd6.d20260730/src/csk
copying src/csk/adapters.py -> cocoaskills-0.12.6.dev2+g5f8bfbbd6.d20260730/src/csk
copying src/csk/attest.py -> cocoaskills-0.12.6.dev2+g5f8bfbbd6.d20260730/src/csk
copying src/csk/audit_registry.py -> cocoaskills-0.12.6.dev2+g5f8bfbbd6.d20260730/src/csk
copying src/csk/cli.py -> cocoaskills-0.12.6.dev2+g5f8bfbbd6.d20260730/src/csk
copying src/csk/closure.py -> cocoaskills-0.12.6.dev2+g5f8bfbbd6.d20260730/src/csk
copying src/csk/config.py -> cocoaskills-0.12.6.dev2+g5f8bfbbd6.d20260730/src/csk
copying src/csk/consumers.py -> cocoaskills-0.12.6.dev2+g5f8bfbbd6.d20260730/src/csk
copying src/csk/deprecation.py -> cocoaskills-0.12.6.dev2+g5f8bfbbd6.d20260730/src/csk
copying src/csk/dev_substitutions.py -> cocoaskills-0.12.6.dev2+g5f8bfbbd6.d20260730/src/csk
copying src/csk/env_files.py -> cocoaskills-0.12.6.dev2+g5f8bfbbd6.d20260730/src/csk
copying src/csk/gc.py -> cocoaskills-0.12.6.dev2+g5f8bfbbd6.d20260730/src/csk
copying src/csk/git_ops.py -> cocoaskills-0.12.6.dev2+g5f8bfbbd6.d20260730/src/csk
copying src/csk/gitignore_gate.py -> cocoaskills-0.12.6.dev2+g5f8bfbbd6.d20260730/src/csk
copying src/csk/global_bins.py -> cocoaskills-0.12.6.dev2+g5f8bfbbd6.d20260730/src/csk
copying src/csk/global_install.py -> cocoaskills-0.12.6.dev2+g5f8bfbbd6.d20260730/src/csk
copying src/csk/hashing.py -> cocoaskills-0.12.6.dev2+g5f8bfbbd6.d20260730/src/csk
copying src/csk/hybrid.py -> cocoaskills-0.12.6.dev2+g5f8bfbbd6.d20260730/src/csk
copying src/csk/identifiers.py -> cocoaskills-0.12.6.dev2+g5f8bfbbd6.d20260730/src/csk
copying src/csk/installer.py -> cocoaskills-0.12.6.dev2+g5f8bfbbd6.d20260730/src/csk
copying src/csk/locale.py -> cocoaskills-0.12.6.dev2+g5f8bfbbd6.d20260730/src/csk
copying src/csk/locking.py -> cocoaskills-0.12.6.dev2+g5f8bfbbd6.d20260730/src/csk
copying src/csk/manifest.py -> cocoaskills-0.12.6.dev2+g5f8bfbbd6.d20260730/src/csk
copying src/csk/mcp_configs.py -> cocoaskills-0.12.6.dev2+g5f8bfbbd6.d20260730/src/csk
copying src/csk/project_resolver.py -> cocoaskills-0.12.6.dev2+g5f8bfbbd6.d20260730/src/csk
copying src/csk/protocol_json.py -> cocoaskills-0.12.6.dev2+g5f8bfbbd6.d20260730/src/csk
copying src/csk/shell_init.py -> cocoaskills-0.12.6.dev2+g5f8bfbbd6.d20260730/src/csk
copying src/csk/shims.py -> cocoaskills-0.12.6.dev2+g5f8bfbbd6.d20260730/src/csk
copying src/csk/skillcheck.py -> cocoaskills-0.12.6.dev2+g5f8bfbbd6.d20260730/src/csk
copying src/csk/skillspec.py -> cocoaskills-0.12.6.dev2+g5f8bfbbd6.d20260730/src/csk
copying src/csk/snapshot.py -> cocoaskills-0.12.6.dev2+g5f8bfbbd6.d20260730/src/csk
copying src/csk/source_identity.py -> cocoaskills-0.12.6.dev2+g5f8bfbbd6.d20260730/src/csk
copying src/csk/status.py -> cocoaskills-0.12.6.dev2+g5f8bfbbd6.d20260730/src/csk
copying src/csk/transactions.py -> cocoaskills-0.12.6.dev2+g5f8bfbbd6.d20260730/src/csk
copying src/csk/whitelist.py -> cocoaskills-0.12.6.dev2+g5f8bfbbd6.d20260730/src/csk
copying src/csk/audit/__init__.py -> cocoaskills-0.12.6.dev2+g5f8bfbbd6.d20260730/src/csk/audit
copying src/csk/audit/backend_config.py -> cocoaskills-0.12.6.dev2+g5f8bfbbd6.d20260730/src/csk/audit
copying src/csk/audit/canary.py -> cocoaskills-0.12.6.dev2+g5f8bfbbd6.d20260730/src/csk/audit
copying src/csk/audit/capabilities.py -> cocoaskills-0.12.6.dev2+g5f8bfbbd6.d20260730/src/csk/audit
copying src/csk/audit/detectors.py -> cocoaskills-0.12.6.dev2+g5f8bfbbd6.d20260730/src/csk/audit
copying src/csk/audit/model.py -> cocoaskills-0.12.6.dev2+g5f8bfbbd6.d20260730/src/csk/audit
copying src/csk/audit/pipeline.py -> cocoaskills-0.12.6.dev2+g5f8bfbbd6.d20260730/src/csk/audit
copying src/csk/audit/policy.py -> cocoaskills-0.12.6.dev2+g5f8bfbbd6.d20260730/src/csk/audit
copying src/csk/audit/redaction.py -> cocoaskills-0.12.6.dev2+g5f8bfbbd6.d20260730/src/csk/audit
copying src/csk/audit/runner.py -> cocoaskills-0.12.6.dev2+g5f8bfbbd6.d20260730/src/csk/audit
copying src/csk/audit/serialization.py -> cocoaskills-0.12.6.dev2+g5f8bfbbd6.d20260730/src/csk/audit
copying src/csk/audit/source_policy.py -> cocoaskills-0.12.6.dev2+g5f8bfbbd6.d20260730/src/csk/audit
copying src/csk/audit/trust.py -> cocoaskills-0.12.6.dev2+g5f8bfbbd6.d20260730/src/csk/audit
copying src/csk/audit/backends/__init__.py -> cocoaskills-0.12.6.dev2+g5f8bfbbd6.d20260730/src/csk/audit/backends
copying src/csk/audit/backends/base.py -> cocoaskills-0.12.6.dev2+g5f8bfbbd6.d20260730/src/csk/audit/backends
copying src/csk/audit/backends/codex_backend.py -> cocoaskills-0.12.6.dev2+g5f8bfbbd6.d20260730/src/csk/audit/backends
copying src/csk/audit/backends/command_backend.py -> cocoaskills-0.12.6.dev2+g5f8bfbbd6.d20260730/src/csk/audit/backends
copying src/csk/audit/backends/null_backend.py -> cocoaskills-0.12.6.dev2+g5f8bfbbd6.d20260730/src/csk/audit/backends
copying src/csk/audit/prompts/extractor-v1.md -> cocoaskills-0.12.6.dev2+g5f8bfbbd6.d20260730/src/csk/audit/prompts
copying src/csk/audit/prompts/response-schema-v1.json -> cocoaskills-0.12.6.dev2+g5f8bfbbd6.d20260730/src/csk/audit/prompts
copying src/csk/builds/__init__.py -> cocoaskills-0.12.6.dev2+g5f8bfbbd6.d20260730/src/csk/builds
copying tests/conftest.py -> cocoaskills-0.12.6.dev2+g5f8bfbbd6.d20260730/tests
copying tests/test_activation_modes.py -> cocoaskills-0.12.6.dev2+g5f8bfbbd6.d20260730/tests
copying tests/test_adapters.py -> cocoaskills-0.12.6.dev2+g5f8bfbbd6.d20260730/tests
copying tests/test_audit_backends.py -> cocoaskills-0.12.6.dev2+g5f8bfbbd6.d20260730/tests
copying tests/test_audit_cache.py -> cocoaskills-0.12.6.dev2+g5f8bfbbd6.d20260730/tests
copying tests/test_audit_capabilities.py -> cocoaskills-0.12.6.dev2+g5f8bfbbd6.d20260730/tests
copying tests/test_audit_cli.py -> cocoaskills-0.12.6.dev2+g5f8bfbbd6.d20260730/tests
copying tests/test_audit_detectors.py -> cocoaskills-0.12.6.dev2+g5f8bfbbd6.d20260730/tests
copying tests/test_audit_policy.py -> cocoaskills-0.12.6.dev2+g5f8bfbbd6.d20260730/tests
copying tests/test_audit_publish.py -> cocoaskills-0.12.6.dev2+g5f8bfbbd6.d20260730/tests
copying tests/test_audit_registry.py -> cocoaskills-0.12.6.dev2+g5f8bfbbd6.d20260730/tests
copying tests/test_cli.py -> cocoaskills-0.12.6.dev2+g5f8bfbbd6.d20260730/tests
copying tests/test_closure_install.py -> cocoaskills-0.12.6.dev2+g5f8bfbbd6.d20260730/tests
copying tests/test_config.py -> cocoaskills-0.12.6.dev2+g5f8bfbbd6.d20260730/tests
copying tests/test_dev_substitution.py -> cocoaskills-0.12.6.dev2+g5f8bfbbd6.d20260730/tests
copying tests/test_e2e.py -> cocoaskills-0.12.6.dev2+g5f8bfbbd6.d20260730/tests
copying tests/test_env_files.py -> cocoaskills-0.12.6.dev2+g5f8bfbbd6.d20260730/tests
copying tests/test_gc.py -> cocoaskills-0.12.6.dev2+g5f8bfbbd6.d20260730/tests
copying tests/test_gitignore_gate.py -> cocoaskills-0.12.6.dev2+g5f8bfbbd6.d20260730/tests
copying tests/test_global_install.py -> cocoaskills-0.12.6.dev2+g5f8bfbbd6.d20260730/tests
copying tests/test_hashing.py -> cocoaskills-0.12.6.dev2+g5f8bfbbd6.d20260730/tests
copying tests/test_hybrid_scope.py -> cocoaskills-0.12.6.dev2+g5f8bfbbd6.d20260730/tests
copying tests/test_install.py -> cocoaskills-0.12.6.dev2+g5f8bfbbd6.d20260730/tests
copying tests/test_locale.py -> cocoaskills-0.12.6.dev2+g5f8bfbbd6.d20260730/tests
copying tests/test_locking.py -> cocoaskills-0.12.6.dev2+g5f8bfbbd6.d20260730/tests
copying tests/test_manifest.py -> cocoaskills-0.12.6.dev2+g5f8bfbbd6.d20260730/tests
copying tests/test_mcp_dependencies.py -> cocoaskills-0.12.6.dev2+g5f8bfbbd6.d20260730/tests
copying tests/test_project_resolver.py -> cocoaskills-0.12.6.dev2+g5f8bfbbd6.d20260730/tests
copying tests/test_protocol_conformance.py -> cocoaskills-0.12.6.dev2+g5f8bfbbd6.d20260730/tests
copying tests/test_protocol_json.py -> cocoaskills-0.12.6.dev2+g5f8bfbbd6.d20260730/tests
copying tests/test_refs.py -> cocoaskills-0.12.6.dev2+g5f8bfbbd6.d20260730/tests
copying tests/test_requirements_spec.py -> cocoaskills-0.12.6.dev2+g5f8bfbbd6.d20260730/tests
copying tests/test_shell_init.py -> cocoaskills-0.12.6.dev2+g5f8bfbbd6.d20260730/tests
copying tests/test_shims.py -> cocoaskills-0.12.6.dev2+g5f8bfbbd6.d20260730/tests
copying tests/test_skillcheck.py -> cocoaskills-0.12.6.dev2+g5f8bfbbd6.d20260730/tests
copying tests/test_skillspec.py -> cocoaskills-0.12.6.dev2+g5f8bfbbd6.d20260730/tests
copying tests/test_source_identity.py -> cocoaskills-0.12.6.dev2+g5f8bfbbd6.d20260730/tests
copying tests/test_status.py -> cocoaskills-0.12.6.dev2+g5f8bfbbd6.d20260730/tests
copying tests/test_system_config.py -> cocoaskills-0.12.6.dev2+g5f8bfbbd6.d20260730/tests
copying tests/test_transactions.py -> cocoaskills-0.12.6.dev2+g5f8bfbbd6.d20260730/tests
copying tests/test_whitelist.py -> cocoaskills-0.12.6.dev2+g5f8bfbbd6.d20260730/tests
copying tests/fixtures/skill_legacy_runtime/.gitkeep -> cocoaskills-0.12.6.dev2+g5f8bfbbd6.d20260730/tests/fixtures/skill_legacy_runtime
copying tests/fixtures/skill_minimal/.gitkeep -> cocoaskills-0.12.6.dev2+g5f8bfbbd6.d20260730/tests/fixtures/skill_minimal
copying tests/fixtures/skill_no_remote/.gitkeep -> cocoaskills-0.12.6.dev2+g5f8bfbbd6.d20260730/tests/fixtures/skill_no_remote
copying tests/fixtures/skill_with_locales/.gitkeep -> cocoaskills-0.12.6.dev2+g5f8bfbbd6.d20260730/tests/fixtures/skill_with_locales
copying tests/fixtures/skill_with_scripts/.gitkeep -> cocoaskills-0.12.6.dev2+g5f8bfbbd6.d20260730/tests/fixtures/skill_with_scripts
copying tests/fixtures/skill_with_submodule/.gitkeep -> cocoaskills-0.12.6.dev2+g5f8bfbbd6.d20260730/tests/fixtures/skill_with_submodule
copying src/cocoaskills.egg-info/SOURCES.txt -> cocoaskills-0.12.6.dev2+g5f8bfbbd6.d20260730/src/cocoaskills.egg-info
Writing cocoaskills-0.12.6.dev2+g5f8bfbbd6.d20260730/setup.cfg
Creating tar archive
removing 'cocoaskills-0.12.6.dev2+g5f8bfbbd6.d20260730' (and everything under it)
* Building wheel from sdist
* Creating isolated environment: venv+pip...
* Installing packages in isolated environment:
  - setuptools-scm[simple]>=8
  - setuptools>=80
* Getting build dependencies for wheel...
running egg_info
writing src/cocoaskills.egg-info/PKG-INFO
writing dependency_links to src/cocoaskills.egg-info/dependency_links.txt
writing entry points to src/cocoaskills.egg-info/entry_points.txt
writing requirements to src/cocoaskills.egg-info/requires.txt
writing top-level names to src/cocoaskills.egg-info/top_level.txt
listing git files failed - pretending there aren't any
reading manifest file 'src/cocoaskills.egg-info/SOURCES.txt'
adding license file 'LICENSE'
writing manifest file 'src/cocoaskills.egg-info/SOURCES.txt'
* Building wheel...
running bdist_wheel
running build
running build_py
creating build/lib/csk
copying src/csk/global_bins.py -> build/lib/csk
copying src/csk/mcp_configs.py -> build/lib/csk
copying src/csk/config.py -> build/lib/csk
copying src/csk/audit_registry.py -> build/lib/csk
copying src/csk/git_ops.py -> build/lib/csk
copying src/csk/gc.py -> build/lib/csk
copying src/csk/skillcheck.py -> build/lib/csk
copying src/csk/manifest.py -> build/lib/csk
copying src/csk/_version.py -> build/lib/csk
copying src/csk/dev_substitutions.py -> build/lib/csk
copying src/csk/deprecation.py -> build/lib/csk
copying src/csk/source_identity.py -> build/lib/csk
copying src/csk/whitelist.py -> build/lib/csk
copying src/csk/hybrid.py -> build/lib/csk
copying src/csk/identifiers.py -> build/lib/csk
copying src/csk/transactions.py -> build/lib/csk
copying src/csk/consumers.py -> build/lib/csk
copying src/csk/__init__.py -> build/lib/csk
copying src/csk/skillspec.py -> build/lib/csk
copying src/csk/installer.py -> build/lib/csk
copying src/csk/gitignore_gate.py -> build/lib/csk
copying src/csk/shell_init.py -> build/lib/csk
copying src/csk/cli.py -> build/lib/csk
copying src/csk/global_install.py -> build/lib/csk
copying src/csk/locking.py -> build/lib/csk
copying src/csk/protocol_json.py -> build/lib/csk
copying src/csk/project_resolver.py -> build/lib/csk
copying src/csk/locale.py -> build/lib/csk
copying src/csk/shims.py -> build/lib/csk
copying src/csk/_ed25519.py -> build/lib/csk
copying src/csk/attest.py -> build/lib/csk
copying src/csk/hashing.py -> build/lib/csk
copying src/csk/__main__.py -> build/lib/csk
copying src/csk/env_files.py -> build/lib/csk
copying src/csk/closure.py -> build/lib/csk
copying src/csk/snapshot.py -> build/lib/csk
copying src/csk/status.py -> build/lib/csk
copying src/csk/adapters.py -> build/lib/csk
creating build/lib/csk/builds
copying src/csk/builds/__init__.py -> build/lib/csk/builds
creating build/lib/csk/audit
copying src/csk/audit/redaction.py -> build/lib/csk/audit
copying src/csk/audit/runner.py -> build/lib/csk/audit
copying src/csk/audit/canary.py -> build/lib/csk/audit
copying src/csk/audit/policy.py -> build/lib/csk/audit
copying src/csk/audit/__init__.py -> build/lib/csk/audit
copying src/csk/audit/model.py -> build/lib/csk/audit
copying src/csk/audit/source_policy.py -> build/lib/csk/audit
copying src/csk/audit/capabilities.py -> build/lib/csk/audit
copying src/csk/audit/trust.py -> build/lib/csk/audit
copying src/csk/audit/pipeline.py -> build/lib/csk/audit
copying src/csk/audit/detectors.py -> build/lib/csk/audit
copying src/csk/audit/backend_config.py -> build/lib/csk/audit
copying src/csk/audit/serialization.py -> build/lib/csk/audit
creating build/lib/csk/audit/backends
copying src/csk/audit/backends/command_backend.py -> build/lib/csk/audit/backends
copying src/csk/audit/backends/__init__.py -> build/lib/csk/audit/backends
copying src/csk/audit/backends/null_backend.py -> build/lib/csk/audit/backends
copying src/csk/audit/backends/base.py -> build/lib/csk/audit/backends
copying src/csk/audit/backends/codex_backend.py -> build/lib/csk/audit/backends
running egg_info
writing src/cocoaskills.egg-info/PKG-INFO
writing dependency_links to src/cocoaskills.egg-info/dependency_links.txt
writing entry points to src/cocoaskills.egg-info/entry_points.txt
writing requirements to src/cocoaskills.egg-info/requires.txt
writing top-level names to src/cocoaskills.egg-info/top_level.txt
listing git files failed - pretending there aren't any
reading manifest file 'src/cocoaskills.egg-info/SOURCES.txt'
adding license file 'LICENSE'
writing manifest file 'src/cocoaskills.egg-info/SOURCES.txt'
creating build/lib/csk/audit/prompts
copying src/csk/audit/prompts/extractor-v1.md -> build/lib/csk/audit/prompts
copying src/csk/audit/prompts/response-schema-v1.json -> build/lib/csk/audit/prompts
warning: build_py: byte-compiling is disabled, skipping.

installing to build/bdist.macosx-15.0-arm64/wheel
running install
running install_lib
creating build/bdist.macosx-15.0-arm64/wheel
creating build/bdist.macosx-15.0-arm64/wheel/csk
copying build/lib/csk/global_bins.py -> build/bdist.macosx-15.0-arm64/wheel/./csk
copying build/lib/csk/mcp_configs.py -> build/bdist.macosx-15.0-arm64/wheel/./csk
copying build/lib/csk/config.py -> build/bdist.macosx-15.0-arm64/wheel/./csk
copying build/lib/csk/audit_registry.py -> build/bdist.macosx-15.0-arm64/wheel/./csk
copying build/lib/csk/git_ops.py -> build/bdist.macosx-15.0-arm64/wheel/./csk
copying build/lib/csk/gc.py -> build/bdist.macosx-15.0-arm64/wheel/./csk
copying build/lib/csk/skillcheck.py -> build/bdist.macosx-15.0-arm64/wheel/./csk
copying build/lib/csk/manifest.py -> build/bdist.macosx-15.0-arm64/wheel/./csk
copying build/lib/csk/_version.py -> build/bdist.macosx-15.0-arm64/wheel/./csk
copying build/lib/csk/dev_substitutions.py -> build/bdist.macosx-15.0-arm64/wheel/./csk
copying build/lib/csk/deprecation.py -> build/bdist.macosx-15.0-arm64/wheel/./csk
copying build/lib/csk/source_identity.py -> build/bdist.macosx-15.0-arm64/wheel/./csk
copying build/lib/csk/whitelist.py -> build/bdist.macosx-15.0-arm64/wheel/./csk
copying build/lib/csk/hybrid.py -> build/bdist.macosx-15.0-arm64/wheel/./csk
copying build/lib/csk/identifiers.py -> build/bdist.macosx-15.0-arm64/wheel/./csk
copying build/lib/csk/transactions.py -> build/bdist.macosx-15.0-arm64/wheel/./csk
copying build/lib/csk/consumers.py -> build/bdist.macosx-15.0-arm64/wheel/./csk
copying build/lib/csk/__init__.py -> build/bdist.macosx-15.0-arm64/wheel/./csk
creating build/bdist.macosx-15.0-arm64/wheel/csk/builds
copying build/lib/csk/builds/__init__.py -> build/bdist.macosx-15.0-arm64/wheel/./csk/builds
copying build/lib/csk/skillspec.py -> build/bdist.macosx-15.0-arm64/wheel/./csk
copying build/lib/csk/installer.py -> build/bdist.macosx-15.0-arm64/wheel/./csk
copying build/lib/csk/gitignore_gate.py -> build/bdist.macosx-15.0-arm64/wheel/./csk
copying build/lib/csk/shell_init.py -> build/bdist.macosx-15.0-arm64/wheel/./csk
copying build/lib/csk/cli.py -> build/bdist.macosx-15.0-arm64/wheel/./csk
creating build/bdist.macosx-15.0-arm64/wheel/csk/audit
copying build/lib/csk/audit/redaction.py -> build/bdist.macosx-15.0-arm64/wheel/./csk/audit
copying build/lib/csk/audit/runner.py -> build/bdist.macosx-15.0-arm64/wheel/./csk/audit
copying build/lib/csk/audit/canary.py -> build/bdist.macosx-15.0-arm64/wheel/./csk/audit
creating build/bdist.macosx-15.0-arm64/wheel/csk/audit/backends
copying build/lib/csk/audit/backends/command_backend.py -> build/bdist.macosx-15.0-arm64/wheel/./csk/audit/backends
copying build/lib/csk/audit/backends/__init__.py -> build/bdist.macosx-15.0-arm64/wheel/./csk/audit/backends
copying build/lib/csk/audit/backends/null_backend.py -> build/bdist.macosx-15.0-arm64/wheel/./csk/audit/backends
copying build/lib/csk/audit/backends/base.py -> build/bdist.macosx-15.0-arm64/wheel/./csk/audit/backends
copying build/lib/csk/audit/backends/codex_backend.py -> build/bdist.macosx-15.0-arm64/wheel/./csk/audit/backends
copying build/lib/csk/audit/policy.py -> build/bdist.macosx-15.0-arm64/wheel/./csk/audit
copying build/lib/csk/audit/__init__.py -> build/bdist.macosx-15.0-arm64/wheel/./csk/audit
copying build/lib/csk/audit/model.py -> build/bdist.macosx-15.0-arm64/wheel/./csk/audit
copying build/lib/csk/audit/source_policy.py -> build/bdist.macosx-15.0-arm64/wheel/./csk/audit
copying build/lib/csk/audit/capabilities.py -> build/bdist.macosx-15.0-arm64/wheel/./csk/audit
copying build/lib/csk/audit/trust.py -> build/bdist.macosx-15.0-arm64/wheel/./csk/audit
copying build/lib/csk/audit/pipeline.py -> build/bdist.macosx-15.0-arm64/wheel/./csk/audit
creating build/bdist.macosx-15.0-arm64/wheel/csk/audit/prompts
copying build/lib/csk/audit/prompts/response-schema-v1.json -> build/bdist.macosx-15.0-arm64/wheel/./csk/audit/prompts
copying build/lib/csk/audit/prompts/extractor-v1.md -> build/bdist.macosx-15.0-arm64/wheel/./csk/audit/prompts
copying build/lib/csk/audit/detectors.py -> build/bdist.macosx-15.0-arm64/wheel/./csk/audit
copying build/lib/csk/audit/backend_config.py -> build/bdist.macosx-15.0-arm64/wheel/./csk/audit
copying build/lib/csk/audit/serialization.py -> build/bdist.macosx-15.0-arm64/wheel/./csk/audit
copying build/lib/csk/global_install.py -> build/bdist.macosx-15.0-arm64/wheel/./csk
copying build/lib/csk/locking.py -> build/bdist.macosx-15.0-arm64/wheel/./csk
copying build/lib/csk/protocol_json.py -> build/bdist.macosx-15.0-arm64/wheel/./csk
copying build/lib/csk/project_resolver.py -> build/bdist.macosx-15.0-arm64/wheel/./csk
copying build/lib/csk/locale.py -> build/bdist.macosx-15.0-arm64/wheel/./csk
copying build/lib/csk/shims.py -> build/bdist.macosx-15.0-arm64/wheel/./csk
copying build/lib/csk/_ed25519.py -> build/bdist.macosx-15.0-arm64/wheel/./csk
copying build/lib/csk/attest.py -> build/bdist.macosx-15.0-arm64/wheel/./csk
copying build/lib/csk/hashing.py -> build/bdist.macosx-15.0-arm64/wheel/./csk
copying build/lib/csk/__main__.py -> build/bdist.macosx-15.0-arm64/wheel/./csk
copying build/lib/csk/env_files.py -> build/bdist.macosx-15.0-arm64/wheel/./csk
copying build/lib/csk/closure.py -> build/bdist.macosx-15.0-arm64/wheel/./csk
copying build/lib/csk/snapshot.py -> build/bdist.macosx-15.0-arm64/wheel/./csk
copying build/lib/csk/status.py -> build/bdist.macosx-15.0-arm64/wheel/./csk
copying build/lib/csk/adapters.py -> build/bdist.macosx-15.0-arm64/wheel/./csk
warning: install_lib: byte-compiling is disabled, skipping.

running install_egg_info
Copying src/cocoaskills.egg-info to build/bdist.macosx-15.0-arm64/wheel/./cocoaskills-0.12.6.dev2+g5f8bfbbd6.d20260730-py3.11.egg-info
running install_scripts
creating build/bdist.macosx-15.0-arm64/wheel/cocoaskills-0.12.6.dev2+g5f8bfbbd6.d20260730.dist-info/WHEEL
creating '/Users/iv/Developer/ReluxWorks/curator/.temp/TASK-260720-z2z795/review-RUN-260730-9dff10/build-artifacts/.tmp-hlvhe1fg/cocoaskills-0.12.6.dev2+g5f8bfbbd6.d20260730-py3-none-any.whl' and adding 'build/bdist.macosx-15.0-arm64/wheel' to it
adding 'cocoaskills-0.12.6.dev2+g5f8bfbbd6.d20260730.dist-info/licenses/LICENSE'
adding 'csk/__init__.py'
adding 'csk/__main__.py'
adding 'csk/_ed25519.py'
adding 'csk/_version.py'
adding 'csk/adapters.py'
adding 'csk/attest.py'
adding 'csk/audit_registry.py'
adding 'csk/cli.py'
adding 'csk/closure.py'
adding 'csk/config.py'
adding 'csk/consumers.py'
adding 'csk/deprecation.py'
adding 'csk/dev_substitutions.py'
adding 'csk/env_files.py'
adding 'csk/gc.py'
adding 'csk/git_ops.py'
adding 'csk/gitignore_gate.py'
adding 'csk/global_bins.py'
adding 'csk/global_install.py'
adding 'csk/hashing.py'
adding 'csk/hybrid.py'
adding 'csk/identifiers.py'
adding 'csk/installer.py'
adding 'csk/locale.py'
adding 'csk/locking.py'
adding 'csk/manifest.py'
adding 'csk/mcp_configs.py'
adding 'csk/project_resolver.py'
adding 'csk/protocol_json.py'
adding 'csk/shell_init.py'
adding 'csk/shims.py'
adding 'csk/skillcheck.py'
adding 'csk/skillspec.py'
adding 'csk/snapshot.py'
adding 'csk/source_identity.py'
adding 'csk/status.py'
adding 'csk/transactions.py'
adding 'csk/whitelist.py'
adding 'csk/audit/__init__.py'
adding 'csk/audit/backend_config.py'
adding 'csk/audit/canary.py'
adding 'csk/audit/capabilities.py'
adding 'csk/audit/detectors.py'
adding 'csk/audit/model.py'
adding 'csk/audit/pipeline.py'
adding 'csk/audit/policy.py'
adding 'csk/audit/redaction.py'
adding 'csk/audit/runner.py'
adding 'csk/audit/serialization.py'
adding 'csk/audit/source_policy.py'
adding 'csk/audit/trust.py'
adding 'csk/audit/backends/__init__.py'
adding 'csk/audit/backends/base.py'
adding 'csk/audit/backends/codex_backend.py'
adding 'csk/audit/backends/command_backend.py'
adding 'csk/audit/backends/null_backend.py'
adding 'csk/audit/prompts/extractor-v1.md'
adding 'csk/audit/prompts/response-schema-v1.json'
adding 'csk/builds/__init__.py'
adding 'cocoaskills-0.12.6.dev2+g5f8bfbbd6.d20260730.dist-info/METADATA'
adding 'cocoaskills-0.12.6.dev2+g5f8bfbbd6.d20260730.dist-info/WHEEL'
adding 'cocoaskills-0.12.6.dev2+g5f8bfbbd6.d20260730.dist-info/entry_points.txt'
adding 'cocoaskills-0.12.6.dev2+g5f8bfbbd6.d20260730.dist-info/top_level.txt'
adding 'cocoaskills-0.12.6.dev2+g5f8bfbbd6.d20260730.dist-info/RECORD'
removing build/bdist.macosx-15.0-arm64/wheel
Successfully built cocoaskills-0.12.6.dev2+g5f8bfbbd6.d20260730.tar.gz and cocoaskills-0.12.6.dev2+g5f8bfbbd6.d20260730-py3-none-any.whl
