 M go.mod
 M internal/closure/closure.go
 M internal/closure/closure_test.go
 M internal/closure/conformance_test.go
 M internal/globalbins/globalbins_test.go
 M internal/install/global.go
 M internal/install/install.go
 M internal/install/install_test.go
 M internal/interop/golden_test.go
 M internal/marker/marker.go
 M internal/marker/marker_test.go
 M internal/protocoljson/json_test.go
 M internal/registry/registry.go
 M internal/runtimestore/runtimestore.go
 M internal/skillcheck/skillcheck.go
 M internal/skillcheck/skillcheck_test.go
 M internal/skillspec/conformance_test.go
 M internal/skillspec/parse.go
 M internal/skillspec/parse_test.go
 M internal/skillspec/types.go
 M internal/snapshot/snapshot.go
 M internal/snapshot/snapshot_test.go
 M internal/whitelist/whitelist.go
 M internal/whitelist/whitelist_test.go
?? internal/buildcache/
?? internal/buildmeta/
?? internal/buildsource/
?? internal/managerlock/
?? internal/marker/marker_v2_test.go
?? internal/protocoljson/ccj.go
?? internal/runtimestore/conformance_test.go
?? internal/runtimestore/scripts.go
?? internal/runtimestore/targets.go
?? internal/runtimestore/targets_test.go
?? internal/runtimestore/targets_unix_test.go
?? internal/runtimestore/targets_windows_test.go
?? internal/skillspec/build_test.go
?? internal/snapshot/lock.go
?? internal/snapshot/lock_unix.go
?? internal/snapshot/lock_windows.go
?? internal/transaction/
?? internal/whitelist/conformance_test.go
?? task-board.config.json
