base=17804ceae42d3bb62abf6e8a9d9cbef6dd5370b8
candidate=e3b0c44298fc1c149afbf4c8996fb92427ae41e4649b934ca495991b7852b855  -
imported=e3b0c44298fc1c149afbf4c8996fb92427ae41e4649b934ca495991b7852b855  -
blocked-only internal/godriver present:
no
product transaction files:
internal/transaction/digest.go
internal/transaction/durability_unix.go
internal/transaction/durability_windows.go
internal/transaction/engine.go
internal/transaction/engine_test.go
internal/transaction/files.go
internal/transaction/journal.go
internal/transaction/recovery_corruption_test.go
internal/transaction/rename_noreplace_darwin.go
internal/transaction/rename_noreplace_linux.go
internal/transaction/rename_noreplace_other_unix.go
internal/transaction/rename_noreplace_windows.go
internal/transaction/replace_unix.go
internal/transaction/replace_windows.go
internal/transaction/subprocess_test.go
internal/transaction/types.go
internal/transaction/validation_test.go
