=== RUN   TestAtomicPublicationIdenticalRace
    cache_test.go:235: prepare protected cache root: untrusted cache provenance: C:\Users\admin\AppData\Local\Temp\TestAtomicPublicationIdenticalRace1614882962\001\cache DACL is not protected from inheritance
--- FAIL: TestAtomicPublicationIdenticalRace (0.08s)
=== RUN   TestAtomicPublicationConflictingRace
    cache_test.go:282: unexpected publication error: prepare protected cache root: untrusted cache provenance: C:\Users\admin\AppData\Local\Temp\TestAtomicPublicationConflictingRace2726668342\001\cache DACL is not protected from inheritance
--- FAIL: TestAtomicPublicationConflictingRace (0.02s)
=== RUN   TestAtomicPublicationIdenticalRace
    cache_test.go:235: prepare protected cache root: untrusted cache provenance: C:\Users\admin\AppData\Local\Temp\TestAtomicPublicationIdenticalRace2546062737\001\cache DACL is not protected from inheritance
--- FAIL: TestAtomicPublicationIdenticalRace (0.04s)
=== RUN   TestAtomicPublicationConflictingRace
    cache_test.go:282: unexpected publication error: prepare protected cache root: untrusted cache provenance: C:\Users\admin\AppData\Local\Temp\TestAtomicPublicationConflictingRace4068490078\001\cache DACL is not protected from inheritance
--- FAIL: TestAtomicPublicationConflictingRace (0.01s)
=== RUN   TestAtomicPublicationIdenticalRace
    cache_test.go:235: prepare protected cache root: untrusted cache provenance: C:\Users\admin\AppData\Local\Temp\TestAtomicPublicationIdenticalRace2732174879\001\cache DACL is not protected from inheritance
--- FAIL: TestAtomicPublicationIdenticalRace (0.09s)
=== RUN   TestAtomicPublicationConflictingRace
    cache_test.go:282: unexpected publication error: prepare protected cache root: untrusted cache provenance: C:\Users\admin\AppData\Local\Temp\TestAtomicPublicationConflictingRace3876328073\001\cache DACL is not protected from inheritance
--- FAIL: TestAtomicPublicationConflictingRace (0.01s)
=== RUN   TestAtomicPublicationIdenticalRace
    cache_test.go:235: prepare protected cache root: untrusted cache provenance: C:\Users\admin\AppData\Local\Temp\TestAtomicPublicationIdenticalRace1724344440\001\cache DACL is not protected from inheritance
--- FAIL: TestAtomicPublicationIdenticalRace (0.10s)
=== RUN   TestAtomicPublicationConflictingRace
--- PASS: TestAtomicPublicationConflictingRace (0.03s)
=== RUN   TestAtomicPublicationIdenticalRace
    cache_test.go:235: prepare protected cache root: untrusted cache provenance: C:\Users\admin\AppData\Local\Temp\TestAtomicPublicationIdenticalRace2368223517\001\cache DACL is not protected from inheritance
--- FAIL: TestAtomicPublicationIdenticalRace (0.10s)
=== RUN   TestAtomicPublicationConflictingRace
    cache_test.go:282: unexpected publication error: prepare protected cache root: untrusted cache provenance: C:\Users\admin\AppData\Local\Temp\TestAtomicPublicationConflictingRace1950101366\001\cache\build\go-v1 DACL is not protected from inheritance
--- FAIL: TestAtomicPublicationConflictingRace (0.01s)
FAIL
