=== RUN   TestAtomicPublicationIdenticalRace
    cache_test.go:235: prepare protected cache root: untrusted cache provenance: C:\Users\admin\AppData\Local\Temp\TestAtomicPublicationIdenticalRace3385110090\001\cache\build DACL is not protected from inheritance
--- FAIL: TestAtomicPublicationIdenticalRace (0.15s)
=== RUN   TestAtomicPublicationConflictingRace
    cache_test.go:282: unexpected publication error: prepare protected cache root: untrusted cache provenance: C:\Users\admin\AppData\Local\Temp\TestAtomicPublicationConflictingRace3373298621\001\cache\build DACL is not protected from inheritance
--- FAIL: TestAtomicPublicationConflictingRace (0.02s)
=== RUN   TestAtomicPublicationIdenticalRace
    cache_test.go:235: prepare protected cache root: untrusted cache provenance: C:\Users\admin\AppData\Local\Temp\TestAtomicPublicationIdenticalRace638849377\001\cache\build DACL is not protected from inheritance
--- FAIL: TestAtomicPublicationIdenticalRace (0.10s)
=== RUN   TestAtomicPublicationConflictingRace
--- PASS: TestAtomicPublicationConflictingRace (0.03s)
=== RUN   TestAtomicPublicationIdenticalRace
    cache_test.go:235: prepare protected cache root: untrusted cache provenance: C:\Users\admin\AppData\Local\Temp\TestAtomicPublicationIdenticalRace1256678868\001\cache\build DACL is not protected from inheritance
--- FAIL: TestAtomicPublicationIdenticalRace (0.09s)
=== RUN   TestAtomicPublicationConflictingRace
--- PASS: TestAtomicPublicationConflictingRace (0.03s)
=== RUN   TestAtomicPublicationIdenticalRace
    cache_test.go:235: prepare protected cache root: untrusted cache provenance: C:\Users\admin\AppData\Local\Temp\TestAtomicPublicationIdenticalRace2689161802\001\cache\build DACL is not protected from inheritance
--- FAIL: TestAtomicPublicationIdenticalRace (0.03s)
=== RUN   TestAtomicPublicationConflictingRace
--- PASS: TestAtomicPublicationConflictingRace (0.03s)
=== RUN   TestAtomicPublicationIdenticalRace
    cache_test.go:235: prepare protected cache root: untrusted cache provenance: C:\Users\admin\AppData\Local\Temp\TestAtomicPublicationIdenticalRace4281312817\001\cache\build DACL is not protected from inheritance
--- FAIL: TestAtomicPublicationIdenticalRace (0.12s)
=== RUN   TestAtomicPublicationConflictingRace
    cache_test.go:282: unexpected publication error: prepare protected cache root: untrusted cache provenance: C:\Users\admin\AppData\Local\Temp\TestAtomicPublicationConflictingRace2503250312\001\cache\build\go-v1 DACL is not protected from inheritance
--- FAIL: TestAtomicPublicationConflictingRace (0.01s)
FAIL
