=== RUN   TestInspectMissAndUnsupportedAreReadOnly
--- PASS: TestInspectMissAndUnsupportedAreReadOnly (0.00s)
=== RUN   TestPublishAndInspectExactProtectedHit
--- PASS: TestPublishAndInspectExactProtectedHit (0.04s)
=== RUN   TestInspectRejectsCorruptReceiptAndArtifactState
=== RUN   TestInspectRejectsCorruptReceiptAndArtifactState/receipt_trailing_newline
=== RUN   TestInspectRejectsCorruptReceiptAndArtifactState/artifact_bytes
=== RUN   TestInspectRejectsCorruptReceiptAndArtifactState/missing_receipt
=== RUN   TestInspectRejectsCorruptReceiptAndArtifactState/oversized_receipt
=== RUN   TestInspectRejectsCorruptReceiptAndArtifactState/unexpected_entry
=== RUN   TestInspectRejectsCorruptReceiptAndArtifactState/recorded_receipt_hash
--- PASS: TestInspectRejectsCorruptReceiptAndArtifactState (0.17s)
    --- PASS: TestInspectRejectsCorruptReceiptAndArtifactState/receipt_trailing_newline (0.03s)
    --- PASS: TestInspectRejectsCorruptReceiptAndArtifactState/artifact_bytes (0.03s)
    --- PASS: TestInspectRejectsCorruptReceiptAndArtifactState/missing_receipt (0.02s)
    --- PASS: TestInspectRejectsCorruptReceiptAndArtifactState/oversized_receipt (0.04s)
    --- PASS: TestInspectRejectsCorruptReceiptAndArtifactState/unexpected_entry (0.03s)
    --- PASS: TestInspectRejectsCorruptReceiptAndArtifactState/recorded_receipt_hash (0.03s)
=== RUN   TestPublicationRequiresHeldHomeLock
--- PASS: TestPublicationRequiresHeldHomeLock (0.01s)
=== RUN   TestPublishQuarantinesCorruptEntryBeforeReplacement
--- PASS: TestPublishQuarantinesCorruptEntryBeforeReplacement (0.04s)
=== RUN   TestAtomicPublicationIdenticalRace
    cache_test.go:235: prepare protected cache root: untrusted cache provenance: C:\Users\admin\AppData\Local\Temp\TestAtomicPublicationIdenticalRace349377210\001\cache\build DACL is not protected from inheritance
--- FAIL: TestAtomicPublicationIdenticalRace (0.12s)
=== RUN   TestAtomicPublicationConflictingRace
--- PASS: TestAtomicPublicationConflictingRace (0.03s)
=== RUN   TestUnsupportedPublicationFailsWithoutPersistentState
--- PASS: TestUnsupportedPublicationFailsWithoutPersistentState (0.00s)
=== RUN   TestSweepRetainsReferencedAndYoungEntries
--- PASS: TestSweepRetainsReferencedAndYoungEntries (0.07s)
=== RUN   TestSweepUsesTheDocumentedDefaultGrace
--- PASS: TestSweepUsesTheDocumentedDefaultGrace (0.03s)
=== RUN   TestSweepRequiresTheHomeLock
--- PASS: TestSweepRequiresTheHomeLock (0.03s)
=== RUN   TestSweepRetainsUnprovableEntries
=== RUN   TestSweepRetainsUnprovableEntries/corrupt_receipt
=== RUN   TestSweepRetainsUnprovableEntries/missing_receipt
=== RUN   TestSweepRetainsUnprovableEntries/tampered_artifact
=== RUN   TestSweepRetainsUnprovableEntries/unexpected_member
=== RUN   TestSweepRetainsUnprovableEntries/receipt_of_another_key
--- PASS: TestSweepRetainsUnprovableEntries (0.14s)
    --- PASS: TestSweepRetainsUnprovableEntries/corrupt_receipt (0.03s)
    --- PASS: TestSweepRetainsUnprovableEntries/missing_receipt (0.03s)
    --- PASS: TestSweepRetainsUnprovableEntries/tampered_artifact (0.03s)
    --- PASS: TestSweepRetainsUnprovableEntries/unexpected_member (0.03s)
    --- PASS: TestSweepRetainsUnprovableEntries/receipt_of_another_key (0.03s)
=== RUN   TestSweepRetainsForeignAndPrivateRootMembers
--- PASS: TestSweepRetainsForeignAndPrivateRootMembers (0.03s)
=== RUN   TestSweepFinishesInterruptedRemovals
--- PASS: TestSweepFinishesInterruptedRemovals (0.01s)
=== RUN   TestSweepReportsMalformedReferencesAndSkewedClocks
--- PASS: TestSweepReportsMalformedReferencesAndSkewedClocks (0.02s)
=== RUN   TestSweepWithoutACacheRootIsANoop
--- PASS: TestSweepWithoutACacheRootIsANoop (0.00s)
=== RUN   TestSweepRejectsUnsupportedProtectionAndNegativeGrace
--- PASS: TestSweepRejectsUnsupportedProtectionAndNegativeGrace (0.03s)
=== RUN   TestRetireEntryCannotEscapeTheCacheRoot
--- PASS: TestRetireEntryCannotEscapeTheCacheRoot (0.01s)
=== RUN   TestRetireEntryRefusesAnUnboundRoot
--- PASS: TestRetireEntryRefusesAnUnboundRoot (0.00s)
=== RUN   TestSweepRefusesACacheRootExchangedBeforeMutation
--- PASS: TestSweepRefusesACacheRootExchangedBeforeMutation (0.01s)
=== RUN   TestEntryNameRejectsNonCanonicalKeys
--- PASS: TestEntryNameRejectsNonCanonicalKeys (0.00s)
=== RUN   TestSweepRetainsUntrustedWindowsState
=== RUN   TestSweepRetainsUntrustedWindowsState/entry_grants_another_principal_mutation_rights
=== RUN   TestSweepRetainsUntrustedWindowsState/receipt_grants_another_principal_mutation_rights
=== RUN   TestSweepRetainsUntrustedWindowsState/cache_root_grants_another_principal_mutation_rights
=== RUN   TestSweepRetainsUntrustedWindowsState/manager_home_grants_another_principal_mutation_rights
--- PASS: TestSweepRetainsUntrustedWindowsState (0.10s)
    --- PASS: TestSweepRetainsUntrustedWindowsState/entry_grants_another_principal_mutation_rights (0.03s)
    --- PASS: TestSweepRetainsUntrustedWindowsState/receipt_grants_another_principal_mutation_rights (0.02s)
    --- PASS: TestSweepRetainsUntrustedWindowsState/cache_root_grants_another_principal_mutation_rights (0.02s)
    --- PASS: TestSweepRetainsUntrustedWindowsState/manager_home_grants_another_principal_mutation_rights (0.02s)
=== RUN   TestSweepDoesNotFollowAReparsedEntry
    collect_windows_test.go:112: symbolic links are unavailable to this account (symlink C:\Users\admin\AppData\Local\Temp\TestSweepDoesNotFollowAReparsedEntry2064150373\001\cache\build\go-v1\c8ed5277eecbf2f1a376b81b107c611c688ec95897f57c18135cc610c404b94d C:\Users\admin\AppData\Local\Temp\TestSweepDoesNotFollowAReparsedEntry2064150373\001\cache\build\go-v1\b8ed5277eecbf2f1a376b81b107c611c688ec95897f57c18135cc610c404b94d: A required privilege is not held by the client.); using a junction
--- PASS: TestSweepDoesNotFollowAReparsedEntry (0.05s)
=== RUN   TestSweepRemovalSurvivesACacheRootExchangedMidPass
    collect_windows_test.go:179: the proven cache root could not be exchanged at all: rename C:\Users\admin\AppData\Local\Temp\TestSweepRemovalSurvivesACacheRootExchangedMidPass326932468\001\cache\build\go-v1 C:\Users\admin\AppData\Local\Temp\TestSweepRemovalSurvivesACacheRootExchangedMidPass326932468\001\cache\build\moved-away: The process cannot access the file because it is being used by another process.
--- PASS: TestSweepRemovalSurvivesACacheRootExchangedMidPass (0.03s)
=== RUN   TestSweepClassificationSurvivesACacheRootExchangedMidPass
    collect_windows_test.go:247: the proven cache root could not be exchanged at all: rename C:\Users\admin\AppData\Local\Temp\TestSweepClassificationSurvivesACacheRootExchangedMidPass564324960\001\cache\build\go-v1 C:\Users\admin\AppData\Local\Temp\TestSweepClassificationSurvivesACacheRootExchangedMidPass564324960\001\cache\build\moved-away: The process cannot access the file because it is being used by another process.
--- PASS: TestSweepClassificationSurvivesACacheRootExchangedMidPass (0.05s)
=== RUN   TestSweepDoesNotFollowAReparsedCacheRoot
    collect_windows_test.go:279: symbolic links are unavailable to this account (symlink C:\Users\admin\AppData\Local\Temp\TestSweepDoesNotFollowAReparsedCacheRoot2185232326\001\elsewhere C:\Users\admin\AppData\Local\Temp\TestSweepDoesNotFollowAReparsedCacheRoot2185232326\001\cache\build\go-v1: A required privilege is not held by the client.); using a junction
--- PASS: TestSweepDoesNotFollowAReparsedCacheRoot (0.03s)
=== RUN   TestCandidateCacheOutcomeVocabulary
    conformance_test.go:13: CURATOR_CONFORMANCE_ROOT is not set
--- SKIP: TestCandidateCacheOutcomeVocabulary (0.00s)
=== RUN   TestClosedHandlesFailReadHelpers
--- PASS: TestClosedHandlesFailReadHelpers (0.00s)
=== RUN   TestWindowsProtectedStateMatrix
=== RUN   TestWindowsProtectedStateMatrix/artifact_grants_another_principal_mutation_rights
=== RUN   TestWindowsProtectedStateMatrix/artifact_denies_owner_mutation_rights
=== RUN   TestWindowsProtectedStateMatrix/artifact_has_applicable_group_deny
=== RUN   TestWindowsProtectedStateMatrix/artifact_has_inherit-only_owner_allow
    testing.go:1369: TempDir RemoveAll cleanup: unlinkat C:\Users\admin\AppData\Local\Temp\TestWindowsProtectedStateMatrixartifact_has_inherit-only_owner_2476726192\001\cache\build\go-v1\c8ed5277eecbf2f1a376b81b107c611c688ec95897f57c18135cc610c404b94d\bin\tool.exe: Access is denied.
=== RUN   TestWindowsProtectedStateMatrix/artifact_owner_lacks_required_mutation_rights
=== RUN   TestWindowsProtectedStateMatrix/artifact_hard_link
=== RUN   TestWindowsProtectedStateMatrix/artifact_special_file
=== RUN   TestWindowsProtectedStateMatrix/artifact_reparse_point
    protection_windows_test.go:100: creating Windows symlink requires host support: symlink C:\Users\admin\AppData\Local\Temp\TestWindowsProtectedStateMatrixartifact_reparse_point3964780841\001\reparse-target C:\Users\admin\AppData\Local\Temp\TestWindowsProtectedStateMatrixartifact_reparse_point3964780841\001\cache\build\go-v1\c8ed5277eecbf2f1a376b81b107c611c688ec95897f57c18135cc610c404b94d\bin\tool.exe: A required privilege is not held by the client.
--- FAIL: TestWindowsProtectedStateMatrix (2.04s)
    --- PASS: TestWindowsProtectedStateMatrix/artifact_grants_another_principal_mutation_rights (0.03s)
    --- PASS: TestWindowsProtectedStateMatrix/artifact_denies_owner_mutation_rights (0.03s)
    --- PASS: TestWindowsProtectedStateMatrix/artifact_has_applicable_group_deny (0.03s)
    --- FAIL: TestWindowsProtectedStateMatrix/artifact_has_inherit-only_owner_allow (1.82s)
    --- PASS: TestWindowsProtectedStateMatrix/artifact_owner_lacks_required_mutation_rights (0.07s)
    --- PASS: TestWindowsProtectedStateMatrix/artifact_hard_link (0.03s)
    --- PASS: TestWindowsProtectedStateMatrix/artifact_special_file (0.02s)
    --- SKIP: TestWindowsProtectedStateMatrix/artifact_reparse_point (0.03s)
=== RUN   TestValidateWindowsSecurityPolicy
=== RUN   TestValidateWindowsSecurityPolicy/canonical_owner-only_full_control
=== RUN   TestValidateWindowsSecurityPolicy/owner_deny
=== RUN   TestValidateWindowsSecurityPolicy/applicable_group_deny
=== RUN   TestValidateWindowsSecurityPolicy/inherit-only_owner_allow
=== RUN   TestValidateWindowsSecurityPolicy/owner_lacks_required_mutation_rights
=== RUN   TestValidateWindowsSecurityPolicy/wrong_owner
--- PASS: TestValidateWindowsSecurityPolicy (0.00s)
    --- PASS: TestValidateWindowsSecurityPolicy/canonical_owner-only_full_control (0.00s)
    --- PASS: TestValidateWindowsSecurityPolicy/owner_deny (0.00s)
    --- PASS: TestValidateWindowsSecurityPolicy/applicable_group_deny (0.00s)
    --- PASS: TestValidateWindowsSecurityPolicy/inherit-only_owner_allow (0.00s)
    --- PASS: TestValidateWindowsSecurityPolicy/owner_lacks_required_mutation_rights (0.00s)
    --- PASS: TestValidateWindowsSecurityPolicy/wrong_owner (0.00s)
=== RUN   TestInvalidInputsFailClosed
--- PASS: TestInvalidInputsFailClosed (0.00s)
=== RUN   TestInvalidPublicationsLeaveCacheUnpublished
=== RUN   TestInvalidPublicationsLeaveCacheUnpublished/noncanonical_receipt
=== RUN   TestInvalidPublicationsLeaveCacheUnpublished/missing_artifact_source
=== RUN   TestInvalidPublicationsLeaveCacheUnpublished/artifact_source_is_directory
=== RUN   TestInvalidPublicationsLeaveCacheUnpublished/artifact_bytes_mismatch
--- PASS: TestInvalidPublicationsLeaveCacheUnpublished (0.01s)
    --- PASS: TestInvalidPublicationsLeaveCacheUnpublished/noncanonical_receipt (0.00s)
    --- PASS: TestInvalidPublicationsLeaveCacheUnpublished/missing_artifact_source (0.00s)
    --- PASS: TestInvalidPublicationsLeaveCacheUnpublished/artifact_source_is_directory (0.00s)
    --- PASS: TestInvalidPublicationsLeaveCacheUnpublished/artifact_bytes_mismatch (0.00s)
=== RUN   TestExplicitQuarantineMovesEntryAndMissingIsNoop
--- PASS: TestExplicitQuarantineMovesEntryAndMissingIsNoop (0.02s)
=== RUN   TestConflictErrorCarriesLogicalKey
--- PASS: TestConflictErrorCarriesLogicalKey (0.00s)
FAIL
