TASK-260728-3b8qym tool readiness
2026-07-28 Asia/Tbilisi

task-board --version
exit 0
task-board version 0.23.0 (commit beec6e9, built 2026-07-27T23:36:53Z)

git --version
exit 0
git version 2.50.1 (Apple Git-155)

rg --version
exit 0
ripgrep 15.2.0 (rev e89fff89ac), PCRE2 10.45

go version
exit 0
go version go1.25.5 darwin/arm64

make --version
exit 0
GNU Make 3.81

python --version
exit 0
Python 3.14.4 (task-local validation virtual environment)

gofmt -h
exit 0
gofmt from Go 1.25.5 toolchain

rsync --version
exit 0
openrsync protocol version 29, rsync 2.6.9 compatible

shasum -a 256
exit 0
Perl shasum available; used to recompute candidate artifact digests
