git_executable=/usr/bin/git
GIT_INDEX_FILE=None
GIT_DIR=None
GIT_WORK_TREE=None
generator_process_execution_api=false
validator_process_execution_api=false
release_gate_subprocess_calls=1
release_gate_subprocess_scope=git-only
build_driver_rejections=77
all_rejections_artifact_executed=false
all_rejections_result=reject
claims_emitted=0
committed_release_pin_advanced=false
source_worktree_head=f5d7673039226ab81de2f4f87e2155ae995c4df3
source_worktree_staged_changes=false
validation_candidate_head=c19ee6fb3fcc12f960455760ccd6cc6fb1bc5380
validation_candidate_parent=f5d7673039226ab81de2f4f87e2155ae995c4df3
validation_candidate_tree=21d1bb6f4c39ffbd874ea16406d003b2a672877d
validation_candidate_signature=N
validation_candidate_tags=0
validation_candidate_scope=disposable-local-test-only
remote_main=f5d7673039226ab81de2f4f87e2155ae995c4df3
remote_main_unchanged=true
push_performed=false
tag_performed=false
release_performed=false
implementation_pin_changed=false
safety_publication_audit_exit=0
