2026-07-20T22:28:28Z
baseline=57c1f56846d221ecc55786bd3c2467ec32f11730
zsh:1: command not found: git
zsh:1: command not found: shasum
zsh:1: command not found: awk
zsh:1: command not found: shasum
zsh:1: command not found: awk
MATCH  schemas/v1/agent-skill-v1.schema.json
zsh:1: command not found: git
zsh:1: command not found: shasum
zsh:1: command not found: awk
zsh:1: command not found: shasum
zsh:1: command not found: awk
MATCH  schemas/v1/agent-skill-v2.schema.json
zsh:1: command not found: git
zsh:1: command not found: shasum
zsh:1: command not found: awk
zsh:1: command not found: shasum
zsh:1: command not found: awk
MATCH  schemas/v1/agent-skill-v3.schema.json
zsh:1: command not found: git
zsh:1: command not found: shasum
zsh:1: command not found: awk
zsh:1: command not found: shasum
zsh:1: command not found: awk
MATCH  schemas/v1/agent-skill-v4.schema.json
zsh:1: command not found: git
zsh:1: command not found: shasum
zsh:1: command not found: awk
zsh:1: command not found: shasum
zsh:1: command not found: awk
MATCH  schemas/v1/agent-skill-v5.schema.json
zsh:1: command not found: git
zsh:1: command not found: shasum
zsh:1: command not found: awk
zsh:1: command not found: shasum
zsh:1: command not found: awk
MATCH  schemas/v1/csk-skill-v1.schema.json
zsh:1: command not found: git
zsh:1: command not found: shasum
zsh:1: command not found: awk
zsh:1: command not found: shasum
zsh:1: command not found: awk
MATCH  schemas/v1/csk-skill-v2.schema.json
zsh:1: command not found: git
zsh:1: command not found: shasum
zsh:1: command not found: awk
zsh:1: command not found: shasum
zsh:1: command not found: awk
MATCH  schemas/v1/csk-skill-v3.schema.json
zsh:1: command not found: git
zsh:1: command not found: shasum
zsh:1: command not found: awk
zsh:1: command not found: shasum
zsh:1: command not found: awk
MATCH  schemas/v1/csk-skill-v4.schema.json
zsh:1: command not found: git
zsh:1: command not found: shasum
zsh:1: command not found: awk
zsh:1: command not found: shasum
zsh:1: command not found: awk
MATCH  schemas/v1/csk-skill-v5.schema.json
zsh:1: command not found: git
zsh:1: command not found: shasum
zsh:1: command not found: awk
zsh:1: command not found: shasum
zsh:1: command not found: awk
MATCH  schemas/v1/install-marker-v1.schema.json
zsh:1: command not found: git
zsh:1: command not found: shasum
zsh:1: command not found: awk
zsh:1: command not found: shasum
zsh:1: command not found: awk
MATCH  schemas/v1/conformance-claim-v1.schema.json
zsh:1: command not found: find
zsh:1: command not found: sort
zsh:1: command not found: find
zsh:1: command not found: sort
zsh:1: command not found: find
zsh:1: command not found: sort
zsh:1: command not found: find
zsh:1: command not found: sort
zsh:1: command not found: find
zsh:1: command not found: sort
zsh:1: command not found: find
zsh:1: command not found: sort
zsh:1: command not found: find
zsh:1: command not found: sort
zsh:1: command not found: find
zsh:1: command not found: sort
zsh:1: command not found: find
zsh:1: command not found: sort
zsh:1: command not found: find
zsh:1: command not found: sort
zsh:1: command not found: find
zsh:1: command not found: sort
zsh:1: command not found: find
zsh:1: command not found: sort
zsh:1: command not found: jq
zsh:1: command not found: git
zsh:1: command not found: diff
zsh:1: command not found: jq
zsh:1: command not found: git
zsh:1: command not found: jq
legacy schema and case bytes, indexed semantics, and claim-v1 identity match origin/main
