protocol_version=1.0.0-rc.5
manifest_entries=447
manifest_sha256=sha256:cb02172dca20e33509891bde88da021b946b590c4267decdf7d6b566012a239b
schema_count=42
schema_case_entries=376
schema_cases[agent-skill-v6.schema.json]=24
schema_cases[csk-skill-v6.schema.json]=24
schema_cases[build-receipt-v1.schema.json]=18
schema_cases[install-marker-v2.schema.json]=14
schema_cases[conformance-claim-v2.schema.json]=7
schema_cases[conformance-claim-v3.schema.json]=13
go_build_fixture_files=13
expected_build_driver_files=11
build_driver_positive_cases=8
build_driver_rejection_cases=77
build_source_cases=10
toolchain_cases=12
lifecycle_named_cases=32
compiled_lifecycle_cases=22
compiled_lifecycle_case=all-misses-stage-and-verify-before-home-lock
compiled_lifecycle_case=all-source-and-trust-gates-before-build
compiled_lifecycle_case=compiled-cache-miss-is-read-only
compiled_lifecycle_case=compiled-currentness-failure-matrix
compiled_lifecycle_case=compiled-installation-current
compiled_lifecycle_case=concurrent-determinism-mismatch
compiled_lifecycle_case=concurrent-identical-winner
compiled_lifecycle_case=corrupt-live-entry
compiled_lifecycle_case=deterministic-lock-order
compiled_lifecycle_case=deterministic-target-order-and-consumer-last
compiled_lifecycle_case=install-recovery-runs-after-private-builds
compiled_lifecycle_case=interrupted-global-journal-recovered-by-transaction-id
compiled_lifecycle_case=locked-mark-and-sweep-compiled-cache
compiled_lifecycle_case=post-commit-gc-failure-is-maintenance-warning
compiled_lifecycle_case=provider-first-and-lexical-command-order
compiled_lifecycle_case=publish-complete-immutable-entry-under-home-lock
compiled_lifecycle_case=repair-rebuilds-invalid-compiled-entry
compiled_lifecycle_case=reverse-rollback-under-home-lock
compiled_lifecycle_case=second-build-failure-preserves-persistent-state
compiled_lifecycle_case=successful-project-survives-other-project-rollback
compiled_lifecycle_case=two-project-success-preserves-both-consumers
compiled_lifecycle_case=untrusted-cache-boundary
manager_lifecycle_sha256=sha256:25f573a40652dfaf6bb52818b2209c2f8c1e6aec2a7515023e0ac531c2d91289
all_manifest_hashes_match=true
schema_case_index_exact=true
release_pins_match_manifest=true
