legacy_schema_sha256[schemas/v1/agent-skill-v1.schema.json]=e45bd395ec346e0140cd4d0bfec30001ed901d7490f72373a9eca4a35ac418a6
legacy_schema_sha256[schemas/v1/agent-skill-v2.schema.json]=7415e3e45d1aaa39e93e3db25265f66726fcc92c5bb62357f9c3a3a5080eeca5
legacy_schema_sha256[schemas/v1/agent-skill-v3.schema.json]=f612705df45099c0bef72ef7733dfdd691b32bf41d13c1e7804dfe01d51dc48b
legacy_schema_sha256[schemas/v1/agent-skill-v4.schema.json]=a6b813a48c0b857aacf9760fe7372b3678b23849b47f48ef034e6c5b3f480fd4
legacy_schema_sha256[schemas/v1/agent-skill-v5.schema.json]=4d4556c12655cd94fb2fb6499d2b24519124bdee7db34802264665f46999242d
legacy_schema_sha256[schemas/v1/csk-skill-v1.schema.json]=7cab6250b9c975c09281d4bef4f2eb0a889228ca2c17390395e955fb70a3a224
legacy_schema_sha256[schemas/v1/csk-skill-v2.schema.json]=43bfe3e22107a92e13c3d21dc6d8c140951f7243e14fdf1809795123e5360361
legacy_schema_sha256[schemas/v1/csk-skill-v3.schema.json]=9fe1d36d6c9be071ed269a04e024b6a8c91fbb5d2342e4593cf7f44c139f82f1
legacy_schema_sha256[schemas/v1/csk-skill-v4.schema.json]=2ed3d3c0be2c450909ac1f1fc068e0121ff729ceee6ede6b2d6dc157e4da1227
legacy_schema_sha256[schemas/v1/csk-skill-v5.schema.json]=322d30bf3cf43a0a638bd73621029b0b29aa437f8c1f6f0870e2658c55980abe
legacy_schema_sha256[schemas/v1/install-marker-v1.schema.json]=aff8070c3e4e77a45aee3fc0b8c21be24d1e7a759a199357698611662cead855
legacy_schema_sha256[schemas/v1/conformance-claim-v1.schema.json]=c9f49460618ccc8b1d7d2dfaf760fc6ad3a53a870a6685a685ddc148d3c87b3f
claim_v2_frozen_sha256[schemas/v1/conformance-claim-v2.schema.json]=4c05a97a1aa9f7dafe629a406a853239928413e79e95488ac2b20ebd0c52a38c
claim_v2_frozen_sha256[conformance/v1/schema-cases/conformance-claim-v2/invalid-duplicate-classes.json]=2d74783021873fb41b0176205835624e56db4fa7fb3c0435c8dbcd0e05b58fc0
claim_v2_frozen_sha256[conformance/v1/schema-cases/conformance-claim-v2/invalid-protocol-version-rc3.json]=5558db5556576993d4abe93c0f4849380591f71c25173a77f2493448fbe11eef
claim_v2_frozen_sha256[conformance/v1/schema-cases/conformance-claim-v2/invalid-result-fail.json]=eeeecc9577f418b78a9a5edbaea9d6294d30f1d06886d6af9f56e64e271d8268
claim_v2_frozen_sha256[conformance/v1/schema-cases/conformance-claim-v2/invalid-schema-version-1.json]=aa5588297fb49d39eb39ca3052f6f97bb67236608b72cc9d0478b043cce6562f
claim_v2_frozen_sha256[conformance/v1/schema-cases/conformance-claim-v2/invalid-unknown-field.json]=d10459fefb4b07aa1ade03a0627fbcfe9cd790c99d5d6374c9de15c5f22dc9a3
claim_v2_frozen_sha256[conformance/v1/schema-cases/conformance-claim-v2/invalid.json]=79d244335cb2ddfb9c831aa38c31c6ca37c89f0704ad61a19032882b1bec8604
claim_v2_frozen_sha256[conformance/v1/schema-cases/conformance-claim-v2/valid.json]=f7e7cc86f33ea03ee9bb4d149e1dba29cf34f5ceaf5504df8a9e91c659a1835f
validation_candidate=c19ee6fb3fcc12f960455760ccd6cc6fb1bc5380
validation_candidate_parent=f5d7673039226ab81de2f4f87e2155ae995c4df3
origin_main=f5d7673039226ab81de2f4f87e2155ae995c4df3
legacy_baseline=57c1f56846d221ecc55786bd3c2467ec32f11730
legacy_schema_files_byte_identical=12
legacy_schema_cases_byte_identical=24
legacy_index_entries_preserved=true
legacy_manifest_entries_preserved=true
new_schema7_guard_cases_for_legacy_manifests=70
new_legacy_guard_expected_valid=false
install_marker_v1_semantics_frozen=true
claim_v1_protocol_version=1.0.0-rc.3
claim_v2_rc4_artifacts_byte_identical=8
compatibility_audit_exit=0
