candidate_head=ddb181ca3b8e243f212e90ff26fcabe2234fb669
candidate_parent=f5d7673039226ab81de2f4f87e2155ae995c4df3
origin_main=f5d7673039226ab81de2f4f87e2155ae995c4df3
legacy_baseline=57c1f56846d221ecc55786bd3c2467ec32f11730
legacy_schema_sha256[schemas/v1/agent-skill-v1.schema.json]=e45bd395ec346e0140cd4d0bfec30001ed901d7490f72373a9eca4a35ac418a6
legacy_schema_sha256[schemas/v1/agent-skill-v2.schema.json]=7415e3e45d1aaa39e93e3db25265f66726fcc92c5bb62357f9c3a3a5080eeca5
legacy_schema_sha256[schemas/v1/agent-skill-v3.schema.json]=f612705df45099c0bef72ef7733dfdd691b32bf41d13c1e7804dfe01d51dc48b
legacy_schema_sha256[schemas/v1/agent-skill-v4.schema.json]=a6b813a48c0b857aacf9760fe7372b3678b23849b47f48ef034e6c5b3f480fd4
legacy_schema_sha256[schemas/v1/agent-skill-v5.schema.json]=4d4556c12655cd94fb2fb6499d2b24519124bdee7db34802264665f46999242d
legacy_schema_sha256[schemas/v1/csk-skill-v1.schema.json]=7cab6250b9c975c09281d4bef4f2eb0a889228ca2c17390395e955fb70a3a224
legacy_schema_sha256[schemas/v1/csk-skill-v2.schema.json]=43bfe3e22107a92e13c3d21dc6d8c140951f7243e14fdf1809795123e5360361
legacy_schema_sha256[schemas/v1/csk-skill-v3.schema.json]=9fe1d36d6c9be071ed269a04e024b6a8c91fbb5d2342e4593cf7f44c139f82f1
legacy_schema_sha256[schemas/v1/csk-skill-v4.schema.json]=2ed3d3c0be2c450909ac1f1fc068e0121ff729ceee6ede6b2d6dc157e4da1227
legacy_schema_sha256[schemas/v1/csk-skill-v5.schema.json]=322d30bf3cf43a0a638bd73621029b0b29aa437f8c1f6f0870e2658c55980abe
legacy_schema_sha256[schemas/v1/install-marker-v1.schema.json]=aff8070c3e4e77a45aee3fc0b8c21be24d1e7a759a199357698611662cead855
legacy_schema_sha256[schemas/v1/conformance-claim-v1.schema.json]=c9f49460618ccc8b1d7d2dfaf760fc6ad3a53a870a6685a685ddc148d3c87b3f
legacy_schema_files_byte_identical=12
legacy_schema_cases_byte_identical=24
legacy_index_entries_preserved=true
legacy_manifest_entries_preserved=true
new_schema7_guard_cases_for_legacy_manifests=70
new_legacy_guard_expected_valid=false
install_marker_v1_semantics_frozen=true
claim_v1_protocol_version=1.0.0-rc.3
rc5_release_metadata_sha256=75ae17fc029b4f51ca40ce768d04fd72991ec3db2602b8fe59213bee6ac34583
rc5_release_metadata_byte_identical_to_origin_main=true
legacy_compatibility_audit_exit=0
