protocol_version=1.0.0-rc.6
manifest_entries=447
manifest_sha256=sha256:72c5d717027ca096b14bc32f5d60bb740676974e9429f3d09b730897e5fba89b
schema_count=42
schema_case_entries=376
schema_cases[agent-skill-v6.schema.json]=24
schema_case=agent-skill-v6.schema.json|agent-skill-v6/invalid-build-args.json|valid=false|sha256:6054669cc6c91d1f0f840b7a8b7b7e895b5ab27e8275602a07a91e005ee4d288
schema_case=agent-skill-v6.schema.json|agent-skill-v6/invalid-build-env.json|valid=false|sha256:23dcd672e61facbf1af2b42979209bd6ab4fb22ab4ac46f98905947aa5faccb7
schema_case=agent-skill-v6.schema.json|agent-skill-v6/invalid-build-flags.json|valid=false|sha256:1366d81382d4beb2b70f368329cd856527254b4079a0c7966b2a39932f7b6699
schema_case=agent-skill-v6.schema.json|agent-skill-v6/invalid-build-hooks.json|valid=false|sha256:79832092a5d8bda4e0278018f4b1766f147d42514bc7cd1443cd0e87c298f1ae
schema_case=agent-skill-v6.schema.json|agent-skill-v6/invalid-build-missing-driver.json|valid=false|sha256:0a5937ccee214e7f0b5aa71fccb08c9898438eb0e6ecc6292a31174abb5d0ddf
schema_case=agent-skill-v6.schema.json|agent-skill-v6/invalid-build-missing-source-dir.json|valid=false|sha256:fb1bd235cb614d0bbc9eb7b6812b1b7e68d030c190e450bd22ae90a4f3d5ca2d
schema_case=agent-skill-v6.schema.json|agent-skill-v6/invalid-build-mixed-script.json|valid=false|sha256:d6aba4c8cd7e317bafc4cc09972892832e1e778553bfd7885a2a4f174faca511
schema_case=agent-skill-v6.schema.json|agent-skill-v6/invalid-build-mixed-system.json|valid=false|sha256:56ddd6306280b1d66dd30fdccf94c9d4c8b6b64ca3065587584aff5d1c0d53e1
schema_case=agent-skill-v6.schema.json|agent-skill-v6/invalid-build-output.json|valid=false|sha256:91ae44a8fa2d47aa1ce77f912113eed68dd91b7bf9b50e3998b8ce35850506b9
schema_case=agent-skill-v6.schema.json|agent-skill-v6/invalid-build-root-dot.json|valid=false|sha256:ba76f4c11aaf8d362a928676138f428a98f4116a59dc3ac725a515169efd384d
schema_case=agent-skill-v6.schema.json|agent-skill-v6/invalid-build-scripts.json|valid=false|sha256:a8ad2035ebf9e7f597fc2fd1ff09ebd9839d5134b4665a42ea4ccd4d65af70f5
schema_case=agent-skill-v6.schema.json|agent-skill-v6/invalid-build-source-dir-dot.json|valid=false|sha256:7ae07442190a6d96eea9c1f815fddd0db5ab2295bf6d6f72db9884a37a73f3f1
schema_case=agent-skill-v6.schema.json|agent-skill-v6/invalid-build-tags.json|valid=false|sha256:b7dbe3ab90ecf29c4c9481d8e87a0134ecc865755b3183a712406788edf397d8
schema_case=agent-skill-v6.schema.json|agent-skill-v6/invalid-build-toolchain.json|valid=false|sha256:8cc900b454e9a8e0de40f9af83b2e9f8b9feabe14db4862faf258e439222b3cf
schema_case=agent-skill-v6.schema.json|agent-skill-v6/invalid-build-unsupported-driver.json|valid=false|sha256:6d77b172ec23f4f65186a2839557f112961615810217996d0e442389aabd940f
schema_case=agent-skill-v6.schema.json|agent-skill-v6/invalid-v7-build-repositories.json|valid=false|sha256:a94697a4ef1f8d68c6e544b8b0325b245896caf3a35040c2c23dfa79d226af4c
schema_case=agent-skill-v6.schema.json|agent-skill-v6/invalid-v7-command-driver.json|valid=false|sha256:0a4d6ca78177c3cdde7c43f6547793c6f72e1a62bd3a1b111b5043391eed6e3f
schema_case=agent-skill-v6.schema.json|agent-skill-v6/invalid-v7-command-repository.json|valid=false|sha256:43ff3bbab707cf25e9749a1289dad9cc1f35dea250a358fb51e1e966b9c0739e
schema_case=agent-skill-v6.schema.json|agent-skill-v6/invalid-v7-command-target.json|valid=false|sha256:f094bc8b1d9f515e81c71feae51294096dddbddebb2975aaa13cb8756c1adaca
schema_case=agent-skill-v6.schema.json|agent-skill-v6/invalid-v7-top-level-driver.json|valid=false|sha256:d77492dc75e35371c868ef668e62b9e0f1d98721a0942095745656ee7114a41d
schema_case=agent-skill-v6.schema.json|agent-skill-v6/invalid-v7-top-level-repository.json|valid=false|sha256:0b65676ba4d06f8f76496187becd8f27180a61b0f6c410b4c76e55b6be0689b7
schema_case=agent-skill-v6.schema.json|agent-skill-v6/invalid-v7-top-level-target.json|valid=false|sha256:afa77c9901ae8686cf2ce098bf755ea2b31d0f9531d80bb32564577df631e90e
schema_case=agent-skill-v6.schema.json|agent-skill-v6/invalid.json|valid=false|sha256:99ac85b48486065791cd82bada12f852cf61fb3e66235ba15a1b2a70cb99a985
schema_case=agent-skill-v6.schema.json|agent-skill-v6/valid.json|valid=true|sha256:cf029927b7032aaad2fb17931133a897fc8183cce3d091df7321912ad152d634
schema_cases[csk-skill-v6.schema.json]=24
schema_case=csk-skill-v6.schema.json|csk-skill-v6/invalid-build-args.json|valid=false|sha256:6054669cc6c91d1f0f840b7a8b7b7e895b5ab27e8275602a07a91e005ee4d288
schema_case=csk-skill-v6.schema.json|csk-skill-v6/invalid-build-env.json|valid=false|sha256:23dcd672e61facbf1af2b42979209bd6ab4fb22ab4ac46f98905947aa5faccb7
schema_case=csk-skill-v6.schema.json|csk-skill-v6/invalid-build-flags.json|valid=false|sha256:1366d81382d4beb2b70f368329cd856527254b4079a0c7966b2a39932f7b6699
schema_case=csk-skill-v6.schema.json|csk-skill-v6/invalid-build-hooks.json|valid=false|sha256:79832092a5d8bda4e0278018f4b1766f147d42514bc7cd1443cd0e87c298f1ae
schema_case=csk-skill-v6.schema.json|csk-skill-v6/invalid-build-missing-driver.json|valid=false|sha256:0a5937ccee214e7f0b5aa71fccb08c9898438eb0e6ecc6292a31174abb5d0ddf
schema_case=csk-skill-v6.schema.json|csk-skill-v6/invalid-build-missing-source-dir.json|valid=false|sha256:fb1bd235cb614d0bbc9eb7b6812b1b7e68d030c190e450bd22ae90a4f3d5ca2d
schema_case=csk-skill-v6.schema.json|csk-skill-v6/invalid-build-mixed-script.json|valid=false|sha256:d6aba4c8cd7e317bafc4cc09972892832e1e778553bfd7885a2a4f174faca511
schema_case=csk-skill-v6.schema.json|csk-skill-v6/invalid-build-mixed-system.json|valid=false|sha256:56ddd6306280b1d66dd30fdccf94c9d4c8b6b64ca3065587584aff5d1c0d53e1
schema_case=csk-skill-v6.schema.json|csk-skill-v6/invalid-build-output.json|valid=false|sha256:91ae44a8fa2d47aa1ce77f912113eed68dd91b7bf9b50e3998b8ce35850506b9
schema_case=csk-skill-v6.schema.json|csk-skill-v6/invalid-build-root-dot.json|valid=false|sha256:ba76f4c11aaf8d362a928676138f428a98f4116a59dc3ac725a515169efd384d
schema_case=csk-skill-v6.schema.json|csk-skill-v6/invalid-build-scripts.json|valid=false|sha256:a8ad2035ebf9e7f597fc2fd1ff09ebd9839d5134b4665a42ea4ccd4d65af70f5
schema_case=csk-skill-v6.schema.json|csk-skill-v6/invalid-build-source-dir-dot.json|valid=false|sha256:7ae07442190a6d96eea9c1f815fddd0db5ab2295bf6d6f72db9884a37a73f3f1
schema_case=csk-skill-v6.schema.json|csk-skill-v6/invalid-build-tags.json|valid=false|sha256:b7dbe3ab90ecf29c4c9481d8e87a0134ecc865755b3183a712406788edf397d8
schema_case=csk-skill-v6.schema.json|csk-skill-v6/invalid-build-toolchain.json|valid=false|sha256:8cc900b454e9a8e0de40f9af83b2e9f8b9feabe14db4862faf258e439222b3cf
schema_case=csk-skill-v6.schema.json|csk-skill-v6/invalid-build-unsupported-driver.json|valid=false|sha256:6d77b172ec23f4f65186a2839557f112961615810217996d0e442389aabd940f
schema_case=csk-skill-v6.schema.json|csk-skill-v6/invalid-v7-build-repositories.json|valid=false|sha256:a94697a4ef1f8d68c6e544b8b0325b245896caf3a35040c2c23dfa79d226af4c
schema_case=csk-skill-v6.schema.json|csk-skill-v6/invalid-v7-command-driver.json|valid=false|sha256:0a4d6ca78177c3cdde7c43f6547793c6f72e1a62bd3a1b111b5043391eed6e3f
schema_case=csk-skill-v6.schema.json|csk-skill-v6/invalid-v7-command-repository.json|valid=false|sha256:43ff3bbab707cf25e9749a1289dad9cc1f35dea250a358fb51e1e966b9c0739e
schema_case=csk-skill-v6.schema.json|csk-skill-v6/invalid-v7-command-target.json|valid=false|sha256:f094bc8b1d9f515e81c71feae51294096dddbddebb2975aaa13cb8756c1adaca
schema_case=csk-skill-v6.schema.json|csk-skill-v6/invalid-v7-top-level-driver.json|valid=false|sha256:d77492dc75e35371c868ef668e62b9e0f1d98721a0942095745656ee7114a41d
schema_case=csk-skill-v6.schema.json|csk-skill-v6/invalid-v7-top-level-repository.json|valid=false|sha256:0b65676ba4d06f8f76496187becd8f27180a61b0f6c410b4c76e55b6be0689b7
schema_case=csk-skill-v6.schema.json|csk-skill-v6/invalid-v7-top-level-target.json|valid=false|sha256:afa77c9901ae8686cf2ce098bf755ea2b31d0f9531d80bb32564577df631e90e
schema_case=csk-skill-v6.schema.json|csk-skill-v6/invalid.json|valid=false|sha256:99ac85b48486065791cd82bada12f852cf61fb3e66235ba15a1b2a70cb99a985
schema_case=csk-skill-v6.schema.json|csk-skill-v6/valid.json|valid=true|sha256:cf029927b7032aaad2fb17931133a897fc8183cce3d091df7321912ad152d634
schema_cases[build-receipt-v1.schema.json]=18
schema_case=build-receipt-v1.schema.json|build-receipt-v1/invalid-artifact-hash.json|valid=false|sha256:7067a2e36f889d2e1e0e5e38844f33ad4d787ab309e4ec72ad242ac8323214a0
schema_case=build-receipt-v1.schema.json|build-receipt-v1/invalid-build-source-algorithm.json|valid=false|sha256:a2b5f7a2f51b79acdcd5b5686887ee4c498be2638c4b6a501b83d1b1ef4b0858
schema_case=build-receipt-v1.schema.json|build-receipt-v1/invalid-driver-mismatch.json|valid=false|sha256:3fad38e3b25b72478ac9d2ac92f19033aea1ea0df20e4acc5b35a6652a47db64
schema_case=build-receipt-v1.schema.json|build-receipt-v1/invalid-hardened-execution-policy.json|valid=false|sha256:af0cef630539a95ff50db4d0727dbe263f9c1e3f523d647d86a9da5ce5b61445
schema_case=build-receipt-v1.schema.json|build-receipt-v1/invalid-missing-artifact.json|valid=false|sha256:8229c7954cb77e4d793723a452a160ac16c758997b1a20d511fb8939e6f01c7a
schema_case=build-receipt-v1.schema.json|build-receipt-v1/invalid-missing-execution-policy.json|valid=false|sha256:93217cf1ce2965435042f8e20ebfec45498bae67a128cc16f38b3f4c8b64ecab
schema_case=build-receipt-v1.schema.json|build-receipt-v1/invalid-missing-input.json|valid=false|sha256:92409f8fcc67dbf68ebec1237d7c793a443738bd40357921ddda364b4bc7fd8c
schema_case=build-receipt-v1.schema.json|build-receipt-v1/invalid-physical-cache-path.json|valid=false|sha256:239c753d5421c62d9b2925d413c3103e705fda70495c86ef629153562b3a7000
schema_case=build-receipt-v1.schema.json|build-receipt-v1/invalid-physical-lock-path.json|valid=false|sha256:1f2bb6e05270f95c0801c7d9fae72cb77bf16155089c1a12a2935faa2b4ac632
schema_case=build-receipt-v1.schema.json|build-receipt-v1/invalid-physical-receipt-path.json|valid=false|sha256:2d403263baf12ba1132c9a75ab14284b17eb42d2fedf4e14c851996cd4d07114
schema_case=build-receipt-v1.schema.json|build-receipt-v1/invalid-policy-mismatch.json|valid=false|sha256:021325b566185c5bab6c62a8c491694ab5087872ae638fec46529992891d283a
schema_case=build-receipt-v1.schema.json|build-receipt-v1/invalid-self-asserted-manager-created.json|valid=false|sha256:46d1f2e8f956c3cbebdf74d05ee873fdecc90656f1af8179fba3b7075472e089
schema_case=build-receipt-v1.schema.json|build-receipt-v1/invalid-self-asserted-provenance.json|valid=false|sha256:2ff12e90369ee900aaa2edbb25df86a969e8896f6bdaa1937e3524e62aa954ba
schema_case=build-receipt-v1.schema.json|build-receipt-v1/invalid-self-asserted-trusted.json|valid=false|sha256:1fd0d200264105d0eac08ee227702391eaf6a6f4bdbbd0d95088aa42c743d1b2
schema_case=build-receipt-v1.schema.json|build-receipt-v1/invalid-toolchain-algorithm.json|valid=false|sha256:c2bfad5a627a61e45427dc0aa1dcbe8d4d61d67e5e0071adf80165a447813d70
schema_case=build-receipt-v1.schema.json|build-receipt-v1/invalid-unknown-input-field.json|valid=false|sha256:632cf6172caef081ce7d20ebe80440482fba2646c88b0a9831188d8a21e5d14b
schema_case=build-receipt-v1.schema.json|build-receipt-v1/invalid.json|valid=false|sha256:3e3e587538c0172a7bb29d4fc13da8c99680db9a32a3102ebf5bf8e8188f2a52
schema_case=build-receipt-v1.schema.json|build-receipt-v1/valid.json|valid=true|sha256:1a887eb6bb436a3491250b0814dded2a1b1d108640ba67837ba9e89b1183daf3
schema_cases[install-marker-v2.schema.json]=14
schema_case=install-marker-v2.schema.json|install-marker-v2/invalid-artifact-path.json|valid=false|sha256:c38c9adeddf4b1485654aa67dcb38f73fe1d358edc09be6274f854180e7e2f1c
schema_case=install-marker-v2.schema.json|install-marker-v2/invalid-build-source-algorithm.json|valid=false|sha256:ecb215c4e06c2880c28ea07a69f69bafc51f2142ab34e90020c201e53d3397ec
schema_case=install-marker-v2.schema.json|install-marker-v2/invalid-build-source-with-empty-builds.json|valid=false|sha256:4da1709f3f7a695b839799acd4ae727c9f920f19b2836de3763671144fc8fcfb
schema_case=install-marker-v2.schema.json|install-marker-v2/invalid-driver-mismatch.json|valid=false|sha256:ac3f8cdfba116f5dad4c9535b8b1ab5d98c836138612878e6740c2fa42a63434
schema_case=install-marker-v2.schema.json|install-marker-v2/invalid-missing-build-roots.json|valid=false|sha256:89af00e92dd96a92bf80e5af3ed6896bd31bd318a3cb76f20d93568f4e8b263e
schema_case=install-marker-v2.schema.json|install-marker-v2/invalid-missing-build-source.json|valid=false|sha256:249acf3f6ca16e8e97fbb8ce888801b82cd496c8a155d074467aca758c4c0aa6
schema_case=install-marker-v2.schema.json|install-marker-v2/invalid-receipt-hash.json|valid=false|sha256:e06c1c10bdd5a1873980fcd0266bf376616e98e6872144f67c05fa8775706c44
schema_case=install-marker-v2.schema.json|install-marker-v2/invalid-skill-schema-version.json|valid=false|sha256:505758922ea1ec46a0b8947379c7d0fe3684519c46047ad8adb8e2bdfba34bcd
schema_case=install-marker-v2.schema.json|install-marker-v2/invalid-unknown-build-field.json|valid=false|sha256:a67edbce5c4cd480215a8933c29d54b6ab7eaaca4a7cce6c4b1a344d4a6fb666
schema_case=install-marker-v2.schema.json|install-marker-v2/invalid-unknown-top-level.json|valid=false|sha256:875ebf78b8e35492e0fac32eb61952ab19c942fa4cb38e6218b215e31dddf9a3
schema_case=install-marker-v2.schema.json|install-marker-v2/invalid.json|valid=false|sha256:0355a5ac4a165ff6782e96f5ecc59e587fd7550ac44948210c3d25552f4deab4
schema_case=install-marker-v2.schema.json|install-marker-v2/valid-empty-builds.json|valid=true|sha256:105077c6867fb0dae06125a6a6521ec1dd37a696e5273e09439cac22a74ed32a
schema_case=install-marker-v2.schema.json|install-marker-v2/valid-multiple-builds.json|valid=true|sha256:02d7743ae662228549b38edf89321577d070d79fe6a2e9570839b489a1629b4d
schema_case=install-marker-v2.schema.json|install-marker-v2/valid.json|valid=true|sha256:538d12bb89d2d15259bbb378efc9e6496fe7de195af82099da36fd9d7a1e2c73
schema_cases[conformance-claim-v2.schema.json]=7
schema_case=conformance-claim-v2.schema.json|conformance-claim-v2/invalid-duplicate-classes.json|valid=false|sha256:2d74783021873fb41b0176205835624e56db4fa7fb3c0435c8dbcd0e05b58fc0
schema_case=conformance-claim-v2.schema.json|conformance-claim-v2/invalid-protocol-version-rc3.json|valid=false|sha256:5558db5556576993d4abe93c0f4849380591f71c25173a77f2493448fbe11eef
schema_case=conformance-claim-v2.schema.json|conformance-claim-v2/invalid-result-fail.json|valid=false|sha256:eeeecc9577f418b78a9a5edbaea9d6294d30f1d06886d6af9f56e64e271d8268
schema_case=conformance-claim-v2.schema.json|conformance-claim-v2/invalid-schema-version-1.json|valid=false|sha256:aa5588297fb49d39eb39ca3052f6f97bb67236608b72cc9d0478b043cce6562f
schema_case=conformance-claim-v2.schema.json|conformance-claim-v2/invalid-unknown-field.json|valid=false|sha256:d10459fefb4b07aa1ade03a0627fbcfe9cd790c99d5d6374c9de15c5f22dc9a3
schema_case=conformance-claim-v2.schema.json|conformance-claim-v2/invalid.json|valid=false|sha256:79d244335cb2ddfb9c831aa38c31c6ca37c89f0704ad61a19032882b1bec8604
schema_case=conformance-claim-v2.schema.json|conformance-claim-v2/valid.json|valid=true|sha256:f7e7cc86f33ea03ee9bb4d149e1dba29cf34f5ceaf5504df8a9e91c659a1835f
schema_cases[conformance-claim-v3.schema.json]=13
schema_case=conformance-claim-v3.schema.json|conformance-claim-v3/invalid-driver-platform-outside-claim.json|valid=false|sha256:0540d13cc60f18a3feb5fb29b2d38738896db85bad39250f79c360be9e1157a9
schema_case=conformance-claim-v3.schema.json|conformance-claim-v3/invalid-duplicate-driver-assertion.json|valid=false|sha256:99c4f45bac54b5adc3ade0177fc29d0147a15f06c48aee474e2e5ad80216e88a
schema_case=conformance-claim-v3.schema.json|conformance-claim-v3/invalid-duplicate-platform.json|valid=false|sha256:97030c12552a464298983173c5d853decc28df13f24e0ef3589a76de26d6fa59
schema_case=conformance-claim-v3.schema.json|conformance-claim-v3/invalid-generic-driver.json|valid=false|sha256:fdf6d435f618d29152535ec67417419730049359cf55c78e176ca1c5cfacb759
schema_case=conformance-claim-v3.schema.json|conformance-claim-v3/invalid-hardened-execution-policy.json|valid=false|sha256:5aca8f5e0eb4ea9fd2b3dd82aace2224b97a6cadc7b50d351e966e47f26be96c
schema_case=conformance-claim-v3.schema.json|conformance-claim-v3/invalid-language-mismatch.json|valid=false|sha256:51320c8241c695b43bcb8604bf501a066c028b3eeb4b1d20a977424e3e13e2ec
schema_case=conformance-claim-v3.schema.json|conformance-claim-v3/invalid-linux-unqualified.json|valid=false|sha256:c91d7c5951916bbe63012c2f5bd37d803bd70f40335a09eeda77545383d0ed12
schema_case=conformance-claim-v3.schema.json|conformance-claim-v3/invalid-missing-execution-policy.json|valid=false|sha256:0976eaa63ba89907990f9aadd0cf063b35156de2756332814f97f41781c305eb
schema_case=conformance-claim-v3.schema.json|conformance-claim-v3/invalid-rc4.json|valid=false|sha256:e5db44575f25ad86c71488204767c147587056ac98f69490d3fdc09fecc1373a
schema_case=conformance-claim-v3.schema.json|conformance-claim-v3/invalid-unknown-field.json|valid=false|sha256:961763493db09314b81f2c00373cd44f4cff3b2e589e8a4946dfe63e732b4523
schema_case=conformance-claim-v3.schema.json|conformance-claim-v3/invalid.json|valid=false|sha256:e348e2f1adb786275b8cb428d9e592775c97cfd4cbafafbed07b74c6c2265863
schema_case=conformance-claim-v3.schema.json|conformance-claim-v3/valid-macos-only.json|valid=true|sha256:3d0e866f172b839dcb2fc2e735630f642d3f0f3d6d7e0e800e72420d6b5bea0a
schema_case=conformance-claim-v3.schema.json|conformance-claim-v3/valid.json|valid=true|sha256:adfb0d31528dbf701a0a376dbde574f4c405670b77711044c7b53e6b38b6cb3e
go_build_fixture_files=13
fixture=fixtures/go-build-skill/.csk-install.json|sha256:7dd79fe1df81facd394c9d9fed5f19e221c09bd6cff6b9d29bf5f454761e76b5
fixture=fixtures/go-build-skill/SKILL.md|sha256:e84b31df85b20440db51a8d24af34a6d64e67c1e8d84b6bdf272875f1942763e
fixture=fixtures/go-build-skill/agent-skill.json|sha256:fa72d1579f597cf03eb87ea23c51a1f3ad5866d8a15aa46a4fc72016b3accdf9
fixture=fixtures/go-build-skill/assets/build-tool/cmd/golden-tool/main.go|sha256:8ffa8c0d6d7222b139f21e71d64234404b14ba75bba9dddb8b4d86f1d20aa192
fixture=fixtures/go-build-skill/assets/build-tool/go.mod|sha256:8c36e401061df5a61df39f230ab48df0b18b868eb284445fa783ff6c78e71f64
fixture=fixtures/go-build-skill/assets/build-tool/internal/render/empty.txt|sha256:e3b0c44298fc1c149afbf4c8996fb92427ae41e4649b934ca495991b7852b855
fixture=fixtures/go-build-skill/assets/build-tool/internal/render/render.go|sha256:208bc227f1a046377fc44cd6ca2151cad163fa7faa1bca9729c60e077b7ddae4
fixture=fixtures/go-build-skill/assets/build-tool/internal/render/template.txt|sha256:b8692fb386211872d0b73d9d1097dda83acef22adb74cb3b77bc44400ef23f55
fixture=fixtures/go-build-skill/assets/build-tool/vendor/example.com/curator/vendored/decorate/decorate.go|sha256:747ed106662d2639dd835476bbc7437db40ac580cce5617b58b75edc0ee339be
fixture=fixtures/go-build-skill/assets/build-tool/vendor/modules.txt|sha256:c1be98d2532d7e1d97f78bdde4c1c4557289bc606d84b23316fdc6be742744d7
fixture=fixtures/go-build-skill/assets/prompt.md|sha256:4e6a18932ec72d1f3abb0dbca67b6bc2c229be4012621f852ca529f641ba6814
fixture=fixtures/go-build-skill/scripts/skill-helper|sha256:0dae558ea478619882ddfe43fcabeba31efa2507cb63b291e37db5b880c91508
fixture=fixtures/go-build-skill/scripts/skill-helper.cmd|sha256:31543b481bdb35addfca4d4ee252a8cffcdd7cff5a3f0595c62b23c6a04fddbd
expected_build_driver_files=11
expected=expected/build-driver/build-input.ccj.json|sha256:529370122ae11e2e961d5265b1a020e046bcd43165b2eb96b05e73a51187ac9b
expected=expected/build-driver/build-source-sha256.txt|sha256:f7155f073664e96cbe66cfe08c33cb87d3ea23ecc80bd889fbbd13567236fbd5
expected=expected/build-driver/build-source.preimage.bin|sha256:27cdcac0734aa3e069e95a10341e89b118a07c60002516e7b401e95477f01332
expected=expected/build-driver/cache-key.txt|sha256:b55decf2abc313876c7f4e86473d480fd53cad234c436921cc1dc2cdceae4734
expected=expected/build-driver/context_files.json|sha256:a1000f86bd8f28bf7001dca84e94151095013788d6d006260d4e57b7808232b2
expected=expected/build-driver/context_sha256.txt|sha256:8cdd48625fb1bdc1a4f20f8ba3d2516f04e55a91bdc66a389906cdccccc94634
expected=expected/build-driver/marker.json|sha256:feae3ffbe4e6c9bed17a6f077702c523bf6b0c7783edcef9716fddaa3d62502b
expected=expected/build-driver/receipt-sha256.txt|sha256:84286d002d90e89cb70cc71e54ab80c44d2770d593a7f330a143ac7506d16a0f
expected=expected/build-driver/receipt.ccj.json|sha256:919fbbad8e6ce95532219fd952c2309d0d7026f85209650508fd6834af4020cd
expected=expected/build-driver/toolchain-sha256.txt|sha256:cc773f322a60de7a4321e5fa30a43192181bd0c13d80c84a803dfabaf04ba708
expected=expected/build-driver/toolchain.preimage.bin|sha256:baf7c5f3b9c3f1fae3da4c356381bf74442aa7f8f0b6fb2304c9c10833d6032e
build_driver_positive_cases=8
build_driver_rejection_cases=77
build_source_cases=10
toolchain_cases=12
build_driver_rejection=manifest|schema-5-build-command
build_driver_rejection=manifest|unknown-driver
build_driver_rejection=manifest|forbidden-args
build_driver_rejection=manifest|forbidden-env
build_driver_rejection=manifest|forbidden-output
build_driver_rejection=manifest|forbidden-toolchain
build_driver_rejection=manifest|forbidden-hooks
build_driver_rejection=manifest|mixed-script-build-shape
build_driver_rejection=filesystem|missing-build-roots
build_driver_rejection=filesystem|missing-build-root-directory
build_driver_rejection=filesystem|unused-build-root
build_driver_rejection=filesystem|overlapping-build-roots
build_driver_rejection=filesystem|runtime-overlapping-build-root
build_driver_rejection=filesystem|root-build-root
build_driver_rejection=filesystem|build-root-symlink
build_driver_rejection=filesystem|build-root-special-file
build_driver_rejection=filesystem|root-source-dir
build_driver_rejection=filesystem|escaped-source-dir
build_driver_rejection=filesystem|source-outside-root
build_driver_rejection=filesystem|source-link
build_driver_rejection=filesystem|source-special-file
build_driver_rejection=filesystem|source-not-directory
build_driver_rejection=module|missing-root-go-mod
build_driver_rejection=module|nested-module
build_driver_rejection=dependency-graph|non-main-package
build_driver_rejection=dependency-graph|multiple-packages
build_driver_rejection=dependency-graph|missing-vendored-dependency
build_driver_rejection=dependency-graph|inconsistent-vendor-modules
build_driver_rejection=dependency-graph|workspace-only-dependency
build_driver_rejection=toolchain|toolchain-switch-request
build_driver_rejection=toolchain|unsupported-go-pre-1-23
build_driver_rejection=toolchain|unsupported-go-future-family
build_driver_rejection=dependency-graph|cgo-only-package
build_driver_rejection=dependency-graph|native-c-input
build_driver_rejection=dependency-graph|native-cxx-input
build_driver_rejection=dependency-graph|native-swig-input
build_driver_rejection=dependency-graph|root-syso
build_driver_rejection=dependency-graph|transitive-syso
build_driver_rejection=dependency-graph|root-assembly-absolute-include
build_driver_rejection=dependency-graph|transitive-assembly-escaping-include
build_driver_rejection=dependency-graph|escaped-embed-input
build_driver_rejection=compiler-directive|cgo-import-dynamic
build_driver_rejection=compiler-directive|attempted-go-generate
build_driver_rejection=compiler-directive|default-pgo
build_driver_rejection=process|poisoned-path
build_driver_rejection=process|inherited-goflags-toolexec
build_driver_rejection=process|inherited-goenv
build_driver_rejection=process|inherited-gowork
build_driver_rejection=process|vcs-metadata
build_driver_rejection=process|repository-local-fake-go
build_driver_rejection=process|telemetry-command-failure
build_driver_rejection=process|telemetry-private-dir-escape
build_driver_rejection=process|external-link-required
build_driver_rejection=process|libgcc-fallback-attempt
build_driver_rejection=process|child-outside-goroot-tools
build_driver_rejection=toolchain|wrong-go-executable-path
build_driver_rejection=toolchain|toolchain-digest-mismatch
build_driver_rejection=cache|cache-key-mismatch
build_driver_rejection=cache|cache-wrong-target
build_driver_rejection=cache|cache-wrong-toolchain
build_driver_rejection=cache|cache-wrong-policy
build_driver_rejection=cache|cache-wrong-build-source
build_driver_rejection=cache|receipt-hash-mismatch
build_driver_rejection=cache|artifact-hash-mismatch
build_driver_rejection=cache|artifact-size-mismatch
build_driver_rejection=cache|artifact-path-mismatch
build_driver_rejection=cache|noncanonical-receipt-whitespace
build_driver_rejection=cache|noncanonical-receipt-trailing-lf
build_driver_rejection=cache|partial-cache-entry
build_driver_rejection=cache|artifact-link
build_driver_rejection=cache|artifact-special-file
build_driver_rejection=cache|concurrent-publisher-different-bytes
build_driver_rejection=cache|self-consistent-forged-receipt-outside-protected-state
build_driver_rejection=context|marker-embed-build-source-regression
build_driver_rejection=context|build-root-content-in-context
build_driver_rejection=execution-policy|legacy-rc4-input-without-execution-policy
build_driver_rejection=execution-policy|reserved-hardened-execution-policy
lifecycle_named_cases=32
compiled_lifecycle_cases=22
compiled_lifecycle_case=all-misses-stage-and-verify-before-home-lock
compiled_lifecycle_case=all-source-and-trust-gates-before-build
compiled_lifecycle_case=compiled-cache-miss-is-read-only
compiled_lifecycle_case=compiled-currentness-failure-matrix
compiled_lifecycle_case=compiled-installation-current
compiled_lifecycle_case=concurrent-determinism-mismatch
compiled_lifecycle_case=concurrent-identical-winner
compiled_lifecycle_case=corrupt-live-entry
compiled_lifecycle_case=deterministic-lock-order
compiled_lifecycle_case=deterministic-target-order-and-consumer-last
compiled_lifecycle_case=install-recovery-runs-after-private-builds
compiled_lifecycle_case=interrupted-global-journal-recovered-by-transaction-id
compiled_lifecycle_case=locked-mark-and-sweep-compiled-cache
compiled_lifecycle_case=post-commit-gc-failure-is-maintenance-warning
compiled_lifecycle_case=provider-first-and-lexical-command-order
compiled_lifecycle_case=publish-complete-immutable-entry-under-home-lock
compiled_lifecycle_case=repair-rebuilds-invalid-compiled-entry
compiled_lifecycle_case=reverse-rollback-under-home-lock
compiled_lifecycle_case=second-build-failure-preserves-persistent-state
compiled_lifecycle_case=successful-project-survives-other-project-rollback
compiled_lifecycle_case=two-project-success-preserves-both-consumers
compiled_lifecycle_case=untrusted-cache-boundary
manager_lifecycle_sha256=sha256:25f573a40652dfaf6bb52818b2209c2f8c1e6aec2a7515023e0ac531c2d91289
all_manifest_hashes_match=true
schema_case_index_exact=true
release_pins_match_manifest=true
manifest_inventory_audit_exit=0
