=== RUN   TestExecutableIdentityRejectsSubstitutionAndMutation
--- PASS: TestExecutableIdentityRejectsSubstitutionAndMutation (0.01s)
=== RUN   TestExecutableIdentityResolvesALauncherLink
=== RUN   TestExecutableIdentityResolvesALauncherLink/shim_symlink_on_PATH
=== RUN   TestExecutableIdentityResolvesALauncherLink/chain_of_shim_symlinks
=== RUN   TestExecutableIdentityResolvesALauncherLink/symlinked_install_directory
=== RUN   TestExecutableIdentityResolvesALauncherLink/unclean_relative_spelling_of_the_link
--- PASS: TestExecutableIdentityResolvesALauncherLink (0.01s)
    --- PASS: TestExecutableIdentityResolvesALauncherLink/shim_symlink_on_PATH (0.00s)
    --- PASS: TestExecutableIdentityResolvesALauncherLink/chain_of_shim_symlinks (0.00s)
    --- PASS: TestExecutableIdentityResolvesALauncherLink/symlinked_install_directory (0.00s)
    --- PASS: TestExecutableIdentityResolvesALauncherLink/unclean_relative_spelling_of_the_link (0.00s)
=== RUN   TestExecutableIdentityRejectsSubstitutionThroughALauncherLink
=== RUN   TestExecutableIdentityRejectsSubstitutionThroughALauncherLink/dangling_launcher_link
=== RUN   TestExecutableIdentityRejectsSubstitutionThroughALauncherLink/launcher_link_to_a_directory
=== RUN   TestExecutableIdentityRejectsSubstitutionThroughALauncherLink/launcher_link_to_an_empty_file
=== RUN   TestExecutableIdentityRejectsSubstitutionThroughALauncherLink/launcher_link_loop
=== RUN   TestExecutableIdentityRejectsSubstitutionThroughALauncherLink/launcher_link_to_a_hard-linked_file
--- PASS: TestExecutableIdentityRejectsSubstitutionThroughALauncherLink (0.02s)
    --- PASS: TestExecutableIdentityRejectsSubstitutionThroughALauncherLink/dangling_launcher_link (0.00s)
    --- PASS: TestExecutableIdentityRejectsSubstitutionThroughALauncherLink/launcher_link_to_a_directory (0.00s)
    --- PASS: TestExecutableIdentityRejectsSubstitutionThroughALauncherLink/launcher_link_to_an_empty_file (0.00s)
    --- PASS: TestExecutableIdentityRejectsSubstitutionThroughALauncherLink/launcher_link_loop (0.00s)
    --- PASS: TestExecutableIdentityRejectsSubstitutionThroughALauncherLink/launcher_link_to_a_hard-linked_file (0.00s)
=== RUN   TestExecutableIdentityResolvesARealSymlinkedProcessLaunch
    identity_test.go:270: evidence: on windows os.Executable reports the launch path "C:\\Users\\admin\\AppData\\Local\\Temp\\TestExecutableIdentityResolvesARealSymlinkedProcessLaunch1060193630\\001\\curator.exe" rather than the physical "C:\\Users\\admin\\AppData\\Local\\Temp\\go-build2538006240\\b001\\godriver.test.exe", so resolution is load-bearing here
--- PASS: TestExecutableIdentityResolvesARealSymlinkedProcessLaunch (0.51s)
=== RUN   TestBuildAcceptsAManagerStartedThroughALauncherLink
--- PASS: TestBuildAcceptsAManagerStartedThroughALauncherLink (2.41s)
=== RUN   TestWorkerProvesTheInstalledIdentityWhenLaunchedThroughALink
--- PASS: TestWorkerProvesTheInstalledIdentityWhenLaunchedThroughALink (0.88s)
=== RUN   TestExecutableIdentityResolvesALauncherReachedThroughADirectoryJunction
    identity_windows_test.go:47: EvalSymlinks("C:\\Users\\admin\\AppData\\Local\\Temp\\TestExecutableIdentityResolvesALauncherReachedThroughADirectoryJ2971095895\\002\\current\\curator.exe") = "", The system cannot find the path specified.
--- PASS: TestExecutableIdentityResolvesALauncherReachedThroughADirectoryJunction (0.03s)
=== RUN   TestExecutableIdentityStillRejectsSubstitutionBehindAJunction
--- PASS: TestExecutableIdentityStillRejectsSubstitutionBehindAJunction (0.06s)
PASS
ok  	github.com/relux-works/curator/internal/godriver	4.727s
EXITCODE=0
