tests/test_audit_policy.py:7: error: Function is missing a return type annotation  [no-untyped-def]
tests/test_audit_policy.py:7: note: Use "-> None" if function does not return a value
tests/test_audit_policy.py:23: error: Function is missing a return type annotation  [no-untyped-def]
tests/test_audit_policy.py:23: note: Use "-> None" if function does not return a value
tests/test_audit_detectors.py:9: error: Function is missing a type annotation  [no-untyped-def]
tests/test_audit_detectors.py:26: error: Function is missing a type annotation  [no-untyped-def]
tests/test_audit_detectors.py:42: error: Function is missing a type annotation  [no-untyped-def]
tests/test_audit_detectors.py:56: error: Function is missing a type annotation  [no-untyped-def]
tests/test_audit_detectors.py:70: error: Function is missing a type annotation  [no-untyped-def]
tests/test_audit_detectors.py:90: error: Function is missing a type annotation  [no-untyped-def]
tests/test_hashing.py:6: error: Function is missing a type annotation  [no-untyped-def]
tests/test_whitelist.py:6: error: Function is missing a type annotation  [no-untyped-def]
tests/test_whitelist.py:33: error: Function is missing a type annotation  [no-untyped-def]
tests/test_system_config.py:11: error: Missing type arguments for generic type "dict"  [type-arg]
tests/test_system_config.py:16: error: Missing type arguments for generic type "dict"  [type-arg]
tests/test_system_config.py:24: error: Function is missing a type annotation  [no-untyped-def]
tests/test_system_config.py:41: error: Function is missing a type annotation  [no-untyped-def]
tests/test_system_config.py:55: error: Function is missing a type annotation  [no-untyped-def]
tests/test_system_config.py:69: error: Function is missing a type annotation  [no-untyped-def]
tests/test_system_config.py:84: error: Function is missing a type annotation  [no-untyped-def]
tests/test_system_config.py:104: error: Function is missing a type annotation  [no-untyped-def]
tests/test_system_config.py:113: error: Function is missing a type annotation  [no-untyped-def]
tests/test_system_config.py:122: error: Function is missing a type annotation  [no-untyped-def]
tests/test_system_config.py:138: error: Function is missing a type annotation  [no-untyped-def]
tests/test_source_identity.py:26: error: Function is missing a type annotation  [no-untyped-def]
tests/test_source_identity.py:30: error: Function is missing a return type annotation  [no-untyped-def]
tests/test_source_identity.py:30: note: Use "-> None" if function does not return a value
tests/test_source_identity.py:44: error: Function is missing a type annotation  [no-untyped-def]
tests/test_source_identity.py:49: error: Function is missing a return type annotation  [no-untyped-def]
tests/test_source_identity.py:49: note: Use "-> None" if function does not return a value
tests/test_source_identity.py:68: error: Function is missing a type annotation  [no-untyped-def]
tests/test_source_identity.py:72: error: Function is missing a return type annotation  [no-untyped-def]
tests/test_source_identity.py:72: note: Use "-> None" if function does not return a value
tests/test_source_identity.py:80: error: Function is missing a return type annotation  [no-untyped-def]
tests/test_source_identity.py:80: note: Use "-> None" if function does not return a value
tests/test_source_identity.py:85: error: Function is missing a return type annotation  [no-untyped-def]
tests/test_source_identity.py:85: note: Use "-> None" if function does not return a value
tests/test_source_identity.py:93: error: Function is missing a type annotation  [no-untyped-def]
tests/test_source_identity.py:107: error: Function is missing a type annotation  [no-untyped-def]
tests/test_source_identity.py:118: error: Function is missing a type annotation  [no-untyped-def]
tests/test_skillspec.py:10: error: Function is missing a type annotation  [no-untyped-def]
tests/test_skillspec.py:24: error: Function is missing a type annotation  [no-untyped-def]
tests/test_skillspec.py:35: error: Function is missing a type annotation  [no-untyped-def]
tests/test_skillspec.py:56: error: Function is missing a type annotation  [no-untyped-def]
tests/test_skillspec.py:79: error: Function is missing a type annotation  [no-untyped-def]
tests/test_skillspec.py:91: error: Function is missing a type annotation  [no-untyped-def]
tests/test_skillspec.py:110: error: Function is missing a type annotation  [no-untyped-def]
tests/test_skillspec.py:131: error: Function is missing a type annotation  [no-untyped-def]
tests/test_skillspec.py:164: error: Function is missing a type annotation  [no-untyped-def]
tests/test_skillspec.py:200: error: Function is missing a type annotation  [no-untyped-def]
tests/test_skillspec.py:225: error: Function is missing a type annotation  [no-untyped-def]
tests/test_skillspec.py:235: error: Function is missing a type annotation  [no-untyped-def]
tests/test_skillspec.py:251: error: Function is missing a type annotation  [no-untyped-def]
tests/test_skillspec.py:260: error: Function is missing a type annotation  [no-untyped-def]
tests/test_skillspec.py:269: error: Function is missing a type annotation  [no-untyped-def]
tests/test_skillspec.py:279: error: Function is missing a type annotation  [no-untyped-def]
tests/test_skillspec.py:291: error: Function is missing a type annotation  [no-untyped-def]
tests/test_skillspec.py:301: error: Function is missing a type annotation  [no-untyped-def]
tests/test_skillcheck.py:10: error: Function is missing a type annotation  [no-untyped-def]
tests/test_skillcheck.py:18: error: Function is missing a type annotation  [no-untyped-def]
tests/test_skillcheck.py:26: error: Function is missing a type annotation  [no-untyped-def]
tests/test_skillcheck.py:49: error: Function is missing a type annotation  [no-untyped-def]
tests/test_skillcheck.py:75: error: Function is missing a type annotation  [no-untyped-def]
tests/test_skillcheck.py:101: error: Function is missing a type annotation  [no-untyped-def]
tests/test_skillcheck.py:133: error: Function is missing a type annotation  [no-untyped-def]
tests/test_skillcheck.py:163: error: Function is missing a type annotation  [no-untyped-def]
tests/test_skillcheck.py:193: error: Function is missing a type annotation  [no-untyped-def]
tests/test_skillcheck.py:211: error: Function is missing a type annotation  [no-untyped-def]
tests/test_skillcheck.py:225: error: Function is missing a type annotation  [no-untyped-def]
tests/test_skillcheck.py:239: error: Function is missing a type annotation  [no-untyped-def]
tests/test_skillcheck.py:250: error: Function is missing a type annotation  [no-untyped-def]
tests/test_skillcheck.py:265: error: Function is missing a type annotation  [no-untyped-def]
tests/test_shims.py:14: error: Function is missing a type annotation  [no-untyped-def]
tests/test_shims.py:34: error: Function is missing a type annotation  [no-untyped-def]
tests/test_shims.py:44: error: Function is missing a type annotation  [no-untyped-def]
tests/test_shims.py:74: error: Function is missing a type annotation  [no-untyped-def]
tests/test_requirements_spec.py:14: error: Missing type arguments for generic type "dict"  [type-arg]
tests/test_requirements_spec.py:19: error: Missing type arguments for generic type "dict"  [type-arg]
tests/test_requirements_spec.py:27: error: Function is missing a type annotation  [no-untyped-def]
tests/test_requirements_spec.py:47: error: Function is missing a type annotation  [no-untyped-def]
tests/test_requirements_spec.py:59: error: Function is missing a type annotation  [no-untyped-def]
tests/test_requirements_spec.py:70: error: Function is missing a type annotation  [no-untyped-def]
tests/test_requirements_spec.py:81: error: Function is missing a type annotation  [no-untyped-def]
tests/test_requirements_spec.py:92: error: Function is missing a type annotation  [no-untyped-def]
tests/test_requirements_spec.py:108: error: Function is missing a type annotation  [no-untyped-def]
tests/test_requirements_spec.py:114: error: Function is missing a type annotation  [no-untyped-def]
tests/test_requirements_spec.py:134: error: Function is missing a type annotation  [no-untyped-def]
tests/test_requirements_spec.py:140: error: Function is missing a type annotation  [no-untyped-def]
tests/test_protocol_conformance.py:141: error: Argument 1 to "_topological_order" has incompatible type "dict[Any, SimpleNamespace]"; expected "dict[str, ClosureNode]"  [arg-type]
tests/test_protocol_conformance.py:148: error: Argument 1 to "_topological_order" has incompatible type "dict[Any, SimpleNamespace]"; expected "dict[str, ClosureNode]"  [arg-type]
tests/test_protocol_conformance.py:205: error: "redirect_request" of "_RejectRegistryRedirect" does not return a value (it only ever returns None)  [func-returns-value]
tests/test_protocol_conformance.py:225: error: Module "csk.audit_registry" does not explicitly export attribute "time"  [attr-defined]
tests/test_manifest.py:8: error: Function is missing a type annotation  [no-untyped-def]
tests/test_manifest.py:26: error: Function is missing a type annotation  [no-untyped-def]
tests/test_manifest.py:41: error: Function is missing a type annotation  [no-untyped-def]
tests/test_manifest.py:50: error: Function is missing a type annotation  [no-untyped-def]
tests/test_manifest.py:58: error: Function is missing a type annotation  [no-untyped-def]
tests/test_manifest.py:66: error: Function is missing a type annotation  [no-untyped-def]
tests/test_manifest.py:74: error: Function is missing a type annotation  [no-untyped-def]
tests/test_manifest.py:82: error: Function is missing a type annotation  [no-untyped-def]
tests/test_manifest.py:91: error: Function is missing a type annotation  [no-untyped-def]
tests/test_manifest.py:100: error: Function is missing a type annotation  [no-untyped-def]
tests/test_manifest.py:108: error: Function is missing a type annotation  [no-untyped-def]
tests/test_manifest.py:132: error: Function is missing a type annotation  [no-untyped-def]
tests/test_locking.py:8: error: Function is missing a type annotation  [no-untyped-def]
tests/test_locking.py:17: error: Function is missing a type annotation  [no-untyped-def]
tests/test_locking.py:32: error: Function is missing a type annotation  [no-untyped-def]
tests/test_locking.py:47: error: Function is missing a type annotation  [no-untyped-def]
tests/test_locale.py:10: error: Function is missing a type annotation  [no-untyped-def]
tests/test_locale.py:41: error: Function is missing a type annotation  [no-untyped-def]
tests/test_locale.py:53: error: Function is missing a type annotation  [no-untyped-def]
tests/test_locale.py:71: error: Function is missing a type annotation  [no-untyped-def]
tests/test_env_files.py:11: error: Function is missing a type annotation  [no-untyped-def]
tests/test_env_files.py:18: error: Function is missing a type annotation for one or more parameters  [no-untyped-def]
tests/test_env_files.py:35: error: Function is missing a type annotation  [no-untyped-def]
tests/test_config.py:10: error: Function is missing a type annotation  [no-untyped-def]
tests/test_config.py:41: error: Function is missing a type annotation  [no-untyped-def]
tests/test_config.py:108: error: Function is missing a type annotation  [no-untyped-def]
tests/test_config.py:113: error: Function is missing a type annotation  [no-untyped-def]
tests/test_config.py:118: error: Function is missing a type annotation  [no-untyped-def]
tests/test_config.py:136: error: Function is missing a type annotation  [no-untyped-def]
tests/test_config.py:158: error: Function is missing a type annotation  [no-untyped-def]
tests/test_config.py:171: error: Function is missing a type annotation  [no-untyped-def]
tests/test_config.py:184: error: Function is missing a type annotation  [no-untyped-def]
tests/test_config.py:197: error: Function is missing a type annotation  [no-untyped-def]
tests/test_config.py:210: error: Function is missing a type annotation  [no-untyped-def]
tests/test_config.py:223: error: Function is missing a type annotation  [no-untyped-def]
tests/test_config.py:236: error: Function is missing a type annotation  [no-untyped-def]
tests/test_config.py:249: error: Function is missing a type annotation  [no-untyped-def]
tests/test_config.py:265: error: Function is missing a type annotation  [no-untyped-def]
tests/test_config.py:281: error: Function is missing a type annotation  [no-untyped-def]
tests/test_config.py:305: error: Function is missing a type annotation  [no-untyped-def]
tests/test_config.py:328: error: Function is missing a type annotation  [no-untyped-def]
tests/test_config.py:350: error: Function is missing a type annotation  [no-untyped-def]
tests/test_config.py:363: error: Function is missing a type annotation  [no-untyped-def]
tests/test_config.py:368: error: Function is missing a type annotation  [no-untyped-def]
tests/test_audit_capabilities.py:9: error: Function is missing a return type annotation  [no-untyped-def]
tests/test_audit_capabilities.py:9: note: Use "-> None" if function does not return a value
tests/test_audit_capabilities.py:29: error: Function is missing a return type annotation  [no-untyped-def]
tests/test_audit_capabilities.py:29: note: Use "-> None" if function does not return a value
tests/test_audit_capabilities.py:37: error: Function is missing a return type annotation  [no-untyped-def]
tests/test_audit_capabilities.py:37: note: Use "-> None" if function does not return a value
tests/test_audit_capabilities.py:42: error: Function is missing a return type annotation  [no-untyped-def]
tests/test_audit_capabilities.py:42: note: Use "-> None" if function does not return a value
tests/test_audit_capabilities.py:60: error: Function is missing a return type annotation  [no-untyped-def]
tests/test_audit_capabilities.py:60: note: Use "-> None" if function does not return a value
tests/test_adapters.py:10: error: Function is missing a type annotation  [no-untyped-def]
tests/test_adapters.py:25: error: Function is missing a type annotation  [no-untyped-def]
tests/test_adapters.py:40: error: Function is missing a type annotation  [no-untyped-def]
tests/test_adapters.py:57: error: Function is missing a type annotation  [no-untyped-def]
tests/test_adapters.py:65: error: Function is missing a type annotation  [no-untyped-def]
tests/test_adapters.py:79: error: Function is missing a return type annotation  [no-untyped-def]
tests/test_adapters.py:79: note: Use "-> None" if function does not return a value
tests/test_adapters.py:83: error: Function is missing a type annotation  [no-untyped-def]
tests/conftest.py:72: error: Argument 1 to "update" of "MutableMapping" has incompatible type "dict[str, str | bytes]"; expected "SupportsKeysAndGetItem[str, str]"  [arg-type]
tests/conftest.py:73: error: Argument 2 to "write_files" has incompatible type "dict[str, str]"; expected "dict[str, str | bytes]"  [arg-type]
tests/conftest.py:73: note: "dict" is invariant -- see https://mypy.readthedocs.io/en/stable/common_issues.html#variance
tests/conftest.py:73: note: Consider using "Mapping" instead, which is covariant in the value type
tests/conftest.py:93: error: Missing type arguments for generic type "dict"  [type-arg]
tests/test_status.py:7: error: Function is missing a type annotation  [no-untyped-def]
tests/test_status.py:20: error: Function is missing a type annotation  [no-untyped-def]
tests/test_refs.py:7: error: Function is missing a type annotation  [no-untyped-def]
tests/test_refs.py:18: error: Function is missing a type annotation  [no-untyped-def]
tests/test_refs.py:26: error: Function is missing a type annotation  [no-untyped-def]
tests/test_refs.py:36: error: Function is missing a type annotation  [no-untyped-def]
tests/test_refs.py:45: error: Function is missing a type annotation  [no-untyped-def]
tests/test_refs.py:52: error: Function is missing a type annotation  [no-untyped-def]
tests/test_refs.py:55: error: Function is missing a type annotation  [no-untyped-def]
tests/test_refs.py:58: error: Module "csk.git_ops" does not explicitly export attribute "subprocess"  [attr-defined]
tests/test_project_resolver.py:7: error: Function is missing a type annotation  [no-untyped-def]
tests/test_project_resolver.py:29: error: Function is missing a type annotation  [no-untyped-def]
tests/test_project_resolver.py:39: error: Function is missing a type annotation  [no-untyped-def]
tests/test_project_resolver.py:51: error: Function is missing a type annotation  [no-untyped-def]
tests/test_mcp_dependencies.py:15: error: Missing type arguments for generic type "dict"  [type-arg]
tests/test_mcp_dependencies.py:23: error: Missing type arguments for generic type "dict"  [type-arg]
tests/test_mcp_dependencies.py:28: error: Function is missing a type annotation  [no-untyped-def]
tests/test_mcp_dependencies.py:40: error: Function is missing a type annotation  [no-untyped-def]
tests/test_mcp_dependencies.py:47: error: Function is missing a type annotation  [no-untyped-def]
tests/test_mcp_dependencies.py:61: error: Function is missing a type annotation  [no-untyped-def]
tests/test_mcp_dependencies.py:67: error: Function is missing a type annotation  [no-untyped-def]
tests/test_mcp_dependencies.py:80: error: Missing type arguments for generic type "dict"  [type-arg]
tests/test_mcp_dependencies.py:99: error: Function is missing a type annotation  [no-untyped-def]
tests/test_mcp_dependencies.py:110: error: Function is missing a type annotation  [no-untyped-def]
tests/test_mcp_dependencies.py:116: error: Call to untyped function "_install" in typed context  [no-untyped-call]
tests/test_mcp_dependencies.py:124: error: Function is missing a type annotation  [no-untyped-def]
tests/test_mcp_dependencies.py:125: error: Call to untyped function "_install" in typed context  [no-untyped-call]
tests/test_mcp_dependencies.py:131: error: Function is missing a type annotation  [no-untyped-def]
tests/test_mcp_dependencies.py:137: error: Call to untyped function "_install" in typed context  [no-untyped-call]
tests/test_mcp_dependencies.py:141: error: Function is missing a type annotation  [no-untyped-def]
tests/test_mcp_dependencies.py:147: error: Call to untyped function "_install" in typed context  [no-untyped-call]
tests/test_mcp_dependencies.py:154: error: Function is missing a type annotation  [no-untyped-def]
tests/test_mcp_dependencies.py:164: error: Call to untyped function "_install" in typed context  [no-untyped-call]
tests/test_mcp_dependencies.py:174: error: Function is missing a type annotation  [no-untyped-def]
tests/test_mcp_dependencies.py:180: error: Call to untyped function "_install" in typed context  [no-untyped-call]
tests/test_mcp_dependencies.py:196: error: Function is missing a type annotation  [no-untyped-def]
tests/test_mcp_dependencies.py:203: error: Call to untyped function "_install" in typed context  [no-untyped-call]
tests/test_mcp_dependencies.py:211: error: Function is missing a type annotation  [no-untyped-def]
tests/test_mcp_dependencies.py:217: error: Call to untyped function "_install" in typed context  [no-untyped-call]
tests/test_mcp_dependencies.py:222: error: Function is missing a type annotation  [no-untyped-def]
tests/test_mcp_dependencies.py:228: error: Call to untyped function "_install" in typed context  [no-untyped-call]
tests/test_mcp_dependencies.py:232: error: Function is missing a type annotation  [no-untyped-def]
tests/test_mcp_dependencies.py:238: error: Call to untyped function "_install" in typed context  [no-untyped-call]
tests/test_mcp_dependencies.py:242: error: Function is missing a type annotation  [no-untyped-def]
tests/test_mcp_dependencies.py:249: error: Call to untyped function "_install" in typed context  [no-untyped-call]
tests/test_mcp_dependencies.py:253: error: Function is missing a type annotation  [no-untyped-def]
tests/test_mcp_dependencies.py:263: error: Call to untyped function "_install" in typed context  [no-untyped-call]
tests/test_mcp_dependencies.py:268: error: Function is missing a type annotation  [no-untyped-def]
tests/test_mcp_dependencies.py:275: error: Call to untyped function "_install" in typed context  [no-untyped-call]
tests/test_mcp_dependencies.py:280: error: Function is missing a type annotation  [no-untyped-def]
tests/test_mcp_dependencies.py:286: error: Call to untyped function "_install" in typed context  [no-untyped-call]
tests/test_mcp_dependencies.py:291: error: Function is missing a type annotation  [no-untyped-def]
tests/test_mcp_dependencies.py:297: error: Call to untyped function "_install" in typed context  [no-untyped-call]
tests/test_mcp_dependencies.py:302: error: Function is missing a type annotation  [no-untyped-def]
tests/test_mcp_dependencies.py:308: error: Call to untyped function "_install" in typed context  [no-untyped-call]
tests/test_mcp_dependencies.py:313: error: Function is missing a type annotation  [no-untyped-def]
tests/test_mcp_dependencies.py:317: error: Call to untyped function "_install" in typed context  [no-untyped-call]
tests/test_install.py:18: error: Function is missing a type annotation  [no-untyped-def]
tests/test_install.py:55: error: Function is missing a type annotation  [no-untyped-def]
tests/test_install.py:109: error: Function is missing a type annotation  [no-untyped-def]
tests/test_install.py:140: error: Function is missing a type annotation  [no-untyped-def]
tests/test_install.py:154: error: Function is missing a type annotation  [no-untyped-def]
tests/test_install.py:193: error: Function is missing a type annotation  [no-untyped-def]
tests/test_install.py:207: error: Function is missing a type annotation  [no-untyped-def]
tests/test_install.py:236: error: Function is missing a type annotation  [no-untyped-def]
tests/test_install.py:267: error: Function is missing a type annotation  [no-untyped-def]
tests/test_install.py:283: error: Function is missing a type annotation  [no-untyped-def]
tests/test_install.py:315: error: Function is missing a type annotation  [no-untyped-def]
tests/test_install.py:339: error: Function is missing a return type annotation  [no-untyped-def]
tests/test_install.py:342: error: Function is missing a return type annotation  [no-untyped-def]
tests/test_install.py:345: error: Function is missing a type annotation  [no-untyped-def]
tests/test_install.py:357: error: Function is missing a type annotation  [no-untyped-def]
tests/test_install.py:381: error: Function is missing a return type annotation  [no-untyped-def]
tests/test_install.py:384: error: Function is missing a return type annotation  [no-untyped-def]
tests/test_install.py:387: error: Function is missing a type annotation  [no-untyped-def]
tests/test_install.py:399: error: Function is missing a type annotation  [no-untyped-def]
tests/test_install.py:418: error: Module "csk.audit.pipeline" does not explicitly export attribute "canary"  [attr-defined]
tests/test_install.py:427: error: Function is missing a type annotation  [no-untyped-def]
tests/test_install.py:455: error: Function is missing a type annotation  [no-untyped-def]
tests/test_install.py:476: error: Function is missing a type annotation  [no-untyped-def]
tests/test_install.py:497: error: Function is missing a type annotation  [no-untyped-def]
tests/test_install.py:508: error: Function is missing a type annotation  [no-untyped-def]
tests/test_install.py:531: error: Function is missing a type annotation  [no-untyped-def]
tests/test_install.py:551: error: Function is missing a type annotation  [no-untyped-def]
tests/test_install.py:563: error: Function is missing a type annotation  [no-untyped-def]
tests/test_install.py:597: error: Function is missing a type annotation  [no-untyped-def]
tests/test_install.py:615: error: Function is missing a type annotation  [no-untyped-def]
tests/test_install.py:647: error: Function is missing a type annotation  [no-untyped-def]
tests/test_install.py:665: error: Function is missing a type annotation  [no-untyped-def]
tests/test_install.py:681: error: Function is missing a type annotation  [no-untyped-def]
tests/test_install.py:700: error: Function is missing a type annotation  [no-untyped-def]
tests/test_install.py:713: error: Function is missing a type annotation  [no-untyped-def]
tests/test_install.py:726: error: Function is missing a type annotation  [no-untyped-def]
tests/test_install.py:738: error: Function is missing a type annotation  [no-untyped-def]
tests/test_install.py:767: error: Function is missing a type annotation  [no-untyped-def]
tests/test_install.py:807: error: Function is missing a type annotation  [no-untyped-def]
tests/test_install.py:836: error: Function is missing a type annotation  [no-untyped-def]
tests/test_install.py:871: error: Function is missing a type annotation  [no-untyped-def]
tests/test_install.py:905: error: Function is missing a type annotation  [no-untyped-def]
tests/test_install.py:963: error: Function is missing a type annotation  [no-untyped-def]
tests/test_install.py:1032: error: Function is missing a type annotation  [no-untyped-def]
tests/test_install.py:1083: error: Function is missing a type annotation  [no-untyped-def]
tests/test_install.py:1116: error: Function is missing a type annotation  [no-untyped-def]
tests/test_install.py:1161: error: Function is missing a type annotation  [no-untyped-def]
tests/test_install.py:1218: error: Function is missing a type annotation  [no-untyped-def]
tests/test_install.py:1229: error: Function is missing a type annotation  [no-untyped-def]
tests/test_hybrid_scope.py:16: error: Missing type arguments for generic type "dict"  [type-arg]
tests/test_hybrid_scope.py:35: error: Missing type arguments for generic type "dict"  [type-arg]
tests/test_hybrid_scope.py:48: error: Function is missing a type annotation  [no-untyped-def]
tests/test_hybrid_scope.py:69: error: Function is missing a type annotation  [no-untyped-def]
tests/test_hybrid_scope.py:75: error: Function is missing a type annotation  [no-untyped-def]
tests/test_hybrid_scope.py:98: error: Function is missing a type annotation  [no-untyped-def]
tests/test_hybrid_scope.py:117: error: Function is missing a type annotation  [no-untyped-def]
tests/test_hybrid_scope.py:139: error: Function is missing a type annotation  [no-untyped-def]
tests/test_hybrid_scope.py:160: error: Function is missing a type annotation  [no-untyped-def]
tests/test_hybrid_scope.py:181: error: Function is missing a type annotation  [no-untyped-def]
tests/test_hybrid_scope.py:222: error: Function is missing a type annotation  [no-untyped-def]
tests/test_global_install.py:21: error: Missing type arguments for generic type "dict"  [type-arg]
tests/test_global_install.py:27: error: Function is missing a type annotation  [no-untyped-def]
tests/test_global_install.py:42: error: Function is missing a type annotation  [no-untyped-def]
tests/test_global_install.py:59: error: Function is missing a type annotation  [no-untyped-def]
tests/test_global_install.py:115: error: Function is missing a type annotation  [no-untyped-def]
tests/test_global_install.py:155: error: Function is missing a type annotation  [no-untyped-def]
tests/test_global_install.py:178: error: Function is missing a type annotation  [no-untyped-def]
tests/test_global_install.py:218: error: Function is missing a type annotation  [no-untyped-def]
tests/test_global_install.py:251: error: Function is missing a type annotation  [no-untyped-def]
tests/test_global_install.py:293: error: Function is missing a type annotation  [no-untyped-def]
tests/test_global_install.py:332: error: Function is missing a type annotation  [no-untyped-def]
tests/test_global_install.py:370: error: Function is missing a type annotation  [no-untyped-def]
tests/test_global_install.py:379: error: Function is missing a type annotation  [no-untyped-def]
tests/test_global_install.py:412: error: Function is missing a type annotation  [no-untyped-def]
tests/test_global_install.py:447: error: Function is missing a type annotation  [no-untyped-def]
tests/test_global_install.py:466: error: Function is missing a type annotation  [no-untyped-def]
tests/test_global_install.py:491: error: Function is missing a type annotation  [no-untyped-def]
tests/test_global_install.py:508: error: Function is missing a type annotation  [no-untyped-def]
tests/test_global_install.py:511: error: Module "csk.global_install" does not explicitly export attribute "git_ops"  [attr-defined]
tests/test_global_install.py:521: error: Function is missing a type annotation  [no-untyped-def]
tests/test_global_install.py:540: error: Function is missing a type annotation  [no-untyped-def]
tests/test_global_install.py:585: error: Function is missing a type annotation  [no-untyped-def]
tests/test_global_install.py:658: error: Function is missing a type annotation  [no-untyped-def]
tests/test_global_install.py:734: error: Function is missing a type annotation  [no-untyped-def]
tests/test_global_install.py:779: error: Function is missing a type annotation  [no-untyped-def]
tests/test_global_install.py:796: error: Function is missing a type annotation  [no-untyped-def]
tests/test_global_install.py:829: error: Function is missing a type annotation  [no-untyped-def]
tests/test_global_install.py:866: error: Function is missing a type annotation  [no-untyped-def]
tests/test_global_install.py:889: error: Function is missing a type annotation  [no-untyped-def]
tests/test_gitignore_gate.py:9: error: Function is missing a type annotation  [no-untyped-def]
tests/test_gitignore_gate.py:15: error: Function is missing a type annotation  [no-untyped-def]
tests/test_gc.py:12: error: Function is missing a type annotation  [no-untyped-def]
tests/test_gc.py:61: error: Function is missing a type annotation  [no-untyped-def]
tests/test_gc.py:78: error: Function is missing a type annotation  [no-untyped-def]
tests/test_gc.py:98: error: Function is missing a type annotation  [no-untyped-def]
tests/test_gc.py:99: error: Function is missing a type annotation  [no-untyped-def]
tests/test_gc.py:106: error: Function is missing a type annotation  [no-untyped-def]
tests/test_gc.py:109: error: Call to untyped function "_make_tool_repo" in typed context  [no-untyped-call]
tests/test_gc.py:114: error: Call to untyped function "_two_project_config" in typed context  [no-untyped-call]
tests/test_gc.py:121: error: Call to untyped function "_two_project_config" in typed context  [no-untyped-call]
tests/test_gc.py:126: error: Function is missing a type annotation  [no-untyped-def]
tests/test_gc.py:131: error: Call to untyped function "_make_tool_repo" in typed context  [no-untyped-call]
tests/test_gc.py:135: error: Call to untyped function "_two_project_config" in typed context  [no-untyped-call]
tests/test_gc.py:139: error: Call to untyped function "_rmtree" in typed context  [no-untyped-call]
tests/test_gc.py:140: error: Call to untyped function "_two_project_config" in typed context  [no-untyped-call]
tests/test_gc.py:148: error: Function is missing a type annotation  [no-untyped-def]
tests/test_gc.py:153: error: Call to untyped function "_make_tool_repo" in typed context  [no-untyped-call]
tests/test_gc.py:157: error: Call to untyped function "_two_project_config" in typed context  [no-untyped-call]
tests/test_gc.py:161: error: Call to untyped function "_two_project_config" in typed context  [no-untyped-call]
tests/test_gc.py:166: error: Function is missing a type annotation  [no-untyped-def]
tests/test_gc.py:172: error: Call to untyped function "_make_tool_repo" in typed context  [no-untyped-call]
tests/test_gc.py:174: error: Call to untyped function "_two_project_config" in typed context  [no-untyped-call]
tests/test_gc.py:199: error: Function is missing a type annotation  [no-untyped-def]
tests/test_gc.py:203: error: Call to untyped function "_make_tool_repo" in typed context  [no-untyped-call]
tests/test_gc.py:205: error: Call to untyped function "_two_project_config" in typed context  [no-untyped-call]
tests/test_gc.py:224: error: Function is missing a type annotation  [no-untyped-def]
tests/test_e2e.py:9: error: Function is missing a type annotation  [no-untyped-def]
tests/test_e2e.py:38: error: Function is missing a type annotation  [no-untyped-def]
tests/test_e2e.py:77: error: Function is missing a type annotation  [no-untyped-def]
tests/test_e2e.py:119: error: Module "csk.cli" does not explicitly export attribute "git_ops"  [attr-defined]
tests/test_e2e.py:121: error: Function is missing a type annotation  [no-untyped-def]
tests/test_e2e.py:125: error: Module "csk.cli" does not explicitly export attribute "git_ops"  [attr-defined]
tests/test_e2e.py:133: error: Function is missing a type annotation  [no-untyped-def]
tests/test_dev_substitution.py:14: error: Missing type arguments for generic type "dict"  [type-arg]
tests/test_dev_substitution.py:33: error: Function is missing a type annotation for one or more parameters  [no-untyped-def]
tests/test_dev_substitution.py:33: error: Missing type arguments for generic type "dict"  [type-arg]
tests/test_dev_substitution.py:49: error: Function is missing a type annotation for one or more parameters  [no-untyped-def]
tests/test_dev_substitution.py:54: error: Function is missing a type annotation for one or more parameters  [no-untyped-def]
tests/test_dev_substitution.py:54: error: Missing type arguments for generic type "dict"  [type-arg]
tests/test_dev_substitution.py:58: error: Function is missing a type annotation  [no-untyped-def]
tests/test_dev_substitution.py:70: error: Function is missing a type annotation  [no-untyped-def]
tests/test_dev_substitution.py:71: error: Call to untyped function "_setup" in typed context  [no-untyped-call]
tests/test_dev_substitution.py:95: error: Function is missing a type annotation  [no-untyped-def]
tests/test_dev_substitution.py:96: error: Call to untyped function "_setup" in typed context  [no-untyped-call]
tests/test_dev_substitution.py:123: error: Function is missing a type annotation  [no-untyped-def]
tests/test_dev_substitution.py:124: error: Call to untyped function "_setup" in typed context  [no-untyped-call]
tests/test_dev_substitution.py:132: error: Function is missing a type annotation  [no-untyped-def]
tests/test_dev_substitution.py:133: error: Call to untyped function "_setup" in typed context  [no-untyped-call]
tests/test_dev_substitution.py:143: error: Function is missing a type annotation  [no-untyped-def]
tests/test_dev_substitution.py:144: error: Call to untyped function "_setup" in typed context  [no-untyped-call]
tests/test_dev_substitution.py:154: error: Function is missing a type annotation  [no-untyped-def]
tests/test_dev_substitution.py:163: error: Function is missing a type annotation  [no-untyped-def]
tests/test_dev_substitution.py:164: error: Call to untyped function "_setup" in typed context  [no-untyped-call]
tests/test_closure_install.py:13: error: Missing type arguments for generic type "dict"  [type-arg]
tests/test_closure_install.py:14: error: Missing type arguments for generic type "dict"  [type-arg]
tests/test_closure_install.py:24: error: Function is missing a type annotation for one or more parameters  [no-untyped-def]
tests/test_closure_install.py:24: error: Missing type arguments for generic type "dict"  [type-arg]
tests/test_closure_install.py:25: error: Missing type arguments for generic type "dict"  [type-arg]
tests/test_closure_install.py:33: error: Missing type arguments for generic type "dict"  [type-arg]
tests/test_closure_install.py:52: error: Function is missing a type annotation  [no-untyped-def]
tests/test_closure_install.py:78: error: Function is missing a type annotation  [no-untyped-def]
tests/test_closure_install.py:95: error: Need type annotation for "fetched" (hint: "fetched: list[<type>] = ...")  [var-annotated]
tests/test_closure_install.py:96: error: Module "csk.installer" does not explicitly export attribute "git_ops"  [attr-defined]
tests/test_closure_install.py:104: error: Function is missing a type annotation  [no-untyped-def]
tests/test_closure_install.py:124: error: Function is missing a type annotation  [no-untyped-def]
tests/test_closure_install.py:159: error: Function is missing a type annotation  [no-untyped-def]
tests/test_closure_install.py:192: error: Function is missing a type annotation  [no-untyped-def]
tests/test_closure_install.py:230: error: Function is missing a type annotation  [no-untyped-def]
tests/test_closure_install.py:257: error: Function is missing a type annotation  [no-untyped-def]
tests/test_closure_install.py:281: error: Function is missing a type annotation  [no-untyped-def]
tests/test_closure_install.py:308: error: Function is missing a type annotation  [no-untyped-def]
tests/test_closure_install.py:330: error: Function is missing a type annotation  [no-untyped-def]
tests/test_closure_install.py:356: error: Function is missing a type annotation  [no-untyped-def]
tests/test_cli.py:14: error: Function is missing a type annotation  [no-untyped-def]
tests/test_cli.py:21: error: Function is missing a type annotation  [no-untyped-def]
tests/test_cli.py:35: error: Function is missing a type annotation  [no-untyped-def]
tests/test_cli.py:51: error: Function is missing a type annotation  [no-untyped-def]
tests/test_cli.py:61: error: Function is missing a type annotation  [no-untyped-def]
tests/test_cli.py:87: error: Function is missing a type annotation  [no-untyped-def]
tests/test_cli.py:101: error: Function is missing a type annotation  [no-untyped-def]
tests/test_cli.py:109: error: Function is missing a type annotation  [no-untyped-def]
tests/test_cli.py:119: error: Function is missing a type annotation  [no-untyped-def]
tests/test_cli.py:152: error: Function is missing a type annotation  [no-untyped-def]
tests/test_cli.py:169: error: Function is missing a type annotation  [no-untyped-def]
tests/test_cli.py:182: error: Function is missing a type annotation  [no-untyped-def]
tests/test_cli.py:191: error: Function is missing a type annotation  [no-untyped-def]
tests/test_cli.py:211: error: Function is missing a type annotation  [no-untyped-def]
tests/test_cli.py:242: error: Function is missing a type annotation  [no-untyped-def]
tests/test_cli.py:266: error: Function is missing a type annotation  [no-untyped-def]
tests/test_cli.py:294: error: Function is missing a type annotation  [no-untyped-def]
tests/test_cli.py:320: error: Function is missing a type annotation  [no-untyped-def]
tests/test_cli.py:346: error: Function is missing a type annotation  [no-untyped-def]
tests/test_cli.py:371: error: Function is missing a type annotation  [no-untyped-def]
tests/test_cli.py:397: error: Function is missing a type annotation  [no-untyped-def]
tests/test_cli.py:417: error: Function is missing a type annotation  [no-untyped-def]
tests/test_cli.py:443: error: Function is missing a type annotation  [no-untyped-def]
tests/test_cli.py:471: error: Function is missing a type annotation  [no-untyped-def]
tests/test_cli.py:482: error: Function is missing a type annotation  [no-untyped-def]
tests/test_cli.py:510: error: Function is missing a type annotation  [no-untyped-def]
tests/test_cli.py:530: error: Function is missing a type annotation  [no-untyped-def]
tests/test_cli.py:563: error: Function is missing a type annotation  [no-untyped-def]
tests/test_cli.py:574: error: Function is missing a type annotation  [no-untyped-def]
tests/test_cli.py:586: error: Function is missing a type annotation  [no-untyped-def]
tests/test_cli.py:610: error: Function is missing a type annotation  [no-untyped-def]
tests/test_cli.py:641: error: Function is missing a type annotation  [no-untyped-def]
tests/test_cli.py:663: error: Function is missing a type annotation  [no-untyped-def]
tests/test_cli.py:668: error: Function is missing a type annotation  [no-untyped-def]
tests/test_cli.py:678: error: Function is missing a type annotation  [no-untyped-def]
tests/test_cli.py:689: error: Function is missing a type annotation  [no-untyped-def]
tests/test_cli.py:700: error: Function is missing a type annotation  [no-untyped-def]
tests/test_cli.py:735: error: Function is missing a type annotation  [no-untyped-def]
tests/test_cli.py:751: error: Function is missing a type annotation  [no-untyped-def]
tests/test_cli.py:753: error: Call to untyped function "_register_project" in typed context  [no-untyped-call]
tests/test_cli.py:762: error: Function is missing a type annotation  [no-untyped-def]
tests/test_cli.py:766: error: Call to untyped function "_register_project" in typed context  [no-untyped-call]
tests/test_cli.py:776: error: Function is missing a type annotation  [no-untyped-def]
tests/test_cli.py:782: error: Call to untyped function "_register_project" in typed context  [no-untyped-call]
tests/test_cli.py:784: error: Function is missing a type annotation  [no-untyped-def]
tests/test_cli.py:787: error: Module "csk.git_ops" does not explicitly export attribute "subprocess"  [attr-defined]
tests/test_cli.py:796: error: Function is missing a type annotation  [no-untyped-def]
tests/test_cli.py:800: error: Call to untyped function "_register_project" in typed context  [no-untyped-call]
tests/test_cli.py:813: error: Function is missing a type annotation  [no-untyped-def]
tests/test_cli.py:816: error: Call to untyped function "_register_project" in typed context  [no-untyped-call]
tests/test_cli.py:838: error: Function is missing a type annotation  [no-untyped-def]
tests/test_cli.py:841: error: Call to untyped function "_register_project" in typed context  [no-untyped-call]
tests/test_cli.py:849: error: Function is missing a type annotation  [no-untyped-def]
tests/test_cli.py:852: error: Call to untyped function "_register_project" in typed context  [no-untyped-call]
tests/test_cli.py:860: error: Function is missing a type annotation  [no-untyped-def]
tests/test_cli.py:886: error: Function is missing a type annotation  [no-untyped-def]
tests/test_cli.py:912: error: Function is missing a type annotation  [no-untyped-def]
tests/test_cli.py:930: error: Function is missing a type annotation  [no-untyped-def]
tests/test_cli.py:935: error: Function is missing a type annotation  [no-untyped-def]
tests/test_cli.py:939: error: Call to untyped function "_register_project" in typed context  [no-untyped-call]
tests/test_cli.py:945: error: Function is missing a type annotation  [no-untyped-def]
tests/test_cli.py:951: error: Call to untyped function "_register_project" in typed context  [no-untyped-call]
tests/test_cli.py:953: error: Function is missing a type annotation  [no-untyped-def]
tests/test_cli.py:956: error: Module "csk.cli" does not explicitly export attribute "git_ops"  [attr-defined]
tests/test_cli.py:963: error: Function is missing a type annotation  [no-untyped-def]
tests/test_cli.py:973: error: Call to untyped function "_register_project" in typed context  [no-untyped-call]
tests/test_cli.py:975: error: Module "csk.cli" does not explicitly export attribute "git_ops"  [attr-defined]
tests/test_cli.py:982: error: Function is missing a type annotation  [no-untyped-def]
tests/test_cli.py:985: error: Call to untyped function "_register_project" in typed context  [no-untyped-call]
tests/test_cli.py:998: error: Function is missing a type annotation  [no-untyped-def]
tests/test_cli.py:1001: error: Call to untyped function "_register_project" in typed context  [no-untyped-call]
tests/test_audit_registry.py:50: error: Function is missing a return type annotation  [no-untyped-def]
tests/test_audit_registry.py:50: note: Use "-> None" if function does not return a value
tests/test_audit_registry.py:59: error: Function is missing a return type annotation  [no-untyped-def]
tests/test_audit_registry.py:59: note: Use "-> None" if function does not return a value
tests/test_audit_registry.py:68: error: Function is missing a return type annotation  [no-untyped-def]
tests/test_audit_registry.py:68: note: Use "-> None" if function does not return a value
tests/test_audit_registry.py:79: error: Function is missing a return type annotation  [no-untyped-def]
tests/test_audit_registry.py:79: note: Use "-> None" if function does not return a value
tests/test_audit_registry.py:96: error: Function is missing a type annotation  [no-untyped-def]
tests/test_audit_registry.py:116: error: Function is missing a return type annotation  [no-untyped-def]
tests/test_audit_registry.py:116: note: Use "-> None" if function does not return a value
tests/test_audit_registry.py:126: error: Function is missing a return type annotation  [no-untyped-def]
tests/test_audit_registry.py:143: error: Function is missing a return type annotation  [no-untyped-def]
tests/test_audit_registry.py:143: note: Use "-> None" if function does not return a value
tests/test_audit_registry.py:151: error: Function is missing a return type annotation  [no-untyped-def]
tests/test_audit_registry.py:151: note: Use "-> None" if function does not return a value
tests/test_audit_registry.py:161: error: Function is missing a return type annotation  [no-untyped-def]
tests/test_audit_registry.py:161: note: Use "-> None" if function does not return a value
tests/test_audit_registry.py:171: error: Function is missing a return type annotation  [no-untyped-def]
tests/test_audit_registry.py:171: note: Use "-> None" if function does not return a value
tests/test_audit_registry.py:178: error: Function is missing a return type annotation  [no-untyped-def]
tests/test_audit_registry.py:178: note: Use "-> None" if function does not return a value
tests/test_audit_registry.py:189: error: Function is missing a type annotation  [no-untyped-def]
tests/test_audit_registry.py:203: error: Unused "type: ignore" comment  [unused-ignore]
tests/test_audit_registry.py:213: error: Unused "type: ignore" comment  [unused-ignore]
tests/test_audit_registry.py:216: error: Function is missing a type annotation  [no-untyped-def]
tests/test_audit_registry.py:229: error: Function is missing a type annotation  [no-untyped-def]
tests/test_audit_registry.py:232: error: Function is missing a type annotation  [no-untyped-def]
tests/test_audit_registry.py:235: error: Function is missing a type annotation  [no-untyped-def]
tests/test_audit_registry.py:238: error: Function is missing a type annotation  [no-untyped-def]
tests/test_audit_registry.py:260: error: Function is missing a type annotation  [no-untyped-def]
tests/test_audit_registry.py:283: error: Function is missing a type annotation  [no-untyped-def]
tests/test_audit_registry.py:304: error: Function is missing a type annotation  [no-untyped-def]
tests/test_audit_registry.py:312: error: Function is missing a type annotation  [no-untyped-def]
tests/test_audit_registry.py:325: error: Function is missing a type annotation  [no-untyped-def]
tests/test_audit_registry.py:341: error: Function is missing a return type annotation  [no-untyped-def]
tests/test_audit_registry.py:341: note: Use "-> None" if function does not return a value
tests/test_audit_registry.py:358: error: Function is missing a type annotation  [no-untyped-def]
tests/test_audit_registry.py:381: error: Function is missing a type annotation  [no-untyped-def]
tests/test_audit_registry.py:408: error: Function is missing a return type annotation  [no-untyped-def]
tests/test_audit_registry.py:408: error: Function is missing a type annotation for one or more parameters  [no-untyped-def]
tests/test_audit_registry.py:436: error: Function is missing a type annotation  [no-untyped-def]
tests/test_audit_registry.py:437: error: Function is missing a type annotation  [no-untyped-def]
tests/test_audit_registry.py:452: error: Function is missing a type annotation  [no-untyped-def]
tests/test_audit_registry.py:458: error: Function is missing a type annotation  [no-untyped-def]
tests/test_audit_registry.py:474: error: Function is missing a type annotation  [no-untyped-def]
tests/test_audit_registry.py:489: error: Function is missing a type annotation  [no-untyped-def]
tests/test_audit_registry.py:490: error: Function is missing a type annotation  [no-untyped-def]
tests/test_audit_registry.py:507: error: Function is missing a type annotation  [no-untyped-def]
tests/test_audit_registry.py:526: error: Function is missing a type annotation  [no-untyped-def]
tests/test_audit_registry.py:527: error: Function is missing a type annotation  [no-untyped-def]
tests/test_audit_registry.py:558: error: Function is missing a return type annotation  [no-untyped-def]
tests/test_audit_registry.py:558: note: Use "-> None" if function does not return a value
tests/test_audit_registry.py:567: error: Function is missing a type annotation  [no-untyped-def]
tests/test_audit_registry.py:573: error: Argument "now" to "check_snapshots" has incompatible type "float | None"; expected "float"  [arg-type]
tests/test_audit_registry.py:579: error: Function is missing a type annotation  [no-untyped-def]
tests/test_audit_registry.py:585: error: Argument "now" to "check_snapshots" has incompatible type "float | None"; expected "float"  [arg-type]
tests/test_audit_registry.py:589: error: Argument "now" to "check_snapshots" has incompatible type "float | None"; expected "float"  [arg-type]
tests/test_audit_registry.py:595: error: Function is missing a type annotation  [no-untyped-def]
tests/test_audit_registry.py:601: error: Argument "now" to "check_snapshots" has incompatible type "float | None"; expected "float"  [arg-type]
tests/test_audit_registry.py:607: error: Function is missing a type annotation  [no-untyped-def]
tests/test_audit_registry.py:614: error: Argument "now" to "check_snapshots" has incompatible type "float | None"; expected "float"  [arg-type]
tests/test_audit_registry.py:620: error: Function is missing a type annotation  [no-untyped-def]
tests/test_audit_registry.py:625: error: Argument "now" to "check_snapshots" has incompatible type "float | None"; expected "float"  [arg-type]
tests/test_audit_registry.py:628: error: Argument "now" to "check_snapshots" has incompatible type "float | None"; expected "float"  [arg-type]
tests/test_audit_registry.py:634: error: Function is missing a type annotation  [no-untyped-def]
tests/test_audit_registry.py:640: error: Argument "now" to "check_snapshots" has incompatible type "float | None"; expected "float"  [arg-type]
tests/test_audit_registry.py:646: error: Function is missing a type annotation  [no-untyped-def]
tests/test_audit_registry.py:658: error: Function is missing a type annotation  [no-untyped-def]
tests/test_audit_publish.py:13: error: Function is missing a type annotation for one or more parameters  [no-untyped-def]
tests/test_audit_publish.py:38: error: Function is missing a type annotation  [no-untyped-def]
tests/test_audit_publish.py:49: error: Function is missing a type annotation  [no-untyped-def]
tests/test_audit_publish.py:52: error: Function is missing a type annotation  [no-untyped-def]
tests/test_audit_publish.py:55: error: Function is missing a type annotation  [no-untyped-def]
tests/test_audit_publish.py:58: error: Function is missing a type annotation  [no-untyped-def]
tests/test_audit_publish.py:80: error: Function is missing a type annotation  [no-untyped-def]
tests/test_audit_publish.py:92: error: Function is missing a type annotation  [no-untyped-def]
tests/test_audit_publish.py:95: error: Function is missing a type annotation  [no-untyped-def]
tests/test_audit_publish.py:98: error: Function is missing a type annotation  [no-untyped-def]
tests/test_audit_publish.py:101: error: Function is missing a type annotation  [no-untyped-def]
tests/test_audit_publish.py:110: error: Function is missing a type annotation  [no-untyped-def]
tests/test_audit_publish.py:118: error: Function is missing a type annotation  [no-untyped-def]
tests/test_audit_cli.py:9: error: Function is missing a type annotation  [no-untyped-def]
tests/test_audit_cli.py:44: error: Function is missing a type annotation  [no-untyped-def]
tests/test_audit_cli.py:80: error: Function is missing a type annotation  [no-untyped-def]
tests/test_audit_cli.py:121: error: Function is missing a type annotation  [no-untyped-def]
tests/test_audit_cli.py:158: error: Function is missing a type annotation  [no-untyped-def]
tests/test_audit_cli.py:216: error: Function is missing a type annotation  [no-untyped-def]
tests/test_audit_cli.py:249: error: Function is missing a type annotation  [no-untyped-def]
tests/test_audit_cli.py:280: error: Function is missing a type annotation  [no-untyped-def]
tests/test_audit_cli.py:305: error: Function is missing a type annotation  [no-untyped-def]
tests/test_audit_cli.py:336: error: Function is missing a type annotation  [no-untyped-def]
tests/test_audit_cli.py:374: error: Function is missing a type annotation  [no-untyped-def]
tests/test_audit_cli.py:426: error: Function is missing a type annotation  [no-untyped-def]
tests/test_audit_cache.py:14: error: Function is missing a type annotation  [no-untyped-def]
tests/test_audit_cache.py:38: error: Function is missing a type annotation  [no-untyped-def]
tests/test_audit_cache.py:48: error: Function is missing a type annotation  [no-untyped-def]
tests/test_audit_cache.py:78: error: Function is missing a type annotation  [no-untyped-def]
tests/test_audit_cache.py:106: error: Function is missing a type annotation  [no-untyped-def]
tests/test_audit_cache.py:130: error: Function is missing a type annotation  [no-untyped-def]
tests/test_audit_cache.py:154: error: Function is missing a type annotation  [no-untyped-def]
tests/test_audit_cache.py:184: error: Function is missing a return type annotation  [no-untyped-def]
tests/test_audit_backends.py:15: error: Function is missing a type annotation  [no-untyped-def]
tests/test_audit_backends.py:96: error: Function is missing a type annotation  [no-untyped-def]
tests/test_audit_backends.py:162: error: Function is missing a type annotation  [no-untyped-def]
tests/test_audit_backends.py:223: error: Function is missing a type annotation  [no-untyped-def]
tests/test_audit_backends.py:255: error: Function is missing a type annotation  [no-untyped-def]
tests/test_audit_backends.py:327: error: Function is missing a type annotation  [no-untyped-def]
tests/test_audit_backends.py:329: error: Call to untyped function "_write_fake_codex" in typed context  [no-untyped-call]
tests/test_audit_backends.py:388: error: Function is missing a return type annotation  [no-untyped-def]
tests/test_audit_backends.py:388: error: Function is missing a type annotation for one or more parameters  [no-untyped-def]
tests/test_audit_backends.py:394: error: Function is missing a type annotation  [no-untyped-def]
tests/test_activation_modes.py:15: error: Missing type arguments for generic type "dict"  [type-arg]
tests/test_activation_modes.py:38: error: Function is missing a type annotation  [no-untyped-def]
tests/test_activation_modes.py:43: error: Missing type arguments for generic type "dict"  [type-arg]
tests/test_activation_modes.py:51: error: Function is missing a type annotation  [no-untyped-def]
tests/test_activation_modes.py:61: error: Function is missing a type annotation for one or more parameters  [no-untyped-def]
tests/test_activation_modes.py:61: error: Missing type arguments for generic type "dict"  [type-arg]
tests/test_activation_modes.py:62: error: Missing type arguments for generic type "dict"  [type-arg]
tests/test_activation_modes.py:71: error: Function is missing a type annotation  [no-untyped-def]
tests/test_activation_modes.py:72: error: Call to untyped function "_install" in typed context  [no-untyped-call]
tests/test_activation_modes.py:97: error: Function is missing a type annotation  [no-untyped-def]
tests/test_activation_modes.py:98: error: Call to untyped function "_install" in typed context  [no-untyped-call]
tests/test_activation_modes.py:114: error: Function is missing a type annotation  [no-untyped-def]
tests/test_activation_modes.py:115: error: Call to untyped function "_install" in typed context  [no-untyped-call]
tests/test_activation_modes.py:129: error: Call to untyped function "_shim" in typed context  [no-untyped-call]
tests/test_activation_modes.py:132: error: Function is missing a type annotation  [no-untyped-def]
tests/test_activation_modes.py:133: error: Call to untyped function "_install" in typed context  [no-untyped-call]
tests/test_activation_modes.py:145: error: Call to untyped function "_shim" in typed context  [no-untyped-call]
tests/test_activation_modes.py:148: error: Function is missing a type annotation  [no-untyped-def]
tests/test_activation_modes.py:149: error: Call to untyped function "_install" in typed context  [no-untyped-call]
tests/test_activation_modes.py:164: error: Call to untyped function "_shim" in typed context  [no-untyped-call]
tests/test_activation_modes.py:165: error: Call to untyped function "_shim" in typed context  [no-untyped-call]
tests/test_activation_modes.py:173: error: Function is missing a type annotation  [no-untyped-def]
tests/test_activation_modes.py:174: error: Call to untyped function "_install" in typed context  [no-untyped-call]
tests/test_activation_modes.py:191: error: Call to untyped function "_shim" in typed context  [no-untyped-call]
tests/test_activation_modes.py:192: error: Call to untyped function "_shim" in typed context  [no-untyped-call]
tests/test_activation_modes.py:193: error: Call to untyped function "_shim" in typed context  [no-untyped-call]
tests/test_activation_modes.py:196: error: Function is missing a type annotation  [no-untyped-def]
tests/test_activation_modes.py:197: error: Call to untyped function "_install" in typed context  [no-untyped-call]
tests/test_activation_modes.py:217: error: Function is missing a type annotation  [no-untyped-def]
tests/test_activation_modes.py:218: error: Call to untyped function "_install" in typed context  [no-untyped-call]
Found 565 errors in 38 files (checked 95 source files)
