2026-07-20T22:28:47Z
baseline=57c1f56846d221ecc55786bd3c2467ec32f11730
MATCH e45bd395ec346e0140cd4d0bfec30001ed901d7490f72373a9eca4a35ac418a6 schemas/v1/agent-skill-v1.schema.json
MATCH 7415e3e45d1aaa39e93e3db25265f66726fcc92c5bb62357f9c3a3a5080eeca5 schemas/v1/agent-skill-v2.schema.json
MATCH f612705df45099c0bef72ef7733dfdd691b32bf41d13c1e7804dfe01d51dc48b schemas/v1/agent-skill-v3.schema.json
MATCH a6b813a48c0b857aacf9760fe7372b3678b23849b47f48ef034e6c5b3f480fd4 schemas/v1/agent-skill-v4.schema.json
MATCH 4d4556c12655cd94fb2fb6499d2b24519124bdee7db34802264665f46999242d schemas/v1/agent-skill-v5.schema.json
MATCH 7cab6250b9c975c09281d4bef4f2eb0a889228ca2c17390395e955fb70a3a224 schemas/v1/csk-skill-v1.schema.json
MATCH 43bfe3e22107a92e13c3d21dc6d8c140951f7243e14fdf1809795123e5360361 schemas/v1/csk-skill-v2.schema.json
MATCH 9fe1d36d6c9be071ed269a04e024b6a8c91fbb5d2342e4593cf7f44c139f82f1 schemas/v1/csk-skill-v3.schema.json
MATCH 2ed3d3c0be2c450909ac1f1fc068e0121ff729ceee6ede6b2d6dc157e4da1227 schemas/v1/csk-skill-v4.schema.json
MATCH 322d30bf3cf43a0a638bd73621029b0b29aa437f8c1f6f0870e2658c55980abe schemas/v1/csk-skill-v5.schema.json
MATCH aff8070c3e4e77a45aee3fc0b8c21be24d1e7a759a199357698611662cead855 schemas/v1/install-marker-v1.schema.json
MATCH c9f49460618ccc8b1d7d2dfaf760fc6ad3a53a870a6685a685ddc148d3c87b3f schemas/v1/conformance-claim-v1.schema.json
MATCH e6d8845d9637b1e21dd962f29f16ffd686103cb1b867eaa4d7d9a8b651d0415a conformance/v1/schema-cases/agent-skill-v1/invalid.json
MATCH 51e646bb0bb903db17b1b76cde49e4be8e33956c73944f1d59e14e150df6666c conformance/v1/schema-cases/agent-skill-v1/valid.json
MATCH b34b7633c5351bc53a4b3fc95ffc84e91167c57d682fc000fc0d8079598f54c2 conformance/v1/schema-cases/agent-skill-v2/invalid.json
MATCH dd924e1e339e6d4b32be8a6bfb0419d5925523e8d75b2508786a7835fffd113b conformance/v1/schema-cases/agent-skill-v2/valid.json
MATCH 8ab25dca4c8b054f13753795ee1b9365d9d3b43578825ca756f32d46db4d49a3 conformance/v1/schema-cases/agent-skill-v3/invalid.json
MATCH 55dc5c603d4ec1633ecd30c84d95aa40d2ab5192dc93436f314c88abf33c3145 conformance/v1/schema-cases/agent-skill-v3/valid.json
MATCH 0057844f12c30cb9a74bc251df912103956dc0975b369ed99c8534fd84490334 conformance/v1/schema-cases/agent-skill-v4/invalid.json
MATCH 5a132fcd357b74761648facba8d29406060de0713563b275c173efba1e647681 conformance/v1/schema-cases/agent-skill-v4/valid.json
MATCH ea9a68b486d27311a73c82f794675eb62bd9c2b8b5917aeb04293d0a13048071 conformance/v1/schema-cases/agent-skill-v5/invalid.json
MATCH 9f3bb9d9aff11fceed665b3283d6b4b9e531785d751f53c37517d71b72f9a26f conformance/v1/schema-cases/agent-skill-v5/valid.json
MATCH e6d8845d9637b1e21dd962f29f16ffd686103cb1b867eaa4d7d9a8b651d0415a conformance/v1/schema-cases/csk-skill-v1/invalid.json
MATCH 51e646bb0bb903db17b1b76cde49e4be8e33956c73944f1d59e14e150df6666c conformance/v1/schema-cases/csk-skill-v1/valid.json
MATCH b34b7633c5351bc53a4b3fc95ffc84e91167c57d682fc000fc0d8079598f54c2 conformance/v1/schema-cases/csk-skill-v2/invalid.json
MATCH dd924e1e339e6d4b32be8a6bfb0419d5925523e8d75b2508786a7835fffd113b conformance/v1/schema-cases/csk-skill-v2/valid.json
MATCH 8ab25dca4c8b054f13753795ee1b9365d9d3b43578825ca756f32d46db4d49a3 conformance/v1/schema-cases/csk-skill-v3/invalid.json
MATCH 55dc5c603d4ec1633ecd30c84d95aa40d2ab5192dc93436f314c88abf33c3145 conformance/v1/schema-cases/csk-skill-v3/valid.json
MATCH 0057844f12c30cb9a74bc251df912103956dc0975b369ed99c8534fd84490334 conformance/v1/schema-cases/csk-skill-v4/invalid.json
MATCH 5a132fcd357b74761648facba8d29406060de0713563b275c173efba1e647681 conformance/v1/schema-cases/csk-skill-v4/valid.json
MATCH ea9a68b486d27311a73c82f794675eb62bd9c2b8b5917aeb04293d0a13048071 conformance/v1/schema-cases/csk-skill-v5/invalid.json
MATCH 9f3bb9d9aff11fceed665b3283d6b4b9e531785d751f53c37517d71b72f9a26f conformance/v1/schema-cases/csk-skill-v5/valid.json
MATCH c0ea74c822c68409311723a3855eca80ced5ef1801739d4bbfe6ce0916c8d0fa conformance/v1/schema-cases/install-marker-v1/invalid.json
MATCH 80989f850887814ec09c724a7dd891ac7e2422d5fef7e31f330be3554aa9b28a conformance/v1/schema-cases/install-marker-v1/valid.json
MATCH de9568757a2bb89c87702e47f6d9c162df24f5ee964f1ef49b9e191ed94b7017 conformance/v1/schema-cases/conformance-claim-v1/invalid.json
MATCH 799682489be118331135d91798db90b8d020cbb703207331824ab113f037693c conformance/v1/schema-cases/conformance-claim-v1/valid.json
{
  "schema_version": 1,
  "protocol_version": "1.0.0-rc.3"
}
legacy schema and case bytes, indexed semantics, and claim-v1 identity match origin/main
