candidate-suite: manifest digest matches the supplied expectation
candidate-suite: tree digest matches the supplied expectation
# CANDIDATE PROTOCOL SUITE EVIDENCE -- NOT A RELEASE
#
# This file records the identity of an explicitly supplied, non-default
# candidate protocol suite. It is NOT a published release, NOT a release
# claim and NOT a conformance claim, and it must not be cited as any of
# them. The committed default pin is unchanged by this run; promoting it
# is owned by TASK-260720-38l1sy after TASK-260720-25d05o qualifies the
# release.
#
candidate_revision      <pre-materialised root, no revision supplied>
candidate_root          /Users/iv/Developer/ReluxWorks/curator/.temp/TASK-260729-3nx97g/worktree/conformance/v1
protocol_version        1.0.0-rc.5
manifest_sha256         sha256:b6f56aacc0e37dcc6692f73f641bff761e89b645adfe20a47a06d81c6fda204c
tree_sha256             sha256:e6a132157806bf747f0ad24a61bb5a9a4c8b915dac743d9465c889c0a1ad2fae
file_count              448
committed_released_pin  00b1688a9b2457ca397a0bb550acf47cad8ee967
runner_goos             darwin
runner_goarch           arm64
evidence_class          candidate-only
release_claim           none
conformance_claim       none
candidate-suite: identity recorded at /Users/iv/Developer/ReluxWorks/curator/.temp/TASK-260720-1pvfj5/final-integration/evidence/candidate/candidate-suite-identity.txt
