** WARNING: connection is not using a post-quantum key exchange algorithm.
** This session may be vulnerable to "store now, decrypt later" attacks.
** The server may need to be upgraded. See https://openssh.com/pq.html
=== RUN   TestClassifyBuildCommandMapsEveryCacheOutcomeToADistinctCode
--- PASS: TestClassifyBuildCommandMapsEveryCacheOutcomeToADistinctCode (0.00s)
=== RUN   TestClassifyBuildCommandDetectsRecordedIdentityDrift
=== RUN   TestClassifyBuildCommandDetectsRecordedIdentityDrift/marker_without_a_build_source
=== RUN   TestClassifyBuildCommandDetectsRecordedIdentityDrift/snapshot_identity_moved
=== RUN   TestClassifyBuildCommandDetectsRecordedIdentityDrift/target_or_toolchain_moved
=== RUN   TestClassifyBuildCommandDetectsRecordedIdentityDrift/receipt_identity_moved
=== RUN   TestClassifyBuildCommandDetectsRecordedIdentityDrift/artifact_hash_moved
=== RUN   TestClassifyBuildCommandDetectsRecordedIdentityDrift/artifact_path_moved
=== RUN   TestClassifyBuildCommandDetectsRecordedIdentityDrift/unsupported_driver_in_the_marker
=== RUN   TestClassifyBuildCommandDetectsRecordedIdentityDrift/unsupported_driver_in_the_plan
--- PASS: TestClassifyBuildCommandDetectsRecordedIdentityDrift (0.00s)
    --- PASS: TestClassifyBuildCommandDetectsRecordedIdentityDrift/marker_without_a_build_source (0.00s)
    --- PASS: TestClassifyBuildCommandDetectsRecordedIdentityDrift/snapshot_identity_moved (0.00s)
    --- PASS: TestClassifyBuildCommandDetectsRecordedIdentityDrift/target_or_toolchain_moved (0.00s)
    --- PASS: TestClassifyBuildCommandDetectsRecordedIdentityDrift/receipt_identity_moved (0.00s)
    --- PASS: TestClassifyBuildCommandDetectsRecordedIdentityDrift/artifact_hash_moved (0.00s)
    --- PASS: TestClassifyBuildCommandDetectsRecordedIdentityDrift/artifact_path_moved (0.00s)
    --- PASS: TestClassifyBuildCommandDetectsRecordedIdentityDrift/unsupported_driver_in_the_marker (0.00s)
    --- PASS: TestClassifyBuildCommandDetectsRecordedIdentityDrift/unsupported_driver_in_the_plan (0.00s)
=== RUN   TestClassifySkillBuildsAcceptsOnlyAnExactlyCurrentInstallation
--- PASS: TestClassifySkillBuildsAcceptsOnlyAnExactlyCurrentInstallation (0.00s)
=== RUN   TestClassifySkillBuildsWithoutCompiledStateStaysSilent
--- PASS: TestClassifySkillBuildsWithoutCompiledStateStaysSilent (0.00s)
=== RUN   TestClassifySkillBuildsDetectsContextExposure
=== RUN   TestClassifySkillBuildsDetectsContextExposure/recorded_context_file_inside_a_build_root
=== RUN   TestClassifySkillBuildsDetectsContextExposure/build_root_materialized_in_agent-facing_context
--- PASS: TestClassifySkillBuildsDetectsContextExposure (0.00s)
    --- PASS: TestClassifySkillBuildsDetectsContextExposure/recorded_context_file_inside_a_build_root (0.00s)
    --- PASS: TestClassifySkillBuildsDetectsContextExposure/build_root_materialized_in_agent-facing_context (0.00s)
=== RUN   TestClassifySkillBuildsDetectsCommandDriftInBothDirections
=== RUN   TestClassifySkillBuildsDetectsCommandDriftInBothDirections/closure_activates_a_command_the_marker_does_not_record
=== RUN   TestClassifySkillBuildsDetectsCommandDriftInBothDirections/marker_records_a_command_the_closure_no_longer_activates
--- PASS: TestClassifySkillBuildsDetectsCommandDriftInBothDirections (0.00s)
    --- PASS: TestClassifySkillBuildsDetectsCommandDriftInBothDirections/closure_activates_a_command_the_marker_does_not_record (0.00s)
    --- PASS: TestClassifySkillBuildsDetectsCommandDriftInBothDirections/marker_records_a_command_the_closure_no_longer_activates (0.00s)
=== RUN   TestClassifySkillBuildsRefusesAMarkerThatCannotDescribeABuild
--- PASS: TestClassifySkillBuildsRefusesAMarkerThatCannotDescribeABuild (0.00s)
=== RUN   TestCurrentnessCodesAreDistinctAndOnlyExactStatesPass
--- PASS: TestCurrentnessCodesAreDistinctAndOnlyExactStatesPass (0.00s)
=== RUN   TestCheckFailsForEveryNonCurrentCode
--- PASS: TestCheckFailsForEveryNonCurrentCode (0.00s)
=== RUN   TestBuildReportsNeverPublishAnAbsolutePath
--- PASS: TestBuildReportsNeverPublishAnAbsolutePath (0.00s)
=== RUN   TestBuildReportDetailIsBounded
--- PASS: TestBuildReportDetailIsBounded (0.00s)
=== RUN   TestGoToolchainGuidanceNamesTheAcceptedSelectionAndTestedFamilies
--- PASS: TestGoToolchainGuidanceNamesTheAcceptedSelectionAndTestedFamilies (0.00s)
=== RUN   TestRepairNoticesDistinguishRepairFromAPreservedInstallation
--- PASS: TestRepairNoticesDistinguishRepairFromAPreservedInstallation (0.00s)
=== RUN   TestMarkerDigestsDetectAConcurrentInstallMarkerChange
--- PASS: TestMarkerDigestsDetectAConcurrentInstallMarkerChange (0.02s)
=== RUN   TestStatusReportMarksCompiledStateThatMovedDuringTheCheck
--- PASS: TestStatusReportMarksCompiledStateThatMovedDuringTheCheck (0.02s)
=== RUN   TestStatusReportReportsCompiledCommandsOfAnUninstalledSkill
--- PASS: TestStatusReportReportsCompiledCommandsOfAnUninstalledSkill (0.00s)
PASS
