main_status
## main...origin/main
main_head
495ad021847529ce5a544dba415ca2fe19949539
495ad021847529ce5a544dba415ca2fe19949539
495ad021847529ce5a544dba415ca2fe19949539
candidate_status
## task/TASK-260720-2g21eg-go-v1-compile-driver
 M src/csk/cli.py
?? src/csk/builds/go_v1.py
?? tests/test_builds_go_v1.py
?? tests/test_builds_go_v1_fixture.py
candidate_head
495ad021847529ce5a544dba415ca2fe19949539
candidate_hashes
6e04f58712fd07a45a97d681838d02a89583636a94914bd5ae93bc4d415f0571  src/csk/builds/go_v1.py
9e0724b53e6fbcd86f967f611c19336130620d9a7fb7500b9dc4d879dc35a92c  src/csk/cli.py
dcdea7a9ae43c45b3801945940d9eb50fd85093a0624232115114c1388667a0c  tests/test_builds_go_v1.py
07e33bb2661a36ef5b033d25bde25b6d0d5f2c7374e7cb43ea79bfc9a661c570  tests/test_builds_go_v1_fixture.py
installed_cycle3_hashes
6e04f58712fd07a45a97d681838d02a89583636a94914bd5ae93bc4d415f0571  .temp/TASK-260720-2g21eg/cycle3/venv/lib/python3.14/site-packages/csk/builds/go_v1.py
9e0724b53e6fbcd86f967f611c19336130620d9a7fb7500b9dc4d879dc35a92c  .temp/TASK-260720-2g21eg/cycle3/venv/lib/python3.14/site-packages/csk/cli.py
8de8b5bb6152489957e171722f5bbd73c00eccdd2124872b6e929de8125bf5c9  .temp/TASK-260720-2g21eg/cycle3/dist/cocoaskills-0.12.6.dev6+g495ad0218.d20260730-py3-none-any.whl
review_gate_hashes
41b029a192214e4e39af5bfdd1404b1f179f4ce82af156351242c93155012d62  /Users/iv/Developer/ReluxWorks/curator/.temp/TASK-260720-2g21eg/reviewer-cycle3/TASK-260720-2g21eg_reviewer-cycle3-focused-pytest.xml
e40c87db5cb28fc3e52b5639e63f948481f55b6a5b47c2b3f00eccd3914dcb77  /Users/iv/Developer/ReluxWorks/curator/.temp/TASK-260720-2g21eg/reviewer-cycle3/TASK-260720-2g21eg_reviewer-cycle3-full-pytest.xml
b968f098e901fb44b33c8e816a29a801c7da9263f942c5f6bd48d3e7db3aa481  /Users/iv/Developer/ReluxWorks/curator/.temp/TASK-260720-2g21eg/reviewer-cycle3/TASK-260720-2g21eg_reviewer-cycle3-real-go-fixture.xml
git_diff_check
tabnanny
trailing_whitespace=none
