exit: 0
--- stdout ---
app: skill-a: warning: skill.command_resolution_contract_missing (SKILL.md): prompt-visible instructions export managed runtime commands but do not document a shell-neutral resolver (project .agents/bin lookup, manager global/bin fallback, validated POSIX and PowerShell bare-command fallbacks, Windows .cmd shim suffix). Agents must resolve project shims first, then global shims, then a validated bare command; shell profile activation is optional
app: external build ssh: fixture.test/ssh-tools (command "ssh-cmd" of skill "skill-a") <- operator flags/env
app: external build https: fixture.test/https-tools (command "https-cmd" of skill "skill-a") <- anonymous
app: skill-a.https-cmd external build key=sha256:$H outcome=would-preflight-and-build
app: skill-a.ssh-cmd external build key=sha256:$H outcome=would-preflight-and-build
app: skill-a tag v1 $S context=yes commands=[https-cmd,ssh-cmd] via=<project> (planned)
app: dry-run; no files modified
--- fetches ---
argv: <--git-dir=$T/curator-buildrepo-$N/repo.git> <--no-replace-objects> <--no-lazy-fetch> <--no-optional-locks> <-c> <protocol.allow=never> <-c> <protocol.https.allow=always> <-c> <protocol.version=0> <-c> <credential.helper=> <-c> <core.askPass=$T/go-build$N/b001/curator.test> <-c> <core.hooksPath=$T/curator-buildrepo-$N/empty-hooks> <-c> <core.fsmonitor=false> <-c> <core.untrackedCache=false> <-c> <submodule.recurse=false> <-c> <fetch.recurseSubmodules=false> <-c> <maintenance.auto=false> <-c> <fetch.writeCommitGraph=false> <-c> <fetch.fsckObjects=true> <-c> <transfer.fsckObjects=true> <-c> <http.followRedirects=false> <-c> <http.sslVerify=true> <-c> <http.proxy=> <-c> <https.proxy=> <fetch> <--quiet> <--atomic> <--no-tags> <--no-recurse-submodules> <--no-auto-maintenance> <--no-write-fetch-head> <--no-write-commit-graph> <--refmap=> <--jobs=1> <--upload-pack=git-upload-pack> <--> <https://fixture.test/https-tools.git> <$H:refs/curator/locked> | GIT_SSH=
argv: <--git-dir=$T/curator-buildrepo-$N/repo.git> <--no-replace-objects> <--no-lazy-fetch> <--no-optional-locks> <-c> <protocol.allow=never> <-c> <protocol.ssh.allow=always> <-c> <protocol.version=0> <-c> <credential.helper=> <-c> <core.askPass=$T/go-build$N/b001/curator.test> <-c> <core.hooksPath=$T/curator-buildrepo-$N/empty-hooks> <-c> <core.fsmonitor=false> <-c> <core.untrackedCache=false> <-c> <submodule.recurse=false> <-c> <fetch.recurseSubmodules=false> <-c> <maintenance.auto=false> <-c> <fetch.writeCommitGraph=false> <-c> <fetch.fsckObjects=true> <-c> <transfer.fsckObjects=true> <-c> <http.followRedirects=false> <-c> <http.sslVerify=true> <-c> <http.proxy=> <-c> <https.proxy=> <fetch> <--quiet> <--atomic> <--no-tags> <--no-recurse-submodules> <--no-auto-maintenance> <--no-write-fetch-head> <--no-write-commit-graph> <--refmap=> <--jobs=1> <--upload-pack=git-upload-pack> <--> <ssh://git@fixture.test/ssh-tools.git> <$H:refs/curator/locked> | GIT_SSH=$T/static-ssh-wrapper
