=== TASK-260823-czs1cx rework cycle 2 — native Windows verification ===
host: DESKTOP-3PBO632
DESKTOP-3PBO632 
go version go1.25.5 windows/amd64
windows
amd64

curator: fix/TASK-260823-czs1cx-toolchain-link-normalize @ 695c041 (base origin/main 351db49)
candidate root: curator-spec candidate/schema-8-rc.9 @ edd07210d4f3db34fd60238cb14b90f837de03cb

=== [1] WITH THE FIX — focused owned cases + pinned-digest test ===
=== RUN   TestFixedEnvironmentAndFiveDirectArgvFormsVector
=== RUN   TestFixedEnvironmentAndFiveDirectArgvFormsVector/telemetry-off
=== RUN   TestFixedEnvironmentAndFiveDirectArgvFormsVector/version
=== RUN   TestFixedEnvironmentAndFiveDirectArgvFormsVector/env
=== RUN   TestFixedEnvironmentAndFiveDirectArgvFormsVector/list
=== RUN   TestFixedEnvironmentAndFiveDirectArgvFormsVector/build
=== RUN   TestFixedEnvironmentAndFiveDirectArgvFormsVector/fixed_environment
--- PASS: TestFixedEnvironmentAndFiveDirectArgvFormsVector (1.97s)
    --- PASS: TestFixedEnvironmentAndFiveDirectArgvFormsVector/telemetry-off (0.00s)
    --- PASS: TestFixedEnvironmentAndFiveDirectArgvFormsVector/version (0.00s)
    --- PASS: TestFixedEnvironmentAndFiveDirectArgvFormsVector/env (0.00s)
    --- PASS: TestFixedEnvironmentAndFiveDirectArgvFormsVector/list (0.00s)
    --- PASS: TestFixedEnvironmentAndFiveDirectArgvFormsVector/build (0.00s)
    --- PASS: TestFixedEnvironmentAndFiveDirectArgvFormsVector/fixed_environment (1.97s)
=== RUN   TestToolchainIdentityVectors
=== RUN   TestToolchainIdentityVectors/unsorted-directories-files-and-internal-link
=== RUN   TestToolchainIdentityVectors/crlf-version-normalizes-to-lf-identity
=== RUN   TestToolchainIdentityVectors/toolchain-mode-and-timestamp-are-non-inputs
=== RUN   TestToolchainIdentityVectors/toolchain-version-missing-terminal-lf
=== RUN   TestToolchainIdentityVectors/toolchain-version-multiple-terminal-newlines
=== RUN   TestToolchainIdentityVectors/invalid-unicode-toolchain-path
=== RUN   TestToolchainIdentityVectors/duplicate-toolchain-path
=== RUN   TestToolchainIdentityVectors/escaping-toolchain-link
=== RUN   TestToolchainIdentityVectors/absolute-toolchain-link
=== RUN   TestToolchainIdentityVectors/dangling-toolchain-link
=== RUN   TestToolchainIdentityVectors/selected-go-outside-goroot
=== RUN   TestToolchainIdentityVectors/toolchain-tree-mutation-during-use
--- PASS: TestToolchainIdentityVectors (0.90s)
    --- PASS: TestToolchainIdentityVectors/unsorted-directories-files-and-internal-link (0.00s)
    --- PASS: TestToolchainIdentityVectors/crlf-version-normalizes-to-lf-identity (0.00s)
    --- PASS: TestToolchainIdentityVectors/toolchain-mode-and-timestamp-are-non-inputs (0.00s)
    --- PASS: TestToolchainIdentityVectors/toolchain-version-missing-terminal-lf (0.00s)
    --- PASS: TestToolchainIdentityVectors/toolchain-version-multiple-terminal-newlines (0.00s)
    --- PASS: TestToolchainIdentityVectors/invalid-unicode-toolchain-path (0.00s)
    --- PASS: TestToolchainIdentityVectors/duplicate-toolchain-path (0.00s)
    --- PASS: TestToolchainIdentityVectors/escaping-toolchain-link (0.00s)
    --- PASS: TestToolchainIdentityVectors/absolute-toolchain-link (0.00s)
    --- PASS: TestToolchainIdentityVectors/dangling-toolchain-link (0.00s)
    --- PASS: TestToolchainIdentityVectors/selected-go-outside-goroot (0.01s)
    --- PASS: TestToolchainIdentityVectors/toolchain-tree-mutation-during-use (0.87s)
=== RUN   TestFingerprintImplementationMatchesRC4ToolchainVector
--- PASS: TestFingerprintImplementationMatchesRC4ToolchainVector (0.00s)
PASS
ok  	github.com/relux-works/curator/internal/godriver	3.647s
real exit = 0


=== [2] LOAD-BEARING PROOF — protocolLinkTarget neutralized to verbatim on Windows, nothing else changed ===
=== RUN   TestToolchainIdentityVectors
=== RUN   TestToolchainIdentityVectors/unsorted-directories-files-and-internal-link
    builddriver_positive_conformance_test.go:267: materialized link target = "..\\bin\\go", <nil>; want protocol target "../bin/go"
--- FAIL: TestToolchainIdentityVectors (0.00s)
    --- FAIL: TestToolchainIdentityVectors/unsorted-directories-files-and-internal-link (0.00s)
=== RUN   TestFingerprintImplementationMatchesRC4ToolchainVector
    fingerprint_test.go:172: digest = sha256:e9b9a60bd7791f87867056b0f66f78674febc34cf023c2575beacaf2d26ac4bb
--- FAIL: TestFingerprintImplementationMatchesRC4ToolchainVector (0.00s)
FAIL
FAIL	github.com/relux-works/curator/internal/godriver	0.795s
FAIL
real exit = 1 (expected non-zero: this is the deliberately broken build)

(source restored to the real normalizer, verified: func protocolLinkTarget(target string) string { return filepath.ToSlash(target) })

=== [3] FULL internal/godriver PACKAGE against candidate edd0721 ===
ok  	github.com/relux-works/curator/internal/godriver	122.404s
real exit = 0
