=== RUN   TestGlobalStatusReportsCompiledCurrentnessAndFailsCheck
=== RUN   TestGlobalStatusReportsCompiledCurrentnessAndFailsCheck/recorded_build-source_identity_no_longer_matches_the_frozen_snapshot
=== RUN   TestGlobalStatusReportsCompiledCurrentnessAndFailsCheck/logical_key_recorded_by_the_marker_was_derived_from_another_build_input
=== RUN   TestGlobalStatusReportsCompiledCurrentnessAndFailsCheck/marker_records_no_build_for_the_command_the_closure_activates
=== RUN   TestGlobalStatusReportsCompiledCurrentnessAndFailsCheck/protected_cache_entry_cannot_be_interpreted
=== RUN   TestGlobalStatusReportsCompiledCurrentnessAndFailsCheck/protected_cache_holds_no_entry_for_the_recorded_key
=== RUN   TestGlobalStatusReportsCompiledCurrentnessAndFailsCheck/build_root_reached_agent-facing_context
=== RUN   TestGlobalStatusReportsCompiledCurrentnessAndFailsCheck/trusted_go_toolchain_cannot_be_resolved
--- PASS: TestGlobalStatusReportsCompiledCurrentnessAndFailsCheck (28.32s)
    --- PASS: TestGlobalStatusReportsCompiledCurrentnessAndFailsCheck/recorded_build-source_identity_no_longer_matches_the_frozen_snapshot (2.72s)
    --- PASS: TestGlobalStatusReportsCompiledCurrentnessAndFailsCheck/logical_key_recorded_by_the_marker_was_derived_from_another_build_input (0.03s)
    --- PASS: TestGlobalStatusReportsCompiledCurrentnessAndFailsCheck/marker_records_no_build_for_the_command_the_closure_activates (0.03s)
    --- PASS: TestGlobalStatusReportsCompiledCurrentnessAndFailsCheck/protected_cache_entry_cannot_be_interpreted (2.54s)
    --- PASS: TestGlobalStatusReportsCompiledCurrentnessAndFailsCheck/protected_cache_holds_no_entry_for_the_recorded_key (2.53s)
    --- PASS: TestGlobalStatusReportsCompiledCurrentnessAndFailsCheck/build_root_reached_agent-facing_context (2.62s)
    --- PASS: TestGlobalStatusReportsCompiledCurrentnessAndFailsCheck/trusted_go_toolchain_cannot_be_resolved (0.09s)
=== RUN   TestAuthoritativeBootstrapCasesAreExecutable
=== RUN   TestAuthoritativeBootstrapCasesAreExecutable/missing-config-if-missing
=== RUN   TestAuthoritativeBootstrapCasesAreExecutable/existing-config-if-missing
=== RUN   TestAuthoritativeBootstrapCasesAreExecutable/if-missing-with-force
--- PASS: TestAuthoritativeBootstrapCasesAreExecutable (0.00s)
    --- PASS: TestAuthoritativeBootstrapCasesAreExecutable/missing-config-if-missing (0.00s)
    --- PASS: TestAuthoritativeBootstrapCasesAreExecutable/existing-config-if-missing (0.00s)
    --- PASS: TestAuthoritativeBootstrapCasesAreExecutable/if-missing-with-force (0.00s)
=== RUN   TestAuthoritativeUpgradeCasesAreExecutable
=== RUN   TestAuthoritativeUpgradeCasesAreExecutable/selected-project-closure
=== RUN   TestAuthoritativeUpgradeCasesAreExecutable/all-projects-deduplicate
=== RUN   TestAuthoritativeUpgradeCasesAreExecutable/global-closure
--- PASS: TestAuthoritativeUpgradeCasesAreExecutable (12.16s)
    --- PASS: TestAuthoritativeUpgradeCasesAreExecutable/selected-project-closure (2.98s)
    --- PASS: TestAuthoritativeUpgradeCasesAreExecutable/all-projects-deduplicate (5.67s)
    --- PASS: TestAuthoritativeUpgradeCasesAreExecutable/global-closure (3.51s)
=== RUN   TestStatusJSONKeepsTheLegacyShapeWithoutCompiledCommands
--- PASS: TestStatusJSONKeepsTheLegacyShapeWithoutCompiledCommands (1.46s)
=== RUN   TestStatusAcceptsAnUnchangedLegacyMarkerSchema
--- PASS: TestStatusAcceptsAnUnchangedLegacyMarkerSchema (1.44s)
PASS
ok  	github.com/relux-works/curator/cmd/curator	43.732s
