 M conformance/v1/manifest.json
 M conformance/v1/schema-cases/agent-skill-v8/valid.json
 M conformance/v1/schema-cases/csk-skill-v8/valid.json
 M conformance/v1/schema-cases/index.json
 M profiles/manager.md
 M protocol/core.md
 M release/1.0.0-rc.8.json
 M schemas/v1/README.md
 M schemas/v1/common.schema.json
 M tools/generate-vectors/main.go
 M tools/generate-vectors/main_test.go
 M tools/test_validate.py
 M tools/validate.py
?? conformance/v1/schema-cases/agent-skill-v8/invalid-module-roots-absolute.json
?? conformance/v1/schema-cases/agent-skill-v8/invalid-module-roots-backslash.json
?? conformance/v1/schema-cases/agent-skill-v8/invalid-module-roots-dot.json
?? conformance/v1/schema-cases/agent-skill-v8/invalid-module-roots-duplicate.json
?? conformance/v1/schema-cases/agent-skill-v8/invalid-module-roots-null.json
?? conformance/v1/schema-cases/agent-skill-v8/invalid-module-roots-on-repository-command.json
?? conformance/v1/schema-cases/agent-skill-v8/invalid-module-roots-on-script-command.json
?? conformance/v1/schema-cases/agent-skill-v8/invalid-module-roots-on-system-command.json
?? conformance/v1/schema-cases/agent-skill-v8/invalid-module-roots-parent.json
?? conformance/v1/schema-cases/agent-skill-v8/invalid-module-roots-string.json
?? conformance/v1/schema-cases/agent-skill-v8/invalid-module-roots-top-level.json
?? conformance/v1/schema-cases/agent-skill-v8/invalid-module-roots-windows-device.json
?? conformance/v1/schema-cases/agent-skill-v8/valid-module-roots-absent.json
?? conformance/v1/schema-cases/agent-skill-v8/valid-module-roots-declared.json
?? conformance/v1/schema-cases/agent-skill-v8/valid-module-roots-empty.json
?? conformance/v1/schema-cases/csk-skill-v8/invalid-module-roots-absolute.json
?? conformance/v1/schema-cases/csk-skill-v8/invalid-module-roots-backslash.json
?? conformance/v1/schema-cases/csk-skill-v8/invalid-module-roots-dot.json
?? conformance/v1/schema-cases/csk-skill-v8/invalid-module-roots-duplicate.json
?? conformance/v1/schema-cases/csk-skill-v8/invalid-module-roots-null.json
?? conformance/v1/schema-cases/csk-skill-v8/invalid-module-roots-on-repository-command.json
?? conformance/v1/schema-cases/csk-skill-v8/invalid-module-roots-on-script-command.json
?? conformance/v1/schema-cases/csk-skill-v8/invalid-module-roots-on-system-command.json
?? conformance/v1/schema-cases/csk-skill-v8/invalid-module-roots-parent.json
?? conformance/v1/schema-cases/csk-skill-v8/invalid-module-roots-string.json
?? conformance/v1/schema-cases/csk-skill-v8/invalid-module-roots-top-level.json
?? conformance/v1/schema-cases/csk-skill-v8/invalid-module-roots-windows-device.json
?? conformance/v1/schema-cases/csk-skill-v8/valid-module-roots-absent.json
?? conformance/v1/schema-cases/csk-skill-v8/valid-module-roots-declared.json
?? conformance/v1/schema-cases/csk-skill-v8/valid-module-roots-empty.json
