Refreshing checks status every 20 seconds. Press Ctrl+C to quit.

Release target provenance	skipping	0	https://github.com/relux-works/curator-spec/actions/runs/32587252892/job/97065411708	
Formatting	pending	0	https://github.com/relux-works/curator-spec/actions/runs/32587252892/job/97065411080	
Implementations (macos-latest)	pending	0	https://github.com/relux-works/curator-spec/actions/runs/32587252907/job/97065411029	
Implementations (ubuntu-latest)	pending	0	https://github.com/relux-works/curator-spec/actions/runs/32587252907/job/97065411170	
Implementations (windows-latest)	pending	0	https://github.com/relux-works/curator-spec/actions/runs/32587252907/job/97065411160	
Links	pending	0	https://github.com/relux-works/curator-spec/actions/runs/32587252892/job/97065411215	
Specification (macos-latest)	pending	0	https://github.com/relux-works/curator-spec/actions/runs/32587252892/job/97065411250	
Specification (ubuntu-latest)	pending	0	https://github.com/relux-works/curator-spec/actions/runs/32587252892/job/97065411245	
Specification (windows-latest)	pending	0	https://github.com/relux-works/curator-spec/actions/runs/32587252892/job/97065411201	
Refreshing checks status every 20 seconds. Press Ctrl+C to quit.

Links	pass	7s	https://github.com/relux-works/curator-spec/actions/runs/32587252892/job/97065411215	
Implementations (macos-latest)	pending	0	https://github.com/relux-works/curator-spec/actions/runs/32587252907/job/97065411029	
Implementations (ubuntu-latest)	pending	0	https://github.com/relux-works/curator-spec/actions/runs/32587252907/job/97065411170	
Implementations (windows-latest)	pending	0	https://github.com/relux-works/curator-spec/actions/runs/32587252907/job/97065411160	
Specification (macos-latest)	pending	0	https://github.com/relux-works/curator-spec/actions/runs/32587252892/job/97065411250	
Specification (ubuntu-latest)	pending	0	https://github.com/relux-works/curator-spec/actions/runs/32587252892/job/97065411245	
Specification (windows-latest)	pending	0	https://github.com/relux-works/curator-spec/actions/runs/32587252892/job/97065411201	
Formatting	pass	5s	https://github.com/relux-works/curator-spec/actions/runs/32587252892/job/97065411080	
Release target provenance	skipping	0	https://github.com/relux-works/curator-spec/actions/runs/32587252892/job/97065411708	
Refreshing checks status every 20 seconds. Press Ctrl+C to quit.

Links	pass	7s	https://github.com/relux-works/curator-spec/actions/runs/32587252892/job/97065411215	
Implementations (macos-latest)	pending	0	https://github.com/relux-works/curator-spec/actions/runs/32587252907/job/97065411029	
Implementations (ubuntu-latest)	pending	0	https://github.com/relux-works/curator-spec/actions/runs/32587252907/job/97065411170	
Implementations (windows-latest)	pending	0	https://github.com/relux-works/curator-spec/actions/runs/32587252907/job/97065411160	
Specification (macos-latest)	pending	0	https://github.com/relux-works/curator-spec/actions/runs/32587252892/job/97065411250	
Specification (ubuntu-latest)	pending	0	https://github.com/relux-works/curator-spec/actions/runs/32587252892/job/97065411245	
Specification (windows-latest)	pending	0	https://github.com/relux-works/curator-spec/actions/runs/32587252892/job/97065411201	
Formatting	pass	5s	https://github.com/relux-works/curator-spec/actions/runs/32587252892/job/97065411080	
Release target provenance	skipping	0	https://github.com/relux-works/curator-spec/actions/runs/32587252892/job/97065411708	
Refreshing checks status every 20 seconds. Press Ctrl+C to quit.

Implementations (macos-latest)	pass	57s	https://github.com/relux-works/curator-spec/actions/runs/32587252907/job/97065411029	
Implementations (ubuntu-latest)	pass	59s	https://github.com/relux-works/curator-spec/actions/runs/32587252907/job/97065411170	
Links	pass	7s	https://github.com/relux-works/curator-spec/actions/runs/32587252892/job/97065411215	
Specification (macos-latest)	pass	45s	https://github.com/relux-works/curator-spec/actions/runs/32587252892/job/97065411250	
Specification (ubuntu-latest)	pass	45s	https://github.com/relux-works/curator-spec/actions/runs/32587252892/job/97065411245	
Implementations (windows-latest)	pending	0	https://github.com/relux-works/curator-spec/actions/runs/32587252907/job/97065411160	
Specification (windows-latest)	pending	0	https://github.com/relux-works/curator-spec/actions/runs/32587252892/job/97065411201	
Formatting	pass	5s	https://github.com/relux-works/curator-spec/actions/runs/32587252892/job/97065411080	
Release target provenance	skipping	0	https://github.com/relux-works/curator-spec/actions/runs/32587252892/job/97065411708	
Refreshing checks status every 20 seconds. Press Ctrl+C to quit.

Implementations (macos-latest)	pass	57s	https://github.com/relux-works/curator-spec/actions/runs/32587252907/job/97065411029	
Implementations (ubuntu-latest)	pass	59s	https://github.com/relux-works/curator-spec/actions/runs/32587252907/job/97065411170	
Links	pass	7s	https://github.com/relux-works/curator-spec/actions/runs/32587252892/job/97065411215	
Specification (macos-latest)	pass	45s	https://github.com/relux-works/curator-spec/actions/runs/32587252892/job/97065411250	
Specification (ubuntu-latest)	pass	45s	https://github.com/relux-works/curator-spec/actions/runs/32587252892/job/97065411245	
Implementations (windows-latest)	pending	0	https://github.com/relux-works/curator-spec/actions/runs/32587252907/job/97065411160	
Specification (windows-latest)	pending	0	https://github.com/relux-works/curator-spec/actions/runs/32587252892/job/97065411201	
Formatting	pass	5s	https://github.com/relux-works/curator-spec/actions/runs/32587252892/job/97065411080	
Release target provenance	skipping	0	https://github.com/relux-works/curator-spec/actions/runs/32587252892/job/97065411708	
Refreshing checks status every 20 seconds. Press Ctrl+C to quit.

Implementations (macos-latest)	pass	57s	https://github.com/relux-works/curator-spec/actions/runs/32587252907/job/97065411029	
Implementations (ubuntu-latest)	pass	59s	https://github.com/relux-works/curator-spec/actions/runs/32587252907/job/97065411170	
Links	pass	7s	https://github.com/relux-works/curator-spec/actions/runs/32587252892/job/97065411215	
Specification (macos-latest)	pass	45s	https://github.com/relux-works/curator-spec/actions/runs/32587252892/job/97065411250	
Specification (ubuntu-latest)	pass	45s	https://github.com/relux-works/curator-spec/actions/runs/32587252892/job/97065411245	
Implementations (windows-latest)	pending	0	https://github.com/relux-works/curator-spec/actions/runs/32587252907/job/97065411160	
Formatting	pass	5s	https://github.com/relux-works/curator-spec/actions/runs/32587252892/job/97065411080	
Specification (windows-latest)	pass	1m31s	https://github.com/relux-works/curator-spec/actions/runs/32587252892/job/97065411201	
Release target provenance	skipping	0	https://github.com/relux-works/curator-spec/actions/runs/32587252892/job/97065411708	
Formatting	pass	5s	https://github.com/relux-works/curator-spec/actions/runs/32587252892/job/97065411080	
Implementations (macos-latest)	pass	57s	https://github.com/relux-works/curator-spec/actions/runs/32587252907/job/97065411029	
Implementations (ubuntu-latest)	pass	59s	https://github.com/relux-works/curator-spec/actions/runs/32587252907/job/97065411170	
Implementations (windows-latest)	pass	2m1s	https://github.com/relux-works/curator-spec/actions/runs/32587252907/job/97065411160	
Links	pass	7s	https://github.com/relux-works/curator-spec/actions/runs/32587252892/job/97065411215	
Specification (macos-latest)	pass	45s	https://github.com/relux-works/curator-spec/actions/runs/32587252892/job/97065411250	
Specification (ubuntu-latest)	pass	45s	https://github.com/relux-works/curator-spec/actions/runs/32587252892/job/97065411245	
Specification (windows-latest)	pass	1m31s	https://github.com/relux-works/curator-spec/actions/runs/32587252892/job/97065411201	
Release target provenance	skipping	0	https://github.com/relux-works/curator-spec/actions/runs/32587252892/job/97065411708	
Formatting	pass	5s	https://github.com/relux-works/curator-spec/actions/runs/32587252892/job/97065411080	
Implementations (macos-latest)	pass	57s	https://github.com/relux-works/curator-spec/actions/runs/32587252907/job/97065411029	
Implementations (ubuntu-latest)	pass	59s	https://github.com/relux-works/curator-spec/actions/runs/32587252907/job/97065411170	
Implementations (windows-latest)	pass	2m1s	https://github.com/relux-works/curator-spec/actions/runs/32587252907/job/97065411160	
Links	pass	7s	https://github.com/relux-works/curator-spec/actions/runs/32587252892/job/97065411215	
Specification (macos-latest)	pass	45s	https://github.com/relux-works/curator-spec/actions/runs/32587252892/job/97065411250	
Specification (ubuntu-latest)	pass	45s	https://github.com/relux-works/curator-spec/actions/runs/32587252892/job/97065411245	
Specification (windows-latest)	pass	1m31s	https://github.com/relux-works/curator-spec/actions/runs/32587252892/job/97065411201	
Release target provenance	skipping	0	https://github.com/relux-works/curator-spec/actions/runs/32587252892/job/97065411708	
