accepted_lifecycle_owner=TASK-260720-cw39jh
accepted_gate_owner=TASK-260720-1u7hes
accepted_lifecycle_sha256=sha256:676e617a0e0a6d575310f38e1de740eab583d709e2351be9eaa818c9882d78d4
landed_commit=f5d7673039226ab81de2f4f87e2155ae995c4df3
landed_lifecycle_sha256=sha256:2ddbd2665a63f44dc0e03e060f4cd34bfde219a56b3192511fe1ef81047feedf
baseline_lifecycle_sha256=sha256:2ddbd2665a63f44dc0e03e060f4cd34bfde219a56b3192511fe1ef81047feedf
landed_lifecycle_equals_rc3_baseline=true
accepted_named_lifecycle_cases=32
landed_named_lifecycle_cases=10
missing_named_lifecycle_cases=22
missing_case=all-misses-stage-and-verify-before-home-lock
missing_case=all-source-and-trust-gates-before-build
missing_case=compiled-cache-miss-is-read-only
missing_case=compiled-currentness-failure-matrix
missing_case=compiled-installation-current
missing_case=concurrent-determinism-mismatch
missing_case=concurrent-identical-winner
missing_case=corrupt-live-entry
missing_case=deterministic-lock-order
missing_case=deterministic-target-order-and-consumer-last
missing_case=install-recovery-runs-after-private-builds
missing_case=interrupted-global-journal-recovered-by-transaction-id
missing_case=locked-mark-and-sweep-compiled-cache
missing_case=post-commit-gc-failure-is-maintenance-warning
missing_case=provider-first-and-lexical-command-order
missing_case=publish-complete-immutable-entry-under-home-lock
missing_case=repair-rebuilds-invalid-compiled-entry
missing_case=reverse-rollback-under-home-lock
missing_case=second-build-failure-preserves-persistent-state
missing_case=successful-project-survives-other-project-rollback
missing_case=two-project-success-preserves-both-consumers
missing_case=untrusted-cache-boundary
missing_top_level_groups=build_order_cases,cache_publication_cases,cross_project_cases,gc_cases,planning_cases,private_build_cases,recovery_cases,repair_cases,status_cases,transaction_cases
compiled_build_fixture_missing=true
lifecycle_schema_version_missing=true
missing_cases_absent_from_all_landed_conformance_files=true
critical_lifecycle_validator_guards_removed=true
rc4_required_artifact_and_frozen_claim_release_guards_removed=true
manifest_records_incomplete_lifecycle_sha256=sha256:2ddbd2665a63f44dc0e03e060f4cd34bfde219a56b3192511fe1ef81047feedf
audit_exit_code=0
review_verdict=changes_requested
