Reviewer run: RUN-260730-e99621
Date: 2026-07-30

/usr/bin/git
/usr/bin/make
/Users/iv/.goenv/shims/go
/opt/homebrew/bin/python3
/usr/bin/shasum
/usr/bin/diff
/Users/iv/.local/bin/task-board
/opt/homebrew/bin/jq

git version 2.50.1 (Apple Git-155)
GNU Make 3.81
go version go1.25.5 darwin/arm64
Python 3.14.4
shasum 6.02
Apple diff (based on FreeBSD diff)
task-board version 0.23.0 (commit beec6e9, built 2026-07-27T23:36:53Z)
jq-1.8.1

Pinned task environment:
/Users/iv/Developer/ReluxWorks/curator/.temp/TASK-260720-3ag6pi/venv-cycle-3/bin/python3
Python 3.14.4
jsonschema==4.25.1
referencing==0.37.0
attrs==26.1.0
jsonschema-specifications==2025.9.1
rpds-py==2026.6.3

Repository requirement:
jsonschema==4.25.1

Gate PATH resolved git to /usr/bin/git. GIT_INDEX_FILE, GIT_DIR, and
GIT_WORK_TREE were unset.
