manifest_protocol_version=1.0.0-rc.5
manifest_entries=447
manifest_sha256=sha256:b6f56aacc0e37dcc6692f73f641bff761e89b645adfe20a47a06d81c6fda204c
manifest_inventory_exact=true
manifest_hashes_exact=true
schema_case_index_entries=376
schema_case_index_exact=true
schema_case_group[agent-skill-v6]=24
schema_case_group[csk-skill-v6]=24
schema_case_group[build-receipt-v1]=18
schema_case_group[install-marker-v2]=14
schema_case_group[conformance-claim-v2]=7
expected_build_driver_files=11
fixture_go_build_skill_files=13
build_driver_positive_cases=8
build_driver_rejection_cases=77
build_driver_build_source_cases=10
build_driver_toolchain_cases=12
lifecycle_bootstrap_cases=3
lifecycle_dry_run_cases=2
lifecycle_launcher_cases=2
lifecycle_upgrade_cases=3
rejection_artifact_execution_false=true
rejection_reuse_false=true
cache_identity_aliases=false
release_manifest_pins_exact=true
exit_code=0
