baseline=57c1f56846d221ecc55786bd3c2467ec32f11730
current=f5d7673039226ab81de2f4f87e2155ae995c4df3
current_parent=57c1f56846d221ecc55786bd3c2467ec32f11730
legacy_schema_files_byte_identical=12
baseline_legacy_case_files_byte_identical=24
baseline_legacy_changed_files=0
added_legacy_negative_v7_guards=70
added_legacy_negative_v7_guards_all_invalid=true
baseline_legacy_index_entries_preserved=24
current_legacy_index_entries=94
legacy_index_semantics_compatible=true
baseline_legacy_manifest_entries_preserved=24
legacy_manifest_semantics_compatible=true
install_marker_v1_bytes_identical=true
conformance_claim_v1_schema_version=1
conformance_claim_v1_protocol_version=1.0.0-rc.3
claim_sha256[schemas/v1/conformance-claim-v1.schema.json]=c9f49460618ccc8b1d7d2dfaf760fc6ad3a53a870a6685a685ddc148d3c87b3f
claim_sha256[conformance/v1/schema-cases/conformance-claim-v1/valid.json]=799682489be118331135d91798db90b8d020cbb703207331824ab113f037693c
claim_sha256[conformance/v1/schema-cases/conformance-claim-v1/invalid.json]=de9568757a2bb89c87702e47f6d9c162df24f5ee964f1ef49b9e191ed94b7017
exit_code=0
