2026-07-20T22:29:47Z
manifest_sha256=70cd274150d629f16ca04f2073a8eae5a0f3fff4584f905d807775040af21eae
all_manifest_hashes_match=189
schema_case_inventory=agent-skill-v6 filesystem=17 manifest=17 index=17
schema_case_inventory=csk-skill-v6 filesystem=17 manifest=17 index=17
schema_case_inventory=build-receipt-v1 filesystem=16 manifest=16 index=16
schema_case_inventory=install-marker-v2 filesystem=14 manifest=14 index=14
schema_case_inventory=conformance-claim-v2 filesystem=7 manifest=7 index=7
artifact_inventory=expected/build-driver/ filesystem=11 manifest=11
artifact_inventory=fixtures/go-build-skill/ filesystem=13 manifest=13
MATCH sha256:fd613bbb4d506237fbabd222247478bc1a809266965f4f4b344ba8548661fe33 vectors/build-drivers.json
MATCH sha256:676e617a0e0a6d575310f38e1de740eab583d709e2351be9eaa818c9882d78d4 vectors/manager-lifecycle.json
MATCH sha256:c437f5530693868ad11c852e0e083cbcbe3986ac3a5754c9882fe8f74f63020f schema-cases/index.json
sha256:3fcd714a40e8918eb67dbd35d435875dcce6c9047da811a1fa26626e5e57be48	expected/build-driver/build-input.ccj.json
sha256:f7155f073664e96cbe66cfe08c33cb87d3ea23ecc80bd889fbbd13567236fbd5	expected/build-driver/build-source-sha256.txt
sha256:27cdcac0734aa3e069e95a10341e89b118a07c60002516e7b401e95477f01332	expected/build-driver/build-source.preimage.bin
sha256:62337c2e7c83b0df0ba76afc2ea399399cdcf1e747d3288745e164e207673ba4	expected/build-driver/cache-key.txt
sha256:a1000f86bd8f28bf7001dca84e94151095013788d6d006260d4e57b7808232b2	expected/build-driver/context_files.json
sha256:8cdd48625fb1bdc1a4f20f8ba3d2516f04e55a91bdc66a389906cdccccc94634	expected/build-driver/context_sha256.txt
sha256:5b6a1a542a9d38e85559fd646af69617c3760119cb6bc5475541a9f1184cdd08	expected/build-driver/marker.json
sha256:45f26959370005c45abc7a255b37c49df3f367b704bd3ae0ceb5a6a0187c5f4c	expected/build-driver/receipt-sha256.txt
sha256:750f5f7557ffe1dac1ec06b7d47cb5976e390a7dc7d57ea616c9edda91013c11	expected/build-driver/receipt.ccj.json
sha256:cc773f322a60de7a4321e5fa30a43192181bd0c13d80c84a803dfabaf04ba708	expected/build-driver/toolchain-sha256.txt
sha256:baf7c5f3b9c3f1fae3da4c356381bf74442aa7f8f0b6fb2304c9c10833d6032e	expected/build-driver/toolchain.preimage.bin
sha256:7dd79fe1df81facd394c9d9fed5f19e221c09bd6cff6b9d29bf5f454761e76b5	fixtures/go-build-skill/.csk-install.json
sha256:e84b31df85b20440db51a8d24af34a6d64e67c1e8d84b6bdf272875f1942763e	fixtures/go-build-skill/SKILL.md
sha256:fa72d1579f597cf03eb87ea23c51a1f3ad5866d8a15aa46a4fc72016b3accdf9	fixtures/go-build-skill/agent-skill.json
sha256:8ffa8c0d6d7222b139f21e71d64234404b14ba75bba9dddb8b4d86f1d20aa192	fixtures/go-build-skill/assets/build-tool/cmd/golden-tool/main.go
sha256:8c36e401061df5a61df39f230ab48df0b18b868eb284445fa783ff6c78e71f64	fixtures/go-build-skill/assets/build-tool/go.mod
sha256:e3b0c44298fc1c149afbf4c8996fb92427ae41e4649b934ca495991b7852b855	fixtures/go-build-skill/assets/build-tool/internal/render/empty.txt
sha256:208bc227f1a046377fc44cd6ca2151cad163fa7faa1bca9729c60e077b7ddae4	fixtures/go-build-skill/assets/build-tool/internal/render/render.go
sha256:b8692fb386211872d0b73d9d1097dda83acef22adb74cb3b77bc44400ef23f55	fixtures/go-build-skill/assets/build-tool/internal/render/template.txt
sha256:747ed106662d2639dd835476bbc7437db40ac580cce5617b58b75edc0ee339be	fixtures/go-build-skill/assets/build-tool/vendor/example.com/curator/vendored/decorate/decorate.go
sha256:c1be98d2532d7e1d97f78bdde4c1c4557289bc606d84b23316fdc6be742744d7	fixtures/go-build-skill/assets/build-tool/vendor/modules.txt
sha256:4e6a18932ec72d1f3abb0dbca67b6bc2c229be4012621f852ca529f641ba6814	fixtures/go-build-skill/assets/prompt.md
sha256:0dae558ea478619882ddfe43fcabeba31efa2507cb63b291e37db5b880c91508	fixtures/go-build-skill/scripts/skill-helper
sha256:31543b481bdb35addfca4d4ee252a8cffcdd7cff5a3f0595c62b23c6a04fddbd	fixtures/go-build-skill/scripts/skill-helper.cmd
sha256:6054669cc6c91d1f0f840b7a8b7b7e895b5ab27e8275602a07a91e005ee4d288	schema-cases/agent-skill-v6/invalid-build-args.json
sha256:23dcd672e61facbf1af2b42979209bd6ab4fb22ab4ac46f98905947aa5faccb7	schema-cases/agent-skill-v6/invalid-build-env.json
sha256:1366d81382d4beb2b70f368329cd856527254b4079a0c7966b2a39932f7b6699	schema-cases/agent-skill-v6/invalid-build-flags.json
sha256:79832092a5d8bda4e0278018f4b1766f147d42514bc7cd1443cd0e87c298f1ae	schema-cases/agent-skill-v6/invalid-build-hooks.json
sha256:0a5937ccee214e7f0b5aa71fccb08c9898438eb0e6ecc6292a31174abb5d0ddf	schema-cases/agent-skill-v6/invalid-build-missing-driver.json
sha256:fb1bd235cb614d0bbc9eb7b6812b1b7e68d030c190e450bd22ae90a4f3d5ca2d	schema-cases/agent-skill-v6/invalid-build-missing-source-dir.json
sha256:d6aba4c8cd7e317bafc4cc09972892832e1e778553bfd7885a2a4f174faca511	schema-cases/agent-skill-v6/invalid-build-mixed-script.json
sha256:56ddd6306280b1d66dd30fdccf94c9d4c8b6b64ca3065587584aff5d1c0d53e1	schema-cases/agent-skill-v6/invalid-build-mixed-system.json
sha256:91ae44a8fa2d47aa1ce77f912113eed68dd91b7bf9b50e3998b8ce35850506b9	schema-cases/agent-skill-v6/invalid-build-output.json
sha256:ba76f4c11aaf8d362a928676138f428a98f4116a59dc3ac725a515169efd384d	schema-cases/agent-skill-v6/invalid-build-root-dot.json
sha256:a8ad2035ebf9e7f597fc2fd1ff09ebd9839d5134b4665a42ea4ccd4d65af70f5	schema-cases/agent-skill-v6/invalid-build-scripts.json
sha256:7ae07442190a6d96eea9c1f815fddd0db5ab2295bf6d6f72db9884a37a73f3f1	schema-cases/agent-skill-v6/invalid-build-source-dir-dot.json
sha256:b7dbe3ab90ecf29c4c9481d8e87a0134ecc865755b3183a712406788edf397d8	schema-cases/agent-skill-v6/invalid-build-tags.json
sha256:8cc900b454e9a8e0de40f9af83b2e9f8b9feabe14db4862faf258e439222b3cf	schema-cases/agent-skill-v6/invalid-build-toolchain.json
sha256:6d77b172ec23f4f65186a2839557f112961615810217996d0e442389aabd940f	schema-cases/agent-skill-v6/invalid-build-unsupported-driver.json
sha256:99ac85b48486065791cd82bada12f852cf61fb3e66235ba15a1b2a70cb99a985	schema-cases/agent-skill-v6/invalid.json
sha256:cf029927b7032aaad2fb17931133a897fc8183cce3d091df7321912ad152d634	schema-cases/agent-skill-v6/valid.json
sha256:0605c1dd74a47786315c657266daf6ed9b328a769b64612a4ee1c4ec7cab4730	schema-cases/build-receipt-v1/invalid-artifact-hash.json
sha256:2c99317d6306b66f4b98dd442c72ad36851374690ab74a91b373b11b7e046213	schema-cases/build-receipt-v1/invalid-build-source-algorithm.json
sha256:9478b247296777432ed1f414ee31871215fd49bc2f0d8d479c7d32048869f928	schema-cases/build-receipt-v1/invalid-driver-mismatch.json
sha256:5236f47f17912e79faf6b22735020720e5bf0b9bab760e5e1c8822aaacb378f0	schema-cases/build-receipt-v1/invalid-missing-artifact.json
sha256:bca52b1260a58e2ea03f6a5adc0ff4b9e463297ca931c3228651e5728a991f98	schema-cases/build-receipt-v1/invalid-missing-input.json
sha256:704da5ef98b423f4373b1d042b7bce711fa2785f1aa9b478996d75cac9703735	schema-cases/build-receipt-v1/invalid-physical-cache-path.json
sha256:ad3b5150715d03cd60d6dce6107966394bc23aae3d5605685343aa4aede87561	schema-cases/build-receipt-v1/invalid-physical-lock-path.json
sha256:81ad8990c0c0c69d332955b1a3bb543badaded17c88b8d00067031c68f0ef687	schema-cases/build-receipt-v1/invalid-physical-receipt-path.json
sha256:288a855c99a2610f71d688c76b1f4a6fef130589bf37c86e0492045875999516	schema-cases/build-receipt-v1/invalid-policy-mismatch.json
sha256:1f8d0d6b22ced9e09861bea2d7d1354a99432993a6abe77ab18c3a88910b0d2f	schema-cases/build-receipt-v1/invalid-self-asserted-manager-created.json
sha256:ef05ad98e3aa9848151134ca0513f486020d3e35521c98a34a35545c1c8abeb1	schema-cases/build-receipt-v1/invalid-self-asserted-provenance.json
sha256:198f7c620483bb9f14e71f355533e7964d0993d32959e52d1728c2c52251638f	schema-cases/build-receipt-v1/invalid-self-asserted-trusted.json
sha256:66bd07d88511bc6fe3bfebaa77a036bd4b8d7a252c7b8c6fd4814d77eb679b36	schema-cases/build-receipt-v1/invalid-toolchain-algorithm.json
sha256:8756575c3210de942fae1a8c0128039a20e25cd9664dbd98f034225c1a400093	schema-cases/build-receipt-v1/invalid-unknown-input-field.json
sha256:118f6fcfc209242e68311887bbf7d5650a78c353a8c349ed1fb0f109a38a7a1a	schema-cases/build-receipt-v1/invalid.json
sha256:93217cf1ce2965435042f8e20ebfec45498bae67a128cc16f38b3f4c8b64ecab	schema-cases/build-receipt-v1/valid.json
sha256:2d74783021873fb41b0176205835624e56db4fa7fb3c0435c8dbcd0e05b58fc0	schema-cases/conformance-claim-v2/invalid-duplicate-classes.json
sha256:5558db5556576993d4abe93c0f4849380591f71c25173a77f2493448fbe11eef	schema-cases/conformance-claim-v2/invalid-protocol-version-rc3.json
sha256:eeeecc9577f418b78a9a5edbaea9d6294d30f1d06886d6af9f56e64e271d8268	schema-cases/conformance-claim-v2/invalid-result-fail.json
sha256:aa5588297fb49d39eb39ca3052f6f97bb67236608b72cc9d0478b043cce6562f	schema-cases/conformance-claim-v2/invalid-schema-version-1.json
sha256:d10459fefb4b07aa1ade03a0627fbcfe9cd790c99d5d6374c9de15c5f22dc9a3	schema-cases/conformance-claim-v2/invalid-unknown-field.json
sha256:79d244335cb2ddfb9c831aa38c31c6ca37c89f0704ad61a19032882b1bec8604	schema-cases/conformance-claim-v2/invalid.json
sha256:f7e7cc86f33ea03ee9bb4d149e1dba29cf34f5ceaf5504df8a9e91c659a1835f	schema-cases/conformance-claim-v2/valid.json
sha256:6054669cc6c91d1f0f840b7a8b7b7e895b5ab27e8275602a07a91e005ee4d288	schema-cases/csk-skill-v6/invalid-build-args.json
sha256:23dcd672e61facbf1af2b42979209bd6ab4fb22ab4ac46f98905947aa5faccb7	schema-cases/csk-skill-v6/invalid-build-env.json
sha256:1366d81382d4beb2b70f368329cd856527254b4079a0c7966b2a39932f7b6699	schema-cases/csk-skill-v6/invalid-build-flags.json
sha256:79832092a5d8bda4e0278018f4b1766f147d42514bc7cd1443cd0e87c298f1ae	schema-cases/csk-skill-v6/invalid-build-hooks.json
sha256:0a5937ccee214e7f0b5aa71fccb08c9898438eb0e6ecc6292a31174abb5d0ddf	schema-cases/csk-skill-v6/invalid-build-missing-driver.json
sha256:fb1bd235cb614d0bbc9eb7b6812b1b7e68d030c190e450bd22ae90a4f3d5ca2d	schema-cases/csk-skill-v6/invalid-build-missing-source-dir.json
sha256:d6aba4c8cd7e317bafc4cc09972892832e1e778553bfd7885a2a4f174faca511	schema-cases/csk-skill-v6/invalid-build-mixed-script.json
sha256:56ddd6306280b1d66dd30fdccf94c9d4c8b6b64ca3065587584aff5d1c0d53e1	schema-cases/csk-skill-v6/invalid-build-mixed-system.json
sha256:91ae44a8fa2d47aa1ce77f912113eed68dd91b7bf9b50e3998b8ce35850506b9	schema-cases/csk-skill-v6/invalid-build-output.json
sha256:ba76f4c11aaf8d362a928676138f428a98f4116a59dc3ac725a515169efd384d	schema-cases/csk-skill-v6/invalid-build-root-dot.json
sha256:a8ad2035ebf9e7f597fc2fd1ff09ebd9839d5134b4665a42ea4ccd4d65af70f5	schema-cases/csk-skill-v6/invalid-build-scripts.json
sha256:7ae07442190a6d96eea9c1f815fddd0db5ab2295bf6d6f72db9884a37a73f3f1	schema-cases/csk-skill-v6/invalid-build-source-dir-dot.json
sha256:b7dbe3ab90ecf29c4c9481d8e87a0134ecc865755b3183a712406788edf397d8	schema-cases/csk-skill-v6/invalid-build-tags.json
sha256:8cc900b454e9a8e0de40f9af83b2e9f8b9feabe14db4862faf258e439222b3cf	schema-cases/csk-skill-v6/invalid-build-toolchain.json
sha256:6d77b172ec23f4f65186a2839557f112961615810217996d0e442389aabd940f	schema-cases/csk-skill-v6/invalid-build-unsupported-driver.json
sha256:99ac85b48486065791cd82bada12f852cf61fb3e66235ba15a1b2a70cb99a985	schema-cases/csk-skill-v6/invalid.json
sha256:cf029927b7032aaad2fb17931133a897fc8183cce3d091df7321912ad152d634	schema-cases/csk-skill-v6/valid.json
sha256:c38c9adeddf4b1485654aa67dcb38f73fe1d358edc09be6274f854180e7e2f1c	schema-cases/install-marker-v2/invalid-artifact-path.json
sha256:ecb215c4e06c2880c28ea07a69f69bafc51f2142ab34e90020c201e53d3397ec	schema-cases/install-marker-v2/invalid-build-source-algorithm.json
sha256:4da1709f3f7a695b839799acd4ae727c9f920f19b2836de3763671144fc8fcfb	schema-cases/install-marker-v2/invalid-build-source-with-empty-builds.json
sha256:ac3f8cdfba116f5dad4c9535b8b1ab5d98c836138612878e6740c2fa42a63434	schema-cases/install-marker-v2/invalid-driver-mismatch.json
sha256:89af00e92dd96a92bf80e5af3ed6896bd31bd318a3cb76f20d93568f4e8b263e	schema-cases/install-marker-v2/invalid-missing-build-roots.json
sha256:249acf3f6ca16e8e97fbb8ce888801b82cd496c8a155d074467aca758c4c0aa6	schema-cases/install-marker-v2/invalid-missing-build-source.json
sha256:e06c1c10bdd5a1873980fcd0266bf376616e98e6872144f67c05fa8775706c44	schema-cases/install-marker-v2/invalid-receipt-hash.json
sha256:505758922ea1ec46a0b8947379c7d0fe3684519c46047ad8adb8e2bdfba34bcd	schema-cases/install-marker-v2/invalid-skill-schema-version.json
sha256:a67edbce5c4cd480215a8933c29d54b6ab7eaaca4a7cce6c4b1a344d4a6fb666	schema-cases/install-marker-v2/invalid-unknown-build-field.json
sha256:875ebf78b8e35492e0fac32eb61952ab19c942fa4cb38e6218b215e31dddf9a3	schema-cases/install-marker-v2/invalid-unknown-top-level.json
sha256:0355a5ac4a165ff6782e96f5ecc59e587fd7550ac44948210c3d25552f4deab4	schema-cases/install-marker-v2/invalid.json
sha256:105077c6867fb0dae06125a6a6521ec1dd37a696e5273e09439cac22a74ed32a	schema-cases/install-marker-v2/valid-empty-builds.json
sha256:02d7743ae662228549b38edf89321577d070d79fe6a2e9570839b489a1629b4d	schema-cases/install-marker-v2/valid-multiple-builds.json
sha256:538d12bb89d2d15259bbb378efc9e6496fe7de195af82099da36fd9d7a1e2c73	schema-cases/install-marker-v2/valid.json
sha256:fd613bbb4d506237fbabd222247478bc1a809266965f4f4b344ba8548661fe33	vectors/build-drivers.json
sha256:676e617a0e0a6d575310f38e1de740eab583d709e2351be9eaa818c9882d78d4	vectors/manager-lifecycle.json
