........................................................................ [  5%]
.........................s...........................................sss [ 10%]
s.................................................s..sssssssssssss.sssss [ 15%]
sss..................................................................... [ 21%]
...................ssss................................................. [ 26%]
........................................................................ [ 31%]
...........................ssssssssss................................... [ 37%]
........................................................................ [ 42%]
........................................................................ [ 47%]
........................................................................ [ 53%]
.......................................................................s [ 58%]
ss...................................................................... [ 63%]
........................................................................ [ 69%]
........................................................................ [ 74%]
..................s.................................................ss.. [ 79%]
........................................................................ [ 85%]
.................................................................s...... [ 90%]
........................................s............................... [ 95%]
.........................................................                [100%]
1304 passed, 49 skipped in 1351.74s (0:22:31)
FULL_SUITE_EXIT=0
