0 verbose cli /opt/homebrew/Cellar/node/25.6.1/bin/node /opt/homebrew/bin/npm
1 info using npm@11.10.1
2 info using node@v25.6.1
3 silly config load:file:/opt/homebrew/lib/node_modules/npm/npmrc
4 silly config load:file:/Users/iv/Developer/ReluxWorks/.worktrees/curator-agent-skill/internal/npmsource/.npmrc
5 silly config load:file:/Users/iv/Developer/ReluxWorks/.worktrees/curator-agent-skill/internal/npmsource/.home/npmrc
6 silly config load:file:/opt/homebrew/etc/npmrc
7 verbose title npm cache add ../../capture/npm-cache-tarball
8 verbose argv "cache" "add" "../../capture/npm-cache-tarball" "--offline" "--ignore-scripts" "--cache" ".cache" "--userconfig" ".home/npmrc" "--logs-dir" ".home/logs" "--no-audit" "--no-fund"
9 verbose logfile logs-max:10 dir:/Users/iv/Developer/ReluxWorks/.worktrees/curator-agent-skill/internal/npmsource/.home/logs/2026-08-22T22_52_40_187Z-
10 verbose logfile /Users/iv/Developer/ReluxWorks/.worktrees/curator-agent-skill/internal/npmsource/.home/logs/2026-08-22T22_52_40_187Z-debug-0.log
11 silly logfile done cleaning log files
12 silly cache add args [ '../../capture/npm-cache-tarball' ]
13 silly cache add spec ../../capture/npm-cache-tarball
14 verbose stack Error: DirFetcher requires either a tree or an Arborist constructor to pack
14 verbose stack     at [pacote.Fetcher._tarballFromResolved] (/opt/homebrew/lib/node_modules/npm/node_modules/pacote/lib/dir.js:62:13)
14 verbose stack     at retry.retries (/opt/homebrew/lib/node_modules/npm/node_modules/pacote/lib/fetcher.js:323:64)
14 verbose stack     at /opt/homebrew/lib/node_modules/npm/node_modules/promise-retry/index.js:29:24
15 error DirFetcher requires either a tree or an Arborist constructor to pack
16 verbose cwd /Users/iv/Developer/ReluxWorks/.worktrees/curator-agent-skill/internal/npmsource
17 verbose os Darwin 25.5.0
18 verbose node v25.6.1
19 verbose npm  v11.10.1
20 verbose exit 1
21 verbose code 1
22 error A complete log of this run can be found in: /Users/iv/Developer/ReluxWorks/.worktrees/curator-agent-skill/internal/npmsource/.home/logs/2026-08-22T22_52_40_187Z-debug-0.log
