=== RUN   TestCollectSweepsOnlyUnreferencedProtectedEntries
    gc_integration_test.go:28: this platform cannot publish a protected cache entry: prepare protected cache root: untrusted cache provenance: C:\Users\admin\AppData\Local\Temp\TestCollectSweepsOnlyUnreferencedProtectedEntries3512182396\001 DACL is not protected from inheritance
--- SKIP: TestCollectSweepsOnlyUnreferencedProtectedEntries (0.01s)
=== RUN   TestCollectRetainsAJournalOwnedEntry
    gc_integration_test.go:74: this platform cannot publish a protected cache entry: prepare protected cache root: untrusted cache provenance: C:\Users\admin\AppData\Local\Temp\TestCollectRetainsAJournalOwnedEntry925459586\001 DACL is not protected from inheritance
--- SKIP: TestCollectRetainsAJournalOwnedEntry (0.01s)
=== RUN   TestCollectRetainsBuildEntriesWhenAMarkerCannotBeRead
    gc_integration_test.go:100: this platform cannot publish a protected cache entry: prepare protected cache root: untrusted cache provenance: C:\Users\admin\AppData\Local\Temp\TestCollectRetainsBuildEntriesWhenAMarkerCannotBeRead2016563510\001 DACL is not protected from inheritance
--- SKIP: TestCollectRetainsBuildEntriesWhenAMarkerCannotBeRead (0.01s)
=== RUN   TestCollectMarksBuildKeysFromEveryLiveScope
--- PASS: TestCollectMarksBuildKeysFromEveryLiveScope (0.02s)
=== RUN   TestCollectMarksRuntimeFromEverySupportedMarkerSchema
--- PASS: TestCollectMarksRuntimeFromEverySupportedMarkerSchema (0.02s)
=== RUN   TestCollectSkipsTheBuildSweepOnUnprovableReferences
=== RUN   TestCollectSkipsTheBuildSweepOnUnprovableReferences/invalid_marker
=== RUN   TestCollectSkipsTheBuildSweepOnUnprovableReferences/corrupt_consumer_registry
=== RUN   TestCollectSkipsTheBuildSweepOnUnprovableReferences/unreadable_global_skills_directory
    gc_test.go:205: this environment can read a mode-000 directory
--- PASS: TestCollectSkipsTheBuildSweepOnUnprovableReferences (0.04s)
    --- PASS: TestCollectSkipsTheBuildSweepOnUnprovableReferences/invalid_marker (0.02s)
    --- PASS: TestCollectSkipsTheBuildSweepOnUnprovableReferences/corrupt_consumer_registry (0.01s)
    --- SKIP: TestCollectSkipsTheBuildSweepOnUnprovableReferences/unreadable_global_skills_directory (0.02s)
=== RUN   TestCollectRequiresTheHomeLock
--- PASS: TestCollectRequiresTheHomeLock (0.01s)
=== RUN   TestCollectPrunesConsumersInsideTheSamePass
--- PASS: TestCollectPrunesConsumersInsideTheSamePass (0.04s)
=== RUN   TestCollectReportsSweepFailuresWithoutLosingRuntimeWork
--- PASS: TestCollectReportsSweepFailuresWithoutLosingRuntimeWork (0.02s)
=== RUN   TestCollectForwardsTheSweepClockAndGrace
--- PASS: TestCollectForwardsTheSweepClockAndGrace (0.00s)
=== RUN   TestCollectResolvesTheRealStoreByDefault
--- PASS: TestCollectResolvesTheRealStoreByDefault (0.00s)
=== RUN   TestConsumersRoundTrip
--- PASS: TestConsumersRoundTrip (0.01s)
=== RUN   TestGcKeepsReferencedRuntime
--- PASS: TestGcKeepsReferencedRuntime (0.02s)
=== RUN   TestGcPrunesDeadConsumers
--- PASS: TestGcPrunesDeadConsumers (0.04s)
=== RUN   TestHybridDeclsRequireTargets
--- PASS: TestHybridDeclsRequireTargets (0.01s)
=== RUN   TestAppliesToProject
--- PASS: TestAppliesToProject (0.00s)
=== RUN   TestHybridAddRemove
--- PASS: TestHybridAddRemove (0.02s)
PASS
