github.com/relux-works/curator/internal/godriver/build.go:120:			Build					79.7%
github.com/relux-works/curator/internal/godriver/build.go:276:			validatePackageCommandSurface		100.0%
github.com/relux-works/curator/internal/godriver/build.go:310:			normalizeBuildLimits			100.0%
github.com/relux-works/curator/internal/godriver/build.go:344:			canonicalBuildDirectories		78.9%
github.com/relux-works/curator/internal/godriver/build.go:372:			rejectWorkspaceAndToolchainDirectives	85.0%
github.com/relux-works/curator/internal/godriver/build.go:405:			privateRoots				100.0%
github.com/relux-works/curator/internal/godriver/build.go:422:			verifyPrivateState			81.0%
github.com/relux-works/curator/internal/godriver/build.go:457:			verifyArtifact				79.5%
github.com/relux-works/curator/internal/godriver/build.go:510:			classifyListFailure			80.0%
github.com/relux-works/curator/internal/godriver/build.go:531:			classifyBuildFailure			71.4%
github.com/relux-works/curator/internal/godriver/build.go:546:			containsAny				100.0%
github.com/relux-works/curator/internal/godriver/build.go:555:			contains				100.0%
github.com/relux-works/curator/internal/godriver/build.go:564:			containsExact				100.0%
github.com/relux-works/curator/internal/godriver/build.go:573:			String					0.0%
github.com/relux-works/curator/internal/godriver/controls.go:159:		seamFault				100.0%
github.com/relux-works/curator/internal/godriver/controls.go:186:		MandatoryControls			100.0%
github.com/relux-works/curator/internal/godriver/controls.go:189:		NativeControlInventory			0.0%
github.com/relux-works/curator/internal/godriver/controls.go:193:		DeferredHardenedGuarantees		100.0%
github.com/relux-works/curator/internal/godriver/controls.go:200:		InventoryPlatform			50.0%
github.com/relux-works/curator/internal/godriver/controls.go:211:		isDeferredHardenedGuarantee		100.0%
github.com/relux-works/curator/internal/godriver/controls.go:220:		inInventory				100.0%
github.com/relux-works/curator/internal/godriver/controls.go:232:		probeNativeControls			100.0%
github.com/relux-works/curator/internal/godriver/controls.go:240:		probeNativeControlsFor			88.9%
github.com/relux-works/curator/internal/godriver/controls.go:278:		installableControls			100.0%
github.com/relux-works/curator/internal/godriver/controls.go:294:		evidenceFromApplied			100.0%
github.com/relux-works/curator/internal/godriver/controls.go:324:		validateCapabilityEvidence		97.4%
github.com/relux-works/curator/internal/godriver/controls_darwin.go:22:		wantedFileLimit				66.7%
github.com/relux-works/curator/internal/godriver/controls_darwin.go:40:		probeNativeControl			71.1%
github.com/relux-works/curator/internal/godriver/controls_darwin.go:121:	prepareControlDomain			84.6%
github.com/relux-works/curator/internal/godriver/controls_darwin.go:151:	launch					57.1%
github.com/relux-works/curator/internal/godriver/controls_darwin.go:198:	installedControls			100.0%
github.com/relux-works/curator/internal/godriver/controls_darwin.go:206:	destroy					0.0%
github.com/relux-works/curator/internal/godriver/controls_darwin.go:215:	close					0.0%
github.com/relux-works/curator/internal/godriver/controls_darwin.go:221:	observeNativeControls			0.0%
github.com/relux-works/curator/internal/godriver/controls_darwin.go:256:	releaseInheritedDescriptors		0.0%
github.com/relux-works/curator/internal/godriver/controls_darwin.go:281:	compilerSysProcAttr			0.0%
github.com/relux-works/curator/internal/godriver/controls_darwin.go:285:	workerSysProcAttr			100.0%
github.com/relux-works/curator/internal/godriver/controls_darwin.go:289:	terminateWorkerDomain			83.3%
github.com/relux-works/curator/internal/godriver/errors.go:16:			Error					66.7%
github.com/relux-works/curator/internal/godriver/errors.go:23:			Unwrap					0.0%
github.com/relux-works/curator/internal/godriver/errors.go:25:			diagnostic				100.0%
github.com/relux-works/curator/internal/godriver/errors.go:29:			diagnosticErr				100.0%
github.com/relux-works/curator/internal/godriver/errors.go:35:			DiagnosticCode				100.0%
github.com/relux-works/curator/internal/godriver/executor.go:46:		Run					100.0%
github.com/relux-works/curator/internal/godriver/executor.go:82:		Write					100.0%
github.com/relux-works/curator/internal/godriver/executor.go:106:		Bytes					100.0%
github.com/relux-works/curator/internal/godriver/fingerprint.go:34:		fingerprintToolchain			88.9%
github.com/relux-works/curator/internal/godriver/fingerprint.go:51:		collectToolchainRecords			100.0%
github.com/relux-works/curator/internal/godriver/fingerprint.go:69:		digestToolchainRecords			87.8%
github.com/relux-works/curator/internal/godriver/fingerprint.go:152:		descend					90.6%
github.com/relux-works/curator/internal/godriver/fingerprint.go:255:		readScopedDir				75.0%
github.com/relux-works/curator/internal/godriver/fingerprint.go:272:		claimEncodedPath			100.0%
github.com/relux-works/curator/internal/godriver/fingerprint.go:280:		validToolchainPath			66.7%
github.com/relux-works/curator/internal/godriver/fingerprint.go:292:		writeRecordHeader			100.0%
github.com/relux-works/curator/internal/godriver/fingerprint.go:298:		writeLength				100.0%
github.com/relux-works/curator/internal/godriver/fingerprint.go:304:		copyWithContext				76.5%
github.com/relux-works/curator/internal/godriver/graph.go:99:			validatePackageGraph			93.3%
github.com/relux-works/curator/internal/godriver/graph.go:167:			validatePackageInputs			87.3%
github.com/relux-works/curator/internal/godriver/graph.go:264:			scanSourceDirectives			87.0%
github.com/relux-works/curator/internal/godriver/graph.go:297:			validateModule				70.6%
github.com/relux-works/curator/internal/godriver/graph.go:325:			validateDirectory			62.5%
github.com/relux-works/curator/internal/godriver/graph.go:339:			validateRegularInput			87.5%
github.com/relux-works/curator/internal/godriver/graph.go:353:			validateRegularAbsolute			53.8%
github.com/relux-works/curator/internal/godriver/graph.go:374:			validateContainedPath			80.0%
github.com/relux-works/curator/internal/godriver/graph.go:391:			packagePathError			100.0%
github.com/relux-works/curator/internal/godriver/graph.go:399:			isListed				75.0%
github.com/relux-works/curator/internal/godriver/identity.go:31:		resolveExecutableIdentity		91.7%
github.com/relux-works/curator/internal/godriver/identity.go:50:		readExecutableIdentity			80.0%
github.com/relux-works/curator/internal/godriver/identity.go:92:		Verify					75.0%
github.com/relux-works/curator/internal/godriver/identity.go:107:		matches					100.0%
github.com/relux-works/curator/internal/godriver/platform_unix.go:13:		executableMode				100.0%
github.com/relux-works/curator/internal/godriver/platform_unix.go:15:		nativeExecutableHeader			87.5%
github.com/relux-works/curator/internal/godriver/platform_unix.go:31:		indispensableEnvironment		100.0%
github.com/relux-works/curator/internal/godriver/platform_unix.go:35:		platformEnvironmentNames		100.0%
github.com/relux-works/curator/internal/godriver/platform_unix.go:37:		applyArtifactPermissions		100.0%
github.com/relux-works/curator/internal/godriver/platform_unix.go:39:		artifactHasMultipleLinks		100.0%
github.com/relux-works/curator/internal/godriver/session.go:65:			TestedFamilies				0.0%
github.com/relux-works/curator/internal/godriver/session.go:90:			ConfigFromEnvironment			100.0%
github.com/relux-works/curator/internal/godriver/session.go:135:		Establish				100.0%
github.com/relux-works/curator/internal/godriver/session.go:141:		Probe					0.0%
github.com/relux-works/curator/internal/godriver/session.go:145:		probe					71.4%
github.com/relux-works/curator/internal/godriver/session.go:157:		establish				78.9%
github.com/relux-works/curator/internal/godriver/session.go:287:		Snapshot				100.0%
github.com/relux-works/curator/internal/godriver/session.go:296:		Executable				100.0%
github.com/relux-works/curator/internal/godriver/session.go:299:		GOROOT					100.0%
github.com/relux-works/curator/internal/godriver/session.go:302:		Target					100.0%
github.com/relux-works/curator/internal/godriver/session.go:305:		Toolchain				100.0%
github.com/relux-works/curator/internal/godriver/session.go:308:		Environment				100.0%
github.com/relux-works/curator/internal/godriver/session.go:312:		VerifyToolchain				75.0%
github.com/relux-works/curator/internal/godriver/session.go:332:		Close					72.7%
github.com/relux-works/curator/internal/godriver/session.go:352:		Release					80.0%
github.com/relux-works/curator/internal/godriver/session.go:362:		removePrivateState			60.0%
github.com/relux-works/curator/internal/godriver/session.go:377:		createProbeLayout			72.7%
github.com/relux-works/curator/internal/godriver/session.go:404:		bootstrapEnvironment			58.3%
github.com/relux-works/curator/internal/godriver/session.go:427:		buildEnvironment			100.0%
github.com/relux-works/curator/internal/godriver/session.go:443:		environmentMap				100.0%
github.com/relux-works/curator/internal/godriver/session.go:452:		environmentSlice			100.0%
github.com/relux-works/curator/internal/godriver/session.go:465:		selectToolchain				90.3%
github.com/relux-works/curator/internal/godriver/session.go:512:		validateLauncher			83.3%
github.com/relux-works/curator/internal/godriver/session.go:537:		verifySelectedRoot			66.7%
github.com/relux-works/curator/internal/godriver/session.go:548:		validatePrivateBase			53.8%
github.com/relux-works/curator/internal/godriver/session.go:569:		parseGoVersion				88.9%
github.com/relux-works/curator/internal/godriver/session.go:597:		decodeProbeEnvironment			73.3%
github.com/relux-works/curator/internal/godriver/session.go:642:		validateProbe				100.0%
github.com/relux-works/curator/internal/godriver/session.go:662:		targetFromProbe				83.3%
github.com/relux-works/curator/internal/godriver/session.go:673:		tuningVariable				18.2%
github.com/relux-works/curator/internal/godriver/session.go:698:		copyTarget				100.0%
github.com/relux-works/curator/internal/godriver/session.go:707:		absolutePhysical			66.7%
github.com/relux-works/curator/internal/godriver/session.go:714:		strictlyBelow				100.0%
github.com/relux-works/curator/internal/godriver/session.go:716:		isWithin				100.0%
github.com/relux-works/curator/internal/godriver/workerclient.go:73:		launchWorker				74.5%
github.com/relux-works/curator/internal/godriver/workerclient.go:200:		destroyBeforeExecution			71.4%
github.com/relux-works/curator/internal/godriver/workerclient.go:215:		probeForSessionOutput			18.2%
github.com/relux-works/curator/internal/godriver/workerclient.go:237:		matchAppliedControls			91.7%
github.com/relux-works/curator/internal/godriver/workerclient.go:259:		list					66.7%
github.com/relux-works/curator/internal/godriver/workerclient.go:269:		build					75.0%
github.com/relux-works/curator/internal/godriver/workerclient.go:281:		result					76.5%
github.com/relux-works/curator/internal/godriver/workerclient.go:314:		send					40.0%
github.com/relux-works/curator/internal/godriver/workerclient.go:324:		receive					50.0%
github.com/relux-works/curator/internal/godriver/workerclient.go:346:		protocolFailure				0.0%
github.com/relux-works/curator/internal/godriver/workerclient.go:357:		teardown				100.0%
github.com/relux-works/curator/internal/godriver/workerclient.go:398:		Evidence				100.0%
github.com/relux-works/curator/internal/godriver/workerclient.go:400:		sessionToken				75.0%
github.com/relux-works/curator/internal/godriver/workerclient.go:410:		workerEnvironment			100.0%
github.com/relux-works/curator/internal/godriver/workerproto.go:123:		writeMessage				72.7%
github.com/relux-works/curator/internal/godriver/workerproto.go:142:		readMessage				85.7%
github.com/relux-works/curator/internal/godriver/workerproto.go:178:		buildPermit				88.9%
github.com/relux-works/curator/internal/godriver/workerproto.go:191:		validPermit				100.0%
github.com/relux-works/curator/internal/godriver/workerserver.go:27:		RunWorker				0.0%
github.com/relux-works/curator/internal/godriver/workerserver.go:54:		run					0.0%
github.com/relux-works/curator/internal/godriver/workerserver.go:70:		accept					0.0%
github.com/relux-works/curator/internal/godriver/workerserver.go:115:		serveList				0.0%
github.com/relux-works/curator/internal/godriver/workerserver.go:126:		serveBuild				0.0%
github.com/relux-works/curator/internal/godriver/workerserver.go:141:		awaitShutdown				0.0%
github.com/relux-works/curator/internal/godriver/workerserver.go:151:		expect					0.0%
github.com/relux-works/curator/internal/godriver/workerserver.go:165:		limits					0.0%
github.com/relux-works/curator/internal/godriver/workerserver.go:178:		protocolFiles				0.0%
github.com/relux-works/curator/internal/godriver/workerserver.go:190:		workerExecutable			0.0%
github.com/relux-works/curator/internal/godriver/workerserver.go:200:		validateRequest				0.0%
github.com/relux-works/curator/internal/godriver/workerserver.go:249:		validateProbeSet			88.9%
github.com/relux-works/curator/internal/godriver/workerserver.go:283:		validateFixedBuildArgv			100.0%
github.com/relux-works/curator/internal/godriver/workerserver.go:300:		toolPlatform				0.0%
github.com/relux-works/curator/internal/godriver/workerserver.go:307:		validateWorkerEnvironment		88.9%
github.com/relux-works/curator/internal/godriver/workerserver.go:386:		privateOrSibling			66.7%
github.com/relux-works/curator/internal/godriver/workerserver.go:405:		runGo					0.0%
github.com/relux-works/curator/internal/godriver/workerserver.go:452:		verifyGoLauncher			0.0%
total:										(statements)				73.1%
